<html>
<body>
<pre>
<h1>µVision Build Log</h1>
<h2>Tool Versions:</h2>
IDE-Version: µVision V5.23.0.0
Copyright (C) 2017 ARM Ltd and ARM Germany GmbH. All rights reserved.
License Information: 1 1, 1, LIC=Z3C74-FLRZ5-F1NPT-RQ1SP-3GT9Z-5A7W2
 
Tool Versions:
Toolchain:       MDK-ARM Professional  Version: 5.23
Toolchain Path:  C:\Keil_v5\ARM\ARMCC\Bin
C Compiler:      Armcc.exe V5.06 update 4 (build 422)
Assembler:       Armasm.exe V5.06 update 4 (build 422)
Linker/Locator:  ArmLink.exe V5.06 update 4 (build 422)
Library Manager: ArmAr.exe V5.06 update 4 (build 422)
Hex Converter:   FromElf.exe V5.06 update 4 (build 422)
CPU DLL:         SARMCM3.DLL V5.23
Dialog DLL:      DARMCM1.DLL V1.17.0.0
Target DLL:      STLink\ST-LINKIII-KEIL_SWO.dll V2.0.18.0
Dialog DLL:      TARMCM1.DLL V1.12.0.0
 
<h2>Project:</h2>
C:\Users\MST-WS-014\Desktop\BlueNRG-1_2 DK 3.2.1\Project\BLE_Examples\BLE_Beacon\MDK-ARM\BlueNRG-2\BLE_Beacon.uvprojx
Project File Date:  08/24/2020

<h2>Output:</h2>
*** Using Compiler 'V5.06 update 4 (build 422)', folder: 'C:\Keil_v5\ARM\ARMCC\Bin'
Rebuild target 'Release'
assembling context_switch.s...
compiling miscutil.c...
compiling osal.c...
compiling clock.c...
compiling BlueNRG1_dma.c...
compiling BlueNRG1_adc.c...
compiling sleep.c...
compiling BlueNRG1_flash.c...
compiling BlueNRG1_gpio.c...
compiling BlueNRG1_i2c.c...
compiling BlueNRG1_mft.c...
compiling BlueNRG1_pka.c...
compiling BlueNRG1_rtc.c...
compiling BlueNRG1_spi.c...
compiling BlueNRG1_sysCtrl.c...
compiling misc.c...
compiling BlueNRG1_uart.c...
compiling BlueNRG1_wdg.c...
compiling SDK_EVAL_Config.c...
compiling SDK_EVAL_Led.c...
compiling SDK_EVAL_Com.c...
compiling stack_user_cfg.c...
compiling SDK_EVAL_SPI.c...
..\BlueNRG-2\_NRF905_.h(152): warning:  #1295-D: Deprecated declaration RX_check - give arg types
  void  RX_check();
..\BlueNRG-2\_NRF905_.h(156): warning:  #1295-D: Deprecated declaration NRF_data_available - give arg types
  
ool NRF_data_available();
..\..\..\..\..\Library\SDK_Eval_BlueNRG1\src\SDK_EVAL_SPI.c: 2 warnings, 0 errors
compiling system_bluenrg1.c...
compiling BLE_Beacon_main.c...
..\..\inc\Beacon_config.h(194): warning:  #1-D: last line of file ends without a newline
  #endif // _BEACON_CONFIG_H_
..\BlueNRG-2\_NRF905_.h(152): warning:  #1295-D: Deprecated declaration RX_check - give arg types
  void  RX_check();
..\BlueNRG-2\_NRF905_.h(156): warning:  #1295-D: Deprecated declaration NRF_data_available - give arg types
  
ool NRF_data_available();
../../src/BLE_Beacon_main.c(140): warning:  #111-D: statement is unreachable
    Start_Beaconing();
../../src/BLE_Beacon_main.c(290): warning:  #167-D: argument of type "uint8_t *" is incompatible with parameter of type "char *"
  	if(AD1 == 0xFF)	write_flash(
ATA_STORAGE_ADDR + (
T_ADR_W),addr, sizeof(addr));
../../src/BLE_Beacon_main.c(376): warning:  #167-D: argument of type "uint8_t *" is incompatible with parameter of type "char *"
  		write_flash(
ATA_STORAGE_ADDR + (
T_ADR_W),addr, sizeof(addr));
../../src/BLE_Beacon_main.c(35): warning:  #550-D: variable "Next_Advertising_SysTime"  was set but never used
  static uint32_t Next_Advertising_SysTime = 0;
../../src/BLE_Beacon_main.c: 7 warnings, 0 errors
compiling BlueNRG1_it.c...
..\BlueNRG-2\_NRF905_.h(152): warning:  #1295-D: Deprecated declaration RX_check - give arg types
  void  RX_check();
..\BlueNRG-2\_NRF905_.h(156): warning:  #1295-D: Deprecated declaration NRF_data_available - give arg types
  
ool NRF_data_available();
../../src/BlueNRG1_it.c: 2 warnings, 0 errors
compiling _NRF905_.c...
_NRF905_.h(152): warning:  #1295-D: Deprecated declaration RX_check - give arg types
  void  RX_check();
_NRF905_.h(156): warning:  #1295-D: Deprecated declaration NRF_data_available - give arg types
  
ool NRF_data_available();
_NRF905_.c: 2 warnings, 0 errors
compiling Gpio_init.c...
compiling Gatt_db.c...
_NRF905_.h(152): warning:  #1295-D: Deprecated declaration RX_check - give arg types
  void  RX_check();
_NRF905_.h(156): warning:  #1295-D: Deprecated declaration NRF_data_available - give arg types
  
ool NRF_data_available();
Gatt_db.c(82): warning:  #550-D: variable "get_dat"  was set but never used
  	char get_dat[data_length]; 
Gatt_db.c(222): warning:  #1-D: last line of file ends without a newline
  		}
Gatt_db.c(222): warning:  #940-D: missing return statement at end of non-void function "FromHex" 
  		}
Gatt_db.c: 5 warnings, 0 errors
compiling SPI_init.c...
compiling flash_wr.c...
flash_wr.c(12): warning:  #177-D: variable "number_of_words"  was declared but never referenced
    uint8_t number_of_words = ((message_length / N_BYTES_WORD) + 1) * N_BYTES_WORD;
flash_wr.c: 1 warning, 0 errors
linking...
Program Size: Code=51068 RO-data=932 RW-data=756 ZI-data=16296  
FromELF: creating hex file...
After Build - User command #1: fromelf.exe --bin Release\Objects\BLE_Beacon.axf --output Release\Objects\BLE_Beacon.bin
".\Release\Objects\BLE_Beacon.axf" - 0 Error(s), 19 Warning(s).

<h2>Collection of Component include folders:</h2>
  .\RTE\_Release

<h2>Collection of Component Files used:</h2>
Build Time Elapsed:  00:00:06
</pre>
</body>
</html>
