<!doctype html public "-//w3c//dtd html 4.0 transitional//en">
<html><head>
<title>Static Call Graph - [.\Release\Objects\BLE_Beacon.axf]</title></head>
<body><HR>
<H1>Static Call Graph for image .\Release\Objects\BLE_Beacon.axf</H1><HR>
<BR><P>#&#060CALLGRAPH&#062# ARM Linker, 5060422: Last Updated: Tue Sep 01 16:06:01 2020
<BR><P>
<H3>Maximum Stack Usage =        336 bytes + Unknown(Functions without stacksize, Cycles, Untraceable Function Pointers)</H3><H3>
Call chain for Maximum Stack Depth:</H3>
cb_aci_gatt_attribute_modified_event &rArr; aci_gatt_attribute_modified_event &rArr; Attribute_Modified_CB &rArr; pow &rArr; __kernel_poly &rArr; __aeabi_dmul &rArr; _double_epilogue &rArr; __aeabi_llsl
<P>
<H3>
Functions with no stack information
</H3><UL>
 <LI><a href="#[80]">ATT_fill_error_resp</a>
 <LI><a href="#[a7]">Acl_Init</a>
 <LI><a href="#[82]">Acl_Rcv_Pkt_Handler</a>
 <LI><a href="#[85]">Acl_Transmit_Data</a>
 <LI><a href="#[8b]">Acl_Tx_Cmpl_Pkt_Handler</a>
 <LI><a href="#[90]">Att_Check_Perms</a>
 <LI><a href="#[9f]">BlueNRG_Stack_Initialization</a>
 <LI><a href="#[b6]">Blue_Init_Global</a>
 <LI><a href="#[b7]">Blue_Set_Radio_Config_Data</a>
 <LI><a href="#[b9]">Build_Notif_Or_Ind</a>
 <LI><a href="#[ec]">Check_Encry_Key_Size</a>
 <LI><a href="#[92]">Check_Permission</a>
 <LI><a href="#[20c]">Data_Length_Update_Control_ISR_ucfg</a>
 <LI><a href="#[22a]">Delay_With_NOP_Cycles</a>
 <LI><a href="#[af]">Dynamic_allocator</a>
 <LI><a href="#[b0]">Dynamic_allocator_noRet</a>
 <LI><a href="#[ad]">Events_Process_init</a>
 <LI><a href="#[f3]">Find_Gatt_Client</a>
 <LI><a href="#[cd]">Flash_Write_Flagged</a>
 <LI><a href="#[cf]">GAP_Connection_Complete_Handler</a>
 <LI><a href="#[d1]">GAP_Init</a>
 <LI><a href="#[aa]">GAP_Init_Context</a>
 <LI><a href="#[d9]">GAP_LL_Event_Handler_ISR</a>
 <LI><a href="#[db]">GAP_Notify_Add_Charac</a>
 <LI><a href="#[d4]">GAP_check_and_set_role_ucfg</a>
 <LI><a href="#[d5]">GAP_enable_controller_privacy_ucfg</a>
 <LI><a href="#[de]">GATT_Connection_Complete_Handler</a>
 <LI><a href="#[dc]">GATT_Num_Charac_Present</a>
 <LI><a href="#[e2]">GATT_Send_Packet</a>
 <LI><a href="#[e5]">Gatt_Add_Charac_Desc</a>
 <LI><a href="#[d7]">Gatt_Add_Characteristic</a>
 <LI><a href="#[e9]">Gatt_Add_Descriptor</a>
 <LI><a href="#[d6]">Gatt_Add_Service</a>
 <LI><a href="#[177]">Gatt_Find_Timed_Out_Connection_Index</a>
 <LI><a href="#[e6]">Gatt_Server_Db_Check</a>
 <LI><a href="#[f0]">Gatt_Server_Init</a>
 <LI><a href="#[f2]">Gatt_Server_L2C_Handler</a>
 <LI><a href="#[fa]">Gatt_Server_L2C_Handler_ISR</a>
 <LI><a href="#[d8]">Gatt_Update_Charac_Value</a>
 <LI><a href="#[fb]">Gatt_Update_Charac_Value_Ext</a>
 <LI><a href="#[e7]">Gatt_search_handle</a>
 <LI><a href="#[e1]">Gatt_search_service_handle</a>
 <LI><a href="#[e0]">Get_GAP_Handle</a>
 <LI><a href="#[ff]">Get_Random_Addr</a>
 <LI><a href="#[d3]">Get_StaticRandAddr</a>
 <LI><a href="#[100]">HAL_Flash_Store_Data</a>
 <LI><a href="#[101]">HAL_Generate_Random_Bytes_To</a>
 <LI><a href="#[187]">HAL_Set_TX_Power_Level</a>
 <LI><a href="#[17a]">HAL_VTimerAcc_sysT32_ms</a>
 <LI><a href="#[103]">HAL_VTimerGetCurrentTime_sysT32</a>
 <LI><a href="#[ab]">HCI_Init</a>
 <LI><a href="#[102]">Hal_Get_Random_Number</a>
 <LI><a href="#[105]">Hal_Get_Random_Number32</a>
 <LI><a href="#[d2]">IDD_Initialize_Device_IDs</a>
 <LI><a href="#[ea]">Ind_Service_Change_Charac</a>
 <LI><a href="#[160]">Is_Address_Initialized</a>
 <LI><a href="#[14d]">Is_Flash_Write_On_Going</a>
 <LI><a href="#[107]">L2C_Build_Command_Reject_Pdu</a>
 <LI><a href="#[109]">L2C_Connection_Complete_Handler</a>
 <LI><a href="#[10d]">L2C_Connection_Complete_Signal_Handler</a>
 <LI><a href="#[115]">L2C_Get_PDU_Len</a>
 <LI><a href="#[a8]">L2C_Init</a>
 <LI><a href="#[117]">L2C_Rcv_Event_Handler</a>
 <LI><a href="#[118]">L2C_Rcv_Event_Handler_ISR</a>
 <LI><a href="#[e3]">L2C_Send_Data</a>
 <LI><a href="#[10f]">L2C_Signal_Channel_Handler</a>
 <LI><a href="#[10c]">L2C_Signal_Channel_Handler_ISR</a>
 <LI><a href="#[214]">LL_Data_Length_Change_Event_ucfg</a>
 <LI><a href="#[121]">LL_Enable_Disable_Adv</a>
 <LI><a href="#[128]">LL_Get_Address</a>
 <LI><a href="#[a5]">LL_Init</a>
 <LI><a href="#[12a]">LL_LE_Clear_White_List</a>
 <LI><a href="#[86]">LL_Send_ACL_Data</a>
 <LI><a href="#[215]">LL_Send_Length_Resp_ucfg</a>
 <LI><a href="#[125]">LL_Set_Adv_PDU_Format</a>
 <LI><a href="#[124]">LL_Set_Advertising_Buffers</a>
 <LI><a href="#[1af]">LL_Sleep_Req</a>
 <LI><a href="#[12c]">LL_Update_Advertising_Buffers</a>
 <LI><a href="#[12d]">LL_Update_Scanning_Initiating_Buffers</a>
 <LI><a href="#[12e]">LL_receive_data</a>
 <LI><a href="#[1b3]">LL_update_proc</a>
 <LI><a href="#[e8]">List_Circular_Get_Size</a>
 <LI><a href="#[ee]">List_Circular_Insert_Tail</a>
 <LI><a href="#[130]">List_Circular_Node_Present</a>
 <LI><a href="#[17c]">List_Circular_Remove_Head</a>
 <LI><a href="#[ed]">List_Circular_Remove_Node</a>
 <LI><a href="#[113]">Mem_Buff_Append</a>
 <LI><a href="#[131]">Mem_Buff_Block_Copy</a>
 <LI><a href="#[133]">Mem_Buff_Block_Write</a>
 <LI><a href="#[134]">Mem_Buff_Compact</a>
 <LI><a href="#[144]">Mem_Buff_Get</a>
 <LI><a href="#[140]">Mem_Buff_Get_Chain_Count</a>
 <LI><a href="#[149]">Mem_Buff_Get_Chain_Size</a>
 <LI><a href="#[146]">Mem_Buff_Init</a>
 <LI><a href="#[135]">Mem_Buff_Read</a>
 <LI><a href="#[147]">Mem_Buff_Release</a>
 <LI><a href="#[14a]">Mem_Buff_Resize</a>
 <LI><a href="#[136]">Mem_Buff_Write</a>
 <LI><a href="#[114]">PM_Compact</a>
 <LI><a href="#[141]">PM_Copy_Pckt_Data</a>
 <LI><a href="#[145]">PM_Eng_Config</a>
 <LI><a href="#[112]">PM_Extract_Pdu_MBuff</a>
 <LI><a href="#[ef]">PM_Get_Available_Buffer</a>
 <LI><a href="#[142]">PM_Get_Mem_Buff_Count</a>
 <LI><a href="#[f8]">PM_Get_Pckt</a>
 <LI><a href="#[a6]">PM_Init</a>
 <LI><a href="#[f5]">PM_Release_Acl_Pckt</a>
 <LI><a href="#[148]">PM_Resize_Pckt_Pdu_Size</a>
 <LI><a href="#[ba]">PM_Write_Pckt_Data</a>
 <LI><a href="#[14b]">PRIVWHIT_vInit_Struct</a>
 <LI><a href="#[209]">PRIV_SearchAddrInWhiteList</a>
 <LI><a href="#[184]">PRIV_controller_privacy_csr_ucfg</a>
 <LI><a href="#[208]">PRIV_u32ProcessAdvPacket_ucfg</a>
 <LI><a href="#[211]">PRIV_vGenerate_hci_le_enhanced_connection_complete_event_ucfg</a>
 <LI><a href="#[b5]">RAL_Isr</a>
 <LI><a href="#[213]">Reclassify_All_Channels_ucfg</a>
 <LI><a href="#[152]">SDB_Add_Record</a>
 <LI><a href="#[dd]">SDB_Get_Number_Of_Valid_Records</a>
 <LI><a href="#[a9]">SMP_Init</a>
 <LI><a href="#[110]">SMP_acl_data_hndl</a>
 <LI><a href="#[bc]">SMP_check_encryption_key_size</a>
 <LI><a href="#[bb]">SMP_get_link_status</a>
 <LI><a href="#[91]">SMP_get_remote_device_list_item</a>
 <LI><a href="#[119]">SMP_hci_disconnection_complete_evt_hndl</a>
 <LI><a href="#[11b]">SMP_hci_encryption_change_evt_hndl</a>
 <LI><a href="#[10a]">SMP_hci_le_connection_complete_evt_hndl</a>
 <LI><a href="#[10b]">SMP_hci_le_enhanced_connection_complete_evt_hndl</a>
 <LI><a href="#[11a]">SMP_hci_le_long_term_key_request_evt_hndl</a>
 <LI><a href="#[15c]">SMP_reset_timer</a>
 <LI><a href="#[176]">Select_Next_Notification_Client</a>
 <LI><a href="#[f9]">Send_Notif_Or_Ind</a>
 <LI><a href="#[f7]">Start_Gatt_Timer</a>
 <LI><a href="#[f4]">Stop_Gatt_Timer</a>
 <LI><a href="#[14c]">Timer_ExpiryCallback</a>
 <LI><a href="#[a4]">Timer_Init</a>
 <LI><a href="#[11f]">Timer_StartOneShot</a>
 <LI><a href="#[17b]">Timer_StartOneShot_sysTime32</a>
 <LI><a href="#[11e]">Timer_StopOneShot</a>
 <LI><a href="#[104]">Timer_sysTime32_convMachineTime</a>
 <LI><a href="#[1a4]">WindowWiden1</a>
 <LI><a href="#[1a8]">WindowWiden2</a>
 <LI><a href="#[a1]">_BlueNRG_Stack_Initialization</a>
 <LI><a href="#[20a]">__ARM_common_memcpy1_6</a>
 <LI><a href="#[1b4]">aci_att_exchange_mtu_resp_event</a>
 <LI><a href="#[1b5]">aci_att_exec_write_resp_event</a>
 <LI><a href="#[1b6]">aci_att_find_by_type_value_resp_event</a>
 <LI><a href="#[1b7]">aci_att_find_info_resp_event</a>
 <LI><a href="#[1b8]">aci_att_prepare_write_resp_event</a>
 <LI><a href="#[1b9]">aci_att_read_blob_resp_event</a>
 <LI><a href="#[1ba]">aci_att_read_by_group_type_resp_event</a>
 <LI><a href="#[1bb]">aci_att_read_by_type_resp_event</a>
 <LI><a href="#[1bc]">aci_att_read_multiple_resp_event</a>
 <LI><a href="#[1bd]">aci_att_read_resp_event</a>
 <LI><a href="#[1be]">aci_att_write_resp_event</a>
 <LI><a href="#[84]">aci_event_fifo_push</a>
 <LI><a href="#[83]">aci_event_fifo_push_header</a>
 <LI><a href="#[1bf]">aci_gap_addr_not_resolved_event</a>
 <LI><a href="#[1c0]">aci_gap_authorization_req_event</a>
 <LI><a href="#[1c1]">aci_gap_bond_lost_event</a>
 <LI><a href="#[1c2]">aci_gap_device_found_event</a>
 <LI><a href="#[c4]">aci_gap_init</a>
 <LI><a href="#[1c3]">aci_gap_keypress_notification_event</a>
 <LI><a href="#[1c4]">aci_gap_limited_discoverable_event</a>
 <LI><a href="#[1c5]">aci_gap_numeric_comparison_value_event</a>
 <LI><a href="#[1c6]">aci_gap_pairing_complete_event</a>
 <LI><a href="#[1c7]">aci_gap_pass_key_req_event</a>
 <LI><a href="#[1c8]">aci_gap_proc_complete_event</a>
 <LI><a href="#[1c9]">aci_gap_slave_security_initiated_event</a>
 <LI><a href="#[8e]">aci_gatt_add_char</a>
 <LI><a href="#[8d]">aci_gatt_add_service</a>
 <LI><a href="#[1ca]">aci_gatt_disc_read_char_by_uuid_resp_event</a>
 <LI><a href="#[1cb]">aci_gatt_error_resp_event</a>
 <LI><a href="#[1cc]">aci_gatt_indication_event</a>
 <LI><a href="#[c3]">aci_gatt_init</a>
 <LI><a href="#[1cd]">aci_gatt_notification_event</a>
 <LI><a href="#[1ce]">aci_gatt_prepare_write_permit_req_event</a>
 <LI><a href="#[1cf]">aci_gatt_proc_complete_event</a>
 <LI><a href="#[1d0]">aci_gatt_proc_timeout_event</a>
 <LI><a href="#[1d1]">aci_gatt_read_multi_permit_req_event</a>
 <LI><a href="#[1d2]">aci_gatt_read_permit_req_event</a>
 <LI><a href="#[1d3]">aci_gatt_server_confirmation_event</a>
 <LI><a href="#[1d4]">aci_gatt_tx_pool_available_event</a>
 <LI><a href="#[1d5]">aci_gatt_write_permit_req_event</a>
 <LI><a href="#[1d6]">aci_hal_fw_error_event</a>
 <LI><a href="#[1d7]">aci_hal_scan_req_report_event</a>
 <LI><a href="#[21d]">aci_hal_set_radio_activity_mask</a>
 <LI><a href="#[c2]">aci_hal_set_tx_power_level</a>
 <LI><a href="#[1d8]">aci_l2cap_command_reject_event</a>
 <LI><a href="#[1d9]">aci_l2cap_connection_update_req_event</a>
 <LI><a href="#[1da]">aci_l2cap_connection_update_resp_event</a>
 <LI><a href="#[1db]">aci_l2cap_proc_timeout_event</a>
 <LI><a href="#[22f]">acl_list_first</a>
 <LI><a href="#[f1]">acl_list_init</a>
 <LI><a href="#[e4]">acl_list_insert_tail</a>
 <LI><a href="#[19a]">acl_list_remove</a>
 <LI><a href="#[1a2]">advance_slave_timing_MultiSlave</a>
 <LI><a href="#[8a]">advance_wakeup_timer</a>
 <LI><a href="#[ac]">ble_HAL_Init</a>
 <LI><a href="#[1b2]">cancel_connect_master_ucfg</a>
 <LI><a href="#[1b0]">cancel_current_master</a>
 <LI><a href="#[1ad]">cancel_master</a>
 <LI><a href="#[1ab]">cancel_slave</a>
 <LI><a href="#[41]">cb_aci_att_exchange_mtu_resp_event</a>
 <LI><a href="#[4b]">cb_aci_att_exec_write_resp_event</a>
 <LI><a href="#[43]">cb_aci_att_find_by_type_value_resp_event</a>
 <LI><a href="#[42]">cb_aci_att_find_info_resp_event</a>
 <LI><a href="#[4a]">cb_aci_att_prepare_write_resp_event</a>
 <LI><a href="#[46]">cb_aci_att_read_blob_resp_event</a>
 <LI><a href="#[48]">cb_aci_att_read_by_group_type_resp_event</a>
 <LI><a href="#[44]">cb_aci_att_read_by_type_resp_event</a>
 <LI><a href="#[47]">cb_aci_att_read_multiple_resp_event</a>
 <LI><a href="#[45]">cb_aci_att_read_resp_event</a>
 <LI><a href="#[49]">cb_aci_att_write_resp_event</a>
 <LI><a href="#[37]">cb_aci_gap_addr_not_resolved_event</a>
 <LI><a href="#[32]">cb_aci_gap_authorization_req_event</a>
 <LI><a href="#[34]">cb_aci_gap_bond_lost_event</a>
 <LI><a href="#[35]">cb_aci_gap_device_found_event</a>
 <LI><a href="#[39]">cb_aci_gap_keypress_notification_event</a>
 <LI><a href="#[2f]">cb_aci_gap_limited_discoverable_event</a>
 <LI><a href="#[38]">cb_aci_gap_numeric_comparison_value_event</a>
 <LI><a href="#[30]">cb_aci_gap_pairing_complete_event</a>
 <LI><a href="#[31]">cb_aci_gap_pass_key_req_event</a>
 <LI><a href="#[36]">cb_aci_gap_proc_complete_event</a>
 <LI><a href="#[33]">cb_aci_gap_slave_security_initiated_event</a>
 <LI><a href="#[3f]">cb_aci_gatt_attribute_modified_event</a>
 <LI><a href="#[50]">cb_aci_gatt_disc_read_char_by_uuid_resp_event</a>
 <LI><a href="#[4f]">cb_aci_gatt_error_resp_event</a>
 <LI><a href="#[4c]">cb_aci_gatt_indication_event</a>
 <LI><a href="#[4d]">cb_aci_gatt_notification_event</a>
 <LI><a href="#[52]">cb_aci_gatt_prepare_write_permit_req_event</a>
 <LI><a href="#[4e]">cb_aci_gatt_proc_complete_event</a>
 <LI><a href="#[40]">cb_aci_gatt_proc_timeout_event</a>
 <LI><a href="#[54]">cb_aci_gatt_read_multi_permit_req_event</a>
 <LI><a href="#[53]">cb_aci_gatt_read_permit_req_event</a>
 <LI><a href="#[56]">cb_aci_gatt_server_confirmation_event</a>
 <LI><a href="#[55]">cb_aci_gatt_tx_pool_available_event</a>
 <LI><a href="#[51]">cb_aci_gatt_write_permit_req_event</a>
 <LI><a href="#[3e]">cb_aci_hal_fw_error_event</a>
 <LI><a href="#[2c]">cb_aci_hal_scan_req_report_event</a>
 <LI><a href="#[3d]">cb_aci_l2cap_command_reject_event</a>
 <LI><a href="#[3c]">cb_aci_l2cap_connection_update_req_event</a>
 <LI><a href="#[3a]">cb_aci_l2cap_connection_update_resp_event</a>
 <LI><a href="#[3b]">cb_aci_l2cap_proc_timeout_event</a>
 <LI><a href="#[28]">cb_hci_data_buffer_overflow_event</a>
 <LI><a href="#[1d]">cb_hci_disconnection_complete_event</a>
 <LI><a href="#[1e]">cb_hci_encryption_change_event</a>
 <LI><a href="#[1f]">cb_hci_encryption_key_refresh_complete_event</a>
 <LI><a href="#[22]">cb_hci_le_advertising_report_event</a>
 <LI><a href="#[20]">cb_hci_le_connection_complete_event</a>
 <LI><a href="#[2a]">cb_hci_le_connection_update_complete_event</a>
 <LI><a href="#[23]">cb_hci_le_data_length_change_event</a>
 <LI><a href="#[27]">cb_hci_le_direct_advertising_report_event</a>
 <LI><a href="#[26]">cb_hci_le_enhanced_connection_complete_event</a>
 <LI><a href="#[25]">cb_hci_le_generate_dhkey_complete_event</a>
 <LI><a href="#[21]">cb_hci_le_long_term_key_request_event</a>
 <LI><a href="#[24]">cb_hci_le_read_local_p256_public_key_complete_event</a>
 <LI><a href="#[2b]">cb_hci_le_read_remote_used_features_complete_event</a>
 <LI><a href="#[2d]">cb_hci_number_of_completed_packets_event</a>
 <LI><a href="#[29]">cb_hci_read_remote_version_information_complete_event</a>
 <LI><a href="#[2e]">cb_hci_rx_acl_data_event</a>
 <LI><a href="#[b8]">char_copy</a>
 <LI><a href="#[217]">copy_4_u32</a>
 <LI><a href="#[1ae]">copy_tx_data_packet</a>
 <LI><a href="#[ae]">data_length_extension_csr_ucfg</a>
 <LI><a href="#[218]">encrypt</a>
 <LI><a href="#[1f5]">get_adv_addr</a>
 <LI><a href="#[122]">get_advertiser</a>
 <LI><a href="#[87]">get_connection_no</a>
 <LI><a href="#[123]">get_next_free_slot</a>
 <LI><a href="#[1f6]">get_scan_addr</a>
 <LI><a href="#[1f7]">go_to_connect</a>
 <LI><a href="#[1f9]">hal_radio_activity_state_callback_check</a>
 <LI><a href="#[c8]">hal_radio_activity_state_init</a>
 <LI><a href="#[1fa]">hal_read_radio_activity_state</a>
 <LI><a href="#[1dd]">hci_encryption_change_event</a>
 <LI><a href="#[1de]">hci_encryption_key_refresh_complete_event</a>
 <LI><a href="#[1df]">hci_le_advertising_report_event</a>
 <LI><a href="#[1e0]">hci_le_connection_complete_event</a>
 <LI><a href="#[1e1]">hci_le_connection_update_complete_event</a>
 <LI><a href="#[1e2]">hci_le_data_length_change_event</a>
 <LI><a href="#[1e3]">hci_le_direct_advertising_report_event</a>
 <LI><a href="#[1e4]">hci_le_enhanced_connection_complete_event</a>
 <LI><a href="#[1e5]">hci_le_generate_dhkey_complete_event</a>
 <LI><a href="#[1e6]">hci_le_long_term_key_request_event</a>
 <LI><a href="#[1e7]">hci_le_read_local_p256_public_key_complete_event</a>
 <LI><a href="#[1e8]">hci_le_read_remote_used_features_complete_event</a>
 <LI><a href="#[1fc]">hci_le_set_advertise_enable</a>
 <LI><a href="#[1e9]">hci_number_of_completed_packets_event</a>
 <LI><a href="#[1ea]">hci_read_remote_version_information_complete_event</a>
 <LI><a href="#[201]">hci_rx_acl_data</a>
 <LI><a href="#[1eb]">hci_rx_acl_data_event</a>
 <LI><a href="#[202]">hci_tx_acl_data_done</a>
 <LI><a href="#[58]">int_cb_hci_acl_data_ind_event</a>
 <LI><a href="#[57]">int_cb_hci_acl_data_tx_cmpl_event</a>
 <LI><a href="#[59]">int_cb_hci_disconnection_complete_event</a>
 <LI><a href="#[5a]">int_cb_hci_encryption_change_event</a>
 <LI><a href="#[5b]">int_cb_hci_encryption_key_refresh_complete_event</a>
 <LI><a href="#[5e]">int_cb_hci_le_advertising_report_event</a>
 <LI><a href="#[5c]">int_cb_hci_le_connection_complete_event</a>
 <LI><a href="#[5f]">int_cb_hci_le_data_length_change_event</a>
 <LI><a href="#[63]">int_cb_hci_le_direct_advertising_report_event</a>
 <LI><a href="#[62]">int_cb_hci_le_enhanced_connection_complete_event</a>
 <LI><a href="#[61]">int_cb_hci_le_generate_dhkey_complete_event</a>
 <LI><a href="#[5d]">int_cb_hci_le_long_term_key_request_event</a>
 <LI><a href="#[60]">int_cb_hci_le_read_local_p256_public_key_complete_event</a>
 <LI><a href="#[106]">is_Buffer_All_Set_To</a>
 <LI><a href="#[88]">is_slave</a>
 <LI><a href="#[12f]">isr_Acl_Data_Indication_Queue_Full</a>
 <LI><a href="#[20f]">isr_Acl_Data_TX_Cmpl_Queue_Full</a>
 <LI><a href="#[14f]">isr_event_handler</a>
 <LI><a href="#[212]">isr_event_handler_scan_data_ucfg</a>
 <LI><a href="#[150]">isr_postproc</a>
 <LI><a href="#[210]">isr_postproc1</a>
 <LI><a href="#[20b]">isr_postproc_encrypt_data</a>
 <LI><a href="#[b4]">machine_time_trans</a>
 <LI><a href="#[182]">mem_alloc_ctx_init</a>
 <LI><a href="#[1ac]">microseconds_to_machine_time</a>
 <LI><a href="#[1a6]">modulo_37</a>
 <LI><a href="#[12b]">nsar_init</a>
 <LI><a href="#[14e]">read_rssi</a>
 <LI><a href="#[126]">schedule_advertise_slot</a>
 <LI><a href="#[185]">secure_connections_csr_ucfg</a>
 <LI><a href="#[b3]">set_freq</a>
 <LI><a href="#[1a3]">set_sca</a>
 <LI><a href="#[1aa]">set_string</a>
 <LI><a href="#[89]">slave_advance</a>
 <LI><a href="#[22d]">smp_MI_Start_Encryption_ucfg</a>
 <LI><a href="#[22e]">smp_add_pairing_record_to_bonding_database</a>
 <LI><a href="#[15b]">smp_find_remote_device_index</a>
 <LI><a href="#[22c]">smp_pairing_completed</a>
 <LI><a href="#[206]">smp_sc_hci_le_generate_dhkey_complete_evt_hndl_ucfg</a>
 <LI><a href="#[207]">smp_sc_hci_le_read_local_p256_public_key_complete_evt_hndl_ucfg</a>
 <LI><a href="#[158]">smp_sc_init_ucfg</a>
 <LI><a href="#[230]">smp_sc_update_statistics_on_pairing_complete_ucfg</a>
 <LI><a href="#[228]">start_timebase</a>
 <LI><a href="#[183]">state_func_call_init_csr_ucfg</a>
 <LI><a href="#[1a7]">swap_slaves</a>
 <LI><a href="#[17d]">system_time_trans</a>
 <LI><a href="#[239]">system_time_trans_ext</a>
 <LI><a href="#[1a5]">time_offset1</a>
 <LI><a href="#[1a9]">time_offset2</a>
 <LI><a href="#[1f8]">timebase_start_connect</a>
 <LI><a href="#[20e]">unpack_channel_map</a>
 <LI><a href="#[20d]">unpack_update_request</a>
 <LI><a href="#[194]">_load_uuid</a>
 <LI><a href="#[a2]">BlueNRG_Stack_Initialize_ConfigData</a>
 <LI><a href="#[a3]">BlueNRG_Stack_Initialize_Layers</a>
 <LI><a href="#[a0]">BlueNRG_Stack_Initialize_RAM_check</a>
 <LI><a href="#[b1]">BlueNRG_Stack_Perform_Crystal_Check</a>
 <LI><a href="#[b2]">BlueNRG_Start_Crystal_Measurement</a>
 <LI><a href="#[1]">isr_advertise_state</a>
 <LI><a href="#[2]">isr_connect_slave_state</a>
 <LI><a href="#[4]">isr_test_rx_state</a>
 <LI><a href="#[3]">isr_test_tx_state</a>
 <LI><a href="#[0]">isr_unknown_state</a>
 <LI><a href="#[197]">fifoBuf_getFreeHeader</a>
 <LI><a href="#[c9]">fifoCtrl_init</a>
 <LI><a href="#[da]">_GAP_Parse_Advertising_Report</a>
 <LI><a href="#[d0]">aci_gap_proc_complete_event_push</a>
 <LI><a href="#[df]">GATT_Server_Set_Flag</a>
 <LI><a href="#[fc]">Pm_Resize_Host_Acl_Pckt</a>
 <LI><a href="#[f6]">aci_hal_fw_error_event_push</a>
 <LI><a href="#[108]">L2C_Get_Connection_Info</a>
 <LI><a href="#[11d]">L2C_Get_Connection_Info_Index</a>
 <LI><a href="#[10e]">L2C_Mux_Acl_Packet</a>
 <LI><a href="#[111]">L2C_Rcv_Data</a>
 <LI><a href="#[11c]">L2C_Reset_To_Closed_State</a>
 <LI><a href="#[116]">L2C_discard_accumulated_acl_data</a>
 <LI><a href="#[120]">aci_l2cap_connection_update_req_event_push</a>
 <LI><a href="#[1fd]">hci_encryption_change_event_push</a>
 <LI><a href="#[1fe]">hci_encryption_key_refresh_complete_event_push</a>
 <LI><a href="#[1ff]">hci_le_connection_complete_event_push</a>
 <LI><a href="#[200]">hci_le_connection_update_complete_event_push</a>
 <LI><a href="#[c5]">Mem_assign</a>
 <LI><a href="#[19b]">adapt_slot</a>
 <LI><a href="#[19d]">nsar_insertSlotListEntry</a>
 <LI><a href="#[19e]">nsar_searchBestFreeSlot</a>
 <LI><a href="#[222]">nsar_updateBestFreeSlot</a>
 <LI><a href="#[19c]">nsar_updateSlotListEntry</a>
 <LI><a href="#[1b1]">swap_u16</a>
 <LI><a href="#[143]">PM_Check_And_Set</a>
 <LI><a href="#[216]">wait_for_aes_ready</a>
 <LI><a href="#[19f]">addr_u32_from_u8</a>
 <LI><a href="#[1a1]">le2ByteToInt16</a>
 <LI><a href="#[1a0]">le4ByteToInt32</a>
 <LI><a href="#[129]">int32ToLe4Byte</a>
 <LI><a href="#[127]">wait_for_prescheduled_slot_cancellation</a>
 <LI><a href="#[238]">swap_u16</a>
 <LI><a href="#[237]">swap_u32</a>
 <LI><a href="#[236]">swap_u8</a>
 <LI><a href="#[c6]">Erase_Sector</a>
 <LI><a href="#[17e]">Write_Client_Data</a>
 <LI><a href="#[180]">int32ToLe4Byte</a>
 <LI><a href="#[155]">sdb_delete</a>
 <LI><a href="#[229]">sdb_find_client_data</a>
 <LI><a href="#[17f]">sdb_get_gatt_db_start_address</a>
 <LI><a href="#[156]">sdb_invalidate_record</a>
 <LI><a href="#[154]">sdb_read_record</a>
 <LI><a href="#[153]">sdb_read_record_validity</a>
 <LI><a href="#[157]">sdb_write_record</a>
 <LI><a href="#[15a]">SMP_connection_complete_handler</a>
 <LI><a href="#[198]">aci_gap_authorization_req_event_push</a>
 <LI><a href="#[15f]">aci_gap_pairing_complete_event_push</a>
 <LI><a href="#[159]">smp_Keys_Distribution_Complete</a>
 <LI><a href="#[15d]">smp_flush_rx_queues</a>
 <LI><a href="#[15e]">smp_update_statistics_on_pairing_complete</a>
</UL>
</UL>
<P>
<H3>
Mutually Recursive functions
</H3> <LI><a href="#[7]">HardFault_Handler</a>&nbsp;&nbsp;&nbsp;&rArr;&nbsp;&nbsp;&nbsp;<a href="#[7]">HardFault_Handler</a><BR>
</UL>
<P>
<H3>
Function Pointers
</H3><UL>
 <LI><a href="#[11]">ADC_Handler</a> from system_bluenrg1.o(i.ADC_Handler) referenced from system_bluenrg1.o(.intvec)
 <LI><a href="#[f]">Blue_Handler</a> from bluenrg1_it.o(i.Blue_Handler) referenced from system_bluenrg1.o(.intvec)
 <LI><a href="#[1a]">DMA_Handler</a> from system_bluenrg1.o(i.DMA_Handler) referenced from system_bluenrg1.o(.intvec)
 <LI><a href="#[b]">GPIO_Handler</a> from bluenrg1_it.o(i.GPIO_Handler) referenced from system_bluenrg1.o(.intvec)
 <LI><a href="#[7]">HardFault_Handler</a> from bluenrg1_it.o(i.HardFault_Handler) referenced from system_bluenrg1.o(.intvec)
 <LI><a href="#[13]">I2C1_Handler</a> from system_bluenrg1.o(i.I2C1_Handler) referenced from system_bluenrg1.o(.intvec)
 <LI><a href="#[12]">I2C2_Handler</a> from system_bluenrg1.o(i.I2C2_Handler) referenced from system_bluenrg1.o(.intvec)
 <LI><a href="#[14]">MFT1A_Handler</a> from system_bluenrg1.o(i.MFT1A_Handler) referenced from system_bluenrg1.o(.intvec)
 <LI><a href="#[15]">MFT1B_Handler</a> from system_bluenrg1.o(i.MFT1B_Handler) referenced from system_bluenrg1.o(.intvec)
 <LI><a href="#[16]">MFT2A_Handler</a> from system_bluenrg1.o(i.MFT2A_Handler) referenced from system_bluenrg1.o(.intvec)
 <LI><a href="#[17]">MFT2B_Handler</a> from system_bluenrg1.o(i.MFT2B_Handler) referenced from system_bluenrg1.o(.intvec)
 <LI><a href="#[6]">NMI_Handler</a> from bluenrg1_it.o(i.NMI_Handler) referenced from system_bluenrg1.o(.intvec)
 <LI><a href="#[c]">NVM_Handler</a> from system_bluenrg1.o(i.NVM_Handler) referenced from system_bluenrg1.o(.intvec)
 <LI><a href="#[19]">PKA_Handler</a> from system_bluenrg1.o(i.PKA_Handler) referenced from system_bluenrg1.o(.intvec)
 <LI><a href="#[9]">PendSV_Handler</a> from system_bluenrg1.o(i.PendSV_Handler) referenced from system_bluenrg1.o(.intvec)
 <LI><a href="#[5]">RESET_HANDLER</a> from system_bluenrg1.o(i.RESET_HANDLER) referenced from system_bluenrg1.o(.intvec)
 <LI><a href="#[18]">RTC_Handler</a> from system_bluenrg1.o(i.RTC_Handler) referenced from system_bluenrg1.o(.intvec)
 <LI><a href="#[e]">SPI_Handler</a> from system_bluenrg1.o(i.SPI_Handler) referenced from system_bluenrg1.o(.intvec)
 <LI><a href="#[8]">SVC_Handler</a> from bluenrg1_it.o(i.SVC_Handler) referenced from system_bluenrg1.o(.intvec)
 <LI><a href="#[a]">SysTick_Handler</a> from bluenrg1_it.o(i.SysTick_Handler) referenced from system_bluenrg1.o(.intvec)
 <LI><a href="#[d]">UART_Handler</a> from bluenrg1_it.o(i.UART_Handler) referenced from system_bluenrg1.o(.intvec)
 <LI><a href="#[10]">WDG_Handler</a> from system_bluenrg1.o(i.WDG_Handler) referenced from system_bluenrg1.o(.intvec)
 <LI><a href="#[41]">cb_aci_att_exchange_mtu_resp_event</a> from aci_events.o(i.cb_aci_att_exchange_mtu_resp_event) referenced from aci_events.o(.constdata)
 <LI><a href="#[4b]">cb_aci_att_exec_write_resp_event</a> from aci_events.o(i.cb_aci_att_exec_write_resp_event) referenced from aci_events.o(.constdata)
 <LI><a href="#[43]">cb_aci_att_find_by_type_value_resp_event</a> from aci_events.o(i.cb_aci_att_find_by_type_value_resp_event) referenced from aci_events.o(.constdata)
 <LI><a href="#[42]">cb_aci_att_find_info_resp_event</a> from aci_events.o(i.cb_aci_att_find_info_resp_event) referenced from aci_events.o(.constdata)
 <LI><a href="#[4a]">cb_aci_att_prepare_write_resp_event</a> from aci_events.o(i.cb_aci_att_prepare_write_resp_event) referenced from aci_events.o(.constdata)
 <LI><a href="#[46]">cb_aci_att_read_blob_resp_event</a> from aci_events.o(i.cb_aci_att_read_blob_resp_event) referenced from aci_events.o(.constdata)
 <LI><a href="#[48]">cb_aci_att_read_by_group_type_resp_event</a> from aci_events.o(i.cb_aci_att_read_by_group_type_resp_event) referenced from aci_events.o(.constdata)
 <LI><a href="#[44]">cb_aci_att_read_by_type_resp_event</a> from aci_events.o(i.cb_aci_att_read_by_type_resp_event) referenced from aci_events.o(.constdata)
 <LI><a href="#[47]">cb_aci_att_read_multiple_resp_event</a> from aci_events.o(i.cb_aci_att_read_multiple_resp_event) referenced from aci_events.o(.constdata)
 <LI><a href="#[45]">cb_aci_att_read_resp_event</a> from aci_events.o(i.cb_aci_att_read_resp_event) referenced from aci_events.o(.constdata)
 <LI><a href="#[49]">cb_aci_att_write_resp_event</a> from aci_events.o(i.cb_aci_att_write_resp_event) referenced from aci_events.o(.constdata)
 <LI><a href="#[37]">cb_aci_gap_addr_not_resolved_event</a> from aci_events.o(i.cb_aci_gap_addr_not_resolved_event) referenced from aci_events.o(.constdata)
 <LI><a href="#[32]">cb_aci_gap_authorization_req_event</a> from aci_events.o(i.cb_aci_gap_authorization_req_event) referenced from aci_events.o(.constdata)
 <LI><a href="#[34]">cb_aci_gap_bond_lost_event</a> from aci_events.o(i.cb_aci_gap_bond_lost_event) referenced from aci_events.o(.constdata)
 <LI><a href="#[35]">cb_aci_gap_device_found_event</a> from aci_events.o(i.cb_aci_gap_device_found_event) referenced from aci_events.o(.constdata)
 <LI><a href="#[39]">cb_aci_gap_keypress_notification_event</a> from aci_events.o(i.cb_aci_gap_keypress_notification_event) referenced from aci_events.o(.constdata)
 <LI><a href="#[2f]">cb_aci_gap_limited_discoverable_event</a> from aci_events.o(i.cb_aci_gap_limited_discoverable_event) referenced from aci_events.o(.constdata)
 <LI><a href="#[38]">cb_aci_gap_numeric_comparison_value_event</a> from aci_events.o(i.cb_aci_gap_numeric_comparison_value_event) referenced from aci_events.o(.constdata)
 <LI><a href="#[30]">cb_aci_gap_pairing_complete_event</a> from aci_events.o(i.cb_aci_gap_pairing_complete_event) referenced from aci_events.o(.constdata)
 <LI><a href="#[31]">cb_aci_gap_pass_key_req_event</a> from aci_events.o(i.cb_aci_gap_pass_key_req_event) referenced from aci_events.o(.constdata)
 <LI><a href="#[36]">cb_aci_gap_proc_complete_event</a> from aci_events.o(i.cb_aci_gap_proc_complete_event) referenced from aci_events.o(.constdata)
 <LI><a href="#[33]">cb_aci_gap_slave_security_initiated_event</a> from aci_events.o(i.cb_aci_gap_slave_security_initiated_event) referenced from aci_events.o(.constdata)
 <LI><a href="#[3f]">cb_aci_gatt_attribute_modified_event</a> from aci_events.o(i.cb_aci_gatt_attribute_modified_event) referenced from aci_events.o(.constdata)
 <LI><a href="#[50]">cb_aci_gatt_disc_read_char_by_uuid_resp_event</a> from aci_events.o(i.cb_aci_gatt_disc_read_char_by_uuid_resp_event) referenced from aci_events.o(.constdata)
 <LI><a href="#[4f]">cb_aci_gatt_error_resp_event</a> from aci_events.o(i.cb_aci_gatt_error_resp_event) referenced from aci_events.o(.constdata)
 <LI><a href="#[4c]">cb_aci_gatt_indication_event</a> from aci_events.o(i.cb_aci_gatt_indication_event) referenced from aci_events.o(.constdata)
 <LI><a href="#[4d]">cb_aci_gatt_notification_event</a> from aci_events.o(i.cb_aci_gatt_notification_event) referenced from aci_events.o(.constdata)
 <LI><a href="#[52]">cb_aci_gatt_prepare_write_permit_req_event</a> from aci_events.o(i.cb_aci_gatt_prepare_write_permit_req_event) referenced from aci_events.o(.constdata)
 <LI><a href="#[4e]">cb_aci_gatt_proc_complete_event</a> from aci_events.o(i.cb_aci_gatt_proc_complete_event) referenced from aci_events.o(.constdata)
 <LI><a href="#[40]">cb_aci_gatt_proc_timeout_event</a> from aci_events.o(i.cb_aci_gatt_proc_timeout_event) referenced from aci_events.o(.constdata)
 <LI><a href="#[54]">cb_aci_gatt_read_multi_permit_req_event</a> from aci_events.o(i.cb_aci_gatt_read_multi_permit_req_event) referenced from aci_events.o(.constdata)
 <LI><a href="#[53]">cb_aci_gatt_read_permit_req_event</a> from aci_events.o(i.cb_aci_gatt_read_permit_req_event) referenced from aci_events.o(.constdata)
 <LI><a href="#[56]">cb_aci_gatt_server_confirmation_event</a> from aci_events.o(i.cb_aci_gatt_server_confirmation_event) referenced from aci_events.o(.constdata)
 <LI><a href="#[55]">cb_aci_gatt_tx_pool_available_event</a> from aci_events.o(i.cb_aci_gatt_tx_pool_available_event) referenced from aci_events.o(.constdata)
 <LI><a href="#[51]">cb_aci_gatt_write_permit_req_event</a> from aci_events.o(i.cb_aci_gatt_write_permit_req_event) referenced from aci_events.o(.constdata)
 <LI><a href="#[3e]">cb_aci_hal_fw_error_event</a> from aci_events.o(i.cb_aci_hal_fw_error_event) referenced from aci_events.o(.constdata)
 <LI><a href="#[2c]">cb_aci_hal_scan_req_report_event</a> from aci_events.o(i.cb_aci_hal_scan_req_report_event) referenced from aci_events.o(.constdata)
 <LI><a href="#[3d]">cb_aci_l2cap_command_reject_event</a> from aci_events.o(i.cb_aci_l2cap_command_reject_event) referenced from aci_events.o(.constdata)
 <LI><a href="#[3c]">cb_aci_l2cap_connection_update_req_event</a> from aci_events.o(i.cb_aci_l2cap_connection_update_req_event) referenced from aci_events.o(.constdata)
 <LI><a href="#[3a]">cb_aci_l2cap_connection_update_resp_event</a> from aci_events.o(i.cb_aci_l2cap_connection_update_resp_event) referenced from aci_events.o(.constdata)
 <LI><a href="#[3b]">cb_aci_l2cap_proc_timeout_event</a> from aci_events.o(i.cb_aci_l2cap_proc_timeout_event) referenced from aci_events.o(.constdata)
 <LI><a href="#[28]">cb_hci_data_buffer_overflow_event</a> from aci_events.o(i.cb_hci_data_buffer_overflow_event) referenced from aci_events.o(.constdata)
 <LI><a href="#[1d]">cb_hci_disconnection_complete_event</a> from aci_events.o(i.cb_hci_disconnection_complete_event) referenced from aci_events.o(.constdata)
 <LI><a href="#[1e]">cb_hci_encryption_change_event</a> from aci_events.o(i.cb_hci_encryption_change_event) referenced from aci_events.o(.constdata)
 <LI><a href="#[1f]">cb_hci_encryption_key_refresh_complete_event</a> from aci_events.o(i.cb_hci_encryption_key_refresh_complete_event) referenced from aci_events.o(.constdata)
 <LI><a href="#[22]">cb_hci_le_advertising_report_event</a> from aci_events.o(i.cb_hci_le_advertising_report_event) referenced from aci_events.o(.constdata)
 <LI><a href="#[20]">cb_hci_le_connection_complete_event</a> from aci_events.o(i.cb_hci_le_connection_complete_event) referenced from aci_events.o(.constdata)
 <LI><a href="#[2a]">cb_hci_le_connection_update_complete_event</a> from aci_events.o(i.cb_hci_le_connection_update_complete_event) referenced from aci_events.o(.constdata)
 <LI><a href="#[23]">cb_hci_le_data_length_change_event</a> from aci_events.o(i.cb_hci_le_data_length_change_event) referenced from aci_events.o(.constdata)
 <LI><a href="#[27]">cb_hci_le_direct_advertising_report_event</a> from aci_events.o(i.cb_hci_le_direct_advertising_report_event) referenced from aci_events.o(.constdata)
 <LI><a href="#[26]">cb_hci_le_enhanced_connection_complete_event</a> from aci_events.o(i.cb_hci_le_enhanced_connection_complete_event) referenced from aci_events.o(.constdata)
 <LI><a href="#[25]">cb_hci_le_generate_dhkey_complete_event</a> from aci_events.o(i.cb_hci_le_generate_dhkey_complete_event) referenced from aci_events.o(.constdata)
 <LI><a href="#[21]">cb_hci_le_long_term_key_request_event</a> from aci_events.o(i.cb_hci_le_long_term_key_request_event) referenced from aci_events.o(.constdata)
 <LI><a href="#[24]">cb_hci_le_read_local_p256_public_key_complete_event</a> from aci_events.o(i.cb_hci_le_read_local_p256_public_key_complete_event) referenced from aci_events.o(.constdata)
 <LI><a href="#[2b]">cb_hci_le_read_remote_used_features_complete_event</a> from aci_events.o(i.cb_hci_le_read_remote_used_features_complete_event) referenced from aci_events.o(.constdata)
 <LI><a href="#[2d]">cb_hci_number_of_completed_packets_event</a> from aci_events.o(i.cb_hci_number_of_completed_packets_event) referenced from aci_events.o(.constdata)
 <LI><a href="#[29]">cb_hci_read_remote_version_information_complete_event</a> from aci_events.o(i.cb_hci_read_remote_version_information_complete_event) referenced from aci_events.o(.constdata)
 <LI><a href="#[2e]">cb_hci_rx_acl_data_event</a> from aci_events.o(i.cb_hci_rx_acl_data_event) referenced from aci_events.o(.constdata)
 <LI><a href="#[1c]">fputc</a> from sdk_eval_com.o(i.fputc) referenced from printf8.o(i.__0printf$8)
 <LI><a href="#[58]">int_cb_hci_acl_data_ind_event</a> from acl.o(i.int_cb_hci_acl_data_ind_event) referenced from aci_events.o(.constdata)
 <LI><a href="#[57]">int_cb_hci_acl_data_tx_cmpl_event</a> from acl.o(i.int_cb_hci_acl_data_tx_cmpl_event) referenced from aci_events.o(.constdata)
 <LI><a href="#[59]">int_cb_hci_disconnection_complete_event</a> from aci_events.o(i.int_cb_hci_disconnection_complete_event) referenced from aci_events.o(.constdata)
 <LI><a href="#[5a]">int_cb_hci_encryption_change_event</a> from aci_events.o(i.int_cb_hci_encryption_change_event) referenced from aci_events.o(.constdata)
 <LI><a href="#[5b]">int_cb_hci_encryption_key_refresh_complete_event</a> from aci_events.o(i.int_cb_hci_encryption_key_refresh_complete_event) referenced from aci_events.o(.constdata)
 <LI><a href="#[5e]">int_cb_hci_le_advertising_report_event</a> from aci_events.o(i.int_cb_hci_le_advertising_report_event) referenced from aci_events.o(.constdata)
 <LI><a href="#[5c]">int_cb_hci_le_connection_complete_event</a> from aci_events.o(i.int_cb_hci_le_connection_complete_event) referenced from aci_events.o(.constdata)
 <LI><a href="#[5f]">int_cb_hci_le_data_length_change_event</a> from aci_events.o(i.int_cb_hci_le_data_length_change_event) referenced from aci_events.o(.constdata)
 <LI><a href="#[63]">int_cb_hci_le_direct_advertising_report_event</a> from aci_events.o(i.int_cb_hci_le_direct_advertising_report_event) referenced from aci_events.o(.constdata)
 <LI><a href="#[62]">int_cb_hci_le_enhanced_connection_complete_event</a> from aci_events.o(i.int_cb_hci_le_enhanced_connection_complete_event) referenced from aci_events.o(.constdata)
 <LI><a href="#[61]">int_cb_hci_le_generate_dhkey_complete_event</a> from aci_events.o(i.int_cb_hci_le_generate_dhkey_complete_event) referenced from aci_events.o(.constdata)
 <LI><a href="#[5d]">int_cb_hci_le_long_term_key_request_event</a> from aci_events.o(i.int_cb_hci_le_long_term_key_request_event) referenced from aci_events.o(.constdata)
 <LI><a href="#[60]">int_cb_hci_le_read_local_p256_public_key_complete_event</a> from aci_events.o(i.int_cb_hci_le_read_local_p256_public_key_complete_event) referenced from aci_events.o(.constdata)
 <LI><a href="#[1]">isr_advertise_state</a> from ll_isr.o(i.isr_advertise_state) referenced 2 times from ll_isr.o(.data)
 <LI><a href="#[2]">isr_connect_slave_state</a> from ll_isr.o(i.isr_connect_slave_state) referenced 2 times from ll_isr.o(.data)
 <LI><a href="#[4]">isr_test_rx_state</a> from ll_isr.o(i.isr_test_rx_state) referenced 2 times from ll_isr.o(.data)
 <LI><a href="#[3]">isr_test_tx_state</a> from ll_isr.o(i.isr_test_tx_state) referenced 2 times from ll_isr.o(.data)
 <LI><a href="#[0]">isr_unknown_state</a> from ll_isr.o(i.isr_unknown_state) referenced 8 times from ll_isr.o(.data)
 <LI><a href="#[1b]">main</a> from ble_beacon_main.o(i.main) referenced from entry9a.o(.ARM.Collect$$$$0000000B)
</UL>
<P>
<H3>
Global Symbols
</H3>
<P><STRONG><a name="[23b]"></a>CS_contextSave</STRONG> (Thumb, 82 bytes, Stack size 0 bytes, context_switch.o(. text), UNUSED)

<P><STRONG><a name="[18d]"></a>CS_contextRestore</STRONG> (Thumb, 42 bytes, Stack size 0 bytes, context_switch.o(. text))
<BR><BR>[Called By]<UL><LI><a href="#[151]">&gt;&gt;</a>&nbsp;&nbsp;&nbsp;__low_level_init
</UL>

<P><STRONG><a name="[64]"></a>__main</STRONG> (Thumb, 0 bytes, Stack size unknown bytes, entry.o(.ARM.Collect$$$$00000000))
<BR><BR>[Called By]<UL><LI><a href="#[5]">&gt;&gt;</a>&nbsp;&nbsp;&nbsp;RESET_HANDLER
</UL>

<P><STRONG><a name="[23c]"></a>_main_stk</STRONG> (Thumb, 0 bytes, Stack size unknown bytes, entry3.o(.ARM.Collect$$$$00000002))

<P><STRONG><a name="[65]"></a>_main_scatterload</STRONG> (Thumb, 0 bytes, Stack size unknown bytes, entry5.o(.ARM.Collect$$$$00000004))
<BR><BR>[Calls]<UL><LI><a href="#[66]">&gt;&gt;</a>&nbsp;&nbsp;&nbsp;__scatterload
</UL>

<P><STRONG><a name="[7e]"></a>__main_after_scatterload</STRONG> (Thumb, 0 bytes, Stack size unknown bytes, entry5.o(.ARM.Collect$$$$00000004))
<BR><BR>[Called By]<UL><LI><a href="#[66]">&gt;&gt;</a>&nbsp;&nbsp;&nbsp;__scatterload
</UL>

<P><STRONG><a name="[23d]"></a>_main_clock</STRONG> (Thumb, 0 bytes, Stack size unknown bytes, entry7b.o(.ARM.Collect$$$$00000008))

<P><STRONG><a name="[23e]"></a>_main_cpp_init</STRONG> (Thumb, 0 bytes, Stack size unknown bytes, entry8b.o(.ARM.Collect$$$$0000000A))

<P><STRONG><a name="[23f]"></a>_main_init</STRONG> (Thumb, 0 bytes, Stack size unknown bytes, entry9a.o(.ARM.Collect$$$$0000000B))

<P><STRONG><a name="[240]"></a>__rt_final_cpp</STRONG> (Thumb, 0 bytes, Stack size unknown bytes, entry10a.o(.ARM.Collect$$$$0000000D))

<P><STRONG><a name="[241]"></a>__rt_final_exit</STRONG> (Thumb, 0 bytes, Stack size unknown bytes, entry11a.o(.ARM.Collect$$$$0000000F))

<P><STRONG><a name="[242]"></a>__aeabi_uidiv</STRONG> (Thumb, 0 bytes, Stack size 12 bytes, uidiv.o(.text), UNUSED)

<P><STRONG><a name="[165]"></a>__aeabi_uidivmod</STRONG> (Thumb, 44 bytes, Stack size 12 bytes, uidiv.o(.text))
<BR><BR>[Stack]<UL><LI>Max Depth = 12<LI>Call Chain = __aeabi_uidivmod
</UL>
<BR>[Called By]<UL><LI><a href="#[169]">&gt;&gt;</a>&nbsp;&nbsp;&nbsp;UART_Init
<LI><a href="#[164]">&gt;&gt;</a>&nbsp;&nbsp;&nbsp;SPI_SetBaudrate
<LI><a href="#[19b]">&gt;&gt;</a>&nbsp;&nbsp;&nbsp;adapt_slot
</UL>

<P><STRONG><a name="[243]"></a>____aeabi_memcpy8$ret$move</STRONG> (Thumb, 0 bytes, Stack size 8 bytes, memmove.o(.text), UNUSED)

<P><STRONG><a name="[244]"></a>___aeabi_memmove$ret</STRONG> (Thumb, 0 bytes, Stack size 8 bytes, memmove.o(.text), UNUSED)

<P><STRONG><a name="[245]"></a>___aeabi_memmove8$ret</STRONG> (Thumb, 0 bytes, Stack size 8 bytes, memmove.o(.text), UNUSED)

<P><STRONG><a name="[eb]"></a>__aeabi_memcpy</STRONG> (Thumb, 66 bytes, Stack size 8 bytes, memmove.o(.text))
<BR><BR>[Stack]<UL><LI>Max Depth = 8<LI>Call Chain = __aeabi_memcpy
</UL>
<BR>[Called By]<UL><LI><a href="#[d6]">&gt;&gt;</a>&nbsp;&nbsp;&nbsp;Gatt_Add_Service
<LI><a href="#[d7]">&gt;&gt;</a>&nbsp;&nbsp;&nbsp;Gatt_Add_Characteristic
<LI><a href="#[21e]">&gt;&gt;</a>&nbsp;&nbsp;&nbsp;send_data
<LI><a href="#[1ee]">&gt;&gt;</a>&nbsp;&nbsp;&nbsp;data_recv
</UL>

<P><STRONG><a name="[be]"></a>__aeabi_memcpy4</STRONG> (Thumb, 0 bytes, Stack size 8 bytes, memmove.o(.text))
<BR><BR>[Stack]<UL><LI>Max Depth = 8<LI>Call Chain = __aeabi_memcpy4
</UL>
<BR>[Called By]<UL><LI><a href="#[bd]">&gt;&gt;</a>&nbsp;&nbsp;&nbsp;DeviceConfiguration
<LI><a href="#[22e]">&gt;&gt;</a>&nbsp;&nbsp;&nbsp;smp_add_pairing_record_to_bonding_database
</UL>

<P><STRONG><a name="[132]"></a>__aeabi_memmove4</STRONG> (Thumb, 0 bytes, Stack size 8 bytes, memmove.o(.text))
<BR><BR>[Stack]<UL><LI>Max Depth = 8<LI>Call Chain = __aeabi_memmove4
</UL>
<BR>[Called By]<UL><LI><a href="#[131]">&gt;&gt;</a>&nbsp;&nbsp;&nbsp;Mem_Buff_Block_Copy
<LI><a href="#[133]">&gt;&gt;</a>&nbsp;&nbsp;&nbsp;Mem_Buff_Block_Write
</UL>

<P><STRONG><a name="[13f]"></a>memcpy</STRONG> (Thumb, 0 bytes, Stack size 8 bytes, memmove.o(.text))
<BR><BR>[Stack]<UL><LI>Max Depth = 8<LI>Call Chain = memcpy
</UL>
<BR>[Called By]<UL><LI><a href="#[81]">&gt;&gt;</a>&nbsp;&nbsp;&nbsp;Osal_MemCpy
</UL>

<P><STRONG><a name="[246]"></a>memmove</STRONG> (Thumb, 0 bytes, Stack size 8 bytes, memmove.o(.text), UNUSED)

<P><STRONG><a name="[68]"></a>__aeabi_memset</STRONG> (Thumb, 14 bytes, Stack size 0 bytes, memseta.o(.text))
<BR><BR>[Called By]<UL><LI><a href="#[69]">&gt;&gt;</a>&nbsp;&nbsp;&nbsp;memset
<LI><a href="#[67]">&gt;&gt;</a>&nbsp;&nbsp;&nbsp;__aeabi_memclr
</UL>

<P><STRONG><a name="[247]"></a>__aeabi_memset4</STRONG> (Thumb, 0 bytes, Stack size 0 bytes, memseta.o(.text), UNUSED)

<P><STRONG><a name="[248]"></a>__aeabi_memset8</STRONG> (Thumb, 0 bytes, Stack size 0 bytes, memseta.o(.text), UNUSED)

<P><STRONG><a name="[67]"></a>__aeabi_memclr</STRONG> (Thumb, 4 bytes, Stack size 0 bytes, memseta.o(.text))
<BR><BR>[Calls]<UL><LI><a href="#[68]">&gt;&gt;</a>&nbsp;&nbsp;&nbsp;__aeabi_memset
</UL>
<BR>[Called By]<UL><LI><a href="#[93]">&gt;&gt;</a>&nbsp;&nbsp;&nbsp;Attribute_Modified_CB
</UL>

<P><STRONG><a name="[249]"></a>__aeabi_memclr4</STRONG> (Thumb, 0 bytes, Stack size 0 bytes, memseta.o(.text), UNUSED)

<P><STRONG><a name="[24a]"></a>__aeabi_memclr8</STRONG> (Thumb, 0 bytes, Stack size 0 bytes, memseta.o(.text), UNUSED)

<P><STRONG><a name="[69]"></a>memset</STRONG> (Thumb, 18 bytes, Stack size 8 bytes, memseta.o(.text))
<BR><BR>[Stack]<UL><LI>Max Depth = 8<LI>Call Chain = memset
</UL>
<BR>[Calls]<UL><LI><a href="#[68]">&gt;&gt;</a>&nbsp;&nbsp;&nbsp;__aeabi_memset
</UL>
<BR>[Called By]<UL><LI><a href="#[ca]">&gt;&gt;</a>&nbsp;&nbsp;&nbsp;Osal_MemSet
</UL>

<P><STRONG><a name="[95]"></a>strcmp</STRONG> (Thumb, 28 bytes, Stack size 8 bytes, strcmp.o(.text))
<BR><BR>[Stack]<UL><LI>Max Depth = 8<LI>Call Chain = strcmp
</UL>
<BR>[Called By]<UL><LI><a href="#[93]">&gt;&gt;</a>&nbsp;&nbsp;&nbsp;Attribute_Modified_CB
</UL>

<P><STRONG><a name="[13e]"></a>memcmp</STRONG> (Thumb, 26 bytes, Stack size 12 bytes, memcmp.o(.text))
<BR><BR>[Stack]<UL><LI>Max Depth = 12<LI>Call Chain = memcmp
</UL>
<BR>[Called By]<UL><LI><a href="#[13d]">&gt;&gt;</a>&nbsp;&nbsp;&nbsp;Osal_MemCmp
</UL>

<P><STRONG><a name="[181]"></a>__aeabi_uread4</STRONG> (Thumb, 20 bytes, Stack size 0 bytes, uread4.o(.text))
<BR><BR>[Called By]<UL><LI><a href="#[17e]">&gt;&gt;</a>&nbsp;&nbsp;&nbsp;Write_Client_Data
</UL>

<P><STRONG><a name="[24b]"></a>__rt_uread4</STRONG> (Thumb, 0 bytes, Stack size 0 bytes, uread4.o(.text), UNUSED)

<P><STRONG><a name="[24c]"></a>_uread4</STRONG> (Thumb, 0 bytes, Stack size 0 bytes, uread4.o(.text), UNUSED)

<P><STRONG><a name="[6a]"></a>__aeabi_fadd</STRONG> (Thumb, 162 bytes, Stack size 24 bytes, fadd.o(.text))
<BR><BR>[Stack]<UL><LI>Max Depth = 36<LI>Call Chain = __aeabi_fadd &rArr; _float_epilogue
</UL>
<BR>[Calls]<UL><LI><a href="#[6c]">&gt;&gt;</a>&nbsp;&nbsp;&nbsp;_float_round
<LI><a href="#[6b]">&gt;&gt;</a>&nbsp;&nbsp;&nbsp;_float_epilogue
</UL>
<BR>[Called By]<UL><LI><a href="#[6d]">&gt;&gt;</a>&nbsp;&nbsp;&nbsp;__aeabi_fsub
<LI><a href="#[6e]">&gt;&gt;</a>&nbsp;&nbsp;&nbsp;__aeabi_frsub
</UL>

<P><STRONG><a name="[6d]"></a>__aeabi_fsub</STRONG> (Thumb, 8 bytes, Stack size 0 bytes, fadd.o(.text))
<BR><BR>[Stack]<UL><LI>Max Depth = 36<LI>Call Chain = __aeabi_fsub &rArr; __aeabi_fadd &rArr; _float_epilogue
</UL>
<BR>[Calls]<UL><LI><a href="#[6a]">&gt;&gt;</a>&nbsp;&nbsp;&nbsp;__aeabi_fadd
</UL>
<BR>[Called By]<UL><LI><a href="#[9a]">&gt;&gt;</a>&nbsp;&nbsp;&nbsp;ch_no
</UL>

<P><STRONG><a name="[6e]"></a>__aeabi_frsub</STRONG> (Thumb, 8 bytes, Stack size 0 bytes, fadd.o(.text), UNUSED)
<BR><BR>[Calls]<UL><LI><a href="#[6a]">&gt;&gt;</a>&nbsp;&nbsp;&nbsp;__aeabi_fadd
</UL>

<P><STRONG><a name="[1ec]"></a>__aeabi_fmul</STRONG> (Thumb, 122 bytes, Stack size 16 bytes, fmul.o(.text))
<BR><BR>[Stack]<UL><LI>Max Depth = 16<LI>Call Chain = __aeabi_fmul
</UL>
<BR>[Called By]<UL><LI><a href="#[9a]">&gt;&gt;</a>&nbsp;&nbsp;&nbsp;ch_no
</UL>

<P><STRONG><a name="[6f]"></a>__aeabi_dadd</STRONG> (Thumb, 328 bytes, Stack size 48 bytes, dadd.o(.text))
<BR><BR>[Stack]<UL><LI>Max Depth = 104<LI>Call Chain = __aeabi_dadd &rArr; _double_epilogue &rArr; __aeabi_llsl
</UL>
<BR>[Calls]<UL><LI><a href="#[71]">&gt;&gt;</a>&nbsp;&nbsp;&nbsp;__aeabi_lasr
<LI><a href="#[70]">&gt;&gt;</a>&nbsp;&nbsp;&nbsp;__aeabi_llsl
<LI><a href="#[73]">&gt;&gt;</a>&nbsp;&nbsp;&nbsp;_double_round
<LI><a href="#[72]">&gt;&gt;</a>&nbsp;&nbsp;&nbsp;_double_epilogue
</UL>
<BR>[Called By]<UL><LI><a href="#[74]">&gt;&gt;</a>&nbsp;&nbsp;&nbsp;__aeabi_dsub
<LI><a href="#[75]">&gt;&gt;</a>&nbsp;&nbsp;&nbsp;__aeabi_drsub
<LI><a href="#[93]">&gt;&gt;</a>&nbsp;&nbsp;&nbsp;Attribute_Modified_CB
<LI><a href="#[98]">&gt;&gt;</a>&nbsp;&nbsp;&nbsp;pow
<LI><a href="#[18a]">&gt;&gt;</a>&nbsp;&nbsp;&nbsp;__kernel_poly
<LI><a href="#[18f]">&gt;&gt;</a>&nbsp;&nbsp;&nbsp;__mathlib_dbl_infnan2
</UL>

<P><STRONG><a name="[74]"></a>__aeabi_dsub</STRONG> (Thumb, 12 bytes, Stack size 8 bytes, dadd.o(.text))
<BR><BR>[Stack]<UL><LI>Max Depth = 112<LI>Call Chain = __aeabi_dsub &rArr; __aeabi_dadd &rArr; _double_epilogue &rArr; __aeabi_llsl
</UL>
<BR>[Calls]<UL><LI><a href="#[6f]">&gt;&gt;</a>&nbsp;&nbsp;&nbsp;__aeabi_dadd
</UL>
<BR>[Called By]<UL><LI><a href="#[98]">&gt;&gt;</a>&nbsp;&nbsp;&nbsp;pow
</UL>

<P><STRONG><a name="[75]"></a>__aeabi_drsub</STRONG> (Thumb, 12 bytes, Stack size 8 bytes, dadd.o(.text))
<BR><BR>[Stack]<UL><LI>Max Depth = 112<LI>Call Chain = __aeabi_drsub &rArr; __aeabi_dadd &rArr; _double_epilogue &rArr; __aeabi_llsl
</UL>
<BR>[Calls]<UL><LI><a href="#[6f]">&gt;&gt;</a>&nbsp;&nbsp;&nbsp;__aeabi_dadd
</UL>
<BR>[Called By]<UL><LI><a href="#[98]">&gt;&gt;</a>&nbsp;&nbsp;&nbsp;pow
</UL>

<P><STRONG><a name="[76]"></a>__aeabi_dmul</STRONG> (Thumb, 202 bytes, Stack size 72 bytes, dmul.o(.text))
<BR><BR>[Stack]<UL><LI>Max Depth = 128<LI>Call Chain = __aeabi_dmul &rArr; _double_epilogue &rArr; __aeabi_llsl
</UL>
<BR>[Calls]<UL><LI><a href="#[72]">&gt;&gt;</a>&nbsp;&nbsp;&nbsp;_double_epilogue
</UL>
<BR>[Called By]<UL><LI><a href="#[93]">&gt;&gt;</a>&nbsp;&nbsp;&nbsp;Attribute_Modified_CB
<LI><a href="#[98]">&gt;&gt;</a>&nbsp;&nbsp;&nbsp;pow
<LI><a href="#[18a]">&gt;&gt;</a>&nbsp;&nbsp;&nbsp;__kernel_poly
</UL>

<P><STRONG><a name="[77]"></a>__aeabi_ddiv</STRONG> (Thumb, 234 bytes, Stack size 40 bytes, ddiv.o(.text))
<BR><BR>[Stack]<UL><LI>Max Depth = 48<LI>Call Chain = __aeabi_ddiv &rArr; _double_round
</UL>
<BR>[Calls]<UL><LI><a href="#[73]">&gt;&gt;</a>&nbsp;&nbsp;&nbsp;_double_round
</UL>
<BR>[Called By]<UL><LI><a href="#[98]">&gt;&gt;</a>&nbsp;&nbsp;&nbsp;pow
<LI><a href="#[190]">&gt;&gt;</a>&nbsp;&nbsp;&nbsp;__mathlib_dbl_invalid
<LI><a href="#[18e]">&gt;&gt;</a>&nbsp;&nbsp;&nbsp;__mathlib_dbl_divzero
</UL>

<P><STRONG><a name="[192]"></a>__ARM_scalbn</STRONG> (Thumb, 44 bytes, Stack size 16 bytes, dscalb.o(.text))
<BR><BR>[Stack]<UL><LI>Max Depth = 16<LI>Call Chain = __ARM_scalbn
</UL>
<BR>[Called By]<UL><LI><a href="#[98]">&gt;&gt;</a>&nbsp;&nbsp;&nbsp;pow
<LI><a href="#[193]">&gt;&gt;</a>&nbsp;&nbsp;&nbsp;__mathlib_dbl_underflow
<LI><a href="#[191]">&gt;&gt;</a>&nbsp;&nbsp;&nbsp;__mathlib_dbl_overflow
</UL>

<P><STRONG><a name="[24d]"></a>scalbn</STRONG> (Thumb, 0 bytes, Stack size 16 bytes, dscalb.o(.text), UNUSED)

<P><STRONG><a name="[78]"></a>__aeabi_i2d</STRONG> (Thumb, 34 bytes, Stack size 16 bytes, dflti.o(.text))
<BR><BR>[Stack]<UL><LI>Max Depth = 72<LI>Call Chain = __aeabi_i2d &rArr; _double_epilogue &rArr; __aeabi_llsl
</UL>
<BR>[Calls]<UL><LI><a href="#[72]">&gt;&gt;</a>&nbsp;&nbsp;&nbsp;_double_epilogue
</UL>
<BR>[Called By]<UL><LI><a href="#[93]">&gt;&gt;</a>&nbsp;&nbsp;&nbsp;Attribute_Modified_CB
<LI><a href="#[98]">&gt;&gt;</a>&nbsp;&nbsp;&nbsp;pow
</UL>

<P><STRONG><a name="[79]"></a>__aeabi_ui2d</STRONG> (Thumb, 24 bytes, Stack size 16 bytes, dfltui.o(.text))
<BR><BR>[Stack]<UL><LI>Max Depth = 72<LI>Call Chain = __aeabi_ui2d &rArr; _double_epilogue &rArr; __aeabi_llsl
</UL>
<BR>[Calls]<UL><LI><a href="#[72]">&gt;&gt;</a>&nbsp;&nbsp;&nbsp;_double_epilogue
</UL>
<BR>[Called By]<UL><LI><a href="#[93]">&gt;&gt;</a>&nbsp;&nbsp;&nbsp;Attribute_Modified_CB
</UL>

<P><STRONG><a name="[1ed]"></a>__aeabi_f2uiz</STRONG> (Thumb, 40 bytes, Stack size 0 bytes, ffixui.o(.text))
<BR><BR>[Called By]<UL><LI><a href="#[9a]">&gt;&gt;</a>&nbsp;&nbsp;&nbsp;ch_no
</UL>

<P><STRONG><a name="[99]"></a>__aeabi_f2d</STRONG> (Thumb, 40 bytes, Stack size 0 bytes, f2d.o(.text))
<BR><BR>[Called By]<UL><LI><a href="#[93]">&gt;&gt;</a>&nbsp;&nbsp;&nbsp;Attribute_Modified_CB
</UL>

<P><STRONG><a name="[7a]"></a>__aeabi_d2f</STRONG> (Thumb, 56 bytes, Stack size 8 bytes, d2f.o(.text))
<BR><BR>[Stack]<UL><LI>Max Depth = 8<LI>Call Chain = __aeabi_d2f
</UL>
<BR>[Calls]<UL><LI><a href="#[6c]">&gt;&gt;</a>&nbsp;&nbsp;&nbsp;_float_round
</UL>
<BR>[Called By]<UL><LI><a href="#[93]">&gt;&gt;</a>&nbsp;&nbsp;&nbsp;Attribute_Modified_CB
</UL>

<P><STRONG><a name="[7b]"></a>__aeabi_uldivmod</STRONG> (Thumb, 96 bytes, Stack size 48 bytes, uldiv.o(.text), UNUSED)
<BR><BR>[Calls]<UL><LI><a href="#[70]">&gt;&gt;</a>&nbsp;&nbsp;&nbsp;__aeabi_llsl
<LI><a href="#[7c]">&gt;&gt;</a>&nbsp;&nbsp;&nbsp;__aeabi_llsr
</UL>
<BR>[Called By]<UL><LI><a href="#[189]">&gt;&gt;</a>&nbsp;&nbsp;&nbsp;_printf_core
</UL>

<P><STRONG><a name="[70]"></a>__aeabi_llsl</STRONG> (Thumb, 32 bytes, Stack size 8 bytes, llshl.o(.text))
<BR><BR>[Stack]<UL><LI>Max Depth = 8<LI>Call Chain = __aeabi_llsl
</UL>
<BR>[Called By]<UL><LI><a href="#[6f]">&gt;&gt;</a>&nbsp;&nbsp;&nbsp;__aeabi_dadd
<LI><a href="#[7b]">&gt;&gt;</a>&nbsp;&nbsp;&nbsp;__aeabi_uldivmod
<LI><a href="#[72]">&gt;&gt;</a>&nbsp;&nbsp;&nbsp;_double_epilogue
</UL>

<P><STRONG><a name="[24e]"></a>_ll_shift_l</STRONG> (Thumb, 0 bytes, Stack size 8 bytes, llshl.o(.text), UNUSED)

<P><STRONG><a name="[71]"></a>__aeabi_lasr</STRONG> (Thumb, 38 bytes, Stack size 8 bytes, llsshr.o(.text))
<BR><BR>[Stack]<UL><LI>Max Depth = 8<LI>Call Chain = __aeabi_lasr
</UL>
<BR>[Called By]<UL><LI><a href="#[6f]">&gt;&gt;</a>&nbsp;&nbsp;&nbsp;__aeabi_dadd
</UL>

<P><STRONG><a name="[24f]"></a>_ll_sshift_r</STRONG> (Thumb, 0 bytes, Stack size 8 bytes, llsshr.o(.text), UNUSED)

<P><STRONG><a name="[250]"></a>__I$use$fp</STRONG> (Thumb, 0 bytes, Stack size 0 bytes, iusefp.o(.text), UNUSED)

<P><STRONG><a name="[6c]"></a>_float_round</STRONG> (Thumb, 16 bytes, Stack size 0 bytes, fepilogue.o(.text))
<BR><BR>[Called By]<UL><LI><a href="#[6a]">&gt;&gt;</a>&nbsp;&nbsp;&nbsp;__aeabi_fadd
<LI><a href="#[7a]">&gt;&gt;</a>&nbsp;&nbsp;&nbsp;__aeabi_d2f
</UL>

<P><STRONG><a name="[6b]"></a>_float_epilogue</STRONG> (Thumb, 114 bytes, Stack size 12 bytes, fepilogue.o(.text))
<BR><BR>[Stack]<UL><LI>Max Depth = 12<LI>Call Chain = _float_epilogue
</UL>
<BR>[Called By]<UL><LI><a href="#[6a]">&gt;&gt;</a>&nbsp;&nbsp;&nbsp;__aeabi_fadd
</UL>

<P><STRONG><a name="[73]"></a>_double_round</STRONG> (Thumb, 26 bytes, Stack size 8 bytes, depilogue.o(.text))
<BR><BR>[Stack]<UL><LI>Max Depth = 8<LI>Call Chain = _double_round
</UL>
<BR>[Called By]<UL><LI><a href="#[77]">&gt;&gt;</a>&nbsp;&nbsp;&nbsp;__aeabi_ddiv
<LI><a href="#[6f]">&gt;&gt;</a>&nbsp;&nbsp;&nbsp;__aeabi_dadd
<LI><a href="#[7f]">&gt;&gt;</a>&nbsp;&nbsp;&nbsp;_dsqrt
<LI><a href="#[72]">&gt;&gt;</a>&nbsp;&nbsp;&nbsp;_double_epilogue
</UL>

<P><STRONG><a name="[72]"></a>_double_epilogue</STRONG> (Thumb, 164 bytes, Stack size 48 bytes, depilogue.o(.text))
<BR><BR>[Stack]<UL><LI>Max Depth = 56<LI>Call Chain = _double_epilogue &rArr; __aeabi_llsl
</UL>
<BR>[Calls]<UL><LI><a href="#[70]">&gt;&gt;</a>&nbsp;&nbsp;&nbsp;__aeabi_llsl
<LI><a href="#[73]">&gt;&gt;</a>&nbsp;&nbsp;&nbsp;_double_round
<LI><a href="#[7c]">&gt;&gt;</a>&nbsp;&nbsp;&nbsp;__aeabi_llsr
<LI><a href="#[7d]">&gt;&gt;</a>&nbsp;&nbsp;&nbsp;__ARM_clz
</UL>
<BR>[Called By]<UL><LI><a href="#[76]">&gt;&gt;</a>&nbsp;&nbsp;&nbsp;__aeabi_dmul
<LI><a href="#[6f]">&gt;&gt;</a>&nbsp;&nbsp;&nbsp;__aeabi_dadd
<LI><a href="#[79]">&gt;&gt;</a>&nbsp;&nbsp;&nbsp;__aeabi_ui2d
<LI><a href="#[78]">&gt;&gt;</a>&nbsp;&nbsp;&nbsp;__aeabi_i2d
</UL>

<P><STRONG><a name="[225]"></a>__aeabi_cdrcmple</STRONG> (Thumb, 38 bytes, Stack size 0 bytes, cdrcmple.o(.text))
<BR><BR>[Called By]<UL><LI><a href="#[98]">&gt;&gt;</a>&nbsp;&nbsp;&nbsp;pow
</UL>

<P><STRONG><a name="[66]"></a>__scatterload</STRONG> (Thumb, 28 bytes, Stack size 0 bytes, init.o(.text))
<BR><BR>[Calls]<UL><LI><a href="#[7e]">&gt;&gt;</a>&nbsp;&nbsp;&nbsp;__main_after_scatterload
</UL>
<BR>[Called By]<UL><LI><a href="#[65]">&gt;&gt;</a>&nbsp;&nbsp;&nbsp;_main_scatterload
</UL>

<P><STRONG><a name="[251]"></a>__scatterload_rt2</STRONG> (Thumb, 0 bytes, Stack size 0 bytes, init.o(.text), UNUSED)

<P><STRONG><a name="[7c]"></a>__aeabi_llsr</STRONG> (Thumb, 34 bytes, Stack size 8 bytes, llushr.o(.text))
<BR><BR>[Stack]<UL><LI>Max Depth = 8<LI>Call Chain = __aeabi_llsr
</UL>
<BR>[Called By]<UL><LI><a href="#[7b]">&gt;&gt;</a>&nbsp;&nbsp;&nbsp;__aeabi_uldivmod
<LI><a href="#[7f]">&gt;&gt;</a>&nbsp;&nbsp;&nbsp;_dsqrt
<LI><a href="#[72]">&gt;&gt;</a>&nbsp;&nbsp;&nbsp;_double_epilogue
</UL>

<P><STRONG><a name="[252]"></a>_ll_ushift_r</STRONG> (Thumb, 0 bytes, Stack size 8 bytes, llushr.o(.text), UNUSED)

<P><STRONG><a name="[7f]"></a>_dsqrt</STRONG> (Thumb, 162 bytes, Stack size 32 bytes, dsqrt.o(.text))
<BR><BR>[Stack]<UL><LI>Max Depth = 40<LI>Call Chain = _dsqrt &rArr; _double_round
</UL>
<BR>[Calls]<UL><LI><a href="#[73]">&gt;&gt;</a>&nbsp;&nbsp;&nbsp;_double_round
<LI><a href="#[7c]">&gt;&gt;</a>&nbsp;&nbsp;&nbsp;__aeabi_llsr
</UL>
<BR>[Called By]<UL><LI><a href="#[224]">&gt;&gt;</a>&nbsp;&nbsp;&nbsp;sqrt
</UL>

<P><STRONG><a name="[253]"></a>__decompress</STRONG> (Thumb, 0 bytes, Stack size unknown bytes, __dczerorl2.o(.text), UNUSED)

<P><STRONG><a name="[254]"></a>__decompress1</STRONG> (Thumb, 86 bytes, Stack size unknown bytes, __dczerorl2.o(.text), UNUSED)

<P><STRONG><a name="[11]"></a>ADC_Handler</STRONG> (Thumb, 2 bytes, Stack size 0 bytes, system_bluenrg1.o(i.ADC_Handler))
<BR>[Address Reference Count : 1]<UL><LI> system_bluenrg1.o(.intvec)
</UL>
<P><STRONG><a name="[80]"></a>ATT_fill_error_resp</STRONG> (Thumb, 38 bytes, Stack size unknown bytes, att.o(i.ATT_fill_error_resp))
<BR><BR>[Stack]<UL><LI>Max Depth = 16 + Unknown Stack Size
<LI>Call Chain = ATT_fill_error_resp &rArr; Osal_MemCpy &rArr; memcpy
</UL>
<BR>[Calls]<UL><LI><a href="#[81]">&gt;&gt;</a>&nbsp;&nbsp;&nbsp;Osal_MemCpy
</UL>
<BR>[Called By]<UL><LI><a href="#[f2]">&gt;&gt;</a>&nbsp;&nbsp;&nbsp;Gatt_Server_L2C_Handler
</UL>

<P><STRONG><a name="[a7]"></a>Acl_Init</STRONG> (Thumb, 26 bytes, Stack size unknown bytes, acl.o(i.Acl_Init))
<BR><BR>[Called By]<UL><LI><a href="#[a3]">&gt;&gt;</a>&nbsp;&nbsp;&nbsp;BlueNRG_Stack_Initialize_Layers
</UL>

<P><STRONG><a name="[82]"></a>Acl_Rcv_Pkt_Handler</STRONG> (Thumb, 54 bytes, Stack size unknown bytes, acl.o(i.Acl_Rcv_Pkt_Handler))
<BR><BR>[Calls]<UL><LI><a href="#[83]">&gt;&gt;</a>&nbsp;&nbsp;&nbsp;aci_event_fifo_push_header
<LI><a href="#[84]">&gt;&gt;</a>&nbsp;&nbsp;&nbsp;aci_event_fifo_push
</UL>
<BR>[Called By]<UL><LI><a href="#[14f]">&gt;&gt;</a>&nbsp;&nbsp;&nbsp;isr_event_handler
</UL>

<P><STRONG><a name="[85]"></a>Acl_Transmit_Data</STRONG> (Thumb, 94 bytes, Stack size unknown bytes, acl.o(i.Acl_Transmit_Data))
<BR><BR>[Stack]<UL><LI>Max Depth = 16 + Unknown Stack Size
<LI>Call Chain = Acl_Transmit_Data &rArr; advance_wakeup_timer &rArr; cancel_master &rArr; isr_event_handler &rArr; Osal_MemCpy &rArr; memcpy
</UL>
<BR>[Calls]<UL><LI><a href="#[88]">&gt;&gt;</a>&nbsp;&nbsp;&nbsp;is_slave
<LI><a href="#[86]">&gt;&gt;</a>&nbsp;&nbsp;&nbsp;LL_Send_ACL_Data
<LI><a href="#[89]">&gt;&gt;</a>&nbsp;&nbsp;&nbsp;slave_advance
<LI><a href="#[8a]">&gt;&gt;</a>&nbsp;&nbsp;&nbsp;advance_wakeup_timer
<LI><a href="#[87]">&gt;&gt;</a>&nbsp;&nbsp;&nbsp;get_connection_no
</UL>
<BR>[Called By]<UL><LI><a href="#[e3]">&gt;&gt;</a>&nbsp;&nbsp;&nbsp;L2C_Send_Data
</UL>

<P><STRONG><a name="[8b]"></a>Acl_Tx_Cmpl_Pkt_Handler</STRONG> (Thumb, 62 bytes, Stack size unknown bytes, acl.o(i.Acl_Tx_Cmpl_Pkt_Handler))
<BR><BR>[Calls]<UL><LI><a href="#[83]">&gt;&gt;</a>&nbsp;&nbsp;&nbsp;aci_event_fifo_push_header
<LI><a href="#[84]">&gt;&gt;</a>&nbsp;&nbsp;&nbsp;aci_event_fifo_push
</UL>
<BR>[Called By]<UL><LI><a href="#[14f]">&gt;&gt;</a>&nbsp;&nbsp;&nbsp;isr_event_handler
</UL>

<P><STRONG><a name="[8c]"></a>Add_Service</STRONG> (Thumb, 176 bytes, Stack size 96 bytes, gatt_db.o(i.Add_Service))
<BR><BR>[Stack]<UL><LI>Max Depth = 120 + Unknown Stack Size
<LI>Call Chain = Add_Service &rArr; __2printf
</UL>
<BR>[Calls]<UL><LI><a href="#[81]">&gt;&gt;</a>&nbsp;&nbsp;&nbsp;Osal_MemCpy
<LI><a href="#[8d]">&gt;&gt;</a>&nbsp;&nbsp;&nbsp;aci_gatt_add_service
<LI><a href="#[8e]">&gt;&gt;</a>&nbsp;&nbsp;&nbsp;aci_gatt_add_char
<LI><a href="#[8f]">&gt;&gt;</a>&nbsp;&nbsp;&nbsp;__2printf
</UL>
<BR>[Called By]<UL><LI><a href="#[1b]">&gt;&gt;</a>&nbsp;&nbsp;&nbsp;main
</UL>

<P><STRONG><a name="[90]"></a>Att_Check_Perms</STRONG> (Thumb, 80 bytes, Stack size unknown bytes, att.o(i.Att_Check_Perms))
<BR><BR>[Calls]<UL><LI><a href="#[91]">&gt;&gt;</a>&nbsp;&nbsp;&nbsp;SMP_get_remote_device_list_item
<LI><a href="#[92]">&gt;&gt;</a>&nbsp;&nbsp;&nbsp;Check_Permission
</UL>
<BR>[Called By]<UL><LI><a href="#[fb]">&gt;&gt;</a>&nbsp;&nbsp;&nbsp;Gatt_Update_Charac_Value_Ext
</UL>

<P><STRONG><a name="[93]"></a>Attribute_Modified_CB</STRONG> (Thumb, 588 bytes, Stack size 48 bytes, gatt_db.o(i.Attribute_Modified_CB))
<BR><BR>[Stack]<UL><LI>Max Depth = 328<LI>Call Chain = Attribute_Modified_CB &rArr; pow &rArr; __kernel_poly &rArr; __aeabi_dmul &rArr; _double_epilogue &rArr; __aeabi_llsl
</UL>
<BR>[Calls]<UL><LI><a href="#[99]">&gt;&gt;</a>&nbsp;&nbsp;&nbsp;__aeabi_f2d
<LI><a href="#[76]">&gt;&gt;</a>&nbsp;&nbsp;&nbsp;__aeabi_dmul
<LI><a href="#[6f]">&gt;&gt;</a>&nbsp;&nbsp;&nbsp;__aeabi_dadd
<LI><a href="#[7a]">&gt;&gt;</a>&nbsp;&nbsp;&nbsp;__aeabi_d2f
<LI><a href="#[79]">&gt;&gt;</a>&nbsp;&nbsp;&nbsp;__aeabi_ui2d
<LI><a href="#[78]">&gt;&gt;</a>&nbsp;&nbsp;&nbsp;__aeabi_i2d
<LI><a href="#[96]">&gt;&gt;</a>&nbsp;&nbsp;&nbsp;FromHex
<LI><a href="#[97]">&gt;&gt;</a>&nbsp;&nbsp;&nbsp;spiWriteRegister
<LI><a href="#[9b]">&gt;&gt;</a>&nbsp;&nbsp;&nbsp;setChannel
<LI><a href="#[9a]">&gt;&gt;</a>&nbsp;&nbsp;&nbsp;ch_no
<LI><a href="#[98]">&gt;&gt;</a>&nbsp;&nbsp;&nbsp;pow
<LI><a href="#[94]">&gt;&gt;</a>&nbsp;&nbsp;&nbsp;malloc
<LI><a href="#[9c]">&gt;&gt;</a>&nbsp;&nbsp;&nbsp;free
<LI><a href="#[95]">&gt;&gt;</a>&nbsp;&nbsp;&nbsp;strcmp
<LI><a href="#[67]">&gt;&gt;</a>&nbsp;&nbsp;&nbsp;__aeabi_memclr
</UL>
<BR>[Called By]<UL><LI><a href="#[199]">&gt;&gt;</a>&nbsp;&nbsp;&nbsp;aci_gatt_attribute_modified_event
</UL>

<P><STRONG><a name="[9d]"></a>BLEPLAT_get_part_info</STRONG> (Thumb, 32 bytes, Stack size 28 bytes, miscutil.o(i.BLEPLAT_get_part_info))
<BR><BR>[Stack]<UL><LI>Max Depth = 40<LI>Call Chain = BLEPLAT_get_part_info &rArr; HAL_GetPartInfo
</UL>
<BR>[Calls]<UL><LI><a href="#[9e]">&gt;&gt;</a>&nbsp;&nbsp;&nbsp;HAL_GetPartInfo
</UL>
<BR>[Called By]<UL><LI><a href="#[a2]">&gt;&gt;</a>&nbsp;&nbsp;&nbsp;BlueNRG_Stack_Initialize_ConfigData
</UL>

<P><STRONG><a name="[bf]"></a>BOR_ConfigSave</STRONG> (Thumb, 54 bytes, Stack size 16 bytes, system_bluenrg1.o(i.BOR_ConfigSave))
<BR><BR>[Stack]<UL><LI>Max Depth = 16<LI>Call Chain = BOR_ConfigSave
</UL>
<BR>[Called By]<UL><LI><a href="#[bd]">&gt;&gt;</a>&nbsp;&nbsp;&nbsp;DeviceConfiguration
</UL>

<P><STRONG><a name="[9f]"></a>BlueNRG_Stack_Initialization</STRONG> (Thumb, 62 bytes, Stack size unknown bytes, bluenrg_main_func.o(i.BlueNRG_Stack_Initialization))
<BR><BR>[Stack]<UL><LI>Max Depth = 40 + Unknown Stack Size
<LI>Call Chain = BlueNRG_Stack_Initialization &rArr; _BlueNRG_Stack_Initialization &rArr; BlueNRG_Stack_Initialize_ConfigData &rArr; BLEPLAT_get_part_info &rArr; HAL_GetPartInfo
</UL>
<BR>[Calls]<UL><LI><a href="#[81]">&gt;&gt;</a>&nbsp;&nbsp;&nbsp;Osal_MemCpy
<LI><a href="#[a1]">&gt;&gt;</a>&nbsp;&nbsp;&nbsp;_BlueNRG_Stack_Initialization
<LI><a href="#[a0]">&gt;&gt;</a>&nbsp;&nbsp;&nbsp;BlueNRG_Stack_Initialize_RAM_check
</UL>
<BR>[Called By]<UL><LI><a href="#[1b]">&gt;&gt;</a>&nbsp;&nbsp;&nbsp;main
</UL>

<P><STRONG><a name="[f]"></a>Blue_Handler</STRONG> (Thumb, 8 bytes, Stack size 8 bytes, bluenrg1_it.o(i.Blue_Handler))
<BR><BR>[Stack]<UL><LI>Max Depth = 24 + Unknown Stack Size
<LI>Call Chain = Blue_Handler &rArr; RAL_Isr &rArr; isr_event_handler &rArr; Osal_MemCpy &rArr; memcpy
</UL>
<BR>[Calls]<UL><LI><a href="#[b5]">&gt;&gt;</a>&nbsp;&nbsp;&nbsp;RAL_Isr
</UL>
<BR>[Address Reference Count : 1]<UL><LI> system_bluenrg1.o(.intvec)
</UL>
<P><STRONG><a name="[b6]"></a>Blue_Init_Global</STRONG> (Thumb, 144 bytes, Stack size unknown bytes, routines_support.o(i.Blue_Init_Global))
<BR><BR>[Calls]<UL><LI><a href="#[b7]">&gt;&gt;</a>&nbsp;&nbsp;&nbsp;Blue_Set_Radio_Config_Data
</UL>
<BR>[Called By]<UL><LI><a href="#[a5]">&gt;&gt;</a>&nbsp;&nbsp;&nbsp;LL_Init
</UL>

<P><STRONG><a name="[b7]"></a>Blue_Set_Radio_Config_Data</STRONG> (Thumb, 28 bytes, Stack size unknown bytes, rom_ll_routines_support.o(i.Blue_Set_Radio_Config_Data))
<BR><BR>[Calls]<UL><LI><a href="#[b8]">&gt;&gt;</a>&nbsp;&nbsp;&nbsp;char_copy
</UL>
<BR>[Called By]<UL><LI><a href="#[b6]">&gt;&gt;</a>&nbsp;&nbsp;&nbsp;Blue_Init_Global
</UL>

<P><STRONG><a name="[b9]"></a>Build_Notif_Or_Ind</STRONG> (Thumb, 62 bytes, Stack size unknown bytes, gatt_server.o(i.Build_Notif_Or_Ind))
<BR><BR>[Stack]<UL><LI>Max Depth = 16 + Unknown Stack Size
<LI>Call Chain = Build_Notif_Or_Ind &rArr; Osal_MemCpy &rArr; memcpy
</UL>
<BR>[Calls]<UL><LI><a href="#[81]">&gt;&gt;</a>&nbsp;&nbsp;&nbsp;Osal_MemCpy
<LI><a href="#[ba]">&gt;&gt;</a>&nbsp;&nbsp;&nbsp;PM_Write_Pckt_Data
</UL>
<BR>[Called By]<UL><LI><a href="#[fb]">&gt;&gt;</a>&nbsp;&nbsp;&nbsp;Gatt_Update_Charac_Value_Ext
</UL>

<P><STRONG><a name="[ec]"></a>Check_Encry_Key_Size</STRONG> (Thumb, 24 bytes, Stack size unknown bytes, rom_gatt_server.o(i.Check_Encry_Key_Size))
<BR><BR>[Called By]<UL><LI><a href="#[d7]">&gt;&gt;</a>&nbsp;&nbsp;&nbsp;Gatt_Add_Characteristic
<LI><a href="#[e9]">&gt;&gt;</a>&nbsp;&nbsp;&nbsp;Gatt_Add_Descriptor
</UL>

<P><STRONG><a name="[92]"></a>Check_Permission</STRONG> (Thumb, 160 bytes, Stack size unknown bytes, att.o(i.Check_Permission))
<BR><BR>[Calls]<UL><LI><a href="#[bb]">&gt;&gt;</a>&nbsp;&nbsp;&nbsp;SMP_get_link_status
<LI><a href="#[bc]">&gt;&gt;</a>&nbsp;&nbsp;&nbsp;SMP_check_encryption_key_size
</UL>
<BR>[Called By]<UL><LI><a href="#[90]">&gt;&gt;</a>&nbsp;&nbsp;&nbsp;Att_Check_Perms
</UL>

<P><STRONG><a name="[1a]"></a>DMA_Handler</STRONG> (Thumb, 2 bytes, Stack size 0 bytes, system_bluenrg1.o(i.DMA_Handler))
<BR>[Address Reference Count : 1]<UL><LI> system_bluenrg1.o(.intvec)
</UL>
<P><STRONG><a name="[20c]"></a>Data_Length_Update_Control_ISR_ucfg</STRONG> (Thumb, 4 bytes, Stack size unknown bytes, ll_isr.o(i.Data_Length_Update_Control_ISR_ucfg))
<BR><BR>[Called By]<UL><LI><a href="#[2]">&gt;&gt;</a>&nbsp;&nbsp;&nbsp;isr_connect_slave_state
</UL>

<P><STRONG><a name="[22a]"></a>Delay_With_NOP_Cycles</STRONG> (Thumb, 14 bytes, Stack size unknown bytes, utils.o(i.Delay_With_NOP_Cycles))
<BR><BR>[Called By]<UL><LI><a href="#[157]">&gt;&gt;</a>&nbsp;&nbsp;&nbsp;sdb_write_record
</UL>

<P><STRONG><a name="[bd]"></a>DeviceConfiguration</STRONG> (Thumb, 298 bytes, Stack size 72 bytes, system_bluenrg1.o(i.DeviceConfiguration))
<BR><BR>[Stack]<UL><LI>Max Depth = 88<LI>Call Chain = DeviceConfiguration &rArr; BOR_ConfigSave
</UL>
<BR>[Calls]<UL><LI><a href="#[9e]">&gt;&gt;</a>&nbsp;&nbsp;&nbsp;HAL_GetPartInfo
<LI><a href="#[c0]">&gt;&gt;</a>&nbsp;&nbsp;&nbsp;Set_RF_FrontEnd
<LI><a href="#[bf]">&gt;&gt;</a>&nbsp;&nbsp;&nbsp;BOR_ConfigSave
<LI><a href="#[be]">&gt;&gt;</a>&nbsp;&nbsp;&nbsp;__aeabi_memcpy4
</UL>
<BR>[Called By]<UL><LI><a href="#[178]">&gt;&gt;</a>&nbsp;&nbsp;&nbsp;SystemInit
</UL>

<P><STRONG><a name="[c1]"></a>Device_Init</STRONG> (Thumb, 88 bytes, Stack size 24 bytes, ble_beacon_main.o(i.Device_Init))
<BR><BR>[Stack]<UL><LI>Max Depth = 48 + Unknown Stack Size
<LI>Call Chain = Device_Init &rArr; __2printf
</UL>
<BR>[Calls]<UL><LI><a href="#[c2]">&gt;&gt;</a>&nbsp;&nbsp;&nbsp;aci_hal_set_tx_power_level
<LI><a href="#[c3]">&gt;&gt;</a>&nbsp;&nbsp;&nbsp;aci_gatt_init
<LI><a href="#[c4]">&gt;&gt;</a>&nbsp;&nbsp;&nbsp;aci_gap_init
<LI><a href="#[8f]">&gt;&gt;</a>&nbsp;&nbsp;&nbsp;__2printf
</UL>
<BR>[Called By]<UL><LI><a href="#[1b]">&gt;&gt;</a>&nbsp;&nbsp;&nbsp;main
</UL>

<P><STRONG><a name="[af]"></a>Dynamic_allocator</STRONG> (Thumb, 598 bytes, Stack size unknown bytes, mem_alloc.o(i.Dynamic_allocator))
<BR><BR>[Calls]<UL><LI><a href="#[c5]">&gt;&gt;</a>&nbsp;&nbsp;&nbsp;Mem_assign
</UL>
<BR>[Called By]<UL><LI><a href="#[a1]">&gt;&gt;</a>&nbsp;&nbsp;&nbsp;_BlueNRG_Stack_Initialization
<LI><a href="#[a0]">&gt;&gt;</a>&nbsp;&nbsp;&nbsp;BlueNRG_Stack_Initialize_RAM_check
</UL>

<P><STRONG><a name="[b0]"></a>Dynamic_allocator_noRet</STRONG> (Thumb, 2 bytes, Stack size unknown bytes, mem_alloc.o(i.Dynamic_allocator_noRet))
<BR><BR>[Called By]<UL><LI><a href="#[a1]">&gt;&gt;</a>&nbsp;&nbsp;&nbsp;_BlueNRG_Stack_Initialization
<LI><a href="#[a0]">&gt;&gt;</a>&nbsp;&nbsp;&nbsp;BlueNRG_Stack_Initialize_RAM_check
</UL>

<P><STRONG><a name="[ad]"></a>Events_Process_init</STRONG> (Thumb, 72 bytes, Stack size unknown bytes, aci_events.o(i.Events_Process_init))
<BR><BR>[Stack]<UL><LI>Max Depth = 16 + Unknown Stack Size
<LI>Call Chain = Events_Process_init &rArr; Osal_MemSet &rArr; memset
</UL>
<BR>[Calls]<UL><LI><a href="#[ca]">&gt;&gt;</a>&nbsp;&nbsp;&nbsp;Osal_MemSet
<LI><a href="#[c8]">&gt;&gt;</a>&nbsp;&nbsp;&nbsp;hal_radio_activity_state_init
<LI><a href="#[c9]">&gt;&gt;</a>&nbsp;&nbsp;&nbsp;fifoCtrl_init
</UL>
<BR>[Called By]<UL><LI><a href="#[a3]">&gt;&gt;</a>&nbsp;&nbsp;&nbsp;BlueNRG_Stack_Initialize_Layers
</UL>

<P><STRONG><a name="[c7]"></a>FLASH_ErasePage</STRONG> (Thumb, 34 bytes, Stack size 4 bytes, bluenrg1_flash.o(i.FLASH_ErasePage))
<BR><BR>[Stack]<UL><LI>Max Depth = 4<LI>Call Chain = FLASH_ErasePage
</UL>
<BR>[Calls]<UL><LI><a href="#[cb]">&gt;&gt;</a>&nbsp;&nbsp;&nbsp;FLASH_WaitCmdDone
</UL>
<BR>[Called By]<UL><LI><a href="#[1dc]">&gt;&gt;</a>&nbsp;&nbsp;&nbsp;hci_disconnection_complete_event
<LI><a href="#[155]">&gt;&gt;</a>&nbsp;&nbsp;&nbsp;sdb_delete
<LI><a href="#[c6]">&gt;&gt;</a>&nbsp;&nbsp;&nbsp;Erase_Sector
</UL>

<P><STRONG><a name="[23a]"></a>FLASH_GetFlagStatus</STRONG> (Thumb, 16 bytes, Stack size 0 bytes, bluenrg1_flash.o(i.FLASH_GetFlagStatus))
<BR><BR>[Called By]<UL><LI><a href="#[1f2]">&gt;&gt;</a>&nbsp;&nbsp;&nbsp;write_flash
</UL>

<P><STRONG><a name="[cc]"></a>FLASH_ProgramWord</STRONG> (Thumb, 38 bytes, Stack size 4 bytes, bluenrg1_flash.o(i.FLASH_ProgramWord))
<BR><BR>[Stack]<UL><LI>Max Depth = 4<LI>Call Chain = FLASH_ProgramWord
</UL>
<BR>[Calls]<UL><LI><a href="#[cb]">&gt;&gt;</a>&nbsp;&nbsp;&nbsp;FLASH_WaitCmdDone
</UL>
<BR>[Called By]<UL><LI><a href="#[100]">&gt;&gt;</a>&nbsp;&nbsp;&nbsp;HAL_Flash_Store_Data
<LI><a href="#[1f2]">&gt;&gt;</a>&nbsp;&nbsp;&nbsp;write_flash
<LI><a href="#[1dc]">&gt;&gt;</a>&nbsp;&nbsp;&nbsp;hci_disconnection_complete_event
<LI><a href="#[1f0]">&gt;&gt;</a>&nbsp;&nbsp;&nbsp;flash_check
<LI><a href="#[d2]">&gt;&gt;</a>&nbsp;&nbsp;&nbsp;IDD_Initialize_Device_IDs
<LI><a href="#[156]">&gt;&gt;</a>&nbsp;&nbsp;&nbsp;sdb_invalidate_record
<LI><a href="#[cd]">&gt;&gt;</a>&nbsp;&nbsp;&nbsp;Flash_Write_Flagged
</UL>

<P><STRONG><a name="[1f4]"></a>FLASH_ReadByte</STRONG> (Thumb, 4 bytes, Stack size 0 bytes, bluenrg1_flash.o(i.FLASH_ReadByte))
<BR><BR>[Called By]<UL><LI><a href="#[1f3]">&gt;&gt;</a>&nbsp;&nbsp;&nbsp;flash_data_read
</UL>

<P><STRONG><a name="[1f1]"></a>FLASH_ReadWord</STRONG> (Thumb, 4 bytes, Stack size 0 bytes, bluenrg1_flash.o(i.FLASH_ReadWord))
<BR><BR>[Called By]<UL><LI><a href="#[1f3]">&gt;&gt;</a>&nbsp;&nbsp;&nbsp;flash_data_read
<LI><a href="#[1f0]">&gt;&gt;</a>&nbsp;&nbsp;&nbsp;flash_check
</UL>

<P><STRONG><a name="[cb]"></a>FLASH_WaitCmdDone</STRONG> (Thumb, 10 bytes, Stack size 0 bytes, bluenrg1_flash.o(i.FLASH_WaitCmdDone))
<BR><BR>[Called By]<UL><LI><a href="#[cc]">&gt;&gt;</a>&nbsp;&nbsp;&nbsp;FLASH_ProgramWord
<LI><a href="#[c7]">&gt;&gt;</a>&nbsp;&nbsp;&nbsp;FLASH_ErasePage
</UL>

<P><STRONG><a name="[f3]"></a>Find_Gatt_Client</STRONG> (Thumb, 56 bytes, Stack size unknown bytes, gatt_client.o(i.Find_Gatt_Client))
<BR><BR>[Called By]<UL><LI><a href="#[fa]">&gt;&gt;</a>&nbsp;&nbsp;&nbsp;Gatt_Server_L2C_Handler_ISR
<LI><a href="#[f2]">&gt;&gt;</a>&nbsp;&nbsp;&nbsp;Gatt_Server_L2C_Handler
</UL>

<P><STRONG><a name="[cd]"></a>Flash_Write_Flagged</STRONG> (Thumb, 50 bytes, Stack size unknown bytes, nvm.o(i.Flash_Write_Flagged))
<BR><BR>[Stack]<UL><LI>Max Depth = 4 + Unknown Stack Size
<LI>Call Chain = Flash_Write_Flagged &rArr; FLASH_ProgramWord
</UL>
<BR>[Calls]<UL><LI><a href="#[cc]">&gt;&gt;</a>&nbsp;&nbsp;&nbsp;FLASH_ProgramWord
</UL>
<BR>[Called By]<UL><LI><a href="#[157]">&gt;&gt;</a>&nbsp;&nbsp;&nbsp;sdb_write_record
<LI><a href="#[17e]">&gt;&gt;</a>&nbsp;&nbsp;&nbsp;Write_Client_Data
</UL>

<P><STRONG><a name="[96]"></a>FromHex</STRONG> (Thumb, 146 bytes, Stack size 4 bytes, gatt_db.o(i.FromHex))
<BR><BR>[Stack]<UL><LI>Max Depth = 12<LI>Call Chain = FromHex &rArr; __ARM_common_switch8
</UL>
<BR>[Calls]<UL><LI><a href="#[ce]">&gt;&gt;</a>&nbsp;&nbsp;&nbsp;__ARM_common_switch8
</UL>
<BR>[Called By]<UL><LI><a href="#[93]">&gt;&gt;</a>&nbsp;&nbsp;&nbsp;Attribute_Modified_CB
</UL>

<P><STRONG><a name="[cf]"></a>GAP_Connection_Complete_Handler</STRONG> (Thumb, 100 bytes, Stack size unknown bytes, gap.o(i.GAP_Connection_Complete_Handler))
<BR><BR>[Stack]<UL><LI>Max Depth = 16 + Unknown Stack Size
<LI>Call Chain = GAP_Connection_Complete_Handler &rArr; aci_gap_proc_complete_event_push &rArr; Osal_MemCpy &rArr; memcpy
</UL>
<BR>[Calls]<UL><LI><a href="#[d0]">&gt;&gt;</a>&nbsp;&nbsp;&nbsp;aci_gap_proc_complete_event_push
</UL>
<BR>[Called By]<UL><LI><a href="#[d9]">&gt;&gt;</a>&nbsp;&nbsp;&nbsp;GAP_LL_Event_Handler_ISR
</UL>

<P><STRONG><a name="[d1]"></a>GAP_Init</STRONG> (Thumb, 488 bytes, Stack size unknown bytes, gap.o(i.GAP_Init))
<BR><BR>[Stack]<UL><LI>Max Depth = 16 + Unknown Stack Size
<LI>Call Chain = GAP_Init &rArr; Osal_MemCpy &rArr; memcpy
</UL>
<BR>[Calls]<UL><LI><a href="#[81]">&gt;&gt;</a>&nbsp;&nbsp;&nbsp;Osal_MemCpy
<LI><a href="#[d8]">&gt;&gt;</a>&nbsp;&nbsp;&nbsp;Gatt_Update_Charac_Value
<LI><a href="#[d6]">&gt;&gt;</a>&nbsp;&nbsp;&nbsp;Gatt_Add_Service
<LI><a href="#[d7]">&gt;&gt;</a>&nbsp;&nbsp;&nbsp;Gatt_Add_Characteristic
<LI><a href="#[d5]">&gt;&gt;</a>&nbsp;&nbsp;&nbsp;GAP_enable_controller_privacy_ucfg
<LI><a href="#[d4]">&gt;&gt;</a>&nbsp;&nbsp;&nbsp;GAP_check_and_set_role_ucfg
<LI><a href="#[d2]">&gt;&gt;</a>&nbsp;&nbsp;&nbsp;IDD_Initialize_Device_IDs
<LI><a href="#[d3]">&gt;&gt;</a>&nbsp;&nbsp;&nbsp;Get_StaticRandAddr
</UL>
<BR>[Called By]<UL><LI><a href="#[c4]">&gt;&gt;</a>&nbsp;&nbsp;&nbsp;aci_gap_init
</UL>

<P><STRONG><a name="[aa]"></a>GAP_Init_Context</STRONG> (Thumb, 14 bytes, Stack size unknown bytes, gap.o(i.GAP_Init_Context))
<BR><BR>[Called By]<UL><LI><a href="#[a3]">&gt;&gt;</a>&nbsp;&nbsp;&nbsp;BlueNRG_Stack_Initialize_Layers
</UL>

<P><STRONG><a name="[d9]"></a>GAP_LL_Event_Handler_ISR</STRONG> (Thumb, 98 bytes, Stack size unknown bytes, gap.o(i.GAP_LL_Event_Handler_ISR))
<BR><BR>[Stack]<UL><LI>Max Depth = 16 + Unknown Stack Size
<LI>Call Chain = GAP_LL_Event_Handler_ISR &rArr; GAP_Connection_Complete_Handler &rArr; aci_gap_proc_complete_event_push &rArr; Osal_MemCpy &rArr; memcpy
</UL>
<BR>[Calls]<UL><LI><a href="#[cf]">&gt;&gt;</a>&nbsp;&nbsp;&nbsp;GAP_Connection_Complete_Handler
<LI><a href="#[da]">&gt;&gt;</a>&nbsp;&nbsp;&nbsp;_GAP_Parse_Advertising_Report
</UL>
<BR>[Called By]<UL><LI><a href="#[62]">&gt;&gt;</a>&nbsp;&nbsp;&nbsp;int_cb_hci_le_enhanced_connection_complete_event
<LI><a href="#[63]">&gt;&gt;</a>&nbsp;&nbsp;&nbsp;int_cb_hci_le_direct_advertising_report_event
<LI><a href="#[5c]">&gt;&gt;</a>&nbsp;&nbsp;&nbsp;int_cb_hci_le_connection_complete_event
<LI><a href="#[5e]">&gt;&gt;</a>&nbsp;&nbsp;&nbsp;int_cb_hci_le_advertising_report_event
<LI><a href="#[59]">&gt;&gt;</a>&nbsp;&nbsp;&nbsp;int_cb_hci_disconnection_complete_event
</UL>

<P><STRONG><a name="[db]"></a>GAP_Notify_Add_Charac</STRONG> (Thumb, 106 bytes, Stack size unknown bytes, rom_gap_rom.o(i.GAP_Notify_Add_Charac))
<BR><BR>[Calls]<UL><LI><a href="#[dd]">&gt;&gt;</a>&nbsp;&nbsp;&nbsp;SDB_Get_Number_Of_Valid_Records
<LI><a href="#[dc]">&gt;&gt;</a>&nbsp;&nbsp;&nbsp;GATT_Num_Charac_Present
</UL>
<BR>[Called By]<UL><LI><a href="#[d7]">&gt;&gt;</a>&nbsp;&nbsp;&nbsp;Gatt_Add_Characteristic
</UL>

<P><STRONG><a name="[d4]"></a>GAP_check_and_set_role_ucfg</STRONG> (Thumb, 28 bytes, Stack size unknown bytes, gap.o(i.GAP_check_and_set_role_ucfg))
<BR><BR>[Called By]<UL><LI><a href="#[d1]">&gt;&gt;</a>&nbsp;&nbsp;&nbsp;GAP_Init
</UL>

<P><STRONG><a name="[d5]"></a>GAP_enable_controller_privacy_ucfg</STRONG> (Thumb, 4 bytes, Stack size unknown bytes, gap.o(i.GAP_enable_controller_privacy_ucfg))
<BR><BR>[Called By]<UL><LI><a href="#[d1]">&gt;&gt;</a>&nbsp;&nbsp;&nbsp;GAP_Init
</UL>

<P><STRONG><a name="[de]"></a>GATT_Connection_Complete_Handler</STRONG> (Thumb, 64 bytes, Stack size unknown bytes, gatt_server.o(i.GATT_Connection_Complete_Handler))
<BR><BR>[Calls]<UL><LI><a href="#[df]">&gt;&gt;</a>&nbsp;&nbsp;&nbsp;GATT_Server_Set_Flag
</UL>
<BR>[Called By]<UL><LI><a href="#[fa]">&gt;&gt;</a>&nbsp;&nbsp;&nbsp;Gatt_Server_L2C_Handler_ISR
</UL>

<P><STRONG><a name="[dc]"></a>GATT_Num_Charac_Present</STRONG> (Thumb, 58 bytes, Stack size unknown bytes, rom_gatt_server.o(i.GATT_Num_Charac_Present))
<BR><BR>[Calls]<UL><LI><a href="#[e0]">&gt;&gt;</a>&nbsp;&nbsp;&nbsp;Get_GAP_Handle
<LI><a href="#[e1]">&gt;&gt;</a>&nbsp;&nbsp;&nbsp;Gatt_search_service_handle
</UL>
<BR>[Called By]<UL><LI><a href="#[db]">&gt;&gt;</a>&nbsp;&nbsp;&nbsp;GAP_Notify_Add_Charac
</UL>

<P><STRONG><a name="[e2]"></a>GATT_Send_Packet</STRONG> (Thumb, 36 bytes, Stack size unknown bytes, gatt_server.o(i.GATT_Send_Packet))
<BR><BR>[Stack]<UL><LI>Max Depth = 16 + Unknown Stack Size
<LI>Call Chain = GATT_Send_Packet &rArr; L2C_Send_Data &rArr; Acl_Transmit_Data &rArr; advance_wakeup_timer &rArr; cancel_master &rArr; isr_event_handler &rArr; Osal_MemCpy &rArr; memcpy
</UL>
<BR>[Calls]<UL><LI><a href="#[e3]">&gt;&gt;</a>&nbsp;&nbsp;&nbsp;L2C_Send_Data
<LI><a href="#[e4]">&gt;&gt;</a>&nbsp;&nbsp;&nbsp;acl_list_insert_tail
</UL>
<BR>[Called By]<UL><LI><a href="#[f9]">&gt;&gt;</a>&nbsp;&nbsp;&nbsp;Send_Notif_Or_Ind
<LI><a href="#[f2]">&gt;&gt;</a>&nbsp;&nbsp;&nbsp;Gatt_Server_L2C_Handler
</UL>

<P><STRONG><a name="[b]"></a>GPIO_Handler</STRONG> (Thumb, 2 bytes, Stack size 0 bytes, bluenrg1_it.o(i.GPIO_Handler))
<BR>[Address Reference Count : 1]<UL><LI> system_bluenrg1.o(.intvec)
</UL>
<P><STRONG><a name="[168]"></a>GPIO_Init</STRONG> (Thumb, 206 bytes, Stack size 20 bytes, bluenrg1_gpio.o(i.GPIO_Init))
<BR><BR>[Stack]<UL><LI>Max Depth = 20<LI>Call Chain = GPIO_Init
</UL>
<BR>[Called By]<UL><LI><a href="#[16c]">&gt;&gt;</a>&nbsp;&nbsp;&nbsp;SdkEvalSpiInit
<LI><a href="#[166]">&gt;&gt;</a>&nbsp;&nbsp;&nbsp;SdkEvalComUartInit
<LI><a href="#[21a]">&gt;&gt;</a>&nbsp;&nbsp;&nbsp;nrf_init
<LI><a href="#[203]">&gt;&gt;</a>&nbsp;&nbsp;&nbsp;init_GPIO
</UL>

<P><STRONG><a name="[204]"></a>GPIO_InitLowPowerModes</STRONG> (Thumb, 90 bytes, Stack size 0 bytes, bluenrg1_gpio.o(i.GPIO_InitLowPowerModes))
<BR><BR>[Called By]<UL><LI><a href="#[203]">&gt;&gt;</a>&nbsp;&nbsp;&nbsp;init_GPIO
</UL>

<P><STRONG><a name="[138]"></a>GPIO_ReadBit</STRONG> (Thumb, 18 bytes, Stack size 0 bytes, bluenrg1_gpio.o(i.GPIO_ReadBit))
<BR><BR>[Called By]<UL><LI><a href="#[137]">&gt;&gt;</a>&nbsp;&nbsp;&nbsp;NRF_data_available
</UL>

<P><STRONG><a name="[232]"></a>GPIO_ResetBits</STRONG> (Thumb, 6 bytes, Stack size 0 bytes, bluenrg1_gpio.o(i.GPIO_ResetBits))
<BR><BR>[Called By]<UL><LI><a href="#[235]">&gt;&gt;</a>&nbsp;&nbsp;&nbsp;spiCommand
<LI><a href="#[22b]">&gt;&gt;</a>&nbsp;&nbsp;&nbsp;spiBurstWrite
<LI><a href="#[13a]">&gt;&gt;</a>&nbsp;&nbsp;&nbsp;spiBurstRead
<LI><a href="#[97]">&gt;&gt;</a>&nbsp;&nbsp;&nbsp;spiWriteRegister
<LI><a href="#[227]">&gt;&gt;</a>&nbsp;&nbsp;&nbsp;spiReadRegister
</UL>

<P><STRONG><a name="[16e]"></a>GPIO_SetBits</STRONG> (Thumb, 8 bytes, Stack size 0 bytes, bluenrg1_gpio.o(i.GPIO_SetBits))
<BR><BR>[Called By]<UL><LI><a href="#[16c]">&gt;&gt;</a>&nbsp;&nbsp;&nbsp;SdkEvalSpiInit
<LI><a href="#[22b]">&gt;&gt;</a>&nbsp;&nbsp;&nbsp;spiBurstWrite
<LI><a href="#[13a]">&gt;&gt;</a>&nbsp;&nbsp;&nbsp;spiBurstRead
<LI><a href="#[97]">&gt;&gt;</a>&nbsp;&nbsp;&nbsp;spiWriteRegister
<LI><a href="#[227]">&gt;&gt;</a>&nbsp;&nbsp;&nbsp;spiReadRegister
</UL>

<P><STRONG><a name="[16d]"></a>GPIO_StructInit</STRONG> (Thumb, 12 bytes, Stack size 0 bytes, bluenrg1_gpio.o(i.GPIO_StructInit))
<BR><BR>[Called By]<UL><LI><a href="#[16c]">&gt;&gt;</a>&nbsp;&nbsp;&nbsp;SdkEvalSpiInit
</UL>

<P><STRONG><a name="[13c]"></a>GPIO_WriteBit</STRONG> (Thumb, 18 bytes, Stack size 0 bytes, bluenrg1_gpio.o(i.GPIO_WriteBit))
<BR><BR>[Called By]<UL><LI><a href="#[1b]">&gt;&gt;</a>&nbsp;&nbsp;&nbsp;main
<LI><a href="#[21f]">&gt;&gt;</a>&nbsp;&nbsp;&nbsp;setModeIDLE
<LI><a href="#[137]">&gt;&gt;</a>&nbsp;&nbsp;&nbsp;NRF_data_available
<LI><a href="#[21e]">&gt;&gt;</a>&nbsp;&nbsp;&nbsp;send_data
<LI><a href="#[21a]">&gt;&gt;</a>&nbsp;&nbsp;&nbsp;nrf_init
<LI><a href="#[203]">&gt;&gt;</a>&nbsp;&nbsp;&nbsp;init_GPIO
</UL>

<P><STRONG><a name="[205]"></a>GPIO_WriteBitsLowPowerModes</STRONG> (Thumb, 32 bytes, Stack size 0 bytes, bluenrg1_gpio.o(i.GPIO_WriteBitsLowPowerModes))
<BR><BR>[Called By]<UL><LI><a href="#[203]">&gt;&gt;</a>&nbsp;&nbsp;&nbsp;init_GPIO
</UL>

<P><STRONG><a name="[e5]"></a>Gatt_Add_Charac_Desc</STRONG> (Thumb, 346 bytes, Stack size unknown bytes, gatt_server.o(i.Gatt_Add_Charac_Desc))
<BR><BR>[Stack]<UL><LI>Max Depth = 16 + Unknown Stack Size
<LI>Call Chain = Gatt_Add_Charac_Desc &rArr; Ind_Service_Change_Charac &rArr; Gatt_Update_Charac_Value_Ext &rArr; Osal_MemCpy &rArr; memcpy
</UL>
<BR>[Calls]<UL><LI><a href="#[ce]">&gt;&gt;</a>&nbsp;&nbsp;&nbsp;__ARM_common_switch8
<LI><a href="#[e8]">&gt;&gt;</a>&nbsp;&nbsp;&nbsp;List_Circular_Get_Size
<LI><a href="#[ea]">&gt;&gt;</a>&nbsp;&nbsp;&nbsp;Ind_Service_Change_Charac
<LI><a href="#[e1]">&gt;&gt;</a>&nbsp;&nbsp;&nbsp;Gatt_search_service_handle
<LI><a href="#[e7]">&gt;&gt;</a>&nbsp;&nbsp;&nbsp;Gatt_search_handle
<LI><a href="#[e6]">&gt;&gt;</a>&nbsp;&nbsp;&nbsp;Gatt_Server_Db_Check
<LI><a href="#[e9]">&gt;&gt;</a>&nbsp;&nbsp;&nbsp;Gatt_Add_Descriptor
</UL>
<BR>[Called By]<UL><LI><a href="#[d7]">&gt;&gt;</a>&nbsp;&nbsp;&nbsp;Gatt_Add_Characteristic
</UL>

<P><STRONG><a name="[d7]"></a>Gatt_Add_Characteristic</STRONG> (Thumb, 810 bytes, Stack size unknown bytes, gatt_server.o(i.Gatt_Add_Characteristic))
<BR><BR>[Stack]<UL><LI>Max Depth = 16 + Unknown Stack Size
[...]
</UL>
<BR>[Calls]<UL><LI><a href="#[112]">&gt;&gt;</a>&nbsp;&nbsp;&nbsp;PM_Extract_Pdu_MBuff
<LI><a href="#[114]">&gt;&gt;</a>&nbsp;&nbsp;&nbsp;PM_Compact
<LI><a href="#[113]">&gt;&gt;</a>&nbsp;&nbsp;&nbsp;Mem_Buff_Append
<LI><a href="#[115]">&gt;&gt;</a>&nbsp;&nbsp;&nbsp;L2C_Get_PDU_Len
<LI><a href="#[116]">&gt;&gt;</a>&nbsp;&nbsp;&nbsp;L2C_discard_accumulated_acl_data
<LI><a href="#[10e]">&gt;&gt;</a>&nbsp;&nbsp;&nbsp;L2C_Mux_Acl_Packet
<LI><a href="#[108]">&gt;&gt;</a>&nbsp;&nbsp;&nbsp;L2C_Get_Connection_Info
<LI><a href="#[f5]">&gt;&gt;</a>&nbsp;&nbsp;&nbsp;PM_Release_Acl_Pckt
</UL>
<BR>[Called By]<UL><LI><a href="#[117]">&gt;&gt;</a>&nbsp;&nbsp;&nbsp;L2C_Rcv_Event_Handler
</UL>

<P><STRONG><a name="[11c]"></a>L2C_Reset_To_Closed_State</STRONG> (Thumb, 118 bytes, Stack size unknown bytes, l2cap.o(i.L2C_Reset_To_Closed_State))
<BR><BR>[Calls]<UL><LI><a href="#[11d]">&gt;&gt;</a>&nbsp;&nbsp;&nbsp;L2C_Get_Connection_Info_Index
<LI><a href="#[11e]">&gt;&gt;</a>&nbsp;&nbsp;&nbsp;Timer_StopOneShot
<LI><a href="#[f5]">&gt;&gt;</a>&nbsp;&nbsp;&nbsp;PM_Release_Acl_Pckt
</UL>
<BR>[Called By]<UL><LI><a href="#[10c]">&gt;&gt;</a>&nbsp;&nbsp;&nbsp;L2C_Signal_Channel_Handler_ISR
</UL>

<P><STRONG><a name="[116]"></a>L2C_discard_accumulated_acl_data</STRONG> (Thumb, 88 bytes, Stack size unknown bytes, l2cap.o(i.L2C_discard_accumulated_acl_data))
<BR><BR>[Stack]<UL><LI>Max Depth = 16 + Unknown Stack Size
<LI>Call Chain = L2C_discard_accumulated_acl_data &rArr; Osal_MemCpy &rArr; memcpy
</UL>
<BR>[Calls]<UL><LI><a href="#[81]">&gt;&gt;</a>&nbsp;&nbsp;&nbsp;Osal_MemCpy
<LI><a href="#[83]">&gt;&gt;</a>&nbsp;&nbsp;&nbsp;aci_event_fifo_push_header
<LI><a href="#[84]">&gt;&gt;</a>&nbsp;&nbsp;&nbsp;aci_event_fifo_push
<LI><a href="#[f5]">&gt;&gt;</a>&nbsp;&nbsp;&nbsp;PM_Release_Acl_Pckt
</UL>
<BR>[Called By]<UL><LI><a href="#[111]">&gt;&gt;</a>&nbsp;&nbsp;&nbsp;L2C_Rcv_Data
</UL>

<P><STRONG><a name="[120]"></a>aci_l2cap_connection_update_req_event_push</STRONG> (Thumb, 146 bytes, Stack size unknown bytes, l2cap.o(i.aci_l2cap_connection_update_req_event_push))
<BR><BR>[Calls]<UL><LI><a href="#[83]">&gt;&gt;</a>&nbsp;&nbsp;&nbsp;aci_event_fifo_push_header
<LI><a href="#[84]">&gt;&gt;</a>&nbsp;&nbsp;&nbsp;aci_event_fifo_push
</UL>
<BR>[Called By]<UL><LI><a href="#[10f]">&gt;&gt;</a>&nbsp;&nbsp;&nbsp;L2C_Signal_Channel_Handler
</UL>

<P><STRONG><a name="[1fd]"></a>hci_encryption_change_event_push</STRONG> (Thumb, 88 bytes, Stack size unknown bytes, ll_routines_master.o(i.hci_encryption_change_event_push))
<BR><BR>[Calls]<UL><LI><a href="#[83]">&gt;&gt;</a>&nbsp;&nbsp;&nbsp;aci_event_fifo_push_header
<LI><a href="#[84]">&gt;&gt;</a>&nbsp;&nbsp;&nbsp;aci_event_fifo_push
</UL>
<BR>[Called By]<UL><LI><a href="#[14f]">&gt;&gt;</a>&nbsp;&nbsp;&nbsp;isr_event_handler
</UL>

<P><STRONG><a name="[1fe]"></a>hci_encryption_key_refresh_complete_event_push</STRONG> (Thumb, 84 bytes, Stack size unknown bytes, ll_routines_master.o(i.hci_encryption_key_refresh_complete_event_push))
<BR><BR>[Calls]<UL><LI><a href="#[83]">&gt;&gt;</a>&nbsp;&nbsp;&nbsp;aci_event_fifo_push_header
<LI><a href="#[84]">&gt;&gt;</a>&nbsp;&nbsp;&nbsp;aci_event_fifo_push
</UL>
<BR>[Called By]<UL><LI><a href="#[14f]">&gt;&gt;</a>&nbsp;&nbsp;&nbsp;isr_event_handler
</UL>

<P><STRONG><a name="[1ff]"></a>hci_le_connection_complete_event_push</STRONG> (Thumb, 132 bytes, Stack size unknown bytes, ll_routines_master.o(i.hci_le_connection_complete_event_push))
<BR><BR>[Stack]<UL><LI>Max Depth = 16 + Unknown Stack Size
<LI>Call Chain = hci_le_connection_complete_event_push &rArr; Osal_MemCpy &rArr; memcpy
</UL>
<BR>[Calls]<UL><LI><a href="#[81]">&gt;&gt;</a>&nbsp;&nbsp;&nbsp;Osal_MemCpy
<LI><a href="#[83]">&gt;&gt;</a>&nbsp;&nbsp;&nbsp;aci_event_fifo_push_header
<LI><a href="#[84]">&gt;&gt;</a>&nbsp;&nbsp;&nbsp;aci_event_fifo_push
</UL>
<BR>[Called By]<UL><LI><a href="#[14f]">&gt;&gt;</a>&nbsp;&nbsp;&nbsp;isr_event_handler
</UL>

<P><STRONG><a name="[200]"></a>hci_le_connection_update_complete_event_push</STRONG> (Thumb, 102 bytes, Stack size unknown bytes, ll_routines_master.o(i.hci_le_connection_update_complete_event_push))
<BR><BR>[Calls]<UL><LI><a href="#[83]">&gt;&gt;</a>&nbsp;&nbsp;&nbsp;aci_event_fifo_push_header
<LI><a href="#[84]">&gt;&gt;</a>&nbsp;&nbsp;&nbsp;aci_event_fifo_push
</UL>
<BR>[Called By]<UL><LI><a href="#[14f]">&gt;&gt;</a>&nbsp;&nbsp;&nbsp;isr_event_handler
</UL>

<P><STRONG><a name="[c5]"></a>Mem_assign</STRONG> (Thumb, 22 bytes, Stack size unknown bytes, mem_alloc.o(i.Mem_assign))
<BR><BR>[Called By]<UL><LI><a href="#[af]">&gt;&gt;</a>&nbsp;&nbsp;&nbsp;Dynamic_allocator
</UL>

<P><STRONG><a name="[19b]"></a>adapt_slot</STRONG> (Thumb, 598 bytes, Stack size unknown bytes, multi_master_time.o(i.adapt_slot))
<BR><BR>[Stack]<UL><LI>Max Depth = 12 + Unknown Stack Size
<LI>Call Chain = adapt_slot &rArr; __aeabi_uidivmod
</UL>
<BR>[Calls]<UL><LI><a href="#[19c]">&gt;&gt;</a>&nbsp;&nbsp;&nbsp;nsar_updateSlotListEntry
<LI><a href="#[19e]">&gt;&gt;</a>&nbsp;&nbsp;&nbsp;nsar_searchBestFreeSlot
<LI><a href="#[19d]">&gt;&gt;</a>&nbsp;&nbsp;&nbsp;nsar_insertSlotListEntry
<LI><a href="#[165]">&gt;&gt;</a>&nbsp;&nbsp;&nbsp;__aeabi_uidivmod
</UL>
<BR>[Called By]<UL><LI><a href="#[126]">&gt;&gt;</a>&nbsp;&nbsp;&nbsp;schedule_advertise_slot
</UL>

<P><STRONG><a name="[19d]"></a>nsar_insertSlotListEntry</STRONG> (Thumb, 24 bytes, Stack size unknown bytes, multi_master_time.o(i.nsar_insertSlotListEntry))
<BR><BR>[Called By]<UL><LI><a href="#[19b]">&gt;&gt;</a>&nbsp;&nbsp;&nbsp;adapt_slot
</UL>

<P><STRONG><a name="[19e]"></a>nsar_searchBestFreeSlot</STRONG> (Thumb, 188 bytes, Stack size unknown bytes, multi_master_time.o(i.nsar_searchBestFreeSlot))
<BR><BR>[Calls]<UL><LI><a href="#[222]">&gt;&gt;</a>&nbsp;&nbsp;&nbsp;nsar_updateBestFreeSlot
</UL>
<BR>[Called By]<UL><LI><a href="#[19b]">&gt;&gt;</a>&nbsp;&nbsp;&nbsp;adapt_slot
</UL>

<P><STRONG><a name="[222]"></a>nsar_updateBestFreeSlot</STRONG> (Thumb, 34 bytes, Stack size unknown bytes, multi_master_time.o(i.nsar_updateBestFreeSlot))
<BR><BR>[Called By]<UL><LI><a href="#[19e]">&gt;&gt;</a>&nbsp;&nbsp;&nbsp;nsar_searchBestFreeSlot
</UL>

<P><STRONG><a name="[19c]"></a>nsar_updateSlotListEntry</STRONG> (Thumb, 102 bytes, Stack size unknown bytes, multi_master_time.o(i.nsar_updateSlotListEntry))
<BR><BR>[Called By]<UL><LI><a href="#[19b]">&gt;&gt;</a>&nbsp;&nbsp;&nbsp;adapt_slot
</UL>

<P><STRONG><a name="[1b1]"></a>swap_u16</STRONG> (Thumb, 10 bytes, Stack size unknown bytes, multi_master_time.o(i.swap_u16))
<BR><BR>[Called By]<UL><LI><a href="#[1b0]">&gt;&gt;</a>&nbsp;&nbsp;&nbsp;cancel_current_master
</UL>

<P><STRONG><a name="[143]"></a>PM_Check_And_Set</STRONG> (Thumb, 76 bytes, Stack size unknown bytes, pm.o(i.PM_Check_And_Set))
<BR><BR>[Called By]<UL><LI><a href="#[148]">&gt;&gt;</a>&nbsp;&nbsp;&nbsp;PM_Resize_Pckt_Pdu_Size
<LI><a href="#[f8]">&gt;&gt;</a>&nbsp;&nbsp;&nbsp;PM_Get_Pckt
</UL>

<P><STRONG><a name="[216]"></a>wait_for_aes_ready</STRONG> (Thumb, 36 bytes, Stack size unknown bytes, rom_ll_isr_postproc.o(i.wait_for_aes_ready))
<BR><BR>[Called By]<UL><LI><a href="#[210]">&gt;&gt;</a>&nbsp;&nbsp;&nbsp;isr_postproc1
</UL>

<P><STRONG><a name="[19f]"></a>addr_u32_from_u8</STRONG> (Thumb, 30 bytes, Stack size unknown bytes, rom_ll_isr_routines.o(i.addr_u32_from_u8))
<BR><BR>[Calls]<UL><LI><a href="#[1a0]">&gt;&gt;</a>&nbsp;&nbsp;&nbsp;le4ByteToInt32
<LI><a href="#[1a1]">&gt;&gt;</a>&nbsp;&nbsp;&nbsp;le2ByteToInt16
</UL>
<BR>[Called By]<UL><LI><a href="#[1f6]">&gt;&gt;</a>&nbsp;&nbsp;&nbsp;get_scan_addr
<LI><a href="#[1f5]">&gt;&gt;</a>&nbsp;&nbsp;&nbsp;get_adv_addr
</UL>

<P><STRONG><a name="[1a1]"></a>le2ByteToInt16</STRONG> (Thumb, 10 bytes, Stack size unknown bytes, rom_ll_isr_routines.o(i.le2ByteToInt16))
<BR><BR>[Called By]<UL><LI><a href="#[20d]">&gt;&gt;</a>&nbsp;&nbsp;&nbsp;unpack_update_request
<LI><a href="#[20e]">&gt;&gt;</a>&nbsp;&nbsp;&nbsp;unpack_channel_map
<LI><a href="#[1f7]">&gt;&gt;</a>&nbsp;&nbsp;&nbsp;go_to_connect
<LI><a href="#[19f]">&gt;&gt;</a>&nbsp;&nbsp;&nbsp;addr_u32_from_u8
</UL>

<P><STRONG><a name="[1a0]"></a>le4ByteToInt32</STRONG> (Thumb, 22 bytes, Stack size unknown bytes, rom_ll_isr_routines.o(i.le4ByteToInt32))
<BR><BR>[Called By]<UL><LI><a href="#[20e]">&gt;&gt;</a>&nbsp;&nbsp;&nbsp;unpack_channel_map
<LI><a href="#[1f7]">&gt;&gt;</a>&nbsp;&nbsp;&nbsp;go_to_connect
<LI><a href="#[19f]">&gt;&gt;</a>&nbsp;&nbsp;&nbsp;addr_u32_from_u8
</UL>

<P><STRONG><a name="[129]"></a>int32ToLe4Byte</STRONG> (Thumb, 16 bytes, Stack size unknown bytes, rom_ll_ll_routines.o(i.int32ToLe4Byte))
<BR><BR>[Called By]<UL><LI><a href="#[128]">&gt;&gt;</a>&nbsp;&nbsp;&nbsp;LL_Get_Address
</UL>

<P><STRONG><a name="[127]"></a>wait_for_prescheduled_slot_cancellation</STRONG> (Thumb, 110 bytes, Stack size unknown bytes, rom_ll_ll_routines.o(i.wait_for_prescheduled_slot_cancellation))
<BR><BR>[Stack]<UL><LI>Max Depth = 16 + Unknown Stack Size
<LI>Call Chain = wait_for_prescheduled_slot_cancellation &rArr; advance_wakeup_timer &rArr; cancel_master &rArr; isr_event_handler &rArr; Osal_MemCpy &rArr; memcpy
</UL>
<BR>[Calls]<UL><LI><a href="#[b4]">&gt;&gt;</a>&nbsp;&nbsp;&nbsp;machine_time_trans
<LI><a href="#[8a]">&gt;&gt;</a>&nbsp;&nbsp;&nbsp;advance_wakeup_timer
</UL>
<BR>[Called By]<UL><LI><a href="#[121]">&gt;&gt;</a>&nbsp;&nbsp;&nbsp;LL_Enable_Disable_Adv
</UL>

<P><STRONG><a name="[238]"></a>swap_u16</STRONG> (Thumb, 10 bytes, Stack size unknown bytes, routines_support.o(i.swap_u16))
<BR><BR>[Called By]<UL><LI><a href="#[1a7]">&gt;&gt;</a>&nbsp;&nbsp;&nbsp;swap_slaves
</UL>

<P><STRONG><a name="[237]"></a>swap_u32</STRONG> (Thumb, 10 bytes, Stack size unknown bytes, routines_support.o(i.swap_u32))
<BR><BR>[Called By]<UL><LI><a href="#[1a7]">&gt;&gt;</a>&nbsp;&nbsp;&nbsp;swap_slaves
</UL>

<P><STRONG><a name="[236]"></a>swap_u8</STRONG> (Thumb, 10 bytes, Stack size unknown bytes, routines_support.o(i.swap_u8))
<BR><BR>[Called By]<UL><LI><a href="#[1a7]">&gt;&gt;</a>&nbsp;&nbsp;&nbsp;swap_slaves
</UL>

<P><STRONG><a name="[c6]"></a>Erase_Sector</STRONG> (Thumb, 14 bytes, Stack size unknown bytes, sdb.o(i.Erase_Sector))
<BR><BR>[Stack]<UL><LI>Max Depth = 4 + Unknown Stack Size
<LI>Call Chain = Erase_Sector &rArr; FLASH_ErasePage
</UL>
<BR>[Calls]<UL><LI><a href="#[c7]">&gt;&gt;</a>&nbsp;&nbsp;&nbsp;FLASH_ErasePage
</UL>
<BR>[Called By]<UL><LI><a href="#[155]">&gt;&gt;</a>&nbsp;&nbsp;&nbsp;sdb_delete
</UL>

<P><STRONG><a name="[17e]"></a>Write_Client_Data</STRONG> (Thumb, 424 bytes, Stack size unknown bytes, sdb.o(i.Write_Client_Data))
<BR><BR>[Stack]<UL><LI>Max Depth = 20 + Unknown Stack Size
<LI>Call Chain = Write_Client_Data &rArr; Osal_MemCmp &rArr; memcmp
</UL>
<BR>[Calls]<UL><LI><a href="#[ca]">&gt;&gt;</a>&nbsp;&nbsp;&nbsp;Osal_MemSet
<LI><a href="#[13d]">&gt;&gt;</a>&nbsp;&nbsp;&nbsp;Osal_MemCmp
<LI><a href="#[153]">&gt;&gt;</a>&nbsp;&nbsp;&nbsp;sdb_read_record_validity
<LI><a href="#[156]">&gt;&gt;</a>&nbsp;&nbsp;&nbsp;sdb_invalidate_record
<LI><a href="#[17f]">&gt;&gt;</a>&nbsp;&nbsp;&nbsp;sdb_get_gatt_db_start_address
<LI><a href="#[180]">&gt;&gt;</a>&nbsp;&nbsp;&nbsp;int32ToLe4Byte
<LI><a href="#[cd]">&gt;&gt;</a>&nbsp;&nbsp;&nbsp;Flash_Write_Flagged
<LI><a href="#[181]">&gt;&gt;</a>&nbsp;&nbsp;&nbsp;__aeabi_uread4
</UL>
<BR>[Called By]<UL><LI><a href="#[155]">&gt;&gt;</a>&nbsp;&nbsp;&nbsp;sdb_delete
</UL>

<P><STRONG><a name="[180]"></a>int32ToLe4Byte</STRONG> (Thumb, 16 bytes, Stack size unknown bytes, sdb.o(i.int32ToLe4Byte))
<BR><BR>[Called By]<UL><LI><a href="#[154]">&gt;&gt;</a>&nbsp;&nbsp;&nbsp;sdb_read_record
<LI><a href="#[229]">&gt;&gt;</a>&nbsp;&nbsp;&nbsp;sdb_find_client_data
<LI><a href="#[17e]">&gt;&gt;</a>&nbsp;&nbsp;&nbsp;Write_Client_Data
</UL>

<P><STRONG><a name="[155]"></a>sdb_delete</STRONG> (Thumb, 352 bytes, Stack size unknown bytes, sdb.o(i.sdb_delete))
<BR><BR>[Stack]<UL><LI>Max Depth = 20 + Unknown Stack Size
<LI>Call Chain = sdb_delete &rArr; sdb_find_client_data &rArr; Osal_MemCmp &rArr; memcmp
</UL>
<BR>[Calls]<UL><LI><a href="#[c7]">&gt;&gt;</a>&nbsp;&nbsp;&nbsp;FLASH_ErasePage
<LI><a href="#[157]">&gt;&gt;</a>&nbsp;&nbsp;&nbsp;sdb_write_record
<LI><a href="#[153]">&gt;&gt;</a>&nbsp;&nbsp;&nbsp;sdb_read_record_validity
<LI><a href="#[154]">&gt;&gt;</a>&nbsp;&nbsp;&nbsp;sdb_read_record
<LI><a href="#[229]">&gt;&gt;</a>&nbsp;&nbsp;&nbsp;sdb_find_client_data
<LI><a href="#[17e]">&gt;&gt;</a>&nbsp;&nbsp;&nbsp;Write_Client_Data
<LI><a href="#[c6]">&gt;&gt;</a>&nbsp;&nbsp;&nbsp;Erase_Sector
</UL>
<BR>[Called By]<UL><LI><a href="#[152]">&gt;&gt;</a>&nbsp;&nbsp;&nbsp;SDB_Add_Record
</UL>

<P><STRONG><a name="[229]"></a>sdb_find_client_data</STRONG> (Thumb, 196 bytes, Stack size unknown bytes, sdb.o(i.sdb_find_client_data))
<BR><BR>[Stack]<UL><LI>Max Depth = 20 + Unknown Stack Size
<LI>Call Chain = sdb_find_client_data &rArr; Osal_MemCmp &rArr; memcmp
</UL>
<BR>[Calls]<UL><LI><a href="#[13d]">&gt;&gt;</a>&nbsp;&nbsp;&nbsp;Osal_MemCmp
<LI><a href="#[153]">&gt;&gt;</a>&nbsp;&nbsp;&nbsp;sdb_read_record_validity
<LI><a href="#[17f]">&gt;&gt;</a>&nbsp;&nbsp;&nbsp;sdb_get_gatt_db_start_address
<LI><a href="#[180]">&gt;&gt;</a>&nbsp;&nbsp;&nbsp;int32ToLe4Byte
</UL>
<BR>[Called By]<UL><LI><a href="#[155]">&gt;&gt;</a>&nbsp;&nbsp;&nbsp;sdb_delete
</UL>

<P><STRONG><a name="[17f]"></a>sdb_get_gatt_db_start_address</STRONG> (Thumb, 18 bytes, Stack size unknown bytes, sdb.o(i.sdb_get_gatt_db_start_address))
<BR><BR>[Called By]<UL><LI><a href="#[229]">&gt;&gt;</a>&nbsp;&nbsp;&nbsp;sdb_find_client_data
<LI><a href="#[17e]">&gt;&gt;</a>&nbsp;&nbsp;&nbsp;Write_Client_Data
</UL>

<P><STRONG><a name="[156]"></a>sdb_invalidate_record</STRONG> (Thumb, 26 bytes, Stack size unknown bytes, sdb.o(i.sdb_invalidate_record))
<BR><BR>[Stack]<UL><LI>Max Depth = 4 + Unknown Stack Size
<LI>Call Chain = sdb_invalidate_record &rArr; FLASH_ProgramWord
</UL>
<BR>[Calls]<UL><LI><a href="#[cc]">&gt;&gt;</a>&nbsp;&nbsp;&nbsp;FLASH_ProgramWord
</UL>
<BR>[Called By]<UL><LI><a href="#[152]">&gt;&gt;</a>&nbsp;&nbsp;&nbsp;SDB_Add_Record
<LI><a href="#[17e]">&gt;&gt;</a>&nbsp;&nbsp;&nbsp;Write_Client_Data
</UL>

<P><STRONG><a name="[154]"></a>sdb_read_record</STRONG> (Thumb, 32 bytes, Stack size unknown bytes, sdb.o(i.sdb_read_record))
<BR><BR>[Calls]<UL><LI><a href="#[180]">&gt;&gt;</a>&nbsp;&nbsp;&nbsp;int32ToLe4Byte
</UL>
<BR>[Called By]<UL><LI><a href="#[152]">&gt;&gt;</a>&nbsp;&nbsp;&nbsp;SDB_Add_Record
<LI><a href="#[155]">&gt;&gt;</a>&nbsp;&nbsp;&nbsp;sdb_delete
</UL>

<P><STRONG><a name="[153]"></a>sdb_read_record_validity</STRONG> (Thumb, 12 bytes, Stack size unknown bytes, sdb.o(i.sdb_read_record_validity))
<BR><BR>[Called By]<UL><LI><a href="#[152]">&gt;&gt;</a>&nbsp;&nbsp;&nbsp;SDB_Add_Record
<LI><a href="#[229]">&gt;&gt;</a>&nbsp;&nbsp;&nbsp;sdb_find_client_data
<LI><a href="#[155]">&gt;&gt;</a>&nbsp;&nbsp;&nbsp;sdb_delete
<LI><a href="#[17e]">&gt;&gt;</a>&nbsp;&nbsp;&nbsp;Write_Client_Data
<LI><a href="#[dd]">&gt;&gt;</a>&nbsp;&nbsp;&nbsp;SDB_Get_Number_Of_Valid_Records
</UL>

<P><STRONG><a name="[157]"></a>sdb_write_record</STRONG> (Thumb, 120 bytes, Stack size unknown bytes, sdb.o(i.sdb_write_record))
<BR><BR>[Stack]<UL><LI>Max Depth = 4 + Unknown Stack Size
<LI>Call Chain = sdb_write_record &rArr; Flash_Write_Flagged &rArr; FLASH_ProgramWord
</UL>
<BR>[Calls]<UL><LI><a href="#[17d]">&gt;&gt;</a>&nbsp;&nbsp;&nbsp;system_time_trans
<LI><a href="#[22a]">&gt;&gt;</a>&nbsp;&nbsp;&nbsp;Delay_With_NOP_Cycles
<LI><a href="#[cd]">&gt;&gt;</a>&nbsp;&nbsp;&nbsp;Flash_Write_Flagged
</UL>
<BR>[Called By]<UL><LI><a href="#[152]">&gt;&gt;</a>&nbsp;&nbsp;&nbsp;SDB_Add_Record
<LI><a href="#[155]">&gt;&gt;</a>&nbsp;&nbsp;&nbsp;sdb_delete
</UL>

<P><STRONG><a name="[15a]"></a>SMP_connection_complete_handler</STRONG> (Thumb, 138 bytes, Stack size unknown bytes, smp_common.o(i.SMP_connection_complete_handler))
<BR><BR>[Stack]<UL><LI>Max Depth = 16 + Unknown Stack Size
<LI>Call Chain = SMP_connection_complete_handler &rArr; Osal_MemSet &rArr; memset
</UL>
<BR>[Calls]<UL><LI><a href="#[ca]">&gt;&gt;</a>&nbsp;&nbsp;&nbsp;Osal_MemSet
<LI><a href="#[81]">&gt;&gt;</a>&nbsp;&nbsp;&nbsp;Osal_MemCpy
</UL>
<BR>[Called By]<UL><LI><a href="#[10b]">&gt;&gt;</a>&nbsp;&nbsp;&nbsp;SMP_hci_le_enhanced_connection_complete_evt_hndl
<LI><a href="#[10a]">&gt;&gt;</a>&nbsp;&nbsp;&nbsp;SMP_hci_le_connection_complete_evt_hndl
</UL>

<P><STRONG><a name="[198]"></a>aci_gap_authorization_req_event_push</STRONG> (Thumb, 80 bytes, Stack size unknown bytes, smp_common.o(i.aci_gap_authorization_req_event_push))
<BR><BR>[Calls]<UL><LI><a href="#[83]">&gt;&gt;</a>&nbsp;&nbsp;&nbsp;aci_event_fifo_push_header
<LI><a href="#[84]">&gt;&gt;</a>&nbsp;&nbsp;&nbsp;aci_event_fifo_push
</UL>
<BR>[Called By]<UL><LI><a href="#[22c]">&gt;&gt;</a>&nbsp;&nbsp;&nbsp;smp_pairing_completed
</UL>

<P><STRONG><a name="[15f]"></a>aci_gap_pairing_complete_event_push</STRONG> (Thumb, 88 bytes, Stack size unknown bytes, smp_common.o(i.aci_gap_pairing_complete_event_push))
<BR><BR>[Calls]<UL><LI><a href="#[83]">&gt;&gt;</a>&nbsp;&nbsp;&nbsp;aci_event_fifo_push_header
<LI><a href="#[84]">&gt;&gt;</a>&nbsp;&nbsp;&nbsp;aci_event_fifo_push
</UL>
<BR>[Called By]<UL><LI><a href="#[11b]">&gt;&gt;</a>&nbsp;&nbsp;&nbsp;SMP_hci_encryption_change_evt_hndl
<LI><a href="#[22c]">&gt;&gt;</a>&nbsp;&nbsp;&nbsp;smp_pairing_completed
</UL>

<P><STRONG><a name="[159]"></a>smp_Keys_Distribution_Complete</STRONG> (Thumb, 50 bytes, Stack size unknown bytes, smp_common.o(i.smp_Keys_Distribution_Complete))
<BR><BR>[Stack]<UL><LI>Max Depth = 20 + Unknown Stack Size
<LI>Call Chain = smp_Keys_Distribution_Complete &rArr; smp_pairing_completed &rArr; smp_add_pairing_record_to_bonding_database &rArr; SDB_Add_Record &rArr; Osal_MemCmp &rArr; memcmp
</UL>
<BR>[Calls]<UL><LI><a href="#[22d]">&gt;&gt;</a>&nbsp;&nbsp;&nbsp;smp_MI_Start_Encryption_ucfg
<LI><a href="#[22c]">&gt;&gt;</a>&nbsp;&nbsp;&nbsp;smp_pairing_completed
</UL>
<BR>[Called By]<UL><LI><a href="#[110]">&gt;&gt;</a>&nbsp;&nbsp;&nbsp;SMP_acl_data_hndl
</UL>

<P><STRONG><a name="[15d]"></a>smp_flush_rx_queues</STRONG> (Thumb, 52 bytes, Stack size unknown bytes, smp_common.o(i.smp_flush_rx_queues))
<BR><BR>[Calls]<UL><LI><a href="#[19a]">&gt;&gt;</a>&nbsp;&nbsp;&nbsp;acl_list_remove
<LI><a href="#[22f]">&gt;&gt;</a>&nbsp;&nbsp;&nbsp;acl_list_first
<LI><a href="#[f5]">&gt;&gt;</a>&nbsp;&nbsp;&nbsp;PM_Release_Acl_Pckt
</UL>
<BR>[Called By]<UL><LI><a href="#[119]">&gt;&gt;</a>&nbsp;&nbsp;&nbsp;SMP_hci_disconnection_complete_evt_hndl
</UL>

<P><STRONG><a name="[15e]"></a>smp_update_statistics_on_pairing_complete</STRONG> (Thumb, 50 bytes, Stack size unknown bytes, smp_common.o(i.smp_update_statistics_on_pairing_complete))
<BR><BR>[Calls]<UL><LI><a href="#[230]">&gt;&gt;</a>&nbsp;&nbsp;&nbsp;smp_sc_update_statistics_on_pairing_complete_ucfg
</UL>
<BR>[Called By]<UL><LI><a href="#[119]">&gt;&gt;</a>&nbsp;&nbsp;&nbsp;SMP_hci_disconnection_complete_evt_hndl
<LI><a href="#[22c]">&gt;&gt;</a>&nbsp;&nbsp;&nbsp;smp_pairing_completed
</UL>

<P><STRONG><a name="[189]"></a>_printf_core</STRONG> (Thumb, 1020 bytes, Stack size 104 bytes, printf8.o(i._printf_core), UNUSED)
<BR><BR>[Calls]<UL><LI><a href="#[7b]">&gt;&gt;</a>&nbsp;&nbsp;&nbsp;__aeabi_uldivmod
<LI><a href="#[195]">&gt;&gt;</a>&nbsp;&nbsp;&nbsp;_printf_pre_padding
<LI><a href="#[196]">&gt;&gt;</a>&nbsp;&nbsp;&nbsp;_printf_post_padding
</UL>
<BR>[Called By]<UL><LI><a href="#[188]">&gt;&gt;</a>&nbsp;&nbsp;&nbsp;__0printf$8
</UL>

<P><STRONG><a name="[196]"></a>_printf_post_padding</STRONG> (Thumb, 32 bytes, Stack size 24 bytes, printf8.o(i._printf_post_padding), UNUSED)
<BR><BR>[Called By]<UL><LI><a href="#[189]">&gt;&gt;</a>&nbsp;&nbsp;&nbsp;_printf_core
</UL>

<P><STRONG><a name="[195]"></a>_printf_pre_padding</STRONG> (Thumb, 44 bytes, Stack size 40 bytes, printf8.o(i._printf_pre_padding), UNUSED)
<BR><BR>[Called By]<UL><LI><a href="#[189]">&gt;&gt;</a>&nbsp;&nbsp;&nbsp;_printf_core
</UL>
<P>
<H3>
Undefined Global Symbols
</H3><HR></body></html>
