<!doctype html public "-//w3c//dtd html 4.0 transitional//en">
<html><head>
<title>Static Call Graph - [.\Release\Objects\BLE_Beacon.axf]</title></head>
<body><HR>
<H1>Static Call Graph for image .\Release\Objects\BLE_Beacon.axf</H1><HR>
<BR><P>#&#060CALLGRAPH&#062# ARM Linker, 5060422: Last Updated: Mon Aug 24 15:49:36 2020
<BR><P>
<H3>Maximum Stack Usage =        720 bytes + Unknown(Functions without stacksize, Cycles, Untraceable Function Pointers)</H3><H3>
Call chain for Maximum Stack Depth:</H3>
RESET_HANDLER &rArr; main &rArr; BlueNRG_Sleep &rArr; BlueNRG_InternalSleep &rArr; DeviceConfiguration &rArr; BOR_ConfigSave
<P>
<H3>
Functions with no stack information
</H3><UL>
 <LI><a href="#[81]">ATT_fill_error_resp</a>
 <LI><a href="#[88]">Accu_Handles_Requiring_Auth</a>
 <LI><a href="#[89]">Accu_UuidTypes_Requiring_Auth</a>
 <LI><a href="#[c6]">Acl_Init</a>
 <LI><a href="#[8b]">Acl_Rcv_Pkt_Handler</a>
 <LI><a href="#[8e]">Acl_Transmit_Data</a>
 <LI><a href="#[94]">Acl_Tx_Cmpl_Pkt_Handler</a>
 <LI><a href="#[9c]">Att_Check_Perms</a>
 <LI><a href="#[ab]">BTLE_StackTick</a>
 <LI><a href="#[be]">BlueNRG_Stack_Initialization</a>
 <LI><a href="#[bc]">BlueNRG_Stack_Perform_Deep_Sleep_Check</a>
 <LI><a href="#[d5]">Blue_Init_Global</a>
 <LI><a href="#[d6]">Blue_Set_Radio_Config_Data</a>
 <LI><a href="#[d8]">Build_Notif_Or_Ind</a>
 <LI><a href="#[d9]">CheckSecForSignedWrite</a>
 <LI><a href="#[136]">Check_Encry_Key_Size</a>
 <LI><a href="#[da]">Check_For_Service_Change</a>
 <LI><a href="#[9e]">Check_Permission</a>
 <LI><a href="#[ae]">Controller_Process_Q</a>
 <LI><a href="#[e4]">Data_Len_Update_Offline_Processing_ucfg</a>
 <LI><a href="#[298]">Data_Length_Update_Control_ISR_ucfg</a>
 <LI><a href="#[2b5]">Delay_With_NOP_Cycles</a>
 <LI><a href="#[e5]">Disconnection_Offline_Processing</a>
 <LI><a href="#[ce]">Dynamic_allocator</a>
 <LI><a href="#[cf]">Dynamic_allocator_noRet</a>
 <LI><a href="#[af]">Events_Process_Q</a>
 <LI><a href="#[cc]">Events_Process_init</a>
 <LI><a href="#[f6]">Exchg_Mtu_Resp</a>
 <LI><a href="#[f7]">Exec_Write_Resp</a>
 <LI><a href="#[de]">Find_Attr_Index</a>
 <LI><a href="#[ff]">Find_By_Type_Val_Resp</a>
 <LI><a href="#[dd]">Find_Gatt_Client</a>
 <LI><a href="#[102]">Find_Info_Resp</a>
 <LI><a href="#[12d]">Find_Timed_Out_Connection</a>
 <LI><a href="#[103]">Flash_Write_Flagged</a>
 <LI><a href="#[105]">GAP_Connection_Complete_Handler</a>
 <LI><a href="#[201]">GAP_DiscProcTimeoutcb_ucfg</a>
 <LI><a href="#[107]">GAP_Init</a>
 <LI><a href="#[c9]">GAP_Init_Context</a>
 <LI><a href="#[10f]">GAP_LL_Event_Handler_ISR</a>
 <LI><a href="#[111]">GAP_LimDiscTimeoutcb</a>
 <LI><a href="#[114]">GAP_Notify_Add_Charac</a>
 <LI><a href="#[117]">GAP_Privacy1v2</a>
 <LI><a href="#[11f]">GAP_PrivateAddrTimercb</a>
 <LI><a href="#[b2]">GAP_Process_Q</a>
 <LI><a href="#[123]">GAP_Set_Discoverable_Mode</a>
 <LI><a href="#[10a]">GAP_check_and_set_role_ucfg</a>
 <LI><a href="#[122]">GAP_discover_peer_name_ucfg</a>
 <LI><a href="#[10b]">GAP_enable_controller_privacy_ucfg</a>
 <LI><a href="#[125]">GATT_Connection_Complete_Handler</a>
 <LI><a href="#[115]">GATT_Num_Charac_Present</a>
 <LI><a href="#[129]">GATT_Send_Packet</a>
 <LI><a href="#[12c]">GATT_TimeOut_Handler</a>
 <LI><a href="#[2bc]">GapIsPrivacySupported</a>
 <LI><a href="#[131]">Gatt_Add_Charac_Desc</a>
 <LI><a href="#[10d]">Gatt_Add_Characteristic</a>
 <LI><a href="#[134]">Gatt_Add_Descriptor</a>
 <LI><a href="#[10c]">Gatt_Add_Service</a>
 <LI><a href="#[1bb]">Gatt_Find_Srv_From_Handle</a>
 <LI><a href="#[86]">Gatt_Find_Srv_Owner_Of_Handle</a>
 <LI><a href="#[144]">Gatt_Find_Timed_Out_Connection_Index</a>
 <LI><a href="#[b3]">Gatt_Process_Q</a>
 <LI><a href="#[132]">Gatt_Server_Db_Check</a>
 <LI><a href="#[146]">Gatt_Server_Init</a>
 <LI><a href="#[148]">Gatt_Server_L2C_Handler</a>
 <LI><a href="#[14e]">Gatt_Server_L2C_Handler_ISR</a>
 <LI><a href="#[10e]">Gatt_Update_Charac_Value</a>
 <LI><a href="#[151]">Gatt_Update_Charac_Value_Ext</a>
 <LI><a href="#[dc]">Gatt_fetch_handle</a>
 <LI><a href="#[87]">Gatt_search_handle</a>
 <LI><a href="#[128]">Gatt_search_service_handle</a>
 <LI><a href="#[11b]">Generate_Non_Resolvable_Private_Address</a>
 <LI><a href="#[127]">Get_GAP_Handle</a>
 <LI><a href="#[156]">Get_Random_Addr</a>
 <LI><a href="#[109]">Get_StaticRandAddr</a>
 <LI><a href="#[157]">HAL_Flash_Store_Data</a>
 <LI><a href="#[158]">HAL_Generate_Random_Bytes_To</a>
 <LI><a href="#[210]">HAL_Set_TX_Power_Level</a>
 <LI><a href="#[205]">HAL_VTimerAcc_sysT32_ms</a>
 <LI><a href="#[159]">HAL_VTimerGetCurrentTime_sysT32</a>
 <LI><a href="#[202]">HAL_VTimerTimeoutCallback</a>
 <LI><a href="#[ca]">HCI_Init</a>
 <LI><a href="#[153]">Hal_Get_Random_Number</a>
 <LI><a href="#[15b]">Hal_Get_Random_Number32</a>
 <LI><a href="#[108]">IDD_Initialize_Device_IDs</a>
 <LI><a href="#[df]">Ind_Service_Change_Charac</a>
 <LI><a href="#[178]">Is_Address_Initialized</a>
 <LI><a href="#[1b5]">Is_Flash_Write_On_Going</a>
 <LI><a href="#[15d]">L2C_Build_Command_Reject_Pdu</a>
 <LI><a href="#[15f]">L2C_Connection_Complete_Handler</a>
 <LI><a href="#[163]">L2C_Connection_Complete_Signal_Handler</a>
 <LI><a href="#[16b]">L2C_Get_PDU_Len</a>
 <LI><a href="#[c7]">L2C_Init</a>
 <LI><a href="#[16d]">L2C_Rcv_Event_Handler</a>
 <LI><a href="#[16e]">L2C_Rcv_Event_Handler_ISR</a>
 <LI><a href="#[12a]">L2C_Send_Data</a>
 <LI><a href="#[174]">L2C_SigChan_Req_TimeOut_Handler</a>
 <LI><a href="#[165]">L2C_Signal_Channel_Handler</a>
 <LI><a href="#[162]">L2C_Signal_Channel_Handler_ISR</a>
 <LI><a href="#[118]">LL_Allow_Address_Setting</a>
 <LI><a href="#[177]">LL_Check_And_Set_Addresses</a>
 <LI><a href="#[2a0]">LL_Data_Length_Change_Event_ucfg</a>
 <LI><a href="#[112]">LL_Enable_Disable_Adv</a>
 <LI><a href="#[183]">LL_Encrypt_Plain_Data_ucfg</a>
 <LI><a href="#[176]">LL_Get_Address</a>
 <LI><a href="#[119]">LL_Get_AdvAddress</a>
 <LI><a href="#[186]">LL_Get_Adv_Tx_Power_Level</a>
 <LI><a href="#[11a]">LL_Get_ScanAddress</a>
 <LI><a href="#[c4]">LL_Init</a>
 <LI><a href="#[188]">LL_LE_Clear_White_List</a>
 <LI><a href="#[8f]">LL_Send_ACL_Data</a>
 <LI><a href="#[ed]">LL_Send_Disconnection_Req</a>
 <LI><a href="#[2a1]">LL_Send_Length_Resp_ucfg</a>
 <LI><a href="#[18a]">LL_Set_Adv_Data</a>
 <LI><a href="#[180]">LL_Set_Adv_PDU_Format</a>
 <LI><a href="#[18b]">LL_Set_Adv_Params</a>
 <LI><a href="#[17f]">LL_Set_Advertising_Buffers</a>
 <LI><a href="#[18d]">LL_Set_LTK</a>
 <LI><a href="#[17c]">LL_Set_OwnAddress</a>
 <LI><a href="#[28a]">LL_Set_Scan_Resp_Data</a>
 <LI><a href="#[23b]">LL_Sleep_Req</a>
 <LI><a href="#[18e]">LL_Update_Advertising_Buffers</a>
 <LI><a href="#[18f]">LL_Update_Scanning_Initiating_Buffers</a>
 <LI><a href="#[190]">LL_receive_data</a>
 <LI><a href="#[23f]">LL_update_proc</a>
 <LI><a href="#[133]">List_Circular_Get_Size</a>
 <LI><a href="#[138]">List_Circular_Insert_Tail</a>
 <LI><a href="#[192]">List_Circular_Node_Present</a>
 <LI><a href="#[207]">List_Circular_Remove_Head</a>
 <LI><a href="#[137]">List_Circular_Remove_Node</a>
 <LI><a href="#[169]">Mem_Buff_Append</a>
 <LI><a href="#[193]">Mem_Buff_Block_Copy</a>
 <LI><a href="#[195]">Mem_Buff_Block_Write</a>
 <LI><a href="#[196]">Mem_Buff_Clone</a>
 <LI><a href="#[197]">Mem_Buff_Cmp</a>
 <LI><a href="#[198]">Mem_Buff_Compact</a>
 <LI><a href="#[1a1]">Mem_Buff_Get</a>
 <LI><a href="#[19e]">Mem_Buff_Get_Chain_Count</a>
 <LI><a href="#[1a6]">Mem_Buff_Get_Chain_Size</a>
 <LI><a href="#[1a3]">Mem_Buff_Init</a>
 <LI><a href="#[199]">Mem_Buff_Read</a>
 <LI><a href="#[1a4]">Mem_Buff_Release</a>
 <LI><a href="#[1a7]">Mem_Buff_Resize</a>
 <LI><a href="#[19a]">Mem_Buff_Write</a>
 <LI><a href="#[e3]">PKA_Offline_Processing_ucfg</a>
 <LI><a href="#[19d]">PM_Clone_Pckt</a>
 <LI><a href="#[16a]">PM_Compact</a>
 <LI><a href="#[fa]">PM_Copy_Pckt_Data</a>
 <LI><a href="#[1a2]">PM_Eng_Config</a>
 <LI><a href="#[168]">PM_Extract_Pdu_MBuff</a>
 <LI><a href="#[142]">PM_Get_Available_Buffer</a>
 <LI><a href="#[19f]">PM_Get_Mem_Buff_Count</a>
 <LI><a href="#[14c]">PM_Get_Pckt</a>
 <LI><a href="#[c5]">PM_Init</a>
 <LI><a href="#[101]">PM_Pckt_Cmp</a>
 <LI><a href="#[fc]">PM_Release_Acl_Pckt</a>
 <LI><a href="#[1a5]">PM_Resize_Pckt_Pdu_Size</a>
 <LI><a href="#[84]">PM_Write_Pckt_Data</a>
 <LI><a href="#[179]">PRIVWHIT_u8SearchAddrInList</a>
 <LI><a href="#[1a8]">PRIVWHIT_vInit_Struct</a>
 <LI><a href="#[295]">PRIV_SearchAddrInWhiteList</a>
 <LI><a href="#[20d]">PRIV_controller_privacy_csr_ucfg</a>
 <LI><a href="#[294]">PRIV_u32ProcessAdvPacket_ucfg</a>
 <LI><a href="#[e2]">PRIV_u8OfflineProcessing_ucfg</a>
 <LI><a href="#[17a]">PRIV_vGeneratePrivateAddress_ucfg</a>
 <LI><a href="#[29d]">PRIV_vGenerate_hci_le_enhanced_connection_complete_event_ucfg</a>
 <LI><a href="#[1a9]">Prepare_Write_Resp</a>
 <LI><a href="#[13f]">Process_Peer_Client_Data</a>
 <LI><a href="#[13d]">Process_Peer_Server_Data</a>
 <LI><a href="#[d4]">RAL_Isr</a>
 <LI><a href="#[1ad]">Read_Blob_Resp</a>
 <LI><a href="#[1af]">Read_By_Grp_Type_Resp</a>
 <LI><a href="#[1ab]">Read_By_Type_Resp</a>
 <LI><a href="#[1ae]">Read_Multi_Resp</a>
 <LI><a href="#[1ac]">Read_Resp</a>
 <LI><a href="#[29f]">Reclassify_All_Channels_ucfg</a>
 <LI><a href="#[1bd]">SDB_Add_Record</a>
 <LI><a href="#[1c3]">SDB_Find_Matching_LTK</a>
 <LI><a href="#[1c7]">SDB_Find_Record</a>
 <LI><a href="#[116]">SDB_Get_Number_Of_Valid_Records</a>
 <LI><a href="#[150]">SDB_flash_write_client_data</a>
 <LI><a href="#[1c5]">SDB_get_security_data_record</a>
 <LI><a href="#[db]">SDB_read_peer_bonded_data</a>
 <LI><a href="#[1c6]">SMA_Diversify</a>
 <LI><a href="#[1cc]">SMA_Generate_CSRK</a>
 <LI><a href="#[1cd]">SMA_Generate_IRK</a>
 <LI><a href="#[1ce]">SMA_LP_s1_Generate_STK</a>
 <LI><a href="#[1c4]">SMA_generate_EDIV_recovery_DIV</a>
 <LI><a href="#[c8]">SMP_Init</a>
 <LI><a href="#[b4]">SMP_Process_Q</a>
 <LI><a href="#[1da]">SMP_Protocol_Timer_cb</a>
 <LI><a href="#[166]">SMP_acl_data_hndl</a>
 <LI><a href="#[e1]">SMP_check_encryption_key_size</a>
 <LI><a href="#[13c]">SMP_check_is_device_bonded</a>
 <LI><a href="#[13b]">SMP_forget_device_by_conn_handle</a>
 <LI><a href="#[e0]">SMP_get_link_status</a>
 <LI><a href="#[9d]">SMP_get_remote_device_list_item</a>
 <LI><a href="#[16f]">SMP_hci_disconnection_complete_evt_hndl</a>
 <LI><a href="#[171]">SMP_hci_encryption_change_evt_hndl</a>
 <LI><a href="#[160]">SMP_hci_le_connection_complete_evt_hndl</a>
 <LI><a href="#[161]">SMP_hci_le_enhanced_connection_complete_evt_hndl</a>
 <LI><a href="#[170]">SMP_hci_le_long_term_key_request_evt_hndl</a>
 <LI><a href="#[1e0]">SMP_repeated_attacks_timer_cb</a>
 <LI><a href="#[1d4]">SMP_reset_timer</a>
 <LI><a href="#[1e1]">SMP_validate_signed_packet</a>
 <LI><a href="#[11c]">SM_Generate_Resolvable_Private_Address</a>
 <LI><a href="#[1c8]">SM_Resolve_Private_Address</a>
 <LI><a href="#[1f9]">Select_Next_Notification_Client</a>
 <LI><a href="#[14d]">Send_Notif_Or_Ind</a>
 <LI><a href="#[d3]">Set_Host_Timer_value</a>
 <LI><a href="#[14b]">Start_Gatt_Timer</a>
 <LI><a href="#[149]">Stop_Gatt_Timer</a>
 <LI><a href="#[1b4]">Timer_ExpiryCallback</a>
 <LI><a href="#[c3]">Timer_Init</a>
 <LI><a href="#[ac]">Timer_ProcessQ</a>
 <LI><a href="#[11e]">Timer_StartOneShot</a>
 <LI><a href="#[206]">Timer_StartOneShot_sysTime32</a>
 <LI><a href="#[11d]">Timer_StopOneShot</a>
 <LI><a href="#[15a]">Timer_sysTime32_convMachineTime</a>
 <LI><a href="#[230]">WindowWiden1</a>
 <LI><a href="#[234]">WindowWiden2</a>
 <LI><a href="#[1b1]">Write_Cmd</a>
 <LI><a href="#[1b0]">Write_Resp</a>
 <LI><a href="#[c0]">_BlueNRG_Stack_Initialization</a>
 <LI><a href="#[296]">__ARM_common_memcpy1_6</a>
 <LI><a href="#[124]">_gap_set_discoverable_connectable</a>
 <LI><a href="#[240]">aci_att_exchange_mtu_resp_event</a>
 <LI><a href="#[241]">aci_att_exec_write_resp_event</a>
 <LI><a href="#[242]">aci_att_find_by_type_value_resp_event</a>
 <LI><a href="#[243]">aci_att_find_info_resp_event</a>
 <LI><a href="#[244]">aci_att_prepare_write_resp_event</a>
 <LI><a href="#[245]">aci_att_read_blob_resp_event</a>
 <LI><a href="#[246]">aci_att_read_by_group_type_resp_event</a>
 <LI><a href="#[247]">aci_att_read_by_type_resp_event</a>
 <LI><a href="#[248]">aci_att_read_multiple_resp_event</a>
 <LI><a href="#[249]">aci_att_read_resp_event</a>
 <LI><a href="#[24a]">aci_att_write_resp_event</a>
 <LI><a href="#[8d]">aci_event_fifo_push</a>
 <LI><a href="#[8c]">aci_event_fifo_push_header</a>
 <LI><a href="#[24b]">aci_gap_addr_not_resolved_event</a>
 <LI><a href="#[24c]">aci_gap_authorization_req_event</a>
 <LI><a href="#[24d]">aci_gap_bond_lost_event</a>
 <LI><a href="#[24e]">aci_gap_device_found_event</a>
 <LI><a href="#[ec]">aci_gap_init</a>
 <LI><a href="#[24f]">aci_gap_keypress_notification_event</a>
 <LI><a href="#[250]">aci_gap_limited_discoverable_event</a>
 <LI><a href="#[251]">aci_gap_numeric_comparison_value_event</a>
 <LI><a href="#[252]">aci_gap_pairing_complete_event</a>
 <LI><a href="#[253]">aci_gap_pass_key_req_event</a>
 <LI><a href="#[254]">aci_gap_proc_complete_event</a>
 <LI><a href="#[1fc]">aci_gap_set_discoverable</a>
 <LI><a href="#[255]">aci_gap_slave_security_initiated_event</a>
 <LI><a href="#[97]">aci_gatt_add_char</a>
 <LI><a href="#[96]">aci_gatt_add_service</a>
 <LI><a href="#[256]">aci_gatt_disc_read_char_by_uuid_resp_event</a>
 <LI><a href="#[257]">aci_gatt_error_resp_event</a>
 <LI><a href="#[258]">aci_gatt_indication_event</a>
 <LI><a href="#[eb]">aci_gatt_init</a>
 <LI><a href="#[259]">aci_gatt_notification_event</a>
 <LI><a href="#[25a]">aci_gatt_prepare_write_permit_req_event</a>
 <LI><a href="#[25b]">aci_gatt_proc_complete_event</a>
 <LI><a href="#[25c]">aci_gatt_proc_timeout_event</a>
 <LI><a href="#[25d]">aci_gatt_read_multi_permit_req_event</a>
 <LI><a href="#[25e]">aci_gatt_read_permit_req_event</a>
 <LI><a href="#[25f]">aci_gatt_server_confirmation_event</a>
 <LI><a href="#[260]">aci_gatt_tx_pool_available_event</a>
 <LI><a href="#[261]">aci_gatt_write_permit_req_event</a>
 <LI><a href="#[262]">aci_hal_fw_error_event</a>
 <LI><a href="#[263]">aci_hal_scan_req_report_event</a>
 <LI><a href="#[2aa]">aci_hal_set_radio_activity_mask</a>
 <LI><a href="#[ea]">aci_hal_set_tx_power_level</a>
 <LI><a href="#[264]">aci_l2cap_command_reject_event</a>
 <LI><a href="#[265]">aci_l2cap_connection_update_req_event</a>
 <LI><a href="#[266]">aci_l2cap_connection_update_resp_event</a>
 <LI><a href="#[267]">aci_l2cap_proc_timeout_event</a>
 <LI><a href="#[f8]">acl_list_first</a>
 <LI><a href="#[1aa]">acl_list_full_on_packt</a>
 <LI><a href="#[147]">acl_list_init</a>
 <LI><a href="#[141]">acl_list_insert_head</a>
 <LI><a href="#[12b]">acl_list_insert_tail</a>
 <LI><a href="#[13e]">acl_list_is_empty</a>
 <LI><a href="#[f9]">acl_list_remove</a>
 <LI><a href="#[140]">acl_list_remove_head</a>
 <LI><a href="#[21d]">advParamsCheckAndSet</a>
 <LI><a href="#[22e]">advance_slave_timing_MultiSlave</a>
 <LI><a href="#[b1]">advance_transmit</a>
 <LI><a href="#[93]">advance_wakeup_timer</a>
 <LI><a href="#[cb]">ble_HAL_Init</a>
 <LI><a href="#[23e]">cancel_connect_master_ucfg</a>
 <LI><a href="#[23c]">cancel_current_master</a>
 <LI><a href="#[23a]">cancel_master</a>
 <LI><a href="#[237]">cancel_slave</a>
 <LI><a href="#[42]">cb_aci_att_exchange_mtu_resp_event</a>
 <LI><a href="#[4c]">cb_aci_att_exec_write_resp_event</a>
 <LI><a href="#[44]">cb_aci_att_find_by_type_value_resp_event</a>
 <LI><a href="#[43]">cb_aci_att_find_info_resp_event</a>
 <LI><a href="#[4b]">cb_aci_att_prepare_write_resp_event</a>
 <LI><a href="#[47]">cb_aci_att_read_blob_resp_event</a>
 <LI><a href="#[49]">cb_aci_att_read_by_group_type_resp_event</a>
 <LI><a href="#[45]">cb_aci_att_read_by_type_resp_event</a>
 <LI><a href="#[48]">cb_aci_att_read_multiple_resp_event</a>
 <LI><a href="#[46]">cb_aci_att_read_resp_event</a>
 <LI><a href="#[4a]">cb_aci_att_write_resp_event</a>
 <LI><a href="#[38]">cb_aci_gap_addr_not_resolved_event</a>
 <LI><a href="#[33]">cb_aci_gap_authorization_req_event</a>
 <LI><a href="#[35]">cb_aci_gap_bond_lost_event</a>
 <LI><a href="#[36]">cb_aci_gap_device_found_event</a>
 <LI><a href="#[3a]">cb_aci_gap_keypress_notification_event</a>
 <LI><a href="#[30]">cb_aci_gap_limited_discoverable_event</a>
 <LI><a href="#[39]">cb_aci_gap_numeric_comparison_value_event</a>
 <LI><a href="#[31]">cb_aci_gap_pairing_complete_event</a>
 <LI><a href="#[32]">cb_aci_gap_pass_key_req_event</a>
 <LI><a href="#[37]">cb_aci_gap_proc_complete_event</a>
 <LI><a href="#[34]">cb_aci_gap_slave_security_initiated_event</a>
 <LI><a href="#[40]">cb_aci_gatt_attribute_modified_event</a>
 <LI><a href="#[51]">cb_aci_gatt_disc_read_char_by_uuid_resp_event</a>
 <LI><a href="#[50]">cb_aci_gatt_error_resp_event</a>
 <LI><a href="#[4d]">cb_aci_gatt_indication_event</a>
 <LI><a href="#[4e]">cb_aci_gatt_notification_event</a>
 <LI><a href="#[53]">cb_aci_gatt_prepare_write_permit_req_event</a>
 <LI><a href="#[4f]">cb_aci_gatt_proc_complete_event</a>
 <LI><a href="#[41]">cb_aci_gatt_proc_timeout_event</a>
 <LI><a href="#[55]">cb_aci_gatt_read_multi_permit_req_event</a>
 <LI><a href="#[54]">cb_aci_gatt_read_permit_req_event</a>
 <LI><a href="#[57]">cb_aci_gatt_server_confirmation_event</a>
 <LI><a href="#[56]">cb_aci_gatt_tx_pool_available_event</a>
 <LI><a href="#[52]">cb_aci_gatt_write_permit_req_event</a>
 <LI><a href="#[3f]">cb_aci_hal_fw_error_event</a>
 <LI><a href="#[2d]">cb_aci_hal_scan_req_report_event</a>
 <LI><a href="#[3e]">cb_aci_l2cap_command_reject_event</a>
 <LI><a href="#[3d]">cb_aci_l2cap_connection_update_req_event</a>
 <LI><a href="#[3b]">cb_aci_l2cap_connection_update_resp_event</a>
 <LI><a href="#[3c]">cb_aci_l2cap_proc_timeout_event</a>
 <LI><a href="#[29]">cb_hci_data_buffer_overflow_event</a>
 <LI><a href="#[1e]">cb_hci_disconnection_complete_event</a>
 <LI><a href="#[1f]">cb_hci_encryption_change_event</a>
 <LI><a href="#[20]">cb_hci_encryption_key_refresh_complete_event</a>
 <LI><a href="#[23]">cb_hci_le_advertising_report_event</a>
 <LI><a href="#[21]">cb_hci_le_connection_complete_event</a>
 <LI><a href="#[2b]">cb_hci_le_connection_update_complete_event</a>
 <LI><a href="#[24]">cb_hci_le_data_length_change_event</a>
 <LI><a href="#[28]">cb_hci_le_direct_advertising_report_event</a>
 <LI><a href="#[27]">cb_hci_le_enhanced_connection_complete_event</a>
 <LI><a href="#[26]">cb_hci_le_generate_dhkey_complete_event</a>
 <LI><a href="#[22]">cb_hci_le_long_term_key_request_event</a>
 <LI><a href="#[25]">cb_hci_le_read_local_p256_public_key_complete_event</a>
 <LI><a href="#[2c]">cb_hci_le_read_remote_used_features_complete_event</a>
 <LI><a href="#[2e]">cb_hci_number_of_completed_packets_event</a>
 <LI><a href="#[2a]">cb_hci_read_remote_version_information_complete_event</a>
 <LI><a href="#[2f]">cb_hci_rx_acl_data_event</a>
 <LI><a href="#[d7]">char_copy</a>
 <LI><a href="#[2a3]">copy_4_u32</a>
 <LI><a href="#[238]">copy_tx_data_packet</a>
 <LI><a href="#[cd]">data_length_extension_csr_ucfg</a>
 <LI><a href="#[184]">encrypt</a>
 <LI><a href="#[21c]">gapClearAllModeFlags</a>
 <LI><a href="#[27f]">get_adv_addr</a>
 <LI><a href="#[120]">get_advertiser</a>
 <LI><a href="#[90]">get_connection_no</a>
 <LI><a href="#[17e]">get_next_free_slot</a>
 <LI><a href="#[280]">get_scan_addr</a>
 <LI><a href="#[121]">get_scan_connection</a>
 <LI><a href="#[281]">go_to_connect</a>
 <LI><a href="#[f2]">hal_radio_activity_state_callback_check</a>
 <LI><a href="#[f3]">hal_radio_activity_state_init</a>
 <LI><a href="#[283]">hal_read_radio_activity_state</a>
 <LI><a href="#[ad]">hci_acl_Process_Q</a>
 <LI><a href="#[269]">hci_encryption_change_event</a>
 <LI><a href="#[26a]">hci_encryption_key_refresh_complete_event</a>
 <LI><a href="#[26b]">hci_le_advertising_report_event</a>
 <LI><a href="#[26c]">hci_le_connection_complete_event</a>
 <LI><a href="#[26d]">hci_le_connection_update_complete_event</a>
 <LI><a href="#[26e]">hci_le_data_length_change_event</a>
 <LI><a href="#[26f]">hci_le_direct_advertising_report_event</a>
 <LI><a href="#[1cb]">hci_le_encrypt</a>
 <LI><a href="#[270]">hci_le_enhanced_connection_complete_event</a>
 <LI><a href="#[271]">hci_le_generate_dhkey_complete_event</a>
 <LI><a href="#[272]">hci_le_long_term_key_request_event</a>
 <LI><a href="#[1d5]">hci_le_long_term_key_request_reply</a>
 <LI><a href="#[1d2]">hci_le_long_term_key_requested_negative_reply</a>
 <LI><a href="#[273]">hci_le_read_local_p256_public_key_complete_event</a>
 <LI><a href="#[274]">hci_le_read_remote_used_features_complete_event</a>
 <LI><a href="#[285]">hci_le_set_advertise_enable</a>
 <LI><a href="#[1fd]">hci_le_set_advertising_data</a>
 <LI><a href="#[1fb]">hci_le_set_scan_response_data</a>
 <LI><a href="#[275]">hci_number_of_completed_packets_event</a>
 <LI><a href="#[276]">hci_read_remote_version_information_complete_event</a>
 <LI><a href="#[28b]">hci_rx_acl_data</a>
 <LI><a href="#[277]">hci_rx_acl_data_event</a>
 <LI><a href="#[28c]">hci_tx_acl_data_done</a>
 <LI><a href="#[59]">int_cb_hci_acl_data_ind_event</a>
 <LI><a href="#[58]">int_cb_hci_acl_data_tx_cmpl_event</a>
 <LI><a href="#[5a]">int_cb_hci_disconnection_complete_event</a>
 <LI><a href="#[5b]">int_cb_hci_encryption_change_event</a>
 <LI><a href="#[5c]">int_cb_hci_encryption_key_refresh_complete_event</a>
 <LI><a href="#[5f]">int_cb_hci_le_advertising_report_event</a>
 <LI><a href="#[5d]">int_cb_hci_le_connection_complete_event</a>
 <LI><a href="#[60]">int_cb_hci_le_data_length_change_event</a>
 <LI><a href="#[64]">int_cb_hci_le_direct_advertising_report_event</a>
 <LI><a href="#[63]">int_cb_hci_le_enhanced_connection_complete_event</a>
 <LI><a href="#[62]">int_cb_hci_le_generate_dhkey_complete_event</a>
 <LI><a href="#[5e]">int_cb_hci_le_long_term_key_request_event</a>
 <LI><a href="#[61]">int_cb_hci_le_read_local_p256_public_key_complete_event</a>
 <LI><a href="#[15c]">is_Buffer_All_Set_To</a>
 <LI><a href="#[91]">is_slave</a>
 <LI><a href="#[191]">isr_Acl_Data_Indication_Queue_Full</a>
 <LI><a href="#[29b]">isr_Acl_Data_TX_Cmpl_Queue_Full</a>
 <LI><a href="#[1b7]">isr_event_handler</a>
 <LI><a href="#[29e]">isr_event_handler_scan_data_ucfg</a>
 <LI><a href="#[1b8]">isr_postproc</a>
 <LI><a href="#[29c]">isr_postproc1</a>
 <LI><a href="#[297]">isr_postproc_encrypt_data</a>
 <LI><a href="#[d2]">machine_time_trans</a>
 <LI><a href="#[20b]">mem_alloc_ctx_init</a>
 <LI><a href="#[239]">microseconds_to_machine_time</a>
 <LI><a href="#[232]">modulo_37</a>
 <LI><a href="#[189]">nsar_init</a>
 <LI><a href="#[1b6]">read_rssi</a>
 <LI><a href="#[181]">schedule_advertise_slot</a>
 <LI><a href="#[20e]">secure_connections_csr_ucfg</a>
 <LI><a href="#[21e]">setGapAdvData</a>
 <LI><a href="#[d1]">set_freq</a>
 <LI><a href="#[22f]">set_sca</a>
 <LI><a href="#[236]">set_string</a>
 <LI><a href="#[92]">slave_advance</a>
 <LI><a href="#[1e3]">sma_CMAC_generate_tag</a>
 <LI><a href="#[2ba]">smp_Execute_Actions_wrt_Current_State_MI_excerpt_ucfg</a>
 <LI><a href="#[2bb]">smp_Execute_Actions_wrt_Current_State_sc_excerpt_phase2as2_ucfg</a>
 <LI><a href="#[2bf]">smp_Execute_Actions_wrt_Current_State_sc_excerpt_phase_1_to_2_ucfg</a>
 <LI><a href="#[2c2]">smp_MI_Start_Encryption_ucfg</a>
 <LI><a href="#[1d9]">smp_Process_Rx_Packet_Exception_Cases_sc_excerpt_ucfg</a>
 <LI><a href="#[2cd]">smp_Process_Rx_Packet_wrt_Current_State_MI_excerpt_ucfg</a>
 <LI><a href="#[2c7]">smp_Process_Rx_Packet_wrt_Current_State_sc_excerpt_ucfg</a>
 <LI><a href="#[2d1]">smp_add_pairing_record_to_bonding_database</a>
 <LI><a href="#[1d3]">smp_find_remote_device_index</a>
 <LI><a href="#[1e2]">smp_get_CSRK</a>
 <LI><a href="#[2c3]">smp_get_local_identity_address</a>
 <LI><a href="#[2c1]">smp_keys_distribution_start</a>
 <LI><a href="#[2c8]">smp_keys_receiving</a>
 <LI><a href="#[2d5]">smp_oob_check_is_remote_data_present</a>
 <LI><a href="#[2d8]">smp_pairing_2octets_packet_send</a>
 <LI><a href="#[2be]">smp_pairing_completed</a>
 <LI><a href="#[1d8]">smp_pairing_failed_receive</a>
 <LI><a href="#[2cc]">smp_pairing_failed_send</a>
 <LI><a href="#[2da]">smp_repeated_attacks_protection</a>
 <LI><a href="#[2cf]">smp_sc_SR_PairingConfirm_Receive_sc_excerpt_ucfg</a>
 <LI><a href="#[2d0]">smp_sc_SR_PairingRandom_Receive_sc_excerpt_ucfg</a>
 <LI><a href="#[2c0]">smp_sc_SR_Pairing_Phase_2AS1_Start_sc_excerpt_ucfg</a>
 <LI><a href="#[1d0]">smp_sc_check_for_ecc_pk_generation_request_ucfg</a>
 <LI><a href="#[2d4]">smp_sc_continue_on_exclusive_sc_pairing_ucfg</a>
 <LI><a href="#[292]">smp_sc_hci_le_generate_dhkey_complete_evt_hndl_ucfg</a>
 <LI><a href="#[293]">smp_sc_hci_le_read_local_p256_public_key_complete_evt_hndl_ucfg</a>
 <LI><a href="#[1cf]">smp_sc_init_ucfg</a>
 <LI><a href="#[2db]">smp_sc_update_statistics_on_pairing_complete_ucfg</a>
 <LI><a href="#[2c4]">smp_send_packet</a>
 <LI><a href="#[2b4]">start_timebase</a>
 <LI><a href="#[20c]">state_func_call_init_csr_ucfg</a>
 <LI><a href="#[14f]">store_data</a>
 <LI><a href="#[233]">swap_slaves</a>
 <LI><a href="#[204]">system_time_trans</a>
 <LI><a href="#[203]">system_time_trans_ext</a>
 <LI><a href="#[231]">time_offset1</a>
 <LI><a href="#[235]">time_offset2</a>
 <LI><a href="#[282]">timebase_start_connect</a>
 <LI><a href="#[29a]">unpack_channel_map</a>
 <LI><a href="#[299]">unpack_update_request</a>
 <LI><a href="#[224]">_aci_gap_set_discoverable_param_check</a>
 <LI><a href="#[21f]">_load_uuid</a>
 <LI><a href="#[c1]">BlueNRG_Stack_Initialize_ConfigData</a>
 <LI><a href="#[c2]">BlueNRG_Stack_Initialize_Layers</a>
 <LI><a href="#[bf]">BlueNRG_Stack_Initialize_RAM_check</a>
 <LI><a href="#[b0]">BlueNRG_Stack_Perform_Crystal_Check</a>
 <LI><a href="#[d0]">BlueNRG_Start_Crystal_Measurement</a>
 <LI><a href="#[2]">isr_advertise_state</a>
 <LI><a href="#[3]">isr_connect_slave_state</a>
 <LI><a href="#[5]">isr_test_rx_state</a>
 <LI><a href="#[4]">isr_test_tx_state</a>
 <LI><a href="#[1]">isr_unknown_state</a>
 <LI><a href="#[222]">fifoBuf_getFreeHeader</a>
 <LI><a href="#[f4]">fifoCtrl_init</a>
 <LI><a href="#[110]">_GAP_Parse_Advertising_Report</a>
 <LI><a href="#[113]">aci_gap_limited_discoverable_event_push</a>
 <LI><a href="#[106]">aci_gap_proc_complete_event_push</a>
 <LI><a href="#[126]">GATT_Server_Set_Flag</a>
 <LI><a href="#[139]">Gatt_Flush_Pending_AclPacket_Lists</a>
 <LI><a href="#[13a]">Gatt_Reset_To_Closed_State</a>
 <LI><a href="#[145]">Gatt_Store_Server_Database_And_Reset_CCCD</a>
 <LI><a href="#[152]">Pm_Resize_Host_Acl_Pckt</a>
 <LI><a href="#[1b2]">aci_gatt_indication_event_push</a>
 <LI><a href="#[1b3]">aci_gatt_notification_event_push</a>
 <LI><a href="#[14a]">aci_hal_fw_error_event_push</a>
 <LI><a href="#[200]">TimerCallback</a>
 <LI><a href="#[15e]">L2C_Get_Connection_Info</a>
 <LI><a href="#[173]">L2C_Get_Connection_Info_Index</a>
 <LI><a href="#[164]">L2C_Mux_Acl_Packet</a>
 <LI><a href="#[167]">L2C_Rcv_Data</a>
 <LI><a href="#[172]">L2C_Reset_To_Closed_State</a>
 <LI><a href="#[16c]">L2C_discard_accumulated_acl_data</a>
 <LI><a href="#[175]">aci_l2cap_connection_update_req_event_push</a>
 <LI><a href="#[286]">hci_encryption_change_event_push</a>
 <LI><a href="#[287]">hci_encryption_key_refresh_complete_event_push</a>
 <LI><a href="#[288]">hci_le_connection_complete_event_push</a>
 <LI><a href="#[289]">hci_le_connection_update_complete_event_push</a>
 <LI><a href="#[ee]">Mem_assign</a>
 <LI><a href="#[226]">adapt_slot</a>
 <LI><a href="#[228]">nsar_insertSlotListEntry</a>
 <LI><a href="#[229]">nsar_searchBestFreeSlot</a>
 <LI><a href="#[2ae]">nsar_updateBestFreeSlot</a>
 <LI><a href="#[227]">nsar_updateSlotListEntry</a>
 <LI><a href="#[23d]">swap_u16</a>
 <LI><a href="#[1a0]">PM_Check_And_Set</a>
 <LI><a href="#[2a2]">wait_for_aes_ready</a>
 <LI><a href="#[22a]">addr_u32_from_u8</a>
 <LI><a href="#[22c]">le2ByteToInt16</a>
 <LI><a href="#[22b]">le4ByteToInt32</a>
 <LI><a href="#[17b]">LL_Set_DirectAddress</a>
 <LI><a href="#[18c]">addr_u32_from_u8</a>
 <LI><a href="#[185]">int32ToLe4Byte</a>
 <LI><a href="#[22d]">le4ByteToInt32</a>
 <LI><a href="#[182]">wait_for_prescheduled_slot_cancellation</a>
 <LI><a href="#[187]">convert_power</a>
 <LI><a href="#[2e2]">swap_u16</a>
 <LI><a href="#[2e1]">swap_u32</a>
 <LI><a href="#[2e0]">swap_u8</a>
 <LI><a href="#[ef]">Erase_Sector</a>
 <LI><a href="#[1c9]">Write_Client_Data</a>
 <LI><a href="#[209]">int32ToLe4Byte</a>
 <LI><a href="#[1c0]">sdb_delete</a>
 <LI><a href="#[1ca]">sdb_find_client_data</a>
 <LI><a href="#[208]">sdb_get_gatt_db_start_address</a>
 <LI><a href="#[1c1]">sdb_invalidate_record</a>
 <LI><a href="#[1bf]">sdb_read_record</a>
 <LI><a href="#[1be]">sdb_read_record_validity</a>
 <LI><a href="#[1c2]">sdb_write_record</a>
 <LI><a href="#[2c6]">int32ToLe4Byte</a>
 <LI><a href="#[2d3]">smp_Build_AuthReq_Field</a>
 <LI><a href="#[2d7]">smp_Build_Pairing_ReqResp_Packet</a>
 <LI><a href="#[2d2]">smp_Check_Incoming_Pairing_Parameters</a>
 <LI><a href="#[2b9]">smp_Determine_Key_Association_Method</a>
 <LI><a href="#[1d6]">smp_Execute_Actions_wrt_Current_State</a>
 <LI><a href="#[1d1]">smp_Get_Long_Term_Key</a>
 <LI><a href="#[2d6]">smp_Get_Pairing_Parameters_From_Peer_Packet</a>
 <LI><a href="#[2bd]">smp_Keys_Distribution_Send</a>
 <LI><a href="#[2c5]">smp_LP_SR_Compute_c1_Confirm_Value</a>
 <LI><a href="#[1d7]">smp_Process_Rx_Packet_wrt_Current_State</a>
 <LI><a href="#[2ce]">smp_Set_Key_Association_Method</a>
 <LI><a href="#[2ca]">smp____SR_PairingConfirm_Receive</a>
 <LI><a href="#[2cb]">smp____SR_PairingRandom_Receive</a>
 <LI><a href="#[2c9]">smp____SR_PairingRequest_Receive</a>
 <LI><a href="#[1de]">SMP_connection_complete_handler</a>
 <LI><a href="#[223]">aci_gap_authorization_req_event_push</a>
 <LI><a href="#[1db]">aci_gap_pairing_complete_event_push</a>
 <LI><a href="#[1dd]">smp_Keys_Distribution_Complete</a>
 <LI><a href="#[1df]">smp_flush_rx_queues</a>
 <LI><a href="#[2d9]">smp_pairing_process_abort</a>
 <LI><a href="#[1dc]">smp_update_statistics_on_pairing_complete</a>
 <LI><a href="#[83]">ATT_fill_type_val_entry</a>
 <LI><a href="#[85]">ATT_validate_prepare_req</a>
 <LI><a href="#[100]">Pm_Resize_Host_Acl_Pckt</a>
 <LI><a href="#[fb]">aci_gatt_attribute_modified_event_push</a>
 <LI><a href="#[1bc]">aci_gatt_read_multi_permit_req_event_push</a>
 <LI><a href="#[1ba]">aci_gatt_read_permit_req_event_push</a>
 <LI><a href="#[20a]">aci_gatt_write_permit_req_event_push</a>
 <LI><a href="#[1e4]">sma_Calculate_Hash</a>
 <LI><a href="#[2b7]">sma_generate_subkeys</a>
 <LI><a href="#[2b8]">sma_left_shift</a>
</UL>
</UL>
<P>
<H3>
Mutually Recursive functions
</H3> <LI><a href="#[8]">HardFault_Handler</a>&nbsp;&nbsp;&nbsp;&rArr;&nbsp;&nbsp;&nbsp;<a href="#[8]">HardFault_Handler</a><BR>
</UL>
<P>
<H3>
Function Pointers
</H3><UL>
 <LI><a href="#[12]">ADC_Handler</a> from system_bluenrg1.o(i.ADC_Handler) referenced from system_bluenrg1.o(.intvec)
 <LI><a href="#[10]">Blue_Handler</a> from bluenrg1_it.o(i.Blue_Handler) referenced from system_bluenrg1.o(.intvec)
 <LI><a href="#[1b]">DMA_Handler</a> from system_bluenrg1.o(i.DMA_Handler) referenced from system_bluenrg1.o(.intvec)
 <LI><a href="#[c]">GPIO_Handler</a> from bluenrg1_it.o(i.GPIO_Handler) referenced from system_bluenrg1.o(.intvec)
 <LI><a href="#[8]">HardFault_Handler</a> from bluenrg1_it.o(i.HardFault_Handler) referenced from system_bluenrg1.o(.intvec)
 <LI><a href="#[14]">I2C1_Handler</a> from system_bluenrg1.o(i.I2C1_Handler) referenced from system_bluenrg1.o(.intvec)
 <LI><a href="#[13]">I2C2_Handler</a> from system_bluenrg1.o(i.I2C2_Handler) referenced from system_bluenrg1.o(.intvec)
 <LI><a href="#[15]">MFT1A_Handler</a> from system_bluenrg1.o(i.MFT1A_Handler) referenced from system_bluenrg1.o(.intvec)
 <LI><a href="#[16]">MFT1B_Handler</a> from system_bluenrg1.o(i.MFT1B_Handler) referenced from system_bluenrg1.o(.intvec)
 <LI><a href="#[17]">MFT2A_Handler</a> from system_bluenrg1.o(i.MFT2A_Handler) referenced from system_bluenrg1.o(.intvec)
 <LI><a href="#[18]">MFT2B_Handler</a> from system_bluenrg1.o(i.MFT2B_Handler) referenced from system_bluenrg1.o(.intvec)
 <LI><a href="#[7]">NMI_Handler</a> from bluenrg1_it.o(i.NMI_Handler) referenced from system_bluenrg1.o(.intvec)
 <LI><a href="#[d]">NVM_Handler</a> from system_bluenrg1.o(i.NVM_Handler) referenced from system_bluenrg1.o(.intvec)
 <LI><a href="#[1a]">PKA_Handler</a> from system_bluenrg1.o(i.PKA_Handler) referenced from system_bluenrg1.o(.intvec)
 <LI><a href="#[a]">PendSV_Handler</a> from system_bluenrg1.o(i.PendSV_Handler) referenced from system_bluenrg1.o(.intvec)
 <LI><a href="#[6]">RESET_HANDLER</a> from system_bluenrg1.o(i.RESET_HANDLER) referenced from system_bluenrg1.o(.intvec)
 <LI><a href="#[19]">RTC_Handler</a> from system_bluenrg1.o(i.RTC_Handler) referenced from system_bluenrg1.o(.intvec)
 <LI><a href="#[f]">SPI_Handler</a> from system_bluenrg1.o(i.SPI_Handler) referenced from system_bluenrg1.o(.intvec)
 <LI><a href="#[9]">SVC_Handler</a> from bluenrg1_it.o(i.SVC_Handler) referenced from system_bluenrg1.o(.intvec)
 <LI><a href="#[b]">SysTick_Handler</a> from bluenrg1_it.o(i.SysTick_Handler) referenced from system_bluenrg1.o(.intvec)
 <LI><a href="#[e]">UART_Handler</a> from bluenrg1_it.o(i.UART_Handler) referenced from system_bluenrg1.o(.intvec)
 <LI><a href="#[11]">WDG_Handler</a> from system_bluenrg1.o(i.WDG_Handler) referenced from system_bluenrg1.o(.intvec)
 <LI><a href="#[42]">cb_aci_att_exchange_mtu_resp_event</a> from aci_events.o(i.cb_aci_att_exchange_mtu_resp_event) referenced from aci_events.o(.constdata)
 <LI><a href="#[4c]">cb_aci_att_exec_write_resp_event</a> from aci_events.o(i.cb_aci_att_exec_write_resp_event) referenced from aci_events.o(.constdata)
 <LI><a href="#[44]">cb_aci_att_find_by_type_value_resp_event</a> from aci_events.o(i.cb_aci_att_find_by_type_value_resp_event) referenced from aci_events.o(.constdata)
 <LI><a href="#[43]">cb_aci_att_find_info_resp_event</a> from aci_events.o(i.cb_aci_att_find_info_resp_event) referenced from aci_events.o(.constdata)
 <LI><a href="#[4b]">cb_aci_att_prepare_write_resp_event</a> from aci_events.o(i.cb_aci_att_prepare_write_resp_event) referenced from aci_events.o(.constdata)
 <LI><a href="#[47]">cb_aci_att_read_blob_resp_event</a> from aci_events.o(i.cb_aci_att_read_blob_resp_event) referenced from aci_events.o(.constdata)
 <LI><a href="#[49]">cb_aci_att_read_by_group_type_resp_event</a> from aci_events.o(i.cb_aci_att_read_by_group_type_resp_event) referenced from aci_events.o(.constdata)
 <LI><a href="#[45]">cb_aci_att_read_by_type_resp_event</a> from aci_events.o(i.cb_aci_att_read_by_type_resp_event) referenced from aci_events.o(.constdata)
 <LI><a href="#[48]">cb_aci_att_read_multiple_resp_event</a> from aci_events.o(i.cb_aci_att_read_multiple_resp_event) referenced from aci_events.o(.constdata)
 <LI><a href="#[46]">cb_aci_att_read_resp_event</a> from aci_events.o(i.cb_aci_att_read_resp_event) referenced from aci_events.o(.constdata)
 <LI><a href="#[4a]">cb_aci_att_write_resp_event</a> from aci_events.o(i.cb_aci_att_write_resp_event) referenced from aci_events.o(.constdata)
 <LI><a href="#[38]">cb_aci_gap_addr_not_resolved_event</a> from aci_events.o(i.cb_aci_gap_addr_not_resolved_event) referenced from aci_events.o(.constdata)
 <LI><a href="#[33]">cb_aci_gap_authorization_req_event</a> from aci_events.o(i.cb_aci_gap_authorization_req_event) referenced from aci_events.o(.constdata)
 <LI><a href="#[35]">cb_aci_gap_bond_lost_event</a> from aci_events.o(i.cb_aci_gap_bond_lost_event) referenced from aci_events.o(.constdata)
 <LI><a href="#[36]">cb_aci_gap_device_found_event</a> from aci_events.o(i.cb_aci_gap_device_found_event) referenced from aci_events.o(.constdata)
 <LI><a href="#[3a]">cb_aci_gap_keypress_notification_event</a> from aci_events.o(i.cb_aci_gap_keypress_notification_event) referenced from aci_events.o(.constdata)
 <LI><a href="#[30]">cb_aci_gap_limited_discoverable_event</a> from aci_events.o(i.cb_aci_gap_limited_discoverable_event) referenced from aci_events.o(.constdata)
 <LI><a href="#[39]">cb_aci_gap_numeric_comparison_value_event</a> from aci_events.o(i.cb_aci_gap_numeric_comparison_value_event) referenced from aci_events.o(.constdata)
 <LI><a href="#[31]">cb_aci_gap_pairing_complete_event</a> from aci_events.o(i.cb_aci_gap_pairing_complete_event) referenced from aci_events.o(.constdata)
 <LI><a href="#[32]">cb_aci_gap_pass_key_req_event</a> from aci_events.o(i.cb_aci_gap_pass_key_req_event) referenced from aci_events.o(.constdata)
 <LI><a href="#[37]">cb_aci_gap_proc_complete_event</a> from aci_events.o(i.cb_aci_gap_proc_complete_event) referenced from aci_events.o(.constdata)
 <LI><a href="#[34]">cb_aci_gap_slave_security_initiated_event</a> from aci_events.o(i.cb_aci_gap_slave_security_initiated_event) referenced from aci_events.o(.constdata)
 <LI><a href="#[40]">cb_aci_gatt_attribute_modified_event</a> from aci_events.o(i.cb_aci_gatt_attribute_modified_event) referenced from aci_events.o(.constdata)
 <LI><a href="#[51]">cb_aci_gatt_disc_read_char_by_uuid_resp_event</a> from aci_events.o(i.cb_aci_gatt_disc_read_char_by_uuid_resp_event) referenced from aci_events.o(.constdata)
 <LI><a href="#[50]">cb_aci_gatt_error_resp_event</a> from aci_events.o(i.cb_aci_gatt_error_resp_event) referenced from aci_events.o(.constdata)
 <LI><a href="#[4d]">cb_aci_gatt_indication_event</a> from aci_events.o(i.cb_aci_gatt_indication_event) referenced from aci_events.o(.constdata)
 <LI><a href="#[4e]">cb_aci_gatt_notification_event</a> from aci_events.o(i.cb_aci_gatt_notification_event) referenced from aci_events.o(.constdata)
 <LI><a href="#[53]">cb_aci_gatt_prepare_write_permit_req_event</a> from aci_events.o(i.cb_aci_gatt_prepare_write_permit_req_event) referenced from aci_events.o(.constdata)
 <LI><a href="#[4f]">cb_aci_gatt_proc_complete_event</a> from aci_events.o(i.cb_aci_gatt_proc_complete_event) referenced from aci_events.o(.constdata)
 <LI><a href="#[41]">cb_aci_gatt_proc_timeout_event</a> from aci_events.o(i.cb_aci_gatt_proc_timeout_event) referenced from aci_events.o(.constdata)
 <LI><a href="#[55]">cb_aci_gatt_read_multi_permit_req_event</a> from aci_events.o(i.cb_aci_gatt_read_multi_permit_req_event) referenced from aci_events.o(.constdata)
 <LI><a href="#[54]">cb_aci_gatt_read_permit_req_event</a> from aci_events.o(i.cb_aci_gatt_read_permit_req_event) referenced from aci_events.o(.constdata)
 <LI><a href="#[57]">cb_aci_gatt_server_confirmation_event</a> from aci_events.o(i.cb_aci_gatt_server_confirmation_event) referenced from aci_events.o(.constdata)
 <LI><a href="#[56]">cb_aci_gatt_tx_pool_available_event</a> from aci_events.o(i.cb_aci_gatt_tx_pool_available_event) referenced from aci_events.o(.constdata)
 <LI><a href="#[52]">cb_aci_gatt_write_permit_req_event</a> from aci_events.o(i.cb_aci_gatt_write_permit_req_event) referenced from aci_events.o(.constdata)
 <LI><a href="#[3f]">cb_aci_hal_fw_error_event</a> from aci_events.o(i.cb_aci_hal_fw_error_event) referenced from aci_events.o(.constdata)
 <LI><a href="#[2d]">cb_aci_hal_scan_req_report_event</a> from aci_events.o(i.cb_aci_hal_scan_req_report_event) referenced from aci_events.o(.constdata)
 <LI><a href="#[3e]">cb_aci_l2cap_command_reject_event</a> from aci_events.o(i.cb_aci_l2cap_command_reject_event) referenced from aci_events.o(.constdata)
 <LI><a href="#[3d]">cb_aci_l2cap_connection_update_req_event</a> from aci_events.o(i.cb_aci_l2cap_connection_update_req_event) referenced from aci_events.o(.constdata)
 <LI><a href="#[3b]">cb_aci_l2cap_connection_update_resp_event</a> from aci_events.o(i.cb_aci_l2cap_connection_update_resp_event) referenced from aci_events.o(.constdata)
 <LI><a href="#[3c]">cb_aci_l2cap_proc_timeout_event</a> from aci_events.o(i.cb_aci_l2cap_proc_timeout_event) referenced from aci_events.o(.constdata)
 <LI><a href="#[29]">cb_hci_data_buffer_overflow_event</a> from aci_events.o(i.cb_hci_data_buffer_overflow_event) referenced from aci_events.o(.constdata)
 <LI><a href="#[1e]">cb_hci_disconnection_complete_event</a> from aci_events.o(i.cb_hci_disconnection_complete_event) referenced from aci_events.o(.constdata)
 <LI><a href="#[1f]">cb_hci_encryption_change_event</a> from aci_events.o(i.cb_hci_encryption_change_event) referenced from aci_events.o(.constdata)
 <LI><a href="#[20]">cb_hci_encryption_key_refresh_complete_event</a> from aci_events.o(i.cb_hci_encryption_key_refresh_complete_event) referenced from aci_events.o(.constdata)
 <LI><a href="#[23]">cb_hci_le_advertising_report_event</a> from aci_events.o(i.cb_hci_le_advertising_report_event) referenced from aci_events.o(.constdata)
 <LI><a href="#[21]">cb_hci_le_connection_complete_event</a> from aci_events.o(i.cb_hci_le_connection_complete_event) referenced from aci_events.o(.constdata)
 <LI><a href="#[2b]">cb_hci_le_connection_update_complete_event</a> from aci_events.o(i.cb_hci_le_connection_update_complete_event) referenced from aci_events.o(.constdata)
 <LI><a href="#[24]">cb_hci_le_data_length_change_event</a> from aci_events.o(i.cb_hci_le_data_length_change_event) referenced from aci_events.o(.constdata)
 <LI><a href="#[28]">cb_hci_le_direct_advertising_report_event</a> from aci_events.o(i.cb_hci_le_direct_advertising_report_event) referenced from aci_events.o(.constdata)
 <LI><a href="#[27]">cb_hci_le_enhanced_connection_complete_event</a> from aci_events.o(i.cb_hci_le_enhanced_connection_complete_event) referenced from aci_events.o(.constdata)
 <LI><a href="#[26]">cb_hci_le_generate_dhkey_complete_event</a> from aci_events.o(i.cb_hci_le_generate_dhkey_complete_event) referenced from aci_events.o(.constdata)
 <LI><a href="#[22]">cb_hci_le_long_term_key_request_event</a> from aci_events.o(i.cb_hci_le_long_term_key_request_event) referenced from aci_events.o(.constdata)
 <LI><a href="#[25]">cb_hci_le_read_local_p256_public_key_complete_event</a> from aci_events.o(i.cb_hci_le_read_local_p256_public_key_complete_event) referenced from aci_events.o(.constdata)
 <LI><a href="#[2c]">cb_hci_le_read_remote_used_features_complete_event</a> from aci_events.o(i.cb_hci_le_read_remote_used_features_complete_event) referenced from aci_events.o(.constdata)
 <LI><a href="#[2e]">cb_hci_number_of_completed_packets_event</a> from aci_events.o(i.cb_hci_number_of_completed_packets_event) referenced from aci_events.o(.constdata)
 <LI><a href="#[2a]">cb_hci_read_remote_version_information_complete_event</a> from aci_events.o(i.cb_hci_read_remote_version_information_complete_event) referenced from aci_events.o(.constdata)
 <LI><a href="#[2f]">cb_hci_rx_acl_data_event</a> from aci_events.o(i.cb_hci_rx_acl_data_event) referenced from aci_events.o(.constdata)
 <LI><a href="#[1d]">fputc</a> from sdk_eval_com.o(i.fputc) referenced from printf8.o(i.__0printf$8)
 <LI><a href="#[59]">int_cb_hci_acl_data_ind_event</a> from acl.o(i.int_cb_hci_acl_data_ind_event) referenced from aci_events.o(.constdata)
 <LI><a href="#[58]">int_cb_hci_acl_data_tx_cmpl_event</a> from acl.o(i.int_cb_hci_acl_data_tx_cmpl_event) referenced from aci_events.o(.constdata)
 <LI><a href="#[5a]">int_cb_hci_disconnection_complete_event</a> from aci_events.o(i.int_cb_hci_disconnection_complete_event) referenced from aci_events.o(.constdata)
 <LI><a href="#[5b]">int_cb_hci_encryption_change_event</a> from aci_events.o(i.int_cb_hci_encryption_change_event) referenced from aci_events.o(.constdata)
 <LI><a href="#[5c]">int_cb_hci_encryption_key_refresh_complete_event</a> from aci_events.o(i.int_cb_hci_encryption_key_refresh_complete_event) referenced from aci_events.o(.constdata)
 <LI><a href="#[5f]">int_cb_hci_le_advertising_report_event</a> from aci_events.o(i.int_cb_hci_le_advertising_report_event) referenced from aci_events.o(.constdata)
 <LI><a href="#[5d]">int_cb_hci_le_connection_complete_event</a> from aci_events.o(i.int_cb_hci_le_connection_complete_event) referenced from aci_events.o(.constdata)
 <LI><a href="#[60]">int_cb_hci_le_data_length_change_event</a> from aci_events.o(i.int_cb_hci_le_data_length_change_event) referenced from aci_events.o(.constdata)
 <LI><a href="#[64]">int_cb_hci_le_direct_advertising_report_event</a> from aci_events.o(i.int_cb_hci_le_direct_advertising_report_event) referenced from aci_events.o(.constdata)
 <LI><a href="#[63]">int_cb_hci_le_enhanced_connection_complete_event</a> from aci_events.o(i.int_cb_hci_le_enhanced_connection_complete_event) referenced from aci_events.o(.constdata)
 <LI><a href="#[62]">int_cb_hci_le_generate_dhkey_complete_event</a> from aci_events.o(i.int_cb_hci_le_generate_dhkey_complete_event) referenced from aci_events.o(.constdata)
 <LI><a href="#[5e]">int_cb_hci_le_long_term_key_request_event</a> from aci_events.o(i.int_cb_hci_le_long_term_key_request_event) referenced from aci_events.o(.constdata)
 <LI><a href="#[61]">int_cb_hci_le_read_local_p256_public_key_complete_event</a> from aci_events.o(i.int_cb_hci_le_read_local_p256_public_key_complete_event) referenced from aci_events.o(.constdata)
 <LI><a href="#[2]">isr_advertise_state</a> from ll_isr.o(i.isr_advertise_state) referenced 2 times from ll_isr.o(.data)
 <LI><a href="#[3]">isr_connect_slave_state</a> from ll_isr.o(i.isr_connect_slave_state) referenced 2 times from ll_isr.o(.data)
 <LI><a href="#[5]">isr_test_rx_state</a> from ll_isr.o(i.isr_test_rx_state) referenced 2 times from ll_isr.o(.data)
 <LI><a href="#[4]">isr_test_tx_state</a> from ll_isr.o(i.isr_test_tx_state) referenced 2 times from ll_isr.o(.data)
 <LI><a href="#[1]">isr_unknown_state</a> from ll_isr.o(i.isr_unknown_state) referenced 8 times from ll_isr.o(.data)
 <LI><a href="#[1c]">main</a> from ble_beacon_main.o(i.main) referenced from entry9a.o(.ARM.Collect$$$$0000000B)
</UL>
<P>
<H3>
Global Symbols
</H3>
<P><STRONG><a name="[b8]"></a>CS_contextSave</STRONG> (Thumb, 82 bytes, Stack size 0 bytes, context_switch.o(. text))
<BR><BR>[Called By]<UL><LI><a href="#[b5]">&gt;&gt;</a>&nbsp;&nbsp;&nbsp;BlueNRG_InternalSleep
</UL>

<P><STRONG><a name="[214]"></a>CS_contextRestore</STRONG> (Thumb, 42 bytes, Stack size 0 bytes, context_switch.o(. text))
<BR><BR>[Called By]<UL><LI><a href="#[1b9]">&gt;&gt;</a>&nbsp;&nbsp;&nbsp;__low_level_init
</UL>

<P><STRONG><a name="[65]"></a>__main</STRONG> (Thumb, 0 bytes, Stack size unknown bytes, entry.o(.ARM.Collect$$$$00000000))
<BR><BR>[Called By]<UL><LI><a href="#[6]">&gt;&gt;</a>&nbsp;&nbsp;&nbsp;RESET_HANDLER
</UL>

<P><STRONG><a name="[2e4]"></a>_main_stk</STRONG> (Thumb, 0 bytes, Stack size unknown bytes, entry3.o(.ARM.Collect$$$$00000002))

<P><STRONG><a name="[66]"></a>_main_scatterload</STRONG> (Thumb, 0 bytes, Stack size unknown bytes, entry5.o(.ARM.Collect$$$$00000004))
<BR><BR>[Calls]<UL><LI><a href="#[67]">&gt;&gt;</a>&nbsp;&nbsp;&nbsp;__scatterload
</UL>

<P><STRONG><a name="[7f]"></a>__main_after_scatterload</STRONG> (Thumb, 0 bytes, Stack size unknown bytes, entry5.o(.ARM.Collect$$$$00000004))
<BR><BR>[Called By]<UL><LI><a href="#[67]">&gt;&gt;</a>&nbsp;&nbsp;&nbsp;__scatterload
</UL>

<P><STRONG><a name="[2e5]"></a>_main_clock</STRONG> (Thumb, 0 bytes, Stack size unknown bytes, entry7b.o(.ARM.Collect$$$$00000008))

<P><STRONG><a name="[2e6]"></a>_main_cpp_init</STRONG> (Thumb, 0 bytes, Stack size unknown bytes, entry8b.o(.ARM.Collect$$$$0000000A))

<P><STRONG><a name="[2e7]"></a>_main_init</STRONG> (Thumb, 0 bytes, Stack size unknown bytes, entry9a.o(.ARM.Collect$$$$0000000B))

<P><STRONG><a name="[2e8]"></a>__rt_final_cpp</STRONG> (Thumb, 0 bytes, Stack size unknown bytes, entry10a.o(.ARM.Collect$$$$0000000D))

<P><STRONG><a name="[2e9]"></a>__rt_final_exit</STRONG> (Thumb, 0 bytes, Stack size unknown bytes, entry11a.o(.ARM.Collect$$$$0000000F))

<P><STRONG><a name="[2ea]"></a>__aeabi_uidiv</STRONG> (Thumb, 0 bytes, Stack size 12 bytes, uidiv.o(.text), UNUSED)

<P><STRONG><a name="[143]"></a>__aeabi_uidivmod</STRONG> (Thumb, 44 bytes, Stack size 12 bytes, uidiv.o(.text))
<BR><BR>[Stack]<UL><LI>Max Depth = 12<LI>Call Chain = __aeabi_uidivmod
</UL>
<BR>[Called By]<UL><LI><a href="#[1ed]">&gt;&gt;</a>&nbsp;&nbsp;&nbsp;UART_Init
<LI><a href="#[1e8]">&gt;&gt;</a>&nbsp;&nbsp;&nbsp;SPI_SetBaudrate
<LI><a href="#[b3]">&gt;&gt;</a>&nbsp;&nbsp;&nbsp;Gatt_Process_Q
<LI><a href="#[226]">&gt;&gt;</a>&nbsp;&nbsp;&nbsp;adapt_slot
</UL>

<P><STRONG><a name="[2eb]"></a>____aeabi_memcpy8$ret$move</STRONG> (Thumb, 0 bytes, Stack size 8 bytes, memmove.o(.text), UNUSED)

<P><STRONG><a name="[2ec]"></a>___aeabi_memmove$ret</STRONG> (Thumb, 0 bytes, Stack size 8 bytes, memmove.o(.text), UNUSED)

<P><STRONG><a name="[2ed]"></a>___aeabi_memmove8$ret</STRONG> (Thumb, 0 bytes, Stack size 8 bytes, memmove.o(.text), UNUSED)

<P><STRONG><a name="[135]"></a>__aeabi_memcpy</STRONG> (Thumb, 66 bytes, Stack size 8 bytes, memmove.o(.text))
<BR><BR>[Stack]<UL><LI>Max Depth = 8<LI>Call Chain = __aeabi_memcpy
</UL>
<BR>[Called By]<UL><LI><a href="#[10c]">&gt;&gt;</a>&nbsp;&nbsp;&nbsp;Gatt_Add_Service
<LI><a href="#[10d]">&gt;&gt;</a>&nbsp;&nbsp;&nbsp;Gatt_Add_Characteristic
<LI><a href="#[2a9]">&gt;&gt;</a>&nbsp;&nbsp;&nbsp;send_data
</UL>

<P><STRONG><a name="[e6]"></a>__aeabi_memcpy4</STRONG> (Thumb, 0 bytes, Stack size 8 bytes, memmove.o(.text))
<BR><BR>[Stack]<UL><LI>Max Depth = 8<LI>Call Chain = __aeabi_memcpy4
</UL>
<BR>[Called By]<UL><LI><a href="#[b9]">&gt;&gt;</a>&nbsp;&nbsp;&nbsp;DeviceConfiguration
<LI><a href="#[1fa]">&gt;&gt;</a>&nbsp;&nbsp;&nbsp;Start_Beaconing
<LI><a href="#[2d1]">&gt;&gt;</a>&nbsp;&nbsp;&nbsp;smp_add_pairing_record_to_bonding_database
<LI><a href="#[2b9]">&gt;&gt;</a>&nbsp;&nbsp;&nbsp;smp_Determine_Key_Association_Method
</UL>

<P><STRONG><a name="[194]"></a>__aeabi_memmove4</STRONG> (Thumb, 0 bytes, Stack size 8 bytes, memmove.o(.text))
<BR><BR>[Stack]<UL><LI>Max Depth = 8<LI>Call Chain = __aeabi_memmove4
</UL>
<BR>[Called By]<UL><LI><a href="#[193]">&gt;&gt;</a>&nbsp;&nbsp;&nbsp;Mem_Buff_Block_Copy
<LI><a href="#[195]">&gt;&gt;</a>&nbsp;&nbsp;&nbsp;Mem_Buff_Block_Write
</UL>

<P><STRONG><a name="[19c]"></a>memcpy</STRONG> (Thumb, 0 bytes, Stack size 8 bytes, memmove.o(.text))
<BR><BR>[Stack]<UL><LI>Max Depth = 8<LI>Call Chain = memcpy
</UL>
<BR>[Called By]<UL><LI><a href="#[82]">&gt;&gt;</a>&nbsp;&nbsp;&nbsp;Osal_MemCpy
</UL>

<P><STRONG><a name="[2ee]"></a>memmove</STRONG> (Thumb, 0 bytes, Stack size 8 bytes, memmove.o(.text), UNUSED)

<P><STRONG><a name="[69]"></a>__aeabi_memset</STRONG> (Thumb, 14 bytes, Stack size 0 bytes, memseta.o(.text))
<BR><BR>[Called By]<UL><LI><a href="#[6a]">&gt;&gt;</a>&nbsp;&nbsp;&nbsp;memset
<LI><a href="#[68]">&gt;&gt;</a>&nbsp;&nbsp;&nbsp;__aeabi_memclr
</UL>

<P><STRONG><a name="[2ef]"></a>__aeabi_memset4</STRONG> (Thumb, 0 bytes, Stack size 0 bytes, memseta.o(.text), UNUSED)

<P><STRONG><a name="[2f0]"></a>__aeabi_memset8</STRONG> (Thumb, 0 bytes, Stack size 0 bytes, memseta.o(.text), UNUSED)

<P><STRONG><a name="[68]"></a>__aeabi_memclr</STRONG> (Thumb, 4 bytes, Stack size 0 bytes, memseta.o(.text))
<BR><BR>[Calls]<UL><LI><a href="#[69]">&gt;&gt;</a>&nbsp;&nbsp;&nbsp;__aeabi_memset
</UL>
<BR>[Called By]<UL><LI><a href="#[9f]">&gt;&gt;</a>&nbsp;&nbsp;&nbsp;Attribute_Modified_CB
</UL>

<P><STRONG><a name="[21b]"></a>__aeabi_memclr4</STRONG> (Thumb, 0 bytes, Stack size 0 bytes, memseta.o(.text))
<BR><BR>[Called By]<UL><LI><a href="#[124]">&gt;&gt;</a>&nbsp;&nbsp;&nbsp;_gap_set_discoverable_connectable
</UL>

<P><STRONG><a name="[2f1]"></a>__aeabi_memclr8</STRONG> (Thumb, 0 bytes, Stack size 0 bytes, memseta.o(.text), UNUSED)

<P><STRONG><a name="[6a]"></a>memset</STRONG> (Thumb, 18 bytes, Stack size 8 bytes, memseta.o(.text))
<BR><BR>[Stack]<UL><LI>Max Depth = 8<LI>Call Chain = memset
</UL>
<BR>[Calls]<UL><LI><a href="#[69]">&gt;&gt;</a>&nbsp;&nbsp;&nbsp;__aeabi_memset
</UL>
<BR>[Called By]<UL><LI><a href="#[f5]">&gt;&gt;</a>&nbsp;&nbsp;&nbsp;Osal_MemSet
</UL>

<P><STRONG><a name="[a1]"></a>strcmp</STRONG> (Thumb, 28 bytes, Stack size 8 bytes, strcmp.o(.text))
<BR><BR>[Stack]<UL><LI>Max Depth = 8<LI>Call Chain = strcmp
</UL>
<BR>[Called By]<UL><LI><a href="#[9f]">&gt;&gt;</a>&nbsp;&nbsp;&nbsp;Attribute_Modified_CB
</UL>

<P><STRONG><a name="[19b]"></a>memcmp</STRONG> (Thumb, 26 bytes, Stack size 12 bytes, memcmp.o(.text))
<BR><BR>[Stack]<UL><LI>Max Depth = 12<LI>Call Chain = memcmp
</UL>
<BR>[Called By]<UL><LI><a href="#[8a]">&gt;&gt;</a>&nbsp;&nbsp;&nbsp;Osal_MemCmp
</UL>

<P><STRONG><a name="[17d]"></a>__aeabi_uread4</STRONG> (Thumb, 20 bytes, Stack size 0 bytes, uread4.o(.text))
<BR><BR>[Called By]<UL><LI><a href="#[1c9]">&gt;&gt;</a>&nbsp;&nbsp;&nbsp;Write_Client_Data
<LI><a href="#[177]">&gt;&gt;</a>&nbsp;&nbsp;&nbsp;LL_Check_And_Set_Addresses
</UL>

<P><STRONG><a name="[2f2]"></a>__rt_uread4</STRONG> (Thumb, 0 bytes, Stack size 0 bytes, uread4.o(.text), UNUSED)

<P><STRONG><a name="[2f3]"></a>_uread4</STRONG> (Thumb, 0 bytes, Stack size 0 bytes, uread4.o(.text), UNUSED)

<P><STRONG><a name="[6b]"></a>__aeabi_fadd</STRONG> (Thumb, 162 bytes, Stack size 24 bytes, fadd.o(.text))
<BR><BR>[Stack]<UL><LI>Max Depth = 36<LI>Call Chain = __aeabi_fadd &rArr; _float_epilogue
</UL>
<BR>[Calls]<UL><LI><a href="#[6d]">&gt;&gt;</a>&nbsp;&nbsp;&nbsp;_float_round
<LI><a href="#[6c]">&gt;&gt;</a>&nbsp;&nbsp;&nbsp;_float_epilogue
</UL>
<BR>[Called By]<UL><LI><a href="#[6e]">&gt;&gt;</a>&nbsp;&nbsp;&nbsp;__aeabi_fsub
<LI><a href="#[6f]">&gt;&gt;</a>&nbsp;&nbsp;&nbsp;__aeabi_frsub
</UL>

<P><STRONG><a name="[6e]"></a>__aeabi_fsub</STRONG> (Thumb, 8 bytes, Stack size 0 bytes, fadd.o(.text))
<BR><BR>[Stack]<UL><LI>Max Depth = 36<LI>Call Chain = __aeabi_fsub &rArr; __aeabi_fadd &rArr; _float_epilogue
</UL>
<BR>[Calls]<UL><LI><a href="#[6b]">&gt;&gt;</a>&nbsp;&nbsp;&nbsp;__aeabi_fadd
</UL>
<BR>[Called By]<UL><LI><a href="#[a6]">&gt;&gt;</a>&nbsp;&nbsp;&nbsp;ch_no
</UL>

<P><STRONG><a name="[6f]"></a>__aeabi_frsub</STRONG> (Thumb, 8 bytes, Stack size 0 bytes, fadd.o(.text), UNUSED)
<BR><BR>[Calls]<UL><LI><a href="#[6b]">&gt;&gt;</a>&nbsp;&nbsp;&nbsp;__aeabi_fadd
</UL>

<P><STRONG><a name="[278]"></a>__aeabi_fmul</STRONG> (Thumb, 122 bytes, Stack size 16 bytes, fmul.o(.text))
<BR><BR>[Stack]<UL><LI>Max Depth = 16<LI>Call Chain = __aeabi_fmul
</UL>
<BR>[Called By]<UL><LI><a href="#[a6]">&gt;&gt;</a>&nbsp;&nbsp;&nbsp;ch_no
</UL>

<P><STRONG><a name="[70]"></a>__aeabi_dadd</STRONG> (Thumb, 328 bytes, Stack size 48 bytes, dadd.o(.text))
<BR><BR>[Stack]<UL><LI>Max Depth = 104<LI>Call Chain = __aeabi_dadd &rArr; _double_epilogue &rArr; __aeabi_llsl
</UL>
<BR>[Calls]<UL><LI><a href="#[72]">&gt;&gt;</a>&nbsp;&nbsp;&nbsp;__aeabi_lasr
<LI><a href="#[71]">&gt;&gt;</a>&nbsp;&nbsp;&nbsp;__aeabi_llsl
<LI><a href="#[74]">&gt;&gt;</a>&nbsp;&nbsp;&nbsp;_double_round
<LI><a href="#[73]">&gt;&gt;</a>&nbsp;&nbsp;&nbsp;_double_epilogue
</UL>
<BR>[Called By]<UL><LI><a href="#[75]">&gt;&gt;</a>&nbsp;&nbsp;&nbsp;__aeabi_dsub
<LI><a href="#[76]">&gt;&gt;</a>&nbsp;&nbsp;&nbsp;__aeabi_drsub
<LI><a href="#[9f]">&gt;&gt;</a>&nbsp;&nbsp;&nbsp;Attribute_Modified_CB
<LI><a href="#[a4]">&gt;&gt;</a>&nbsp;&nbsp;&nbsp;pow
<LI><a href="#[213]">&gt;&gt;</a>&nbsp;&nbsp;&nbsp;__kernel_poly
<LI><a href="#[216]">&gt;&gt;</a>&nbsp;&nbsp;&nbsp;__mathlib_dbl_infnan2
</UL>

<P><STRONG><a name="[75]"></a>__aeabi_dsub</STRONG> (Thumb, 12 bytes, Stack size 8 bytes, dadd.o(.text))
<BR><BR>[Stack]<UL><LI>Max Depth = 112<LI>Call Chain = __aeabi_dsub &rArr; __aeabi_dadd &rArr; _double_epilogue &rArr; __aeabi_llsl
</UL>
<BR>[Calls]<UL><LI><a href="#[70]">&gt;&gt;</a>&nbsp;&nbsp;&nbsp;__aeabi_dadd
</UL>
<BR>[Called By]<UL><LI><a href="#[a4]">&gt;&gt;</a>&nbsp;&nbsp;&nbsp;pow
</UL>

<P><STRONG><a name="[76]"></a>__aeabi_drsub</STRONG> (Thumb, 12 bytes, Stack size 8 bytes, dadd.o(.text))
<BR><BR>[Stack]<UL><LI>Max Depth = 112<LI>Call Chain = __aeabi_drsub &rArr; __aeabi_dadd &rArr; _double_epilogue &rArr; __aeabi_llsl
</UL>
<BR>[Calls]<UL><LI><a href="#[70]">&gt;&gt;</a>&nbsp;&nbsp;&nbsp;__aeabi_dadd
</UL>
<BR>[Called By]<UL><LI><a href="#[a4]">&gt;&gt;</a>&nbsp;&nbsp;&nbsp;pow
</UL>

<P><STRONG><a name="[77]"></a>__aeabi_dmul</STRONG> (Thumb, 202 bytes, Stack size 72 bytes, dmul.o(.text))
<BR><BR>[Stack]<UL><LI>Max Depth = 128<LI>Call Chain = __aeabi_dmul &rArr; _double_epilogue &rArr; __aeabi_llsl
</UL>
<BR>[Calls]<UL><LI><a href="#[73]">&gt;&gt;</a>&nbsp;&nbsp;&nbsp;_double_epilogue
</UL>
<BR>[Called By]<UL><LI><a href="#[9f]">&gt;&gt;</a>&nbsp;&nbsp;&nbsp;Attribute_Modified_CB
<LI><a href="#[a4]">&gt;&gt;</a>&nbsp;&nbsp;&nbsp;pow
<LI><a href="#[213]">&gt;&gt;</a>&nbsp;&nbsp;&nbsp;__kernel_poly
</UL>

<P><STRONG><a name="[78]"></a>__aeabi_ddiv</STRONG> (Thumb, 234 bytes, Stack size 40 bytes, ddiv.o(.text))
<BR><BR>[Stack]<UL><LI>Max Depth = 48<LI>Call Chain = __aeabi_ddiv &rArr; _double_round
</UL>
<BR>[Calls]<UL><LI><a href="#[74]">&gt;&gt;</a>&nbsp;&nbsp;&nbsp;_double_round
</UL>
<BR>[Called By]<UL><LI><a href="#[a4]">&gt;&gt;</a>&nbsp;&nbsp;&nbsp;pow
<LI><a href="#[217]">&gt;&gt;</a>&nbsp;&nbsp;&nbsp;__mathlib_dbl_invalid
<LI><a href="#[215]">&gt;&gt;</a>&nbsp;&nbsp;&nbsp;__mathlib_dbl_divzero
</UL>

<P><STRONG><a name="[219]"></a>__ARM_scalbn</STRONG> (Thumb, 44 bytes, Stack size 16 bytes, dscalb.o(.text))
<BR><BR>[Stack]<UL><LI>Max Depth = 16<LI>Call Chain = __ARM_scalbn
</UL>
<BR>[Called By]<UL><LI><a href="#[a4]">&gt;&gt;</a>&nbsp;&nbsp;&nbsp;pow
<LI><a href="#[21a]">&gt;&gt;</a>&nbsp;&nbsp;&nbsp;__mathlib_dbl_underflow
<LI><a href="#[218]">&gt;&gt;</a>&nbsp;&nbsp;&nbsp;__mathlib_dbl_overflow
</UL>

<P><STRONG><a name="[2f4]"></a>scalbn</STRONG> (Thumb, 0 bytes, Stack size 16 bytes, dscalb.o(.text), UNUSED)

<P><STRONG><a name="[79]"></a>__aeabi_i2d</STRONG> (Thumb, 34 bytes, Stack size 16 bytes, dflti.o(.text))
<BR><BR>[Stack]<UL><LI>Max Depth = 72<LI>Call Chain = __aeabi_i2d &rArr; _double_epilogue &rArr; __aeabi_llsl
</UL>
<BR>[Calls]<UL><LI><a href="#[73]">&gt;&gt;</a>&nbsp;&nbsp;&nbsp;_double_epilogue
</UL>
<BR>[Called By]<UL><LI><a href="#[9f]">&gt;&gt;</a>&nbsp;&nbsp;&nbsp;Attribute_Modified_CB
<LI><a href="#[a4]">&gt;&gt;</a>&nbsp;&nbsp;&nbsp;pow
</UL>

<P><STRONG><a name="[7a]"></a>__aeabi_ui2d</STRONG> (Thumb, 24 bytes, Stack size 16 bytes, dfltui.o(.text))
<BR><BR>[Stack]<UL><LI>Max Depth = 72<LI>Call Chain = __aeabi_ui2d &rArr; _double_epilogue &rArr; __aeabi_llsl
</UL>
<BR>[Calls]<UL><LI><a href="#[73]">&gt;&gt;</a>&nbsp;&nbsp;&nbsp;_double_epilogue
</UL>
<BR>[Called By]<UL><LI><a href="#[9f]">&gt;&gt;</a>&nbsp;&nbsp;&nbsp;Attribute_Modified_CB
</UL>

<P><STRONG><a name="[279]"></a>__aeabi_f2uiz</STRONG> (Thumb, 40 bytes, Stack size 0 bytes, ffixui.o(.text))
<BR><BR>[Called By]<UL><LI><a href="#[a6]">&gt;&gt;</a>&nbsp;&nbsp;&nbsp;ch_no
</UL>

<P><STRONG><a name="[a5]"></a>__aeabi_f2d</STRONG> (Thumb, 40 bytes, Stack size 0 bytes, f2d.o(.text))
<BR><BR>[Called By]<UL><LI><a href="#[9f]">&gt;&gt;</a>&nbsp;&nbsp;&nbsp;Attribute_Modified_CB
</UL>

<P><STRONG><a name="[7b]"></a>__aeabi_d2f</STRONG> (Thumb, 56 bytes, Stack size 8 bytes, d2f.o(.text))
<BR><BR>[Stack]<UL><LI>Max Depth = 8<LI>Call Chain = __aeabi_d2f
</UL>
<BR>[Calls]<UL><LI><a href="#[6d]">&gt;&gt;</a>&nbsp;&nbsp;&nbsp;_float_round
</UL>
<BR>[Called By]<UL><LI><a href="#[9f]">&gt;&gt;</a>&nbsp;&nbsp;&nbsp;Attribute_Modified_CB
</UL>

<P><STRONG><a name="[7c]"></a>__aeabi_uldivmod</STRONG> (Thumb, 96 bytes, Stack size 48 bytes, uldiv.o(.text), UNUSED)
<BR><BR>[Calls]<UL><LI><a href="#[71]">&gt;&gt;</a>&nbsp;&nbsp;&nbsp;__aeabi_llsl
<LI><a href="#[7d]">&gt;&gt;</a>&nbsp;&nbsp;&nbsp;__aeabi_llsr
</UL>
<BR>[Called By]<UL><LI><a href="#[212]">&gt;&gt;</a>&nbsp;&nbsp;&nbsp;_printf_core
</UL>

<P><STRONG><a name="[71]"></a>__aeabi_llsl</STRONG> (Thumb, 32 bytes, Stack size 8 bytes, llshl.o(.text))
<BR><BR>[Stack]<UL><LI>Max Depth = 8<LI>Call Chain = __aeabi_llsl
</UL>
<BR>[Called By]<UL><LI><a href="#[70]">&gt;&gt;</a>&nbsp;&nbsp;&nbsp;__aeabi_dadd
<LI><a href="#[7c]">&gt;&gt;</a>&nbsp;&nbsp;&nbsp;__aeabi_uldivmod
<LI><a href="#[73]">&gt;&gt;</a>&nbsp;&nbsp;&nbsp;_double_epilogue
</UL>

<P><STRONG><a name="[2f5]"></a>_ll_shift_l</STRONG> (Thumb, 0 bytes, Stack size 8 bytes, llshl.o(.text), UNUSED)

<P><STRONG><a name="[72]"></a>__aeabi_lasr</STRONG> (Thumb, 38 bytes, Stack size 8 bytes, llsshr.o(.text))
<BR><BR>[Stack]<UL><LI>Max Depth = 8<LI>Call Chain = __aeabi_lasr
</UL>
<BR>[Called By]<UL><LI><a href="#[70]">&gt;&gt;</a>&nbsp;&nbsp;&nbsp;__aeabi_dadd
</UL>

<P><STRONG><a name="[2f6]"></a>_ll_sshift_r</STRONG> (Thumb, 0 bytes, Stack size 8 bytes, llsshr.o(.text), UNUSED)

<P><STRONG><a name="[2f7]"></a>__I$use$fp</STRONG> (Thumb, 0 bytes, Stack size 0 bytes, iusefp.o(.text), UNUSED)

<P><STRONG><a name="[6d]"></a>_float_round</STRONG> (Thumb, 16 bytes, Stack size 0 bytes, fepilogue.o(.text))
<BR><BR>[Called By]<UL><LI><a href="#[6b]">&gt;&gt;</a>&nbsp;&nbsp;&nbsp;__aeabi_fadd
<LI><a href="#[7b]">&gt;&gt;</a>&nbsp;&nbsp;&nbsp;__aeabi_d2f
</UL>

<P><STRONG><a name="[6c]"></a>_float_epilogue</STRONG> (Thumb, 114 bytes, Stack size 12 bytes, fepilogue.o(.text))
<BR><BR>[Stack]<UL><LI>Max Depth = 12<LI>Call Chain = _float_epilogue
</UL>
<BR>[Called By]<UL><LI><a href="#[6b]">&gt;&gt;</a>&nbsp;&nbsp;&nbsp;__aeabi_fadd
</UL>

<P><STRONG><a name="[74]"></a>_double_round</STRONG> (Thumb, 26 bytes, Stack size 8 bytes, depilogue.o(.text))
<BR><BR>[Stack]<UL><LI>Max Depth = 8<LI>Call Chain = _double_round
</UL>
<BR>[Called By]<UL><LI><a href="#[78]">&gt;&gt;</a>&nbsp;&nbsp;&nbsp;__aeabi_ddiv
<LI><a href="#[70]">&gt;&gt;</a>&nbsp;&nbsp;&nbsp;__aeabi_dadd
<LI><a href="#[80]">&gt;&gt;</a>&nbsp;&nbsp;&nbsp;_dsqrt
<LI><a href="#[73]">&gt;&gt;</a>&nbsp;&nbsp;&nbsp;_double_epilogue
</UL>

<P><STRONG><a name="[73]"></a>_double_epilogue</STRONG> (Thumb, 164 bytes, Stack size 48 bytes, depilogue.o(.text))
<BR><BR>[Stack]<UL><LI>Max Depth = 56<LI>Call Chain = _double_epilogue &rArr; __aeabi_llsl
</UL>
<BR>[Calls]<UL><LI><a href="#[7e]">&gt;&gt;</a>&nbsp;&nbsp;&nbsp;__ARM_clz
<LI><a href="#[71]">&gt;&gt;</a>&nbsp;&nbsp;&nbsp;__aeabi_llsl
<LI><a href="#[74]">&gt;&gt;</a>&nbsp;&nbsp;&nbsp;_double_round
<LI><a href="#[7d]">&gt;&gt;</a>&nbsp;&nbsp;&nbsp;__aeabi_llsr
</UL>
<BR>[Called By]<UL><LI><a href="#[77]">&gt;&gt;</a>&nbsp;&nbsp;&nbsp;__aeabi_dmul
<LI><a href="#[70]">&gt;&gt;</a>&nbsp;&nbsp;&nbsp;__aeabi_dadd
<LI><a href="#[79]">&gt;&gt;</a>&nbsp;&nbsp;&nbsp;__aeabi_i2d
<LI><a href="#[7a]">&gt;&gt;</a>&nbsp;&nbsp;&nbsp;__aeabi_ui2d
</UL>

<P><STRONG><a name="[2b1]"></a>__aeabi_cdrcmple</STRONG> (Thumb, 38 bytes, Stack size 0 bytes, cdrcmple.o(.text))
<BR><BR>[Called By]<UL><LI><a href="#[a4]">&gt;&gt;</a>&nbsp;&nbsp;&nbsp;pow
</UL>

<P><STRONG><a name="[67]"></a>__scatterload</STRONG> (Thumb, 28 bytes, Stack size 0 bytes, init.o(.text))
<BR><BR>[Calls]<UL><LI><a href="#[7f]">&gt;&gt;</a>&nbsp;&nbsp;&nbsp;__main_after_scatterload
</UL>
<BR>[Called By]<UL><LI><a href="#[66]">&gt;&gt;</a>&nbsp;&nbsp;&nbsp;_main_scatterload
</UL>

<P><STRONG><a name="[2f8]"></a>__scatterload_rt2</STRONG> (Thumb, 0 bytes, Stack size 0 bytes, init.o(.text), UNUSED)

<P><STRONG><a name="[7d]"></a>__aeabi_llsr</STRONG> (Thumb, 34 bytes, Stack size 8 bytes, llushr.o(.text))
<BR><BR>[Stack]<UL><LI>Max Depth = 8<LI>Call Chain = __aeabi_llsr
</UL>
<BR>[Called By]<UL><LI><a href="#[7c]">&gt;&gt;</a>&nbsp;&nbsp;&nbsp;__aeabi_uldivmod
<LI><a href="#[80]">&gt;&gt;</a>&nbsp;&nbsp;&nbsp;_dsqrt
<LI><a href="#[73]">&gt;&gt;</a>&nbsp;&nbsp;&nbsp;_double_epilogue
</UL>

<P><STRONG><a name="[2f9]"></a>_ll_ushift_r</STRONG> (Thumb, 0 bytes, Stack size 8 bytes, llushr.o(.text), UNUSED)

<P><STRONG><a name="[80]"></a>_dsqrt</STRONG> (Thumb, 162 bytes, Stack size 32 bytes, dsqrt.o(.text))
<BR><BR>[Stack]<UL><LI>Max Depth = 40<LI>Call Chain = _dsqrt &rArr; _double_round
</UL>
<BR>[Calls]<UL><LI><a href="#[74]">&gt;&gt;</a>&nbsp;&nbsp;&nbsp;_double_round
<LI><a href="#[7d]">&gt;&gt;</a>&nbsp;&nbsp;&nbsp;__aeabi_llsr
</UL>
<BR>[Called By]<UL><LI><a href="#[2b0]">&gt;&gt;</a>&nbsp;&nbsp;&nbsp;sqrt
</UL>

<P><STRONG><a name="[2fa]"></a>__decompress</STRONG> (Thumb, 0 bytes, Stack size unknown bytes, __dczerorl2.o(.text), UNUSED)

<P><STRONG><a name="[2fb]"></a>__decompress1</STRONG> (Thumb, 86 bytes, Stack size unknown bytes, __dczerorl2.o(.text), UNUSED)

<P><STRONG><a name="[12]"></a>ADC_Handler</STRONG> (Thumb, 2 bytes, Stack size 0 bytes, system_bluenrg1.o(i.ADC_Handler))
<BR>[Address Reference Count : 1]<UL><LI> system_bluenrg1.o(.intvec)
</UL>
<P><STRONG><a name="[81]"></a>ATT_fill_error_resp</STRONG> (Thumb, 38 bytes, Stack size unknown bytes, att.o(i.ATT_fill_error_resp))
<BR><BR>[Stack]<UL><LI>Max Depth = 16 + Unknown Stack Size
<LI>Call Chain = ATT_fill_error_resp &rArr; Osal_MemCpy &rArr; memcpy
</UL>
<BR>[Calls]<UL><LI><a href="#[82]">&gt;&gt;</a>&nbsp;&nbsp;&nbsp;Osal_MemCpy
</UL>
<BR>[Called By]<UL><LI><a href="#[1b0]">&gt;&gt;</a>&nbsp;&nbsp;&nbsp;Write_Resp
<LI><a href="#[1ac]">&gt;&gt;</a>&nbsp;&nbsp;&nbsp;Read_Resp
<LI><a href="#[1ae]">&gt;&gt;</a>&nbsp;&nbsp;&nbsp;Read_Multi_Resp
<LI><a href="#[1ab]">&gt;&gt;</a>&nbsp;&nbsp;&nbsp;Read_By_Type_Resp
<LI><a href="#[1af]">&gt;&gt;</a>&nbsp;&nbsp;&nbsp;Read_By_Grp_Type_Resp
<LI><a href="#[1ad]">&gt;&gt;</a>&nbsp;&nbsp;&nbsp;Read_Blob_Resp
<LI><a href="#[1a9]">&gt;&gt;</a>&nbsp;&nbsp;&nbsp;Prepare_Write_Resp
<LI><a href="#[102]">&gt;&gt;</a>&nbsp;&nbsp;&nbsp;Find_Info_Resp
<LI><a href="#[ff]">&gt;&gt;</a>&nbsp;&nbsp;&nbsp;Find_By_Type_Val_Resp
<LI><a href="#[f7]">&gt;&gt;</a>&nbsp;&nbsp;&nbsp;Exec_Write_Resp
<LI><a href="#[f6]">&gt;&gt;</a>&nbsp;&nbsp;&nbsp;Exchg_Mtu_Resp
<LI><a href="#[13f]">&gt;&gt;</a>&nbsp;&nbsp;&nbsp;Process_Peer_Client_Data
<LI><a href="#[148]">&gt;&gt;</a>&nbsp;&nbsp;&nbsp;Gatt_Server_L2C_Handler
</UL>

<P><STRONG><a name="[88]"></a>Accu_Handles_Requiring_Auth</STRONG> (Thumb, 110 bytes, Stack size unknown bytes, rom_att.o(i.Accu_Handles_Requiring_Auth))
<BR><BR>[Stack]<UL><LI>Max Depth = 16 + Unknown Stack Size
<LI>Call Chain = Accu_Handles_Requiring_Auth &rArr; Osal_MemCpy &rArr; memcpy
</UL>
<BR>[Calls]<UL><LI><a href="#[82]">&gt;&gt;</a>&nbsp;&nbsp;&nbsp;Osal_MemCpy
<LI><a href="#[87]">&gt;&gt;</a>&nbsp;&nbsp;&nbsp;Gatt_search_handle
<LI><a href="#[86]">&gt;&gt;</a>&nbsp;&nbsp;&nbsp;Gatt_Find_Srv_Owner_Of_Handle
</UL>
<BR>[Called By]<UL><LI><a href="#[1ae]">&gt;&gt;</a>&nbsp;&nbsp;&nbsp;Read_Multi_Resp
</UL>

<P><STRONG><a name="[89]"></a>Accu_UuidTypes_Requiring_Auth</STRONG> (Thumb, 234 bytes, Stack size unknown bytes, rom_att.o(i.Accu_UuidTypes_Requiring_Auth))
<BR><BR>[Stack]<UL><LI>Max Depth = 20 + Unknown Stack Size
<LI>Call Chain = Accu_UuidTypes_Requiring_Auth &rArr; Osal_MemCmp &rArr; memcmp
</UL>
<BR>[Calls]<UL><LI><a href="#[82]">&gt;&gt;</a>&nbsp;&nbsp;&nbsp;Osal_MemCpy
<LI><a href="#[8a]">&gt;&gt;</a>&nbsp;&nbsp;&nbsp;Osal_MemCmp
<LI><a href="#[86]">&gt;&gt;</a>&nbsp;&nbsp;&nbsp;Gatt_Find_Srv_Owner_Of_Handle
</UL>
<BR>[Called By]<UL><LI><a href="#[1ab]">&gt;&gt;</a>&nbsp;&nbsp;&nbsp;Read_By_Type_Resp
</UL>

<P><STRONG><a name="[c6]"></a>Acl_Init</STRONG> (Thumb, 26 bytes, Stack size unknown bytes, acl.o(i.Acl_Init))
<BR><BR>[Called By]<UL><LI><a href="#[c2]">&gt;&gt;</a>&nbsp;&nbsp;&nbsp;BlueNRG_Stack_Initialize_Layers
</UL>

<P><STRONG><a name="[8b]"></a>Acl_Rcv_Pkt_Handler</STRONG> (Thumb, 54 bytes, Stack size unknown bytes, acl.o(i.Acl_Rcv_Pkt_Handler))
<BR><BR>[Calls]<UL><LI><a href="#[8c]">&gt;&gt;</a>&nbsp;&nbsp;&nbsp;aci_event_fifo_push_header
<LI><a href="#[8d]">&gt;&gt;</a>&nbsp;&nbsp;&nbsp;aci_event_fifo_push
</UL>
<BR>[Called By]<UL><LI><a href="#[1b7]">&gt;&gt;</a>&nbsp;&nbsp;&nbsp;isr_event_handler
</UL>

<P><STRONG><a name="[8e]"></a>Acl_Transmit_Data</STRONG> (Thumb, 94 bytes, Stack size unknown bytes, acl.o(i.Acl_Transmit_Data))
<BR><BR>[Stack]<UL><LI>Max Depth = 16 + Unknown Stack Size
<LI>Call Chain = Acl_Transmit_Data &rArr; advance_wakeup_timer &rArr; cancel_master &rArr; isr_event_handler &rArr; Osal_MemCpy &rArr; memcpy
</UL>
<BR>[Calls]<UL><LI><a href="#[91]">&gt;&gt;</a>&nbsp;&nbsp;&nbsp;is_slave
<LI><a href="#[8f]">&gt;&gt;</a>&nbsp;&nbsp;&nbsp;LL_Send_ACL_Data
<LI><a href="#[92]">&gt;&gt;</a>&nbsp;&nbsp;&nbsp;slave_advance
<LI><a href="#[93]">&gt;&gt;</a>&nbsp;&nbsp;&nbsp;advance_wakeup_timer
<LI><a href="#[90]">&gt;&gt;</a>&nbsp;&nbsp;&nbsp;get_connection_no
</UL>
<BR>[Called By]<UL><LI><a href="#[ad]">&gt;&gt;</a>&nbsp;&nbsp;&nbsp;hci_acl_Process_Q
<LI><a href="#[12a]">&gt;&gt;</a>&nbsp;&nbsp;&nbsp;L2C_Send_Data
</UL>

<P><STRONG><a name="[94]"></a>Acl_Tx_Cmpl_Pkt_Handler</STRONG> (Thumb, 62 bytes, Stack size unknown bytes, acl.o(i.Acl_Tx_Cmpl_Pkt_Handler))
<BR><BR>[Calls]<UL><LI><a href="#[8c]">&gt;&gt;</a>&nbsp;&nbsp;&nbsp;aci_event_fifo_push_header
<LI><a href="#[8d]">&gt;&gt;</a>&nbsp;&nbsp;&nbsp;aci_event_fifo_push
</UL>
<BR>[Called By]<UL><LI><a href="#[1b7]">&gt;&gt;</a>&nbsp;&nbsp;&nbsp;isr_event_handler
</UL>

<P><STRONG><a name="[95]"></a>Add_Service</STRONG> (Thumb, 176 bytes, Stack size 96 bytes, gatt_db.o(i.Add_Service))
<BR><BR>[Stack]<UL><LI>Max Depth = 120 + Unknown Stack Size
<LI>Call Chain = Add_Service &rArr; __2printf
</UL>
<BR>[Calls]<UL><LI><a href="#[82]">&gt;&gt;</a>&nbsp;&nbsp;&nbsp;Osal_MemCpy
<LI><a href="#[96]">&gt;&gt;</a>&nbsp;&nbsp;&nbsp;aci_gatt_add_service
<LI><a href="#[97]">&gt;&gt;</a>&nbsp;&nbsp;&nbsp;aci_gatt_add_char
<LI><a href="#[98]">&gt;&gt;</a>&nbsp;&nbsp;&nbsp;__2printf
</UL>
<BR>[Called By]<UL><LI><a href="#[1c]">&gt;&gt;</a>&nbsp;&nbsp;&nbsp;main
</UL>

<P><STRONG><a name="[99]"></a>App_SleepMode_Check</STRONG> (Thumb, 26 bytes, Stack size 8 bytes, ble_beacon_main.o(i.App_SleepMode_Check))
<BR><BR>[Stack]<UL><LI>Max Depth = 16<LI>Call Chain = App_SleepMode_Check &rArr; SdkEvalComUARTBusy
</UL>
<BR>[Calls]<UL><LI><a href="#[9b]">&gt;&gt;</a>&nbsp;&nbsp;&nbsp;SdkEvalComUARTBusy
<LI><a href="#[9a]">&gt;&gt;</a>&nbsp;&nbsp;&nbsp;SdkEvalComIOTxFifoNotEmpty
</UL>
<BR>[Called By]<UL><LI><a href="#[bb]">&gt;&gt;</a>&nbsp;&nbsp;&nbsp;BlueNRG_Sleep
</UL>

<P><STRONG><a name="[9c]"></a>Att_Check_Perms</STRONG> (Thumb, 80 bytes, Stack size unknown bytes, att.o(i.Att_Check_Perms))
<BR><BR>[Calls]<UL><LI><a href="#[9d]">&gt;&gt;</a>&nbsp;&nbsp;&nbsp;SMP_get_remote_device_list_item
<LI><a href="#[9e]">&gt;&gt;</a>&nbsp;&nbsp;&nbsp;Check_Permission
</UL>
<BR>[Called By]<UL><LI><a href="#[151]">&gt;&gt;</a>&nbsp;&nbsp;&nbsp;Gatt_Update_Charac_Value_Ext
<LI><a href="#[1b0]">&gt;&gt;</a>&nbsp;&nbsp;&nbsp;Write_Resp
<LI><a href="#[1ac]">&gt;&gt;</a>&nbsp;&nbsp;&nbsp;Read_Resp
<LI><a href="#[1ae]">&gt;&gt;</a>&nbsp;&nbsp;&nbsp;Read_Multi_Resp
<LI><a href="#[1ab]">&gt;&gt;</a>&nbsp;&nbsp;&nbsp;Read_By_Type_Resp
<LI><a href="#[1ad]">&gt;&gt;</a>&nbsp;&nbsp;&nbsp;Read_Blob_Resp
<LI><a href="#[1a9]">&gt;&gt;</a>&nbsp;&nbsp;&nbsp;Prepare_Write_Resp
<LI><a href="#[ff]">&gt;&gt;</a>&nbsp;&nbsp;&nbsp;Find_By_Type_Val_Resp
<LI><a href="#[d9]">&gt;&gt;</a>&nbsp;&nbsp;&nbsp;CheckSecForSignedWrite
</UL>

<P><STRONG><a name="[9f]"></a>Attribute_Modified_CB</STRONG> (Thumb, 588 bytes, Stack size 48 bytes, gatt_db.o(i.Attribute_Modified_CB))
<BR><BR>[Stack]<UL><LI>Max Depth = 328<LI>Call Chain = Attribute_Modified_CB &rArr; pow &rArr; __kernel_poly &rArr; __aeabi_dmul &rArr; _double_epilogue &rArr; __aeabi_llsl
</UL>
<BR>[Calls]<UL><LI><a href="#[a5]">&gt;&gt;</a>&nbsp;&nbsp;&nbsp;__aeabi_f2d
<LI><a href="#[77]">&gt;&gt;</a>&nbsp;&nbsp;&nbsp;__aeabi_dmul
<LI><a href="#[70]">&gt;&gt;</a>&nbsp;&nbsp;&nbsp;__aeabi_dadd
<LI><a href="#[7b]">&gt;&gt;</a>&nbsp;&nbsp;&nbsp;__aeabi_d2f
<LI><a href="#[79]">&gt;&gt;</a>&nbsp;&nbsp;&nbsp;__aeabi_i2d
<LI><a href="#[a2]">&gt;&gt;</a>&nbsp;&nbsp;&nbsp;FromHex
<LI><a href="#[a3]">&gt;&gt;</a>&nbsp;&nbsp;&nbsp;spiWriteRegister
<LI><a href="#[a7]">&gt;&gt;</a>&nbsp;&nbsp;&nbsp;setChannel
<LI><a href="#[a6]">&gt;&gt;</a>&nbsp;&nbsp;&nbsp;ch_no
<LI><a href="#[7a]">&gt;&gt;</a>&nbsp;&nbsp;&nbsp;__aeabi_ui2d
<LI><a href="#[a4]">&gt;&gt;</a>&nbsp;&nbsp;&nbsp;pow
<LI><a href="#[a0]">&gt;&gt;</a>&nbsp;&nbsp;&nbsp;malloc
<LI><a href="#[a8]">&gt;&gt;</a>&nbsp;&nbsp;&nbsp;free
<LI><a href="#[a1]">&gt;&gt;</a>&nbsp;&nbsp;&nbsp;strcmp
<LI><a href="#[68]">&gt;&gt;</a>&nbsp;&nbsp;&nbsp;__aeabi_memclr
</UL>
<BR>[Called By]<UL><LI><a href="#[225]">&gt;&gt;</a>&nbsp;&nbsp;&nbsp;aci_gatt_attribute_modified_event
</UL>

<P><STRONG><a name="[a9]"></a>BLEPLAT_get_part_info</STRONG> (Thumb, 32 bytes, Stack size 28 bytes, miscutil.o(i.BLEPLAT_get_part_info))
<BR><BR>[Stack]<UL><LI>Max Depth = 40<LI>Call Chain = BLEPLAT_get_part_info &rArr; HAL_GetPartInfo
</UL>
<BR>[Calls]<UL><LI><a href="#[aa]">&gt;&gt;</a>&nbsp;&nbsp;&nbsp;HAL_GetPartInfo
</UL>
<BR>[Called By]<UL><LI><a href="#[c1]">&gt;&gt;</a>&nbsp;&nbsp;&nbsp;BlueNRG_Stack_Initialize_ConfigData
</UL>

<P><STRONG><a name="[e7]"></a>BOR_ConfigSave</STRONG> (Thumb, 54 bytes, Stack size 16 bytes, system_bluenrg1.o(i.BOR_ConfigSave))
<BR><BR>[Stack]<UL><LI>Max Depth = 16<LI>Call Chain = BOR_ConfigSave
</UL>
<BR>[Called By]<UL><LI><a href="#[b9]">&gt;&gt;</a>&nbsp;&nbsp;&nbsp;DeviceConfiguration
</UL>

<P><STRONG><a name="[ab]"></a>BTLE_StackTick</STRONG> (Thumb, 124 bytes, Stack size unknown bytes, bluenrg_main_func.o(i.BTLE_StackTick))
<BR><BR>[Stack]<UL><LI>Max Depth = 20 + Unknown Stack Size
<LI>Call Chain = BTLE_StackTick &rArr; Timer_ProcessQ &rArr; TimerCallback &rArr; SMP_repeated_attacks_timer_cb &rArr; Osal_MemCmp &rArr; memcmp
</UL>
<BR>[Calls]<UL><LI><a href="#[ad]">&gt;&gt;</a>&nbsp;&nbsp;&nbsp;hci_acl_Process_Q
<LI><a href="#[b1]">&gt;&gt;</a>&nbsp;&nbsp;&nbsp;advance_transmit
<LI><a href="#[ac]">&gt;&gt;</a>&nbsp;&nbsp;&nbsp;Timer_ProcessQ
<LI><a href="#[b4]">&gt;&gt;</a>&nbsp;&nbsp;&nbsp;SMP_Process_Q
<LI><a href="#[b3]">&gt;&gt;</a>&nbsp;&nbsp;&nbsp;Gatt_Process_Q
<LI><a href="#[b2]">&gt;&gt;</a>&nbsp;&nbsp;&nbsp;GAP_Process_Q
<LI><a href="#[af]">&gt;&gt;</a>&nbsp;&nbsp;&nbsp;Events_Process_Q
<LI><a href="#[ae]">&gt;&gt;</a>&nbsp;&nbsp;&nbsp;Controller_Process_Q
<LI><a href="#[b0]">&gt;&gt;</a>&nbsp;&nbsp;&nbsp;BlueNRG_Stack_Perform_Crystal_Check
</UL>
<BR>[Called By]<UL><LI><a href="#[1c]">&gt;&gt;</a>&nbsp;&nbsp;&nbsp;main
</UL>

<P><STRONG><a name="[bb]"></a>BlueNRG_Sleep</STRONG> (Thumb, 110 bytes, Stack size 32 bytes, sleep.o(i.BlueNRG_Sleep))
<BR><BR>[Stack]<UL><LI>Max Depth = 720 + Unknown Stack Size
<LI>Call Chain = BlueNRG_Sleep &rArr; BlueNRG_InternalSleep &rArr; DeviceConfiguration &rArr; BOR_ConfigSave
</UL>
<BR>[Calls]<UL><LI><a href="#[bd]">&gt;&gt;</a>&nbsp;&nbsp;&nbsp;HAL_VTIMER_TimerSleepCheck
<LI><a href="#[b5]">&gt;&gt;</a>&nbsp;&nbsp;&nbsp;BlueNRG_InternalSleep
<LI><a href="#[99]">&gt;&gt;</a>&nbsp;&nbsp;&nbsp;App_SleepMode_Check
<LI><a href="#[bc]">&gt;&gt;</a>&nbsp;&nbsp;&nbsp;BlueNRG_Stack_Perform_Deep_Sleep_Check
</UL>
<BR>[Called By]<UL><LI><a href="#[1c]">&gt;&gt;</a>&nbsp;&nbsp;&nbsp;main
</UL>

<P><STRONG><a name="[be]"></a>BlueNRG_Stack_Initialization</STRONG> (Thumb, 62 bytes, Stack size unknown bytes, bluenrg_main_func.o(i.BlueNRG_Stack_Initialization))
<BR><BR>[Stack]<UL><LI>Max Depth = 40 + Unknown Stack Size
<LI>Call Chain = BlueNRG_Stack_Initialization &rArr; _BlueNRG_Stack_Initialization &rArr; BlueNRG_Stack_Initialize_ConfigData &rArr; BLEPLAT_get_part_info &rArr; HAL_GetPartInfo
</UL>
<BR>[Calls]<UL><LI><a href="#[82]">&gt;&gt;</a>&nbsp;&nbsp;&nbsp;Osal_MemCpy
<LI><a href="#[c0]">&gt;&gt;</a>&nbsp;&nbsp;&nbsp;_BlueNRG_Stack_Initialization
<LI><a href="#[bf]">&gt;&gt;</a>&nbsp;&nbsp;&nbsp;BlueNRG_Stack_Initialize_RAM_check
</UL>
<BR>[Called By]<UL><LI><a href="#[1c]">&gt;&gt;</a>&nbsp;&nbsp;&nbsp;main
</UL>

<P><STRONG><a name="[bc]"></a>BlueNRG_Stack_Perform_Deep_Sleep_Check</STRONG> (Thumb, 166 bytes, Stack size unknown bytes, bluenrg_main_func_speed.o(i.BlueNRG_Stack_Perform_Deep_Sleep_Check))
<BR><BR>[Calls]<UL><LI><a href="#[d3]">&gt;&gt;</a>&nbsp;&nbsp;&nbsp;Set_Host_Timer_value
</UL>
<BR>[Called By]<UL><LI><a href="#[bb]">&gt;&gt;</a>&nbsp;&nbsp;&nbsp;BlueNRG_Sleep
</UL>

<P><STRONG><a name="[10]"></a>Blue_Handler</STRONG> (Thumb, 8 bytes, Stack size 8 bytes, bluenrg1_it.o(i.Blue_Handler))
<BR><BR>[Stack]<UL><LI>Max Depth = 24 + Unknown Stack Size
<LI>Call Chain = Blue_Handler &rArr; RAL_Isr &rArr; isr_event_handler &rArr; Osal_MemCpy &rArr; memcpy
</UL>
<BR>[Calls]<UL><LI><a href="#[d4]">&gt;&gt;</a>&nbsp;&nbsp;&nbsp;RAL_Isr
</UL>
<BR>[Address Reference Count : 1]<UL><LI> system_bluenrg1.o(.intvec)
</UL>
<P><STRONG><a name="[d5]"></a>Blue_Init_Global</STRONG> (Thumb, 144 bytes, Stack size unknown bytes, routines_support.o(i.Blue_Init_Global))
<BR><BR>[Calls]<UL><LI><a href="#[d6]">&gt;&gt;</a>&nbsp;&nbsp;&nbsp;Blue_Set_Radio_Config_Data
</UL>
<BR>[Called By]<UL><LI><a href="#[c4]">&gt;&gt;</a>&nbsp;&nbsp;&nbsp;LL_Init
</UL>

<P><STRONG><a name="[d6]"></a>Blue_Set_Radio_Config_Data</STRONG> (Thumb, 28 bytes, Stack size unknown bytes, rom_ll_routines_support.o(i.Blue_Set_Radio_Config_Data))
<BR><BR>[Calls]<UL><LI><a href="#[d7]">&gt;&gt;</a>&nbsp;&nbsp;&nbsp;char_copy
</UL>
<BR>[Called By]<UL><LI><a href="#[d5]">&gt;&gt;</a>&nbsp;&nbsp;&nbsp;Blue_Init_Global
</UL>

<P><STRONG><a name="[d8]"></a>Build_Notif_Or_Ind</STRONG> (Thumb, 62 bytes, Stack size unknown bytes, gatt_server.o(i.Build_Notif_Or_Ind))
<BR><BR>[Stack]<UL><LI>Max Depth = 16 + Unknown Stack Size
<LI>Call Chain = Build_Notif_Or_Ind &rArr; Osal_MemCpy &rArr; memcpy
</UL>
<BR>[Calls]<UL><LI><a href="#[82]">&gt;&gt;</a>&nbsp;&nbsp;&nbsp;Osal_MemCpy
<LI><a href="#[84]">&gt;&gt;</a>&nbsp;&nbsp;&nbsp;PM_Write_Pckt_Data
</UL>
<BR>[Called By]<UL><LI><a href="#[151]">&gt;&gt;</a>&nbsp;&nbsp;&nbsp;Gatt_Update_Charac_Value_Ext
</UL>

<P><STRONG><a name="[d9]"></a>CheckSecForSignedWrite</STRONG> (Thumb, 44 bytes, Stack size unknown bytes, att.o(i.CheckSecForSignedWrite))
<BR><BR>[Calls]<UL><LI><a href="#[9c]">&gt;&gt;</a>&nbsp;&nbsp;&nbsp;Att_Check_Perms
<LI><a href="#[9d]">&gt;&gt;</a>&nbsp;&nbsp;&nbsp;SMP_get_remote_device_list_item
</UL>
<BR>[Called By]<UL><LI><a href="#[1b1]">&gt;&gt;</a>&nbsp;&nbsp;&nbsp;Write_Cmd
</UL>

<P><STRONG><a name="[136]"></a>Check_Encry_Key_Size</STRONG> (Thumb, 24 bytes, Stack size unknown bytes, rom_gatt_server.o(i.Check_Encry_Key_Size))
<BR><BR>[Called By]<UL><LI><a href="#[10d]">&gt;&gt;</a>&nbsp;&nbsp;&nbsp;Gatt_Add_Characteristic
<LI><a href="#[134]">&gt;&gt;</a>&nbsp;&nbsp;&nbsp;Gatt_Add_Descriptor
</UL>

<P><STRONG><a name="[da]"></a>Check_For_Service_Change</STRONG> (Thumb, 826 bytes, Stack size unknown bytes, gatt_server.o(i.Check_For_Service_Change))
<BR><BR>[Stack]<UL><LI>Max Depth = 20 + Unknown Stack Size
<LI>Call Chain = Check_For_Service_Change &rArr; Osal_MemCmp &rArr; memcmp
</UL>
<BR>[Calls]<UL><LI><a href="#[82]">&gt;&gt;</a>&nbsp;&nbsp;&nbsp;Osal_MemCpy
<LI><a href="#[8a]">&gt;&gt;</a>&nbsp;&nbsp;&nbsp;Osal_MemCmp
<LI><a href="#[db]">&gt;&gt;</a>&nbsp;&nbsp;&nbsp;SDB_read_peer_bonded_data
<LI><a href="#[df]">&gt;&gt;</a>&nbsp;&nbsp;&nbsp;Ind_Service_Change_Charac
<LI><a href="#[dc]">&gt;&gt;</a>&nbsp;&nbsp;&nbsp;Gatt_fetch_handle
<LI><a href="#[de]">&gt;&gt;</a>&nbsp;&nbsp;&nbsp;Find_Attr_Index
<LI><a href="#[dd]">&gt;&gt;</a>&nbsp;&nbsp;&nbsp;Find_Gatt_Client
</UL>
<BR>[Called By]<UL><LI><a href="#[b3]">&gt;&gt;</a>&nbsp;&nbsp;&nbsp;Gatt_Process_Q
</UL>

<P><STRONG><a name="[9e]"></a>Check_Permission</STRONG> (Thumb, 160 bytes, Stack size unknown bytes, att.o(i.Check_Permission))
<BR><BR>[Calls]<UL><LI><a href="#[e0]">&gt;&gt;</a>&nbsp;&nbsp;&nbsp;SMP_get_link_status
<LI><a href="#[e1]">&gt;&gt;</a>&nbsp;&nbsp;&nbsp;SMP_check_encryption_key_size
</UL>
<BR>[Called By]<UL><LI><a href="#[9c]">&gt;&gt;</a>&nbsp;&nbsp;&nbsp;Att_Check_Perms
</UL>

<P><STRONG><a name="[2a7]"></a>Clock_Init</STRONG> (Thumb, 32 bytes, Stack size 8 bytes, clock.o(i.Clock_Init))
<BR><BR>[Stack]<UL><LI>Max Depth = 8<LI>Call Chain = Clock_Init
</UL>
<BR>[Called By]<UL><LI><a href="#[1c]">&gt;&gt;</a>&nbsp;&nbsp;&nbsp;main
</UL>

<P><STRONG><a name="[ae]"></a>Controller_Process_Q</STRONG> (Thumb, 28 bytes, Stack size unknown bytes, hci.o(i.Controller_Process_Q))
<BR><BR>[Calls]<UL><LI><a href="#[cd]">&gt;&gt;</a>&nbsp;&nbsp;&nbsp;data_length_extension_csr_ucfg
<LI><a href="#[e3]">&gt;&gt;</a>&nbsp;&nbsp;&nbsp;PKA_Offline_Processing_ucfg
<LI><a href="#[e2]">&gt;&gt;</a>&nbsp;&nbsp;&nbsp;PRIV_u8OfflineProcessing_ucfg
<LI><a href="#[e5]">&gt;&gt;</a>&nbsp;&nbsp;&nbsp;Disconnection_Offline_Processing
<LI><a href="#[e4]">&gt;&gt;</a>&nbsp;&nbsp;&nbsp;Data_Len_Update_Offline_Processing_ucfg
</UL>
<BR>[Called By]<UL><LI><a href="#[ab]">&gt;&gt;</a>&nbsp;&nbsp;&nbsp;BTLE_StackTick
</UL>

[...]
<BR><BR>[Called By]<UL><LI><a href="#[2c9]">&gt;&gt;</a>&nbsp;&nbsp;&nbsp;smp____SR_PairingRequest_Receive
</UL>

<P><STRONG><a name="[2bd]"></a>smp_Keys_Distribution_Send</STRONG> (Thumb, 280 bytes, Stack size unknown bytes, securitymgr.o(i.smp_Keys_Distribution_Send))
<BR><BR>[Stack]<UL><LI>Max Depth = 16 + Unknown Stack Size
<LI>Call Chain = smp_Keys_Distribution_Send &rArr; PM_Write_Pckt_Data &rArr; Mem_Buff_Write &rArr; Osal_MemCpy &rArr; memcpy
</UL>
<BR>[Calls]<UL><LI><a href="#[158]">&gt;&gt;</a>&nbsp;&nbsp;&nbsp;HAL_Generate_Random_Bytes_To
<LI><a href="#[84]">&gt;&gt;</a>&nbsp;&nbsp;&nbsp;PM_Write_Pckt_Data
<LI><a href="#[14c]">&gt;&gt;</a>&nbsp;&nbsp;&nbsp;PM_Get_Pckt
<LI><a href="#[2c3]">&gt;&gt;</a>&nbsp;&nbsp;&nbsp;smp_get_local_identity_address
<LI><a href="#[1cc]">&gt;&gt;</a>&nbsp;&nbsp;&nbsp;SMA_Generate_CSRK
<LI><a href="#[2c4]">&gt;&gt;</a>&nbsp;&nbsp;&nbsp;smp_send_packet
<LI><a href="#[1c4]">&gt;&gt;</a>&nbsp;&nbsp;&nbsp;SMA_generate_EDIV_recovery_DIV
<LI><a href="#[1c6]">&gt;&gt;</a>&nbsp;&nbsp;&nbsp;SMA_Diversify
<LI><a href="#[1cd]">&gt;&gt;</a>&nbsp;&nbsp;&nbsp;SMA_Generate_IRK
</UL>
<BR>[Called By]<UL><LI><a href="#[1d6]">&gt;&gt;</a>&nbsp;&nbsp;&nbsp;smp_Execute_Actions_wrt_Current_State
</UL>

<P><STRONG><a name="[2c5]"></a>smp_LP_SR_Compute_c1_Confirm_Value</STRONG> (Thumb, 332 bytes, Stack size unknown bytes, securitymgr.o(i.smp_LP_SR_Compute_c1_Confirm_Value))
<BR><BR>[Stack]<UL><LI>Max Depth = 16 + Unknown Stack Size
<LI>Call Chain = smp_LP_SR_Compute_c1_Confirm_Value &rArr; Osal_MemSet &rArr; memset
</UL>
<BR>[Calls]<UL><LI><a href="#[f5]">&gt;&gt;</a>&nbsp;&nbsp;&nbsp;Osal_MemSet
<LI><a href="#[82]">&gt;&gt;</a>&nbsp;&nbsp;&nbsp;Osal_MemCpy
<LI><a href="#[1cb]">&gt;&gt;</a>&nbsp;&nbsp;&nbsp;hci_le_encrypt
<LI><a href="#[2c6]">&gt;&gt;</a>&nbsp;&nbsp;&nbsp;int32ToLe4Byte
<LI><a href="#[176]">&gt;&gt;</a>&nbsp;&nbsp;&nbsp;LL_Get_Address
</UL>
<BR>[Called By]<UL><LI><a href="#[2cb]">&gt;&gt;</a>&nbsp;&nbsp;&nbsp;smp____SR_PairingRandom_Receive
<LI><a href="#[2ca]">&gt;&gt;</a>&nbsp;&nbsp;&nbsp;smp____SR_PairingConfirm_Receive
</UL>

<P><STRONG><a name="[1d7]"></a>smp_Process_Rx_Packet_wrt_Current_State</STRONG> (Thumb, 296 bytes, Stack size unknown bytes, securitymgr.o(i.smp_Process_Rx_Packet_wrt_Current_State))
<BR><BR>[Stack]<UL><LI>Max Depth = 20 + Unknown Stack Size
<LI>Call Chain = smp_Process_Rx_Packet_wrt_Current_State &rArr; smp_pairing_failed_send &rArr; smp_pairing_process_abort &rArr; smp_repeated_attacks_protection &rArr; Osal_MemCmp &rArr; memcmp
</UL>
<BR>[Calls]<UL><LI><a href="#[8c]">&gt;&gt;</a>&nbsp;&nbsp;&nbsp;aci_event_fifo_push_header
<LI><a href="#[8d]">&gt;&gt;</a>&nbsp;&nbsp;&nbsp;aci_event_fifo_push
<LI><a href="#[2c7]">&gt;&gt;</a>&nbsp;&nbsp;&nbsp;smp_Process_Rx_Packet_wrt_Current_State_sc_excerpt_ucfg
<LI><a href="#[2cd]">&gt;&gt;</a>&nbsp;&nbsp;&nbsp;smp_Process_Rx_Packet_wrt_Current_State_MI_excerpt_ucfg
<LI><a href="#[2cc]">&gt;&gt;</a>&nbsp;&nbsp;&nbsp;smp_pairing_failed_send
<LI><a href="#[2c8]">&gt;&gt;</a>&nbsp;&nbsp;&nbsp;smp_keys_receiving
<LI><a href="#[1d3]">&gt;&gt;</a>&nbsp;&nbsp;&nbsp;smp_find_remote_device_index
<LI><a href="#[1d4]">&gt;&gt;</a>&nbsp;&nbsp;&nbsp;SMP_reset_timer
<LI><a href="#[2c9]">&gt;&gt;</a>&nbsp;&nbsp;&nbsp;smp____SR_PairingRequest_Receive
<LI><a href="#[2cb]">&gt;&gt;</a>&nbsp;&nbsp;&nbsp;smp____SR_PairingRandom_Receive
<LI><a href="#[2ca]">&gt;&gt;</a>&nbsp;&nbsp;&nbsp;smp____SR_PairingConfirm_Receive
</UL>
<BR>[Called By]<UL><LI><a href="#[b4]">&gt;&gt;</a>&nbsp;&nbsp;&nbsp;SMP_Process_Q
</UL>

<P><STRONG><a name="[2ce]"></a>smp_Set_Key_Association_Method</STRONG> (Thumb, 112 bytes, Stack size unknown bytes, securitymgr.o(i.smp_Set_Key_Association_Method))
<BR><BR>[Stack]<UL><LI>Max Depth = 8 + Unknown Stack Size
<LI>Call Chain = smp_Set_Key_Association_Method &rArr; smp_Determine_Key_Association_Method &rArr; __aeabi_memcpy4
</UL>
<BR>[Calls]<UL><LI><a href="#[8c]">&gt;&gt;</a>&nbsp;&nbsp;&nbsp;aci_event_fifo_push_header
<LI><a href="#[8d]">&gt;&gt;</a>&nbsp;&nbsp;&nbsp;aci_event_fifo_push
<LI><a href="#[2b9]">&gt;&gt;</a>&nbsp;&nbsp;&nbsp;smp_Determine_Key_Association_Method
</UL>
<BR>[Called By]<UL><LI><a href="#[2c9]">&gt;&gt;</a>&nbsp;&nbsp;&nbsp;smp____SR_PairingRequest_Receive
</UL>

<P><STRONG><a name="[2ca]"></a>smp____SR_PairingConfirm_Receive</STRONG> (Thumb, 122 bytes, Stack size unknown bytes, securitymgr.o(i.smp____SR_PairingConfirm_Receive))
<BR><BR>[Stack]<UL><LI>Max Depth = 16 + Unknown Stack Size
<LI>Call Chain = smp____SR_PairingConfirm_Receive &rArr; PM_Write_Pckt_Data &rArr; Mem_Buff_Write &rArr; Osal_MemCpy &rArr; memcpy
</UL>
<BR>[Calls]<UL><LI><a href="#[84]">&gt;&gt;</a>&nbsp;&nbsp;&nbsp;PM_Write_Pckt_Data
<LI><a href="#[14c]">&gt;&gt;</a>&nbsp;&nbsp;&nbsp;PM_Get_Pckt
<LI><a href="#[fa]">&gt;&gt;</a>&nbsp;&nbsp;&nbsp;PM_Copy_Pckt_Data
<LI><a href="#[2cf]">&gt;&gt;</a>&nbsp;&nbsp;&nbsp;smp_sc_SR_PairingConfirm_Receive_sc_excerpt_ucfg
<LI><a href="#[2c4]">&gt;&gt;</a>&nbsp;&nbsp;&nbsp;smp_send_packet
<LI><a href="#[2c5]">&gt;&gt;</a>&nbsp;&nbsp;&nbsp;smp_LP_SR_Compute_c1_Confirm_Value
</UL>
<BR>[Called By]<UL><LI><a href="#[1d7]">&gt;&gt;</a>&nbsp;&nbsp;&nbsp;smp_Process_Rx_Packet_wrt_Current_State
</UL>

<P><STRONG><a name="[2cb]"></a>smp____SR_PairingRandom_Receive</STRONG> (Thumb, 282 bytes, Stack size unknown bytes, securitymgr.o(i.smp____SR_PairingRandom_Receive))
<BR><BR>[Stack]<UL><LI>Max Depth = 20 + Unknown Stack Size
<LI>Call Chain = smp____SR_PairingRandom_Receive &rArr; Osal_MemCmp &rArr; memcmp
</UL>
<BR>[Calls]<UL><LI><a href="#[f5]">&gt;&gt;</a>&nbsp;&nbsp;&nbsp;Osal_MemSet
<LI><a href="#[82]">&gt;&gt;</a>&nbsp;&nbsp;&nbsp;Osal_MemCpy
<LI><a href="#[8a]">&gt;&gt;</a>&nbsp;&nbsp;&nbsp;Osal_MemCmp
<LI><a href="#[84]">&gt;&gt;</a>&nbsp;&nbsp;&nbsp;PM_Write_Pckt_Data
<LI><a href="#[14c]">&gt;&gt;</a>&nbsp;&nbsp;&nbsp;PM_Get_Pckt
<LI><a href="#[fa]">&gt;&gt;</a>&nbsp;&nbsp;&nbsp;PM_Copy_Pckt_Data
<LI><a href="#[2d0]">&gt;&gt;</a>&nbsp;&nbsp;&nbsp;smp_sc_SR_PairingRandom_Receive_sc_excerpt_ucfg
<LI><a href="#[2cc]">&gt;&gt;</a>&nbsp;&nbsp;&nbsp;smp_pairing_failed_send
<LI><a href="#[1ce]">&gt;&gt;</a>&nbsp;&nbsp;&nbsp;SMA_LP_s1_Generate_STK
<LI><a href="#[2c4]">&gt;&gt;</a>&nbsp;&nbsp;&nbsp;smp_send_packet
<LI><a href="#[2c5]">&gt;&gt;</a>&nbsp;&nbsp;&nbsp;smp_LP_SR_Compute_c1_Confirm_Value
<LI><a href="#[2c6]">&gt;&gt;</a>&nbsp;&nbsp;&nbsp;int32ToLe4Byte
</UL>
<BR>[Called By]<UL><LI><a href="#[1d7]">&gt;&gt;</a>&nbsp;&nbsp;&nbsp;smp_Process_Rx_Packet_wrt_Current_State
</UL>

<P><STRONG><a name="[2c9]"></a>smp____SR_PairingRequest_Receive</STRONG> (Thumb, 376 bytes, Stack size unknown bytes, securitymgr.o(i.smp____SR_PairingRequest_Receive))
<BR><BR>[Stack]<UL><LI>Max Depth = 20 + Unknown Stack Size
<LI>Call Chain = smp____SR_PairingRequest_Receive &rArr; smp_pairing_failed_send &rArr; smp_pairing_process_abort &rArr; smp_repeated_attacks_protection &rArr; Osal_MemCmp &rArr; memcmp
</UL>
<BR>[Calls]<UL><LI><a href="#[14c]">&gt;&gt;</a>&nbsp;&nbsp;&nbsp;PM_Get_Pckt
<LI><a href="#[2d4]">&gt;&gt;</a>&nbsp;&nbsp;&nbsp;smp_sc_continue_on_exclusive_sc_pairing_ucfg
<LI><a href="#[2cc]">&gt;&gt;</a>&nbsp;&nbsp;&nbsp;smp_pairing_failed_send
<LI><a href="#[2d5]">&gt;&gt;</a>&nbsp;&nbsp;&nbsp;smp_oob_check_is_remote_data_present
<LI><a href="#[2d1]">&gt;&gt;</a>&nbsp;&nbsp;&nbsp;smp_add_pairing_record_to_bonding_database
<LI><a href="#[2c4]">&gt;&gt;</a>&nbsp;&nbsp;&nbsp;smp_send_packet
<LI><a href="#[2ce]">&gt;&gt;</a>&nbsp;&nbsp;&nbsp;smp_Set_Key_Association_Method
<LI><a href="#[2d6]">&gt;&gt;</a>&nbsp;&nbsp;&nbsp;smp_Get_Pairing_Parameters_From_Peer_Packet
<LI><a href="#[2d2]">&gt;&gt;</a>&nbsp;&nbsp;&nbsp;smp_Check_Incoming_Pairing_Parameters
<LI><a href="#[2d7]">&gt;&gt;</a>&nbsp;&nbsp;&nbsp;smp_Build_Pairing_ReqResp_Packet
<LI><a href="#[2d3]">&gt;&gt;</a>&nbsp;&nbsp;&nbsp;smp_Build_AuthReq_Field
</UL>
<BR>[Called By]<UL><LI><a href="#[1d7]">&gt;&gt;</a>&nbsp;&nbsp;&nbsp;smp_Process_Rx_Packet_wrt_Current_State
</UL>

<P><STRONG><a name="[1de]"></a>SMP_connection_complete_handler</STRONG> (Thumb, 138 bytes, Stack size unknown bytes, smp_common.o(i.SMP_connection_complete_handler))
<BR><BR>[Stack]<UL><LI>Max Depth = 16 + Unknown Stack Size
<LI>Call Chain = SMP_connection_complete_handler &rArr; Osal_MemSet &rArr; memset
</UL>
<BR>[Calls]<UL><LI><a href="#[f5]">&gt;&gt;</a>&nbsp;&nbsp;&nbsp;Osal_MemSet
<LI><a href="#[82]">&gt;&gt;</a>&nbsp;&nbsp;&nbsp;Osal_MemCpy
</UL>
<BR>[Called By]<UL><LI><a href="#[161]">&gt;&gt;</a>&nbsp;&nbsp;&nbsp;SMP_hci_le_enhanced_connection_complete_evt_hndl
<LI><a href="#[160]">&gt;&gt;</a>&nbsp;&nbsp;&nbsp;SMP_hci_le_connection_complete_evt_hndl
</UL>

<P><STRONG><a name="[223]"></a>aci_gap_authorization_req_event_push</STRONG> (Thumb, 80 bytes, Stack size unknown bytes, smp_common.o(i.aci_gap_authorization_req_event_push))
<BR><BR>[Calls]<UL><LI><a href="#[8c]">&gt;&gt;</a>&nbsp;&nbsp;&nbsp;aci_event_fifo_push_header
<LI><a href="#[8d]">&gt;&gt;</a>&nbsp;&nbsp;&nbsp;aci_event_fifo_push
</UL>
<BR>[Called By]<UL><LI><a href="#[2be]">&gt;&gt;</a>&nbsp;&nbsp;&nbsp;smp_pairing_completed
</UL>

<P><STRONG><a name="[1db]"></a>aci_gap_pairing_complete_event_push</STRONG> (Thumb, 88 bytes, Stack size unknown bytes, smp_common.o(i.aci_gap_pairing_complete_event_push))
<BR><BR>[Calls]<UL><LI><a href="#[8c]">&gt;&gt;</a>&nbsp;&nbsp;&nbsp;aci_event_fifo_push_header
<LI><a href="#[8d]">&gt;&gt;</a>&nbsp;&nbsp;&nbsp;aci_event_fifo_push
</UL>
<BR>[Called By]<UL><LI><a href="#[171]">&gt;&gt;</a>&nbsp;&nbsp;&nbsp;SMP_hci_encryption_change_evt_hndl
<LI><a href="#[1da]">&gt;&gt;</a>&nbsp;&nbsp;&nbsp;SMP_Protocol_Timer_cb
<LI><a href="#[2d9]">&gt;&gt;</a>&nbsp;&nbsp;&nbsp;smp_pairing_process_abort
<LI><a href="#[2be]">&gt;&gt;</a>&nbsp;&nbsp;&nbsp;smp_pairing_completed
</UL>

<P><STRONG><a name="[1dd]"></a>smp_Keys_Distribution_Complete</STRONG> (Thumb, 50 bytes, Stack size unknown bytes, smp_common.o(i.smp_Keys_Distribution_Complete))
<BR><BR>[Stack]<UL><LI>Max Depth = 20 + Unknown Stack Size
<LI>Call Chain = smp_Keys_Distribution_Complete &rArr; smp_pairing_completed &rArr; smp_add_pairing_record_to_bonding_database &rArr; SDB_Add_Record &rArr; Osal_MemCmp &rArr; memcmp
</UL>
<BR>[Calls]<UL><LI><a href="#[2c2]">&gt;&gt;</a>&nbsp;&nbsp;&nbsp;smp_MI_Start_Encryption_ucfg
<LI><a href="#[2be]">&gt;&gt;</a>&nbsp;&nbsp;&nbsp;smp_pairing_completed
</UL>
<BR>[Called By]<UL><LI><a href="#[166]">&gt;&gt;</a>&nbsp;&nbsp;&nbsp;SMP_acl_data_hndl
</UL>

<P><STRONG><a name="[1df]"></a>smp_flush_rx_queues</STRONG> (Thumb, 52 bytes, Stack size unknown bytes, smp_common.o(i.smp_flush_rx_queues))
<BR><BR>[Calls]<UL><LI><a href="#[f9]">&gt;&gt;</a>&nbsp;&nbsp;&nbsp;acl_list_remove
<LI><a href="#[f8]">&gt;&gt;</a>&nbsp;&nbsp;&nbsp;acl_list_first
<LI><a href="#[fc]">&gt;&gt;</a>&nbsp;&nbsp;&nbsp;PM_Release_Acl_Pckt
</UL>
<BR>[Called By]<UL><LI><a href="#[16f]">&gt;&gt;</a>&nbsp;&nbsp;&nbsp;SMP_hci_disconnection_complete_evt_hndl
<LI><a href="#[2d9]">&gt;&gt;</a>&nbsp;&nbsp;&nbsp;smp_pairing_process_abort
</UL>

<P><STRONG><a name="[2d9]"></a>smp_pairing_process_abort</STRONG> (Thumb, 96 bytes, Stack size unknown bytes, smp_common.o(i.smp_pairing_process_abort))
<BR><BR>[Stack]<UL><LI>Max Depth = 20 + Unknown Stack Size
<LI>Call Chain = smp_pairing_process_abort &rArr; smp_repeated_attacks_protection &rArr; Osal_MemCmp &rArr; memcmp
</UL>
<BR>[Calls]<UL><LI><a href="#[f5]">&gt;&gt;</a>&nbsp;&nbsp;&nbsp;Osal_MemSet
<LI><a href="#[2da]">&gt;&gt;</a>&nbsp;&nbsp;&nbsp;smp_repeated_attacks_protection
<LI><a href="#[1dc]">&gt;&gt;</a>&nbsp;&nbsp;&nbsp;smp_update_statistics_on_pairing_complete
<LI><a href="#[1df]">&gt;&gt;</a>&nbsp;&nbsp;&nbsp;smp_flush_rx_queues
<LI><a href="#[1db]">&gt;&gt;</a>&nbsp;&nbsp;&nbsp;aci_gap_pairing_complete_event_push
<LI><a href="#[1d3]">&gt;&gt;</a>&nbsp;&nbsp;&nbsp;smp_find_remote_device_index
<LI><a href="#[1d4]">&gt;&gt;</a>&nbsp;&nbsp;&nbsp;SMP_reset_timer
</UL>
<BR>[Called By]<UL><LI><a href="#[2cc]">&gt;&gt;</a>&nbsp;&nbsp;&nbsp;smp_pairing_failed_send
<LI><a href="#[1d8]">&gt;&gt;</a>&nbsp;&nbsp;&nbsp;smp_pairing_failed_receive
</UL>

<P><STRONG><a name="[1dc]"></a>smp_update_statistics_on_pairing_complete</STRONG> (Thumb, 50 bytes, Stack size unknown bytes, smp_common.o(i.smp_update_statistics_on_pairing_complete))
<BR><BR>[Calls]<UL><LI><a href="#[2db]">&gt;&gt;</a>&nbsp;&nbsp;&nbsp;smp_sc_update_statistics_on_pairing_complete_ucfg
</UL>
<BR>[Called By]<UL><LI><a href="#[16f]">&gt;&gt;</a>&nbsp;&nbsp;&nbsp;SMP_hci_disconnection_complete_evt_hndl
<LI><a href="#[1da]">&gt;&gt;</a>&nbsp;&nbsp;&nbsp;SMP_Protocol_Timer_cb
<LI><a href="#[2d9]">&gt;&gt;</a>&nbsp;&nbsp;&nbsp;smp_pairing_process_abort
<LI><a href="#[2be]">&gt;&gt;</a>&nbsp;&nbsp;&nbsp;smp_pairing_completed
</UL>

<P><STRONG><a name="[83]"></a>ATT_fill_type_val_entry</STRONG> (Thumb, 52 bytes, Stack size unknown bytes, att.o(i.ATT_fill_type_val_entry))
<BR><BR>[Stack]<UL><LI>Max Depth = 16 + Unknown Stack Size
<LI>Call Chain = ATT_fill_type_val_entry &rArr; PM_Write_Pckt_Data &rArr; Mem_Buff_Write &rArr; Osal_MemCpy &rArr; memcpy
</UL>
<BR>[Calls]<UL><LI><a href="#[84]">&gt;&gt;</a>&nbsp;&nbsp;&nbsp;PM_Write_Pckt_Data
</UL>
<BR>[Called By]<UL><LI><a href="#[ff]">&gt;&gt;</a>&nbsp;&nbsp;&nbsp;Find_By_Type_Val_Resp
</UL>

<P><STRONG><a name="[85]"></a>ATT_validate_prepare_req</STRONG> (Thumb, 162 bytes, Stack size unknown bytes, att.o(i.ATT_validate_prepare_req))
<BR><BR>[Stack]<UL><LI>Max Depth = 16 + Unknown Stack Size
<LI>Call Chain = ATT_validate_prepare_req &rArr; Osal_MemCpy &rArr; memcpy
</UL>
<BR>[Calls]<UL><LI><a href="#[82]">&gt;&gt;</a>&nbsp;&nbsp;&nbsp;Osal_MemCpy
<LI><a href="#[87]">&gt;&gt;</a>&nbsp;&nbsp;&nbsp;Gatt_search_handle
<LI><a href="#[86]">&gt;&gt;</a>&nbsp;&nbsp;&nbsp;Gatt_Find_Srv_Owner_Of_Handle
</UL>
<BR>[Called By]<UL><LI><a href="#[f7]">&gt;&gt;</a>&nbsp;&nbsp;&nbsp;Exec_Write_Resp
</UL>

<P><STRONG><a name="[100]"></a>Pm_Resize_Host_Acl_Pckt</STRONG> (Thumb, 14 bytes, Stack size unknown bytes, att.o(i.Pm_Resize_Host_Acl_Pckt))
<BR><BR>[Calls]<UL><LI><a href="#[1a5]">&gt;&gt;</a>&nbsp;&nbsp;&nbsp;PM_Resize_Pckt_Pdu_Size
</UL>
<BR>[Called By]<UL><LI><a href="#[1ac]">&gt;&gt;</a>&nbsp;&nbsp;&nbsp;Read_Resp
<LI><a href="#[1ae]">&gt;&gt;</a>&nbsp;&nbsp;&nbsp;Read_Multi_Resp
<LI><a href="#[1ab]">&gt;&gt;</a>&nbsp;&nbsp;&nbsp;Read_By_Type_Resp
<LI><a href="#[1af]">&gt;&gt;</a>&nbsp;&nbsp;&nbsp;Read_By_Grp_Type_Resp
<LI><a href="#[1ad]">&gt;&gt;</a>&nbsp;&nbsp;&nbsp;Read_Blob_Resp
<LI><a href="#[1a9]">&gt;&gt;</a>&nbsp;&nbsp;&nbsp;Prepare_Write_Resp
<LI><a href="#[102]">&gt;&gt;</a>&nbsp;&nbsp;&nbsp;Find_Info_Resp
<LI><a href="#[ff]">&gt;&gt;</a>&nbsp;&nbsp;&nbsp;Find_By_Type_Val_Resp
</UL>

<P><STRONG><a name="[fb]"></a>aci_gatt_attribute_modified_event_push</STRONG> (Thumb, 116 bytes, Stack size unknown bytes, att.o(i.aci_gatt_attribute_modified_event_push))
<BR><BR>[Stack]<UL><LI>Max Depth = 16 + Unknown Stack Size
<LI>Call Chain = aci_gatt_attribute_modified_event_push &rArr; Osal_MemCpy &rArr; memcpy
</UL>
<BR>[Calls]<UL><LI><a href="#[82]">&gt;&gt;</a>&nbsp;&nbsp;&nbsp;Osal_MemCpy
<LI><a href="#[8c]">&gt;&gt;</a>&nbsp;&nbsp;&nbsp;aci_event_fifo_push_header
<LI><a href="#[8d]">&gt;&gt;</a>&nbsp;&nbsp;&nbsp;aci_event_fifo_push
</UL>
<BR>[Called By]<UL><LI><a href="#[1b0]">&gt;&gt;</a>&nbsp;&nbsp;&nbsp;Write_Resp
<LI><a href="#[1b1]">&gt;&gt;</a>&nbsp;&nbsp;&nbsp;Write_Cmd
<LI><a href="#[f7]">&gt;&gt;</a>&nbsp;&nbsp;&nbsp;Exec_Write_Resp
</UL>

<P><STRONG><a name="[1bc]"></a>aci_gatt_read_multi_permit_req_event_push</STRONG> (Thumb, 98 bytes, Stack size unknown bytes, att.o(i.aci_gatt_read_multi_permit_req_event_push))
<BR><BR>[Stack]<UL><LI>Max Depth = 16 + Unknown Stack Size
<LI>Call Chain = aci_gatt_read_multi_permit_req_event_push &rArr; Osal_MemCpy &rArr; memcpy
</UL>
<BR>[Calls]<UL><LI><a href="#[82]">&gt;&gt;</a>&nbsp;&nbsp;&nbsp;Osal_MemCpy
<LI><a href="#[8c]">&gt;&gt;</a>&nbsp;&nbsp;&nbsp;aci_event_fifo_push_header
<LI><a href="#[8d]">&gt;&gt;</a>&nbsp;&nbsp;&nbsp;aci_event_fifo_push
</UL>
<BR>[Called By]<UL><LI><a href="#[1ae]">&gt;&gt;</a>&nbsp;&nbsp;&nbsp;Read_Multi_Resp
<LI><a href="#[1ab]">&gt;&gt;</a>&nbsp;&nbsp;&nbsp;Read_By_Type_Resp
</UL>

<P><STRONG><a name="[1ba]"></a>aci_gatt_read_permit_req_event_push</STRONG> (Thumb, 74 bytes, Stack size unknown bytes, att.o(i.aci_gatt_read_permit_req_event_push))
<BR><BR>[Calls]<UL><LI><a href="#[8c]">&gt;&gt;</a>&nbsp;&nbsp;&nbsp;aci_event_fifo_push_header
<LI><a href="#[8d]">&gt;&gt;</a>&nbsp;&nbsp;&nbsp;aci_event_fifo_push
</UL>
<BR>[Called By]<UL><LI><a href="#[1ac]">&gt;&gt;</a>&nbsp;&nbsp;&nbsp;Read_Resp
<LI><a href="#[1ad]">&gt;&gt;</a>&nbsp;&nbsp;&nbsp;Read_Blob_Resp
</UL>

<P><STRONG><a name="[20a]"></a>aci_gatt_write_permit_req_event_push</STRONG> (Thumb, 104 bytes, Stack size unknown bytes, att.o(i.aci_gatt_write_permit_req_event_push))
<BR><BR>[Stack]<UL><LI>Max Depth = 16 + Unknown Stack Size
<LI>Call Chain = aci_gatt_write_permit_req_event_push &rArr; PM_Copy_Pckt_Data &rArr; Mem_Buff_Read &rArr; Osal_MemCpy &rArr; memcpy
</UL>
<BR>[Calls]<UL><LI><a href="#[8c]">&gt;&gt;</a>&nbsp;&nbsp;&nbsp;aci_event_fifo_push_header
<LI><a href="#[8d]">&gt;&gt;</a>&nbsp;&nbsp;&nbsp;aci_event_fifo_push
<LI><a href="#[fa]">&gt;&gt;</a>&nbsp;&nbsp;&nbsp;PM_Copy_Pckt_Data
</UL>
<BR>[Called By]<UL><LI><a href="#[1b0]">&gt;&gt;</a>&nbsp;&nbsp;&nbsp;Write_Resp
<LI><a href="#[1b1]">&gt;&gt;</a>&nbsp;&nbsp;&nbsp;Write_Cmd
</UL>

<P><STRONG><a name="[1e4]"></a>sma_Calculate_Hash</STRONG> (Thumb, 54 bytes, Stack size unknown bytes, smp_algo_sap.o(i.sma_Calculate_Hash))
<BR><BR>[Stack]<UL><LI>Max Depth = 16 + Unknown Stack Size
<LI>Call Chain = sma_Calculate_Hash &rArr; Osal_MemSet &rArr; memset
</UL>
<BR>[Calls]<UL><LI><a href="#[f5]">&gt;&gt;</a>&nbsp;&nbsp;&nbsp;Osal_MemSet
<LI><a href="#[82]">&gt;&gt;</a>&nbsp;&nbsp;&nbsp;Osal_MemCpy
<LI><a href="#[1cb]">&gt;&gt;</a>&nbsp;&nbsp;&nbsp;hci_le_encrypt
</UL>
<BR>[Called By]<UL><LI><a href="#[1c8]">&gt;&gt;</a>&nbsp;&nbsp;&nbsp;SM_Resolve_Private_Address
<LI><a href="#[11c]">&gt;&gt;</a>&nbsp;&nbsp;&nbsp;SM_Generate_Resolvable_Private_Address
</UL>

<P><STRONG><a name="[2b7]"></a>sma_generate_subkeys</STRONG> (Thumb, 126 bytes, Stack size unknown bytes, smp_algo_sap.o(i.sma_generate_subkeys))
<BR><BR>[Stack]<UL><LI>Max Depth = 16 + Unknown Stack Size
<LI>Call Chain = sma_generate_subkeys &rArr; hci_le_encrypt &rArr; LL_Encrypt_Plain_Data_ucfg &rArr; Osal_MemCpy &rArr; memcpy
</UL>
<BR>[Calls]<UL><LI><a href="#[1cb]">&gt;&gt;</a>&nbsp;&nbsp;&nbsp;hci_le_encrypt
<LI><a href="#[2b8]">&gt;&gt;</a>&nbsp;&nbsp;&nbsp;sma_left_shift
</UL>
<BR>[Called By]<UL><LI><a href="#[1e3]">&gt;&gt;</a>&nbsp;&nbsp;&nbsp;sma_CMAC_generate_tag
</UL>

<P><STRONG><a name="[2b8]"></a>sma_left_shift</STRONG> (Thumb, 44 bytes, Stack size unknown bytes, smp_algo_sap.o(i.sma_left_shift))
<BR><BR>[Called By]<UL><LI><a href="#[2b7]">&gt;&gt;</a>&nbsp;&nbsp;&nbsp;sma_generate_subkeys
</UL>

<P><STRONG><a name="[212]"></a>_printf_core</STRONG> (Thumb, 1020 bytes, Stack size 104 bytes, printf8.o(i._printf_core), UNUSED)
<BR><BR>[Calls]<UL><LI><a href="#[7c]">&gt;&gt;</a>&nbsp;&nbsp;&nbsp;__aeabi_uldivmod
<LI><a href="#[220]">&gt;&gt;</a>&nbsp;&nbsp;&nbsp;_printf_pre_padding
<LI><a href="#[221]">&gt;&gt;</a>&nbsp;&nbsp;&nbsp;_printf_post_padding
</UL>
<BR>[Called By]<UL><LI><a href="#[211]">&gt;&gt;</a>&nbsp;&nbsp;&nbsp;__0printf$8
</UL>

<P><STRONG><a name="[221]"></a>_printf_post_padding</STRONG> (Thumb, 32 bytes, Stack size 24 bytes, printf8.o(i._printf_post_padding), UNUSED)
<BR><BR>[Called By]<UL><LI><a href="#[212]">&gt;&gt;</a>&nbsp;&nbsp;&nbsp;_printf_core
</UL>

<P><STRONG><a name="[220]"></a>_printf_pre_padding</STRONG> (Thumb, 44 bytes, Stack size 40 bytes, printf8.o(i._printf_pre_padding), UNUSED)
<BR><BR>[Called By]<UL><LI><a href="#[212]">&gt;&gt;</a>&nbsp;&nbsp;&nbsp;_printf_core
</UL>
<P>
<H3>
Undefined Global Symbols
</H3><HR></body></html>
