Component: ARM Compiler 5.06 update 4 (build 422) Tool: armlink [4d35d2]

==============================================================================

Section Cross References

    clock.o(i.Clock_Time) refers to clock.o(.data) for .data
    clock.o(i.Clock_Wait) refers to clock.o(.data) for .data
    clock.o(i.SysCount_Handler) refers to clock.o(.data) for .data
    context_switch.o(. text) refers to system_bluenrg1.o(.savedMSP) for savedMSP
    context_switch.o(. text) refers to system_bluenrg1.o(.data) for savedICSR
    context_switch.o(. text) refers to system_bluenrg1.o(.data) for savedSHCSR
    context_switch.o(. text) refers to system_bluenrg1.o(.data) for savedNVIC_ISPR
    miscutil.o(i.BLEPLAT_get_part_info) refers to miscutil.o(i.HAL_GetPartInfo) for HAL_GetPartInfo
    miscutil.o(i.HAL_CrashHandler) refers to uwrite4.o(.text) for __aeabi_uwrite4
    miscutil.o(i.HAL_CrashHandler) refers to miscutil.o(.__crash_RAM) for .__crash_RAM
    miscutil.o(i.HAL_GetCrashInfo) refers to memmove.o(.text) for __aeabi_memcpy
    miscutil.o(i.HAL_GetCrashInfo) refers to uwrite4.o(.text) for __aeabi_uwrite4
    miscutil.o(i.HAL_GetCrashInfo) refers to miscutil.o(.__crash_RAM) for .__crash_RAM
    osal.o(i.Osal_MemCmp) refers to memcmp.o(.text) for memcmp
    osal.o(i.Osal_MemCpy) refers to memmove.o(.text) for memcpy
    osal.o(i.Osal_MemSet) refers to memseta.o(.text) for memset
    sleep.o(i.BlueNRG_InternalSleep) refers to miscutil.o(i.HAL_GetPartInfo) for HAL_GetPartInfo
    sleep.o(i.BlueNRG_InternalSleep) refers to system_bluenrg1.o(i.SET_BORconfigStatus) for SET_BORconfigStatus
    sleep.o(i.BlueNRG_InternalSleep) refers to misc.o(i.SystemSleepCmd) for SystemSleepCmd
    sleep.o(i.BlueNRG_InternalSleep) refers to context_switch.o(. text) for CS_contextSave
    sleep.o(i.BlueNRG_InternalSleep) refers to system_bluenrg1.o(.intvec) for __vector_table
    sleep.o(i.BlueNRG_InternalSleep) refers to sleep.o(.data) for .data
    sleep.o(i.BlueNRG_InternalSleep) refers to sleep.o(.bss) for .bss
    sleep.o(i.BlueNRG_InternalSleep) refers to system_bluenrg1.o(.flash_sw_lock) for flash_sw_lock
    sleep.o(i.BlueNRG_InternalSleep) refers to system_bluenrg1.o(.rfTimeout) for rfTimeout
    sleep.o(i.BlueNRG_InternalSleep) refers to system_bluenrg1.o(.wakeupFromSleepFlag) for wakeupFromSleepFlag
    sleep.o(i.BlueNRG_InternalSleep) refers to system_bluenrg1.o(i.DeviceConfiguration) for DeviceConfiguration
    sleep.o(i.BlueNRG_InternalSleep) refers to bluenrg1_sysctrl.o(i.SysCtrl_GetWakeupResetReason) for SysCtrl_GetWakeupResetReason
    sleep.o(i.BlueNRG_InternalSleep) refers to system_bluenrg1.o(.data) for savedNVIC_ISPR
    sleep.o(i.BlueNRG_InternalSleep) refers to system_bluenrg1.o(.data) for savedSHCSR
    sleep.o(i.BlueNRG_InternalSleep) refers to system_bluenrg1.o(.data) for savedICSR
    sleep.o(i.BlueNRG_InternalSleep) refers to system_bluenrg1.o(.bss.__blue_RAM) for __blue_RAM
    sleep.o(i.BlueNRG_Sleep) refers to bluenrg_main_func_speed.o(i.BlueNRG_Stack_Perform_Deep_Sleep_Check) for BlueNRG_Stack_Perform_Deep_Sleep_Check
    sleep.o(i.BlueNRG_Sleep) refers to sleep.o(i.HAL_VTIMER_TimerSleepCheck) for HAL_VTIMER_TimerSleepCheck
    sleep.o(i.BlueNRG_Sleep) refers to ble_beacon_main.o(i.App_SleepMode_Check) for App_SleepMode_Check
    sleep.o(i.BlueNRG_Sleep) refers to sleep.o(i.BlueNRG_InternalSleep) for BlueNRG_InternalSleep
    sleep.o(i.BlueNRG_Sleep) refers to system_bluenrg1.o(.wakeupFromSleepFlag) for wakeupFromSleepFlag
    sleep.o(i.BlueNRG_Sleep) refers to sleep.o(.bss) for .bss
    bluenrg1_adc.o(i.ADC_CompensateOutputValue) refers to fmul.o(.text) for __aeabi_fmul
    bluenrg1_adc.o(i.ADC_CompensateOutputValue) refers to fadd.o(.text) for __aeabi_fsub
    bluenrg1_adc.o(i.ADC_CompensateOutputValue) refers to bluenrg1_adc.o(.data) for .data
    bluenrg1_adc.o(i.ADC_ConvertBatterySensor) refers to bluenrg1_adc.o(i.ADC_ConvertSingleEndedVoltage) for ADC_ConvertSingleEndedVoltage
    bluenrg1_adc.o(i.ADC_ConvertBatterySensor) refers to fmul.o(.text) for __aeabi_fmul
    bluenrg1_adc.o(i.ADC_ConvertDifferentialVoltage) refers to ffltui.o(.text) for __aeabi_ui2f
    bluenrg1_adc.o(i.ADC_ConvertDifferentialVoltage) refers to fflti.o(.text) for __aeabi_i2f
    bluenrg1_adc.o(i.ADC_ConvertDifferentialVoltage) refers to fdiv.o(.text) for __aeabi_fdiv
    bluenrg1_adc.o(i.ADC_ConvertDifferentialVoltage) refers to fadd.o(.text) for __aeabi_fadd
    bluenrg1_adc.o(i.ADC_ConvertDifferentialVoltage) refers to fmul.o(.text) for __aeabi_fmul
    bluenrg1_adc.o(i.ADC_ConvertSingleEndedVoltage) refers to fflti.o(.text) for __aeabi_i2f
    bluenrg1_adc.o(i.ADC_ConvertSingleEndedVoltage) refers to ffltui.o(.text) for __aeabi_ui2f
    bluenrg1_adc.o(i.ADC_ConvertSingleEndedVoltage) refers to fadd.o(.text) for __aeabi_fadd
    bluenrg1_adc.o(i.ADC_ConvertSingleEndedVoltage) refers to f2d.o(.text) for __aeabi_f2d
    bluenrg1_adc.o(i.ADC_ConvertSingleEndedVoltage) refers to fdiv.o(.text) for __aeabi_fdiv
[...]
    0x10053374   0x0000000e   Code   RO         4018    i.Delay_With_NOP_Cycles  libbluenrg1_stack.a(utils.o)
    0x10053382   0x00000002   PAD
    0x10053384   0x00000164   Code   RO         2269    i.DeviceConfiguration  system_bluenrg1.o
    0x100534e8   0x00000110   Code   RO         2487    i.Device_Init       ble_beacon_main.o
    0x100535f8   0x00000048   Code   RO         3599    i.Disconnection_Offline_Processing  libbluenrg1_stack.a(ll_routines.o)
    0x10053640   0x00000264   Code   RO         3647    i.Dynamic_allocator  libbluenrg1_stack.a(mem_alloc.o)
    0x100538a4   0x00000002   Code   RO         3648    i.Dynamic_allocator_noRet  libbluenrg1_stack.a(mem_alloc.o)
    0x100538a6   0x0000000e   Code   RO         3869    i.Erase_Sector      libbluenrg1_stack.a(sdb.o)
    0x100538b4   0x0000010c   Code   RO         3200    i.Events_Process_Q  libbluenrg1_stack.a(aci_events.o)
    0x100539c0   0x0000004c   Code   RO         3201    i.Events_Process_init  libbluenrg1_stack.a(aci_events.o)
    0x10053a0c   0x000000b4   Code   RO         4031    i.Exchg_Mtu_Resp    libbluenrg1_stack.a(att.o)
    0x10053ac0   0x000001c0   Code   RO         4032    i.Exec_Write_Resp   libbluenrg1_stack.a(att.o)
    0x10053c80   0x00000030   Code   RO          525    i.FLASH_ErasePage   bluenrg1_flash.o
    0x10053cb0   0x00000014   Code   RO          526    i.FLASH_GetFlagStatus  bluenrg1_flash.o
    0x10053cc4   0x00000034   Code   RO          529    i.FLASH_ProgramWord  bluenrg1_flash.o
    0x10053cf8   0x00000004   Code   RO          532    i.FLASH_ReadWord    bluenrg1_flash.o
    0x10053cfc   0x00000010   Code   RO          534    i.FLASH_WaitCmdDone  bluenrg1_flash.o
    0x10053d0c   0x00000050   Code   RO         3481    i.Find_Attr_Index   libbluenrg1_stack.a(gatt_server.o)
    0x10053d5c   0x000001f0   Code   RO         4033    i.Find_By_Type_Val_Resp  libbluenrg1_stack.a(att.o)
    0x10053f4c   0x0000003c   Code   RO         3408    i.Find_Gatt_Client  libbluenrg1_stack.a(gatt_client.o)
    0x10053f88   0x000001e8   Code   RO         4034    i.Find_Info_Resp    libbluenrg1_stack.a(att.o)
    0x10054170   0x00000020   Code   RO         3482    i.Find_Timed_Out_Connection  libbluenrg1_stack.a(gatt_server.o)
    0x10054190   0x0000003c   Code   RO         3698    i.Flash_Write_Flagged  libbluenrg1_stack.a(nvm.o)
    0x100541cc   0x00000068   Code   RO         3365    i.GAP_Connection_Complete_Handler  libbluenrg1_stack.a(gap.o)
    0x10054234   0x00000002   Code   RO         3368    i.GAP_DiscProcTimeoutcb_ucfg  libbluenrg1_stack.a(gap.o)
    0x10054236   0x00000002   PAD
    0x10054238   0x000001fc   Code   RO         3369    i.GAP_Init          libbluenrg1_stack.a(gap.o)
    0x10054434   0x00000014   Code   RO         3370    i.GAP_Init_Context  libbluenrg1_stack.a(gap.o)
    0x10054448   0x00000068   Code   RO         3372    i.GAP_LL_Event_Handler_ISR  libbluenrg1_stack.a(gap.o)
    0x100544b0   0x0000002c   Code   RO         3373    i.GAP_LimDiscTimeoutcb  libbluenrg1_stack.a(gap.o)
    0x100544dc   0x00000070   Code   RO         3741    i.GAP_Notify_Add_Charac  libbluenrg1_stack.a(rom_gap_rom.o)
    0x1005454c   0x000001e0   Code   RO         3729    i.GAP_Privacy1v2    libbluenrg1_stack.a(rom_gap.o)
    0x1005472c   0x00000048   Code   RO         3730    i.GAP_PrivateAddrTimercb  libbluenrg1_stack.a(rom_gap.o)
    0x10054774   0x00000040   Code   RO         3374    i.GAP_Process_Q     libbluenrg1_stack.a(gap.o)
    0x100547b4   0x00000038   Code   RO         3377    i.GAP_Set_Discoverable_Mode  libbluenrg1_stack.a(gap.o)
    0x100547ec   0x0000001c   Code   RO         3393    i.GAP_check_and_set_role_ucfg  libbluenrg1_stack.a(gap.o)
    0x10054808   0x00000002   Code   RO         3395    i.GAP_discover_peer_name_ucfg  libbluenrg1_stack.a(gap.o)
    0x1005480a   0x00000004   Code   RO         3397    i.GAP_enable_controller_privacy_ucfg  libbluenrg1_stack.a(gap.o)
    0x1005480e   0x00000002   PAD
    0x10054810   0x00000044   Code   RO         3483    i.GATT_Connection_Complete_Handler  libbluenrg1_stack.a(gatt_server.o)
    0x10054854   0x0000003a   Code   RO         3751    i.GATT_Num_Charac_Present  libbluenrg1_stack.a(rom_gatt_server.o)
    0x1005488e   0x00000002   PAD
    0x10054890   0x0000002c   Code   RO         3484    i.GATT_Send_Packet  libbluenrg1_stack.a(gatt_server.o)
    0x100548bc   0x00000018   Code   RO         3485    i.GATT_Server_Set_Flag  libbluenrg1_stack.a(gatt_server.o)
    0x100548d4   0x0000001a   Code   RO         3486    i.GATT_TimeOut_Handler  libbluenrg1_stack.a(gatt_server.o)
    0x100548ee   0x00000008   Code   RO          619    i.GPIO_ClearITPendingBit  bluenrg1_gpio.o
    0x100548f6   0x00000014   Code   RO          621    i.GPIO_EXTICmd      bluenrg1_gpio.o
    0x1005490a   0x00000042   Code   RO          622    i.GPIO_EXTIConfig   bluenrg1_gpio.o
    0x1005494c   0x00000012   Code   RO          624    i.GPIO_GetITPendingBit  bluenrg1_gpio.o
    0x1005495e   0x00000002   Code   RO         2601    i.GPIO_Handler      bluenrg1_it.o
    0x10054960   0x000000d4   Code   RO          626    i.GPIO_Init         bluenrg1_gpio.o
    0x10054a34   0x00000012   Code   RO          628    i.GPIO_ReadBit      bluenrg1_gpio.o
    0x10054a46   0x00000002   PAD
    0x10054a48   0x0000000c   Code   RO          629    i.GPIO_ResetBits    bluenrg1_gpio.o
    0x10054a54   0x00000008   Code   RO          630    i.GPIO_SetBits      bluenrg1_gpio.o
    0x10054a5c   0x0000000c   Code   RO          631    i.GPIO_StructInit   bluenrg1_gpio.o
    0x10054a68   0x00000018   Code   RO          634    i.GPIO_WriteBit     bluenrg1_gpio.o
    0x10054a80   0x00000014   Code   RO         3733    i.GapIsPrivacySupported  libbluenrg1_stack.a(rom_gap.o)
    0x10054a94   0x00000160   Code   RO         3487    i.Gatt_Add_Charac_Desc  libbluenrg1_stack.a(gatt_server.o)
    0x10054bf4   0x0000033c   Code   RO         3488    i.Gatt_Add_Characteristic  libbluenrg1_stack.a(gatt_server.o)
    0x10054f30   0x00000158   Code   RO         3489    i.Gatt_Add_Descriptor  libbluenrg1_stack.a(gatt_server.o)
    0x10055088   0x00000160   Code   RO         3490    i.Gatt_Add_Service  libbluenrg1_stack.a(gatt_server.o)
    0x100551e8   0x0000002c   Code   RO         3496    i.Gatt_Find_Srv_From_Handle  libbluenrg1_stack.a(gatt_server.o)
    0x10055214   0x00000048   Code   RO         3497    i.Gatt_Find_Srv_Owner_Of_Handle  libbluenrg1_stack.a(gatt_server.o)
    0x1005525c   0x00000038   Code   RO         3498    i.Gatt_Find_Timed_Out_Connection_Index  libbluenrg1_stack.a(gatt_server.o)
    0x10055294   0x00000034   Code   RO         3499    i.Gatt_Flush_Pending_AclPacket_Lists  libbluenrg1_stack.a(gatt_server.o)
    0x100552c8   0x0000019c   Code   RO         3501    i.Gatt_Process_Q    libbluenrg1_stack.a(gatt_server.o)
    0x10055464   0x000000fc   Code   RO         3503    i.Gatt_Reset_To_Closed_State  libbluenrg1_stack.a(gatt_server.o)
    0x10055560   0x00000038   Code   RO         3504    i.Gatt_Server_Db_Check  libbluenrg1_stack.a(gatt_server.o)
    0x10055598   0x00000194   Code   RO         3505    i.Gatt_Server_Init  libbluenrg1_stack.a(gatt_server.o)
    0x1005572c   0x0000021c   Code   RO         3506    i.Gatt_Server_L2C_Handler  libbluenrg1_stack.a(gatt_server.o)
    0x10055948   0x0000004c   Code   RO         3507    i.Gatt_Server_L2C_Handler_ISR  libbluenrg1_stack.a(gatt_server.o)
    0x10055994   0x00000170   Code   RO         3510    i.Gatt_Store_Server_Database_And_Reset_CCCD  libbluenrg1_stack.a(gatt_server.o)
    0x10055b04   0x00000068   Code   RO         3511    i.Gatt_Update_Charac_Value  libbluenrg1_stack.a(gatt_server.o)
    0x10055b6c   0x00000390   Code   RO         3512    i.Gatt_Update_Charac_Value_Ext  libbluenrg1_stack.a(gatt_server.o)
    0x10055efc   0x0000003c   Code   RO         3513    i.Gatt_fetch_handle  libbluenrg1_stack.a(gatt_server.o)
    0x10055f38   0x0000001e   Code   RO         3514    i.Gatt_search_handle  libbluenrg1_stack.a(gatt_server.o)
    0x10055f56   0x00000002   PAD
    0x10055f58   0x00000030   Code   RO         3515    i.Gatt_search_service_handle  libbluenrg1_stack.a(gatt_server.o)
    0x10055f88   0x00000088   Code   RO         3734    i.Generate_Non_Resolvable_Private_Address  libbluenrg1_stack.a(rom_gap.o)
    0x10056010   0x0000002c   Code   RO         1887    i.Get_ButtonGpioPin  sdk_eval_button.o
    0x1005603c   0x00000010   Code   RO         3745    i.Get_GAP_Handle    libbluenrg1_stack.a(rom_gap_rom.o)
    0x1005604c   0x00000044   Code   RO         2109    i.Get_LedGpioPin    sdk_eval_led.o
    0x10056090   0x0000001c   Code   RO         3097    i.Get_Random_Addr   libbluenrg1_stack.a(hci.o)
    0x100560ac   0x00000014   Code   RO         3746    i.Get_StaticRandAddr  libbluenrg1_stack.a(rom_gap_rom.o)
    0x100560c0   0x00000054   Code   RO         3078    i.HAL_Flash_Store_Data  libbluenrg1_stack.a(hal.o)
    0x10056114   0x00000020   Code   RO         3079    i.HAL_Generate_Random_Bytes_To  libbluenrg1_stack.a(hal.o)
    0x10056134   0x00000060   Code   RO          113    i.HAL_GetPartInfo   miscutil.o
    0x10056194   0x00000044   Code   RO         3082    i.HAL_Set_TX_Power_Level  libbluenrg1_stack.a(hal.o)
    0x100561d8   0x00000004   Code   RO          195    i.HAL_VTIMER_TimerSleepCheck  sleep.o
    0x100561dc   0x00000024   Code   RO         3159    i.HAL_VTimerAcc_sysT32_ms  libbluenrg1_stack.a(host_timer.o)
    0x10056200   0x00000012   Code   RO         3162    i.HAL_VTimerGetCurrentTime_sysT32  libbluenrg1_stack.a(host_timer.o)
    0x10056212   0x00000002   Code   RO         3165    i.HAL_VTimerTimeoutCallback  libbluenrg1_stack.a(host_timer.o)
    0x10056214   0x0000007c   Code   RO         3098    i.HCI_Init          libbluenrg1_stack.a(hci.o)
    0x10056290   0x0000003a   Code   RO         3084    i.Hal_Get_Random_Number  libbluenrg1_stack.a(hal.o)
    0x100562ca   0x00000012   Code   RO         3085    i.Hal_Get_Random_Number32  libbluenrg1_stack.a(hal.o)
    0x100562dc   0x00000002   Code   RO         2602    i.HardFault_Handler  bluenrg1_it.o
    0x100562de   0x00000002   Code   RO         2272    i.I2C1_Handler      system_bluenrg1.o
    0x100562e0   0x00000002   Code   RO         2273    i.I2C2_Handler      system_bluenrg1.o
    0x100562e2   0x00000002   PAD
    0x100562e4   0x00000128   Code   RO         4055    i.IDD_Initialize_Device_IDs  libbluenrg1_stack.a(device_id_data.o)
    0x1005640c   0x00000048   Code   RO         3516    i.Ind_Service_Change_Charac  libbluenrg1_stack.a(gatt_server.o)
    0x10056454   0x00000018   Code   RO         3787    i.Is_Address_Initialized  libbluenrg1_stack.a(rom_ll_ll_routines.o)
    0x1005646c   0x00000010   Code   RO         3699    i.Is_Flash_Write_On_Going  libbluenrg1_stack.a(nvm.o)
    0x1005647c   0x0000007c   Code   RO         3536    i.L2C_Build_Command_Reject_Pdu  libbluenrg1_stack.a(l2cap.o)
    0x100564f8   0x0000004a   Code   RO         3539    i.L2C_Connection_Complete_Handler  libbluenrg1_stack.a(l2cap.o)
    0x10056542   0x0000002a   Code   RO         3540    i.L2C_Connection_Complete_Signal_Handler  libbluenrg1_stack.a(l2cap.o)
    0x1005656c   0x00000034   Code   RO         3541    i.L2C_Get_Connection_Info  libbluenrg1_stack.a(l2cap.o)
    0x100565a0   0x00000030   Code   RO         3542    i.L2C_Get_Connection_Info_Index  libbluenrg1_stack.a(l2cap.o)
    0x100565d0   0x0000000e   Code   RO         3543    i.L2C_Get_PDU_Len   libbluenrg1_stack.a(l2cap.o)
    0x100565de   0x00000002   PAD
    0x100565e0   0x00000058   Code   RO         3544    i.L2C_Init          libbluenrg1_stack.a(l2cap.o)
    0x10056638   0x00000058   Code   RO         3545    i.L2C_Mux_Acl_Packet  libbluenrg1_stack.a(l2cap.o)
    0x10056690   0x000000cc   Code   RO         3546    i.L2C_Rcv_Data      libbluenrg1_stack.a(l2cap.o)
    0x1005675c   0x0000001e   Code   RO         3547    i.L2C_Rcv_Event_Handler  libbluenrg1_stack.a(l2cap.o)
    0x1005677a   0x00000054   Code   RO         3548    i.L2C_Rcv_Event_Handler_ISR  libbluenrg1_stack.a(l2cap.o)
    0x100567ce   0x00000002   PAD
    0x100567d0   0x0000007c   Code   RO         3549    i.L2C_Reset_To_Closed_State  libbluenrg1_stack.a(l2cap.o)
    0x1005684c   0x0000004c   Code   RO         3550    i.L2C_Send_Data     libbluenrg1_stack.a(l2cap.o)
    0x10056898   0x00000060   Code   RO         3551    i.L2C_SigChan_Req_TimeOut_Handler  libbluenrg1_stack.a(l2cap.o)
    0x100568f8   0x000001b0   Code   RO         3552    i.L2C_Signal_Channel_Handler  libbluenrg1_stack.a(l2cap.o)
    0x10056aa8   0x00000024   Code   RO         3553    i.L2C_Signal_Channel_Handler_ISR  libbluenrg1_stack.a(l2cap.o)
    0x10056acc   0x0000005c   Code   RO         3554    i.L2C_discard_accumulated_acl_data  libbluenrg1_stack.a(l2cap.o)
    0x10056b28   0x00000042   Code   RO         3788    i.LL_Allow_Address_Setting  libbluenrg1_stack.a(rom_ll_ll_routines.o)
    0x10056b6a   0x00000002   PAD
    0x10056b6c   0x000001fc   Code   RO         3789    i.LL_Check_And_Set_Addresses  libbluenrg1_stack.a(rom_ll_ll_routines.o)
    0x10056d68   0x00000004   Code   RO         3601    i.LL_Data_Length_Change_Event_ucfg  libbluenrg1_stack.a(ll_routines.o)
    0x10056d6c   0x0000021c   Code   RO         3790    i.LL_Enable_Disable_Adv  libbluenrg1_stack.a(rom_ll_ll_routines.o)
    0x10056f88   0x0000009c   Code   RO         3642    i.LL_Encrypt_Plain_Data_ucfg  libbluenrg1_stack.a(ll_routines_support.o)
    0x10057024   0x0000002c   Code   RO         3791    i.LL_Get_Address    libbluenrg1_stack.a(rom_ll_ll_routines.o)
    0x10057050   0x00000040   Code   RO         3792    i.LL_Get_AdvAddress  libbluenrg1_stack.a(rom_ll_ll_routines.o)
    0x10057090   0x00000018   Code   RO         3830    i.LL_Get_Adv_Tx_Power_Level  libbluenrg1_stack.a(rom_ll_routines_support.o)
    0x100570a8   0x00000040   Code   RO         3795    i.LL_Get_ScanAddress  libbluenrg1_stack.a(rom_ll_ll_routines.o)
    0x100570e8   0x0000018c   Code   RO         3797    i.LL_Init           libbluenrg1_stack.a(rom_ll_ll_routines.o)
    0x10057274   0x00000028   Code   RO         3561    i.LL_LE_Clear_White_List  libbluenrg1_stack.a(ll_privacy.o)
    0x1005729c   0x00000050   Code   RO         3799    i.LL_Send_ACL_Data  libbluenrg1_stack.a(rom_ll_ll_routines.o)
    0x100572ec   0x000000a4   Code   RO         3608    i.LL_Send_Disconnection_Req  libbluenrg1_stack.a(ll_routines.o)
    0x10057390   0x00000004   Code   RO         3611    i.LL_Send_Length_Resp_ucfg  libbluenrg1_stack.a(ll_routines.o)
    0x10057394   0x00000078   Code   RO         3801    i.LL_Set_Adv_Data   libbluenrg1_stack.a(rom_ll_ll_routines.o)
    0x1005740c   0x000000cc   Code   RO         3802    i.LL_Set_Adv_PDU_Format  libbluenrg1_stack.a(rom_ll_ll_routines.o)
    0x100574d8   0x0000014c   Code   RO         3803    i.LL_Set_Adv_Params  libbluenrg1_stack.a(rom_ll_ll_routines.o)
    0x10057624   0x00000088   Code   RO         3804    i.LL_Set_Advertising_Buffers  libbluenrg1_stack.a(rom_ll_ll_routines.o)
    0x100576ac   0x00000038   Code   RO         3805    i.LL_Set_DirectAddress  libbluenrg1_stack.a(rom_ll_ll_routines.o)
    0x100576e4   0x0000009c   Code   RO         3643    i.LL_Set_LTK        libbluenrg1_stack.a(ll_routines_support.o)
    0x10057780   0x00000024   Code   RO         3806    i.LL_Set_OwnAddress  libbluenrg1_stack.a(rom_ll_ll_routines.o)
    0x100577a4   0x0000005c   Code   RO         3807    i.LL_Set_Scan_Resp_Data  libbluenrg1_stack.a(rom_ll_ll_routines.o)
    0x10057800   0x00000058   Code   RO         4052    i.LL_Sleep_Req      libbluenrg1_stack.a(bluenrg_main_func_speed.o)
    0x10057858   0x00000048   Code   RO         3808    i.LL_Update_Advertising_Buffers  libbluenrg1_stack.a(rom_ll_ll_routines.o)
    0x100578a0   0x00000048   Code   RO         3809    i.LL_Update_Scanning_Initiating_Buffers  libbluenrg1_stack.a(rom_ll_ll_routines.o)
    0x100578e8   0x00000094   Code   RO         3531    i.LL_receive_data   libbluenrg1_stack.a(isr_routines.o)
    0x1005797c   0x00000098   Code   RO         3773    i.LL_update_proc    libbluenrg1_stack.a(rom_ll_isr_routines.o)
    0x10057a14   0x00000014   Code   RO         3759    i.List_Circular_Get_Size  libbluenrg1_stack.a(rom_list.o)
    0x10057a28   0x0000000e   Code   RO         3762    i.List_Circular_Insert_Tail  libbluenrg1_stack.a(rom_list.o)
    0x10057a36   0x00000016   Code   RO         3763    i.List_Circular_Node_Present  libbluenrg1_stack.a(rom_list.o)
    0x10057a4c   0x0000001a   Code   RO         3764    i.List_Circular_Remove_Head  libbluenrg1_stack.a(rom_list.o)
    0x10057a66   0x00000020   Code   RO         3765    i.List_Circular_Remove_Node  libbluenrg1_stack.a(rom_list.o)
    0x10057a86   0x00000002   Code   RO         2274    i.MFT1A_Handler     system_bluenrg1.o
    0x10057a88   0x00000002   Code   RO         2275    i.MFT1B_Handler     system_bluenrg1.o
    0x10057a8a   0x00000002   Code   RO         2276    i.MFT2A_Handler     system_bluenrg1.o
    0x10057a8c   0x00000002   Code   RO         2277    i.MFT2B_Handler     system_bluenrg1.o
    0x10057a8e   0x00000012   Code   RO         3655    i.Mem_Buff_Append   libbluenrg1_stack.a(mem_buff.o)
    0x10057aa0   0x00000048   Code   RO         3656    i.Mem_Buff_Block_Copy  libbluenrg1_stack.a(mem_buff.o)
    0x10057ae8   0x00000056   Code   RO         3657    i.Mem_Buff_Block_Write  libbluenrg1_stack.a(mem_buff.o)
    0x10057b3e   0x00000032   Code   RO         3658    i.Mem_Buff_Clone    libbluenrg1_stack.a(mem_buff.o)
    0x10057b70   0x00000078   Code   RO         3659    i.Mem_Buff_Cmp      libbluenrg1_stack.a(mem_buff.o)
    0x10057be8   0x000000ba   Code   RO         3660    i.Mem_Buff_Compact  libbluenrg1_stack.a(mem_buff.o)
    0x10057ca2   0x0000002e   Code   RO         3661    i.Mem_Buff_Get      libbluenrg1_stack.a(mem_buff.o)
    0x10057cd0   0x00000014   Code   RO         3662    i.Mem_Buff_Get_Chain_Count  libbluenrg1_stack.a(mem_buff.o)
    0x10057ce4   0x00000014   Code   RO         3663    i.Mem_Buff_Get_Chain_Size  libbluenrg1_stack.a(mem_buff.o)
    0x10057cf8   0x0000006a   Code   RO         3664    i.Mem_Buff_Init     libbluenrg1_stack.a(mem_buff.o)
    0x10057d62   0x00000062   Code   RO         3665    i.Mem_Buff_Read     libbluenrg1_stack.a(mem_buff.o)
    0x10057dc4   0x00000036   Code   RO         3666    i.Mem_Buff_Release  libbluenrg1_stack.a(mem_buff.o)
    0x10057dfa   0x0000008e   Code   RO         3667    i.Mem_Buff_Resize   libbluenrg1_stack.a(mem_buff.o)
    0x10057e88   0x00000068   Code   RO         3668    i.Mem_Buff_Write    libbluenrg1_stack.a(mem_buff.o)
    0x10057ef0   0x00000016   Code   RO         3649    i.Mem_assign        libbluenrg1_stack.a(mem_alloc.o)
    0x10057f06   0x00000002   Code   RO         2603    i.NMI_Handler       bluenrg1_it.o
    0x10057f08   0x00000088   Code   RO         1707    i.NVIC_Init         misc.o
    0x10057f90   0x00000044   Code   RO         2279    i.NVIC_SetPriority  system_bluenrg1.o
    0x10057fd4   0x00000018   Code   RO         1743    i.NVIC_SystemReset  ota_btl.o
    0x10057fec   0x00000002   Code   RO         2280    i.NVM_Handler       system_bluenrg1.o
    0x10057fee   0x00000002   PAD
    0x10057ff0   0x00000014   Code   RO         1747    i.OTA_Jump_To_Service_Manager_Application  ota_btl.o
    0x10058004   0x00000008   Code   RO          161    i.Osal_MemCmp       osal.o
    0x1005800c   0x00000008   Code   RO          162    i.Osal_MemCpy       osal.o
    0x10058014   0x00000008   Code   RO          163    i.Osal_MemSet       osal.o
    0x1005801c   0x00000002   Code   RO         2281    i.PKA_Handler       system_bluenrg1.o
    0x1005801e   0x00000002   Code   RO         3100    i.PKA_Offline_Processing_ucfg  libbluenrg1_stack.a(hci.o)
    0x10058020   0x00000014   Code   RO         1040    i.PKA_Reset         bluenrg1_pka.o
    0x10058034   0x00000050   Code   RO         3709    i.PM_Check_And_Set  libbluenrg1_stack.a(pm.o)
    0x10058084   0x00000022   Code   RO         3710    i.PM_Clone_Pckt     libbluenrg1_stack.a(pm.o)
    0x100580a6   0x00000002   PAD
    0x100580a8   0x00000054   Code   RO         3711    i.PM_Compact        libbluenrg1_stack.a(pm.o)
    0x100580fc   0x00000012   Code   RO         3712    i.PM_Copy_Pckt_Data  libbluenrg1_stack.a(pm.o)
    0x1005810e   0x00000002   PAD
    0x10058110   0x00000018   Code   RO         3713    i.PM_Eng_Config     libbluenrg1_stack.a(pm.o)
    0x10058128   0x0000000c   Code   RO         3714    i.PM_Extract_Pdu_MBuff  libbluenrg1_stack.a(pm.o)
    0x10058134   0x0000003c   Code   RO         3715    i.PM_Get_Available_Buffer  libbluenrg1_stack.a(pm.o)
    0x10058170   0x0000000a   Code   RO         3717    i.PM_Get_Mem_Buff_Count  libbluenrg1_stack.a(pm.o)
    0x1005817a   0x00000002   PAD
    0x1005817c   0x00000044   Code   RO         3718    i.PM_Get_Pckt       libbluenrg1_stack.a(pm.o)
    0x100581c0   0x00000068   Code   RO         3719    i.PM_Init           libbluenrg1_stack.a(pm.o)
    0x10058228   0x0000000a   Code   RO         3720    i.PM_Pckt_Cmp       libbluenrg1_stack.a(pm.o)
    0x10058232   0x00000002   PAD
    0x10058234   0x0000003c   Code   RO         3721    i.PM_Release_Acl_Pckt  libbluenrg1_stack.a(pm.o)
    0x10058270   0x0000006c   Code   RO         3722    i.PM_Resize_Pckt_Pdu_Size  libbluenrg1_stack.a(pm.o)
    0x100582dc   0x00000012   Code   RO         3724    i.PM_Write_Pckt_Data  libbluenrg1_stack.a(pm.o)
    0x100582ee   0x00000002   PAD
    0x100582f0   0x00000084   Code   RO         3574    i.PRIVWHIT_u8SearchAddrInList  libbluenrg1_stack.a(ll_privacy.o)
    0x10058374   0x000000b8   Code   RO         3575    i.PRIVWHIT_vInit_Struct  libbluenrg1_stack.a(ll_privacy.o)
    0x1005842c   0x00000058   Code   RO         3578    i.PRIV_SearchAddrInWhiteList  libbluenrg1_stack.a(ll_privacy.o)
    0x10058484   0x00000004   Code   RO         3101    i.PRIV_controller_privacy_csr_ucfg  libbluenrg1_stack.a(hci.o)
    0x10058488   0x00000004   Code   RO         3580    i.PRIV_u32ProcessAdvPacket_ucfg  libbluenrg1_stack.a(ll_privacy.o)
    0x1005848c   0x00000004   Code   RO         3582    i.PRIV_u8OfflineProcessing_ucfg  libbluenrg1_stack.a(ll_privacy.o)
    0x10058490   0x00000002   Code   RO         3586    i.PRIV_vGeneratePrivateAddress_ucfg  libbluenrg1_stack.a(ll_privacy.o)
    0x10058492   0x00000002   Code   RO         3590    i.PRIV_vGenerate_hci_le_enhanced_connection_complete_event_ucfg  libbluenrg1_stack.a(ll_privacy.o)
    0x10058494   0x00000002   Code   RO         2282    i.PendSV_Handler    system_bluenrg1.o
    0x10058496   0x0000000e   Code   RO         3517    i.Pm_Resize_Host_Acl_Pckt  libbluenrg1_stack.a(gatt_server.o)
    0x100584a4   0x0000000e   Code   RO         4035    i.Pm_Resize_Host_Acl_Pckt  libbluenrg1_stack.a(att.o)
    0x100584b2   0x00000002   PAD
    0x100584b4   0x00000178   Code   RO         4036    i.Prepare_Write_Resp  libbluenrg1_stack.a(att.o)
    0x1005862c   0x000001f8   Code   RO         3518    i.Process_Peer_Client_Data  libbluenrg1_stack.a(gatt_server.o)
    0x10058824   0x0000016c   Code   RO         3519    i.Process_Peer_Server_Data  libbluenrg1_stack.a(gatt_server.o)
    0x10058990   0x00000218   Code   RO         3182    i.RAL_Isr           libbluenrg1_stack.a(ll_isr.o)
    0x10058ba8   0x00000020   Code   RO         2283    i.RESET_HANDLER     system_bluenrg1.o
    0x10058bc8   0x00000002   Code   RO         2284    i.RTC_Handler       system_bluenrg1.o
    0x10058bca   0x00000140   Code   RO         4037    i.Read_Blob_Resp    libbluenrg1_stack.a(att.o)
    0x10058d0a   0x00000002   PAD
    0x10058d0c   0x000001e4   Code   RO         4038    i.Read_By_Grp_Type_Resp  libbluenrg1_stack.a(att.o)
    0x10058ef0   0x000002d4   Code   RO         4039    i.Read_By_Type_Resp  libbluenrg1_stack.a(att.o)
    0x100591c4   0x00000194   Code   RO         4040    i.Read_Multi_Resp   libbluenrg1_stack.a(att.o)
    0x10059358   0x0000012a   Code   RO         4041    i.Read_Resp         libbluenrg1_stack.a(att.o)
    0x10059482   0x00000002   Code   RO         3625    i.Reclassify_All_Channels_ucfg  libbluenrg1_stack.a(ll_routines_master.o)
    0x10059484   0x00000184   Code   RO         3871    i.SDB_Add_Record    libbluenrg1_stack.a(sdb.o)
    0x10059608   0x000000a0   Code   RO         3873    i.SDB_Find_Matching_LTK  libbluenrg1_stack.a(sdb.o)
    0x100596a8   0x000000c4   Code   RO         3874    i.SDB_Find_Record   libbluenrg1_stack.a(sdb.o)
    0x1005976c   0x00000044   Code   RO         3876    i.SDB_Get_Number_Of_Valid_Records  libbluenrg1_stack.a(sdb.o)
    0x100597b0   0x000000b8   Code   RO         3877    i.SDB_flash_write_client_data  libbluenrg1_stack.a(sdb.o)
    0x10059868   0x000000d8   Code   RO         3878    i.SDB_get_security_data_record  libbluenrg1_stack.a(sdb.o)
    0x10059940   0x0000003c   Code   RO         3879    i.SDB_read_peer_bonded_data  libbluenrg1_stack.a(sdb.o)
    0x1005997c   0x0000003c   Code   RO         2285    i.SET_BORconfigStatus  system_bluenrg1.o
    0x100599b8   0x00000028   Code   RO         4088    i.SMA_Diversify     libbluenrg1_stack.a(smp_algo_sap.o)
    0x100599e0   0x00000028   Code   RO         4089    i.SMA_Generate_CSRK  libbluenrg1_stack.a(smp_algo_sap.o)
    0x10059a08   0x00000028   Code   RO         4090    i.SMA_Generate_IRK  libbluenrg1_stack.a(smp_algo_sap.o)
    0x10059a30   0x00000026   Code   RO         4091    i.SMA_LP_s1_Generate_STK  libbluenrg1_stack.a(smp_algo_sap.o)
    0x10059a56   0x00000002   PAD
    0x10059a58   0x00000074   Code   RO         4096    i.SMA_generate_EDIV_recovery_DIV  libbluenrg1_stack.a(smp_algo_sap.o)
    0x10059acc   0x0000003c   Code   RO         3955    i.SMP_Init          libbluenrg1_stack.a(smp_common.o)
    0x10059b08   0x0000019c   Code   RO         3894    i.SMP_Process_Q     libbluenrg1_stack.a(securitymgr.o)
    0x10059ca4   0x00000044   Code   RO         3956    i.SMP_Protocol_Timer_cb  libbluenrg1_stack.a(smp_common.o)
    0x10059ce8   0x000000f8   Code   RO         3960    i.SMP_acl_data_hndl  libbluenrg1_stack.a(smp_common.o)
    0x10059de0   0x00000020   Code   RO         3963    i.SMP_check_encryption_key_size  libbluenrg1_stack.a(smp_common.o)
    0x10059e00   0x00000048   Code   RO         3964    i.SMP_check_is_device_bonded  libbluenrg1_stack.a(smp_common.o)
    0x10059e48   0x00000094   Code   RO         3965    i.SMP_connection_complete_handler  libbluenrg1_stack.a(smp_common.o)
    0x10059edc   0x0000001c   Code   RO         3966    i.SMP_forget_device_by_conn_handle  libbluenrg1_stack.a(smp_common.o)
    0x10059ef8   0x0000002e   Code   RO         3967    i.SMP_get_link_status  libbluenrg1_stack.a(smp_common.o)
    0x10059f26   0x00000002   PAD
    0x10059f28   0x0000004c   Code   RO         3968    i.SMP_get_remote_device_list_item  libbluenrg1_stack.a(smp_common.o)
    0x10059f74   0x00000040   Code   RO         3970    i.SMP_hci_disconnection_complete_evt_hndl  libbluenrg1_stack.a(smp_common.o)
    0x10059fb4   0x00000120   Code   RO         3971    i.SMP_hci_encryption_change_evt_hndl  libbluenrg1_stack.a(smp_common.o)
    0x1005a0d4   0x0000002e   Code   RO         3972    i.SMP_hci_le_connection_complete_evt_hndl  libbluenrg1_stack.a(smp_common.o)
    0x1005a102   0x00000052   Code   RO         3973    i.SMP_hci_le_enhanced_connection_complete_evt_hndl  libbluenrg1_stack.a(smp_common.o)
    0x1005a154   0x00000038   Code   RO         3974    i.SMP_hci_le_long_term_key_request_evt_hndl  libbluenrg1_stack.a(smp_common.o)
    0x1005a18c   0x00000078   Code   RO         3975    i.SMP_repeated_attacks_timer_cb  libbluenrg1_stack.a(smp_common.o)
    0x1005a204   0x00000040   Code   RO         3976    i.SMP_reset_timer   libbluenrg1_stack.a(smp_common.o)
    0x1005a244   0x0000007a   Code   RO         3981    i.SMP_validate_signed_packet  libbluenrg1_stack.a(smp_common.o)
    0x1005a2be   0x0000004e   Code   RO         4097    i.SM_Generate_Resolvable_Private_Address  libbluenrg1_stack.a(smp_algo_sap.o)
    0x1005a30c   0x00000022   Code   RO         4098    i.SM_Resolve_Private_Address  libbluenrg1_stack.a(smp_algo_sap.o)
    0x1005a32e   0x00000002   PAD
    0x1005a330   0x00000018   Code   RO         1221    i.SPI_ClearRXFIFO   bluenrg1_spi.o
    0x1005a348   0x00000028   Code   RO         1222    i.SPI_ClearTXFIFO   bluenrg1_spi.o
    0x1005a370   0x00000018   Code   RO         1223    i.SPI_Cmd           bluenrg1_spi.o
    0x1005a388   0x00000014   Code   RO         1234    i.SPI_GetFlagStatus  bluenrg1_spi.o
    0x1005a39c   0x00000002   Code   RO         2286    i.SPI_Handler       system_bluenrg1.o
    0x1005a39e   0x00000002   PAD
    0x1005a3a0   0x00000054   Code   RO         1237    i.SPI_Init          bluenrg1_spi.o
    0x1005a3f4   0x0000000c   Code   RO         1238    i.SPI_ReceiveData   bluenrg1_spi.o
    0x1005a400   0x0000000c   Code   RO         1240    i.SPI_SendData      bluenrg1_spi.o
    0x1005a40c   0x00000048   Code   RO         1241    i.SPI_SetBaudrate   bluenrg1_spi.o
    0x1005a454   0x0000000c   Code   RO         1242    i.SPI_SetDummyCharacter  bluenrg1_spi.o
    0x1005a460   0x00000018   Code   RO         1243    i.SPI_SetMasterCommunicationMode  bluenrg1_spi.o
    0x1005a478   0x00000018   Code   RO         1248    i.SPI_StructInit    bluenrg1_spi.o
    0x1005a490   0x00000002   Code   RO         2604    i.SVC_Handler       bluenrg1_it.o
    0x1005a492   0x00000014   Code   RO         1943    i.SdkEvalComIOTxFifoNotEmpty  sdk_eval_com.o
    0x1005a4a6   0x00000010   Code   RO         1945    i.SdkEvalComUARTBusy  sdk_eval_com.o
    0x1005a4b6   0x00000002   PAD
    0x1005a4b8   0x000000a0   Code   RO         1946    i.SdkEvalComUartInit  sdk_eval_com.o
    0x1005a558   0x0000000c   Code   RO         2049    i.SdkEvalGetVersion  sdk_eval_config.o
    0x1005a564   0x0000000c   Code   RO         2050    i.SdkEvalIdentification  sdk_eval_config.o
    0x1005a570   0x00000012   Code   RO         1890    i.SdkEvalPushButtonGetState  sdk_eval_button.o
    0x1005a582   0x00000026   Code   RO         1891    i.SdkEvalPushButtonInit  sdk_eval_button.o
    0x1005a5a8   0x00000110   Code   RO         2164    i.SdkEvalSpiInit    sdk_eval_spi.o
    0x1005a6b8   0x00000016   Code   RO         1948    i.SdkEvalUart_Send_Data  sdk_eval_com.o
    0x1005a6ce   0x00000002   PAD
    0x1005a6d0   0x00000050   Code   RO         3520    i.Select_Next_Notification_Client  libbluenrg1_stack.a(gatt_server.o)
    0x1005a720   0x0000004c   Code   RO         3521    i.Send_Notif_Or_Ind  libbluenrg1_stack.a(gatt_server.o)
    0x1005a76c   0x00000050   Code   RO         3167    i.Set_Host_Timer_value  libbluenrg1_stack.a(host_timer.o)
    0x1005a7bc   0x00000048   Code   RO         2288    i.Set_RF_FrontEnd   system_bluenrg1.o
    0x1005a804   0x000001a0   Code   RO         2488    i.Start_Beaconing   ble_beacon_main.o
    0x1005a9a4   0x00000024   Code   RO         3755    i.Start_Gatt_Timer  libbluenrg1_stack.a(rom_gatt_server.o)
    0x1005a9c8   0x0000001c   Code   RO         3756    i.Stop_Gatt_Timer   libbluenrg1_stack.a(rom_gatt_server.o)
    0x1005a9e4   0x00000010   Code   RO            8    i.SysCount_Handler  clock.o
    0x1005a9f4   0x00000098   Code   RO         1417    i.SysCtrl_GetWakeupResetReason  bluenrg1_sysctrl.o
    0x1005aa8c   0x00000018   Code   RO         1418    i.SysCtrl_PeripheralClockCmd  bluenrg1_sysctrl.o
    0x1005aaa4   0x00000014   Code   RO         2605    i.SysTick_Handler   bluenrg1_it.o
    0x1005aab8   0x000000b8   Code   RO         2290    i.SystemInit        system_bluenrg1.o
    0x1005ab70   0x00000018   Code   RO         1709    i.SystemSleepCmd    misc.o
    0x1005ab88   0x0000007c   Code   RO         3168    i.TimerCallback     libbluenrg1_stack.a(host_timer.o)
    0x1005ac04   0x00000014   Code   RO         3169    i.Timer_ExpiryCallback  libbluenrg1_stack.a(host_timer.o)
    0x1005ac18   0x00000034   Code   RO         3170    i.Timer_Init        libbluenrg1_stack.a(host_timer.o)
    0x1005ac4c   0x0000011c   Code   RO         3171    i.Timer_ProcessQ    libbluenrg1_stack.a(host_timer.o)
    0x1005ad68   0x00000022   Code   RO         3172    i.Timer_StartOneShot  libbluenrg1_stack.a(host_timer.o)
    0x1005ad8a   0x00000002   PAD
    0x1005ad8c   0x00000074   Code   RO         3173    i.Timer_StartOneShot_sysTime32  libbluenrg1_stack.a(host_timer.o)
    0x1005ae00   0x00000058   Code   RO         3174    i.Timer_StopOneShot  libbluenrg1_stack.a(host_timer.o)
    0x1005ae58   0x00000024   Code   RO         3176    i.Timer_sysTime32_convMachineTime  libbluenrg1_stack.a(host_timer.o)
    0x1005ae7c   0x0000001c   Code   RO         1463    i.UART_Cmd          bluenrg1_uart.o
    0x1005ae98   0x0000001c   Code   RO         1466    i.UART_GetFlagStatus  bluenrg1_uart.o
    0x1005aeb4   0x00000002   Code   RO         2606    i.UART_Handler      bluenrg1_it.o
    0x1005aeb6   0x00000002   PAD
    0x1005aeb8   0x00000138   Code   RO         1469    i.UART_Init         bluenrg1_uart.o
    0x1005aff0   0x00000018   Code   RO         1474    i.UART_RxFifoIrqLevelConfig  bluenrg1_uart.o
    0x1005b008   0x00000010   Code   RO         1476    i.UART_SendData     bluenrg1_uart.o
    0x1005b018   0x00000002   Code   RO         2292    i.WDG_Handler       system_bluenrg1.o
    0x1005b01a   0x0000000a   Code   RO         3844    i.WindowWiden1      libbluenrg1_stack.a(rom_ll_timehandling.o)
    0x1005b024   0x00000010   Code   RO         3845    i.WindowWiden2      libbluenrg1_stack.a(rom_ll_timehandling.o)
    0x1005b034   0x000001b0   Code   RO         3881    i.Write_Client_Data  libbluenrg1_stack.a(sdb.o)
    0x1005b1e4   0x0000012c   Code   RO         4042    i.Write_Cmd         libbluenrg1_stack.a(att.o)
    0x1005b310   0x0000013c   Code   RO         4043    i.Write_Resp        libbluenrg1_stack.a(att.o)
    0x1005b44c   0x000000e8   Code   RO         3075    i._BlueNRG_Stack_Initialization  libbluenrg1_stack.a(bluenrg_main_func.o)
    0x1005b534   0x00000064   Code   RO         3398    i._GAP_Parse_Advertising_Report  libbluenrg1_stack.a(gap.o)
    0x1005b598   0x00000020   Code   RO         4392    i.__0printf$8       mc_p.l(printf8.o)
    0x1005b5b8   0x0000001a   Code   RO         3197    i.__ARM_common_memcpy1_6  libbluenrg1_stack.a(ll_isr.o)
    0x1005b5d2   0x0000001a   Code   RO         3177    i.__ARM_common_switch8  libbluenrg1_stack.a(host_timer.o)
    0x1005b5ec   0x00000054   Code   RO         4446    i.__free$1region    mc_p.l(malloc1.o)
    0x1005b640   0x000000c0   Code   RO         2294    i.__low_level_init  system_bluenrg1.o
    0x1005b700   0x0000006c   Code   RO         4447    i.__malloc$1region  mc_p.l(malloc1.o)
    0x1005b76c   0x0000000e   Code   RO         4539    i.__scatterload_copy  mc_p.l(handlers.o)
    0x1005b77a   0x00000002   Code   RO         4540    i.__scatterload_null  mc_p.l(handlers.o)
    0x1005b77c   0x0000000e   Code   RO         4541    i.__scatterload_zeroinit  mc_p.l(handlers.o)
    0x1005b78a   0x00000002   PAD
    0x1005b78c   0x0000005c   Code   RO         2963    i._aci_gap_set_discoverable_param_check  libbluenrg1_stack.a(bluenrg_gap_aci.o)
    0x1005b7e8   0x00000174   Code   RO         3399    i._gap_set_discoverable_connectable  libbluenrg1_stack.a(gap.o)
    0x1005b95c   0x00000026   Code   RO         3009    i._load_uuid        libbluenrg1_stack.a(bluenrg_gatt_aci.o)
    0x1005b982   0x00000002   PAD
    0x1005b984   0x00000428   Code   RO         4399    i._printf_core      mc_p.l(printf8.o)
    0x1005bdac   0x00000020   Code   RO         4400    i._printf_post_padding  mc_p.l(printf8.o)
    0x1005bdcc   0x0000002c   Code   RO         4401    i._printf_pre_padding  mc_p.l(printf8.o)
    0x1005bdf8   0x00000002   Code   RO         3202    i.aci_att_exchange_mtu_resp_event  libbluenrg1_stack.a(aci_events.o)
    0x1005bdfa   0x00000002   Code   RO         3203    i.aci_att_exec_write_resp_event  libbluenrg1_stack.a(aci_events.o)
    0x1005bdfc   0x00000002   Code   RO         3204    i.aci_att_find_by_type_value_resp_event  libbluenrg1_stack.a(aci_events.o)
    0x1005bdfe   0x00000002   Code   RO         3205    i.aci_att_find_info_resp_event  libbluenrg1_stack.a(aci_events.o)
    0x1005be00   0x00000002   Code   RO         3206    i.aci_att_prepare_write_resp_event  libbluenrg1_stack.a(aci_events.o)
    0x1005be02   0x00000002   Code   RO         3207    i.aci_att_read_blob_resp_event  libbluenrg1_stack.a(aci_events.o)
    0x1005be04   0x00000002   Code   RO         3208    i.aci_att_read_by_group_type_resp_event  libbluenrg1_stack.a(aci_events.o)
    0x1005be06   0x00000002   Code   RO         3209    i.aci_att_read_by_type_resp_event  libbluenrg1_stack.a(aci_events.o)
    0x1005be08   0x00000002   Code   RO         3210    i.aci_att_read_multiple_resp_event  libbluenrg1_stack.a(aci_events.o)
    0x1005be0a   0x00000002   Code   RO         3211    i.aci_att_read_resp_event  libbluenrg1_stack.a(aci_events.o)
    0x1005be0c   0x00000002   Code   RO         3212    i.aci_att_write_resp_event  libbluenrg1_stack.a(aci_events.o)
    0x1005be0e   0x00000002   PAD
    0x1005be10   0x00000028   Code   RO         3213    i.aci_event_fifo_push  libbluenrg1_stack.a(aci_events.o)
    0x1005be38   0x000000bc   Code   RO         3214    i.aci_event_fifo_push_header  libbluenrg1_stack.a(aci_events.o)
    0x1005bef4   0x00000002   Code   RO         3215    i.aci_gap_addr_not_resolved_event  libbluenrg1_stack.a(aci_events.o)
    0x1005bef6   0x00000002   Code   RO         3216    i.aci_gap_authorization_req_event  libbluenrg1_stack.a(aci_events.o)
    0x1005bef8   0x00000054   Code   RO         3982    i.aci_gap_authorization_req_event_push  libbluenrg1_stack.a(smp_common.o)
    0x1005bf4c   0x00000002   Code   RO         3217    i.aci_gap_bond_lost_event  libbluenrg1_stack.a(aci_events.o)
    0x1005bf4e   0x00000002   Code   RO         3218    i.aci_gap_device_found_event  libbluenrg1_stack.a(aci_events.o)
    0x1005bf50   0x00000030   Code   RO         2973    i.aci_gap_init      libbluenrg1_stack.a(bluenrg_gap_aci.o)
    0x1005bf80   0x00000002   Code   RO         3219    i.aci_gap_keypress_notification_event  libbluenrg1_stack.a(aci_events.o)
    0x1005bf82   0x00000002   Code   RO         3220    i.aci_gap_limited_discoverable_event  libbluenrg1_stack.a(aci_events.o)
    0x1005bf84   0x00000050   Code   RO         3400    i.aci_gap_limited_discoverable_event_push  libbluenrg1_stack.a(gap.o)
    0x1005bfd4   0x00000002   Code   RO         3221    i.aci_gap_numeric_comparison_value_event  libbluenrg1_stack.a(aci_events.o)
    0x1005bfd6   0x00000002   Code   RO         3222    i.aci_gap_pairing_complete_event  libbluenrg1_stack.a(aci_events.o)
    0x1005bfd8   0x0000005c   Code   RO         3983    i.aci_gap_pairing_complete_event_push  libbluenrg1_stack.a(smp_common.o)
    0x1005c034   0x00000002   Code   RO         3223    i.aci_gap_pass_key_req_event  libbluenrg1_stack.a(aci_events.o)
    0x1005c036   0x00000002   Code   RO         3224    i.aci_gap_proc_complete_event  libbluenrg1_stack.a(aci_events.o)
    0x1005c038   0x00000074   Code   RO         3401    i.aci_gap_proc_complete_event_push  libbluenrg1_stack.a(gap.o)
    0x1005c0ac   0x00000042   Code   RO         2985    i.aci_gap_set_discoverable  libbluenrg1_stack.a(bluenrg_gap_aci.o)
    0x1005c0ee   0x00000002   Code   RO         3225    i.aci_gap_slave_security_initiated_event  libbluenrg1_stack.a(aci_events.o)
    0x1005c0f0   0x0000003e   Code   RO         3016    i.aci_gatt_add_char  libbluenrg1_stack.a(bluenrg_gatt_aci.o)
    0x1005c12e   0x00000036   Code   RO         3018    i.aci_gatt_add_service  libbluenrg1_stack.a(bluenrg_gatt_aci.o)
    0x1005c164   0x0000000e   Code   RO         2489    i.aci_gatt_attribute_modified_event  ble_beacon_main.o
    0x1005c172   0x00000002   PAD
    0x1005c174   0x00000078   Code   RO         4044    i.aci_gatt_attribute_modified_event_push  libbluenrg1_stack.a(att.o)
    0x1005c1ec   0x00000002   Code   RO         3227    i.aci_gatt_disc_read_char_by_uuid_resp_event  libbluenrg1_stack.a(aci_events.o)
    0x1005c1ee   0x00000002   Code   RO         3228    i.aci_gatt_error_resp_event  libbluenrg1_stack.a(aci_events.o)
    0x1005c1f0   0x00000002   Code   RO         3229    i.aci_gatt_indication_event  libbluenrg1_stack.a(aci_events.o)
    0x1005c1f2   0x00000002   PAD
    0x1005c1f4   0x00000090   Code   RO         3522    i.aci_gatt_indication_event_push  libbluenrg1_stack.a(gatt_server.o)
    0x1005c284   0x00000008   Code   RO         3033    i.aci_gatt_init     libbluenrg1_stack.a(bluenrg_gatt_aci.o)
    0x1005c28c   0x00000002   Code   RO         3230    i.aci_gatt_notification_event  libbluenrg1_stack.a(aci_events.o)
    0x1005c28e   0x00000002   PAD
    0x1005c290   0x00000090   Code   RO         3523    i.aci_gatt_notification_event_push  libbluenrg1_stack.a(gatt_server.o)
    0x1005c320   0x00000002   Code   RO         3231    i.aci_gatt_prepare_write_permit_req_event  libbluenrg1_stack.a(aci_events.o)
    0x1005c322   0x00000002   Code   RO         3232    i.aci_gatt_proc_complete_event  libbluenrg1_stack.a(aci_events.o)
    0x1005c324   0x00000002   Code   RO         3233    i.aci_gatt_proc_timeout_event  libbluenrg1_stack.a(aci_events.o)
    0x1005c326   0x00000002   Code   RO         3234    i.aci_gatt_read_multi_permit_req_event  libbluenrg1_stack.a(aci_events.o)
    0x1005c328   0x00000068   Code   RO         4045    i.aci_gatt_read_multi_permit_req_event_push  libbluenrg1_stack.a(att.o)
    0x1005c390   0x00000002   Code   RO         3235    i.aci_gatt_read_permit_req_event  libbluenrg1_stack.a(aci_events.o)
    0x1005c392   0x00000002   PAD
    0x1005c394   0x00000050   Code   RO         4046    i.aci_gatt_read_permit_req_event_push  libbluenrg1_stack.a(att.o)
    0x1005c3e4   0x00000002   Code   RO         3236    i.aci_gatt_server_confirmation_event  libbluenrg1_stack.a(aci_events.o)
    0x1005c3e6   0x00000002   Code   RO         3237    i.aci_gatt_tx_pool_available_event  libbluenrg1_stack.a(aci_events.o)
    0x1005c3e8   0x00000002   Code   RO         3238    i.aci_gatt_write_permit_req_event  libbluenrg1_stack.a(aci_events.o)
    0x1005c3ea   0x00000002   PAD
    0x1005c3ec   0x0000006c   Code   RO         4047    i.aci_gatt_write_permit_req_event_push  libbluenrg1_stack.a(att.o)
    0x1005c458   0x00000010   Code   RO         2490    i.aci_hal_end_of_radio_activity_event  ble_beacon_main.o
    0x1005c468   0x00000002   Code   RO         3239    i.aci_hal_fw_error_event  libbluenrg1_stack.a(aci_events.o)
    0x1005c46a   0x00000002   PAD
    0x1005c46c   0x0000005c   Code   RO         3524    i.aci_hal_fw_error_event_push  libbluenrg1_stack.a(gatt_server.o)
    0x1005c4c8   0x00000002   Code   RO         3240    i.aci_hal_scan_req_report_event  libbluenrg1_stack.a(aci_events.o)
    0x1005c4ca   0x00000008   Code   RO         3062    i.aci_hal_set_tx_power_level  libbluenrg1_stack.a(bluenrg_hal_aci.o)
    0x1005c4d2   0x00000002   Code   RO         3241    i.aci_l2cap_command_reject_event  libbluenrg1_stack.a(aci_events.o)
    0x1005c4d4   0x00000002   Code   RO         3242    i.aci_l2cap_connection_update_req_event  libbluenrg1_stack.a(aci_events.o)
    0x1005c4d6   0x00000002   PAD
    0x1005c4d8   0x00000098   Code   RO         3555    i.aci_l2cap_connection_update_req_event_push  libbluenrg1_stack.a(l2cap.o)
    0x1005c570   0x00000002   Code   RO         3243    i.aci_l2cap_connection_update_resp_event  libbluenrg1_stack.a(aci_events.o)
    0x1005c572   0x00000002   Code   RO         3244    i.aci_l2cap_proc_timeout_event  libbluenrg1_stack.a(aci_events.o)
    0x1005c574   0x00000004   Code   RO         3349    i.acl_list_first    libbluenrg1_stack.a(acl_list.o)
    0x1005c578   0x00000026   Code   RO         3350    i.acl_list_full_on_packt  libbluenrg1_stack.a(acl_list.o)
    0x1005c59e   0x00000010   Code   RO         3353    i.acl_list_init     libbluenrg1_stack.a(acl_list.o)
    0x1005c5ae   0x00000026   Code   RO         3354    i.acl_list_insert_head  libbluenrg1_stack.a(acl_list.o)
    0x1005c5d4   0x0000002c   Code   RO         3355    i.acl_list_insert_tail  libbluenrg1_stack.a(acl_list.o)
    0x1005c600   0x0000000e   Code   RO         3356    i.acl_list_is_empty  libbluenrg1_stack.a(acl_list.o)
    0x1005c60e   0x00000044   Code   RO         3358    i.acl_list_remove   libbluenrg1_stack.a(acl_list.o)
    0x1005c652   0x0000002e   Code   RO         3359    i.acl_list_remove_head  libbluenrg1_stack.a(acl_list.o)
    0x1005c680   0x00000260   Code   RO         3673    i.adapt_slot        libbluenrg1_stack.a(multi_master_time.o)
    0x1005c8e0   0x0000001e   Code   RO         3774    i.addr_u32_from_u8  libbluenrg1_stack.a(rom_ll_isr_routines.o)
    0x1005c8fe   0x00000020   Code   RO         3811    i.addr_u32_from_u8  libbluenrg1_stack.a(rom_ll_ll_routines.o)
    0x1005c91e   0x00000002   PAD
    0x1005c920   0x00000088   Code   RO         3402    i.advParamsCheckAndSet  libbluenrg1_stack.a(gap.o)
    0x1005c9a8   0x000002cc   Code   RO         3674    i.advance_slave_timing_MultiSlave  libbluenrg1_stack.a(multi_master_time.o)
    0x1005cc74   0x00000158   Code   RO         3860    i.advance_transmit  libbluenrg1_stack.a(routines_support.o)
    0x1005cdcc   0x0000068c   Code   RO         3362    i.advance_wakeup_timer  libbluenrg1_stack.a(advance_wakeup_time.o)
    0x1005d458   0x0000001c   Code   RO         3088    i.ble_HAL_Init      libbluenrg1_stack.a(hal.o)
    0x1005d474   0x00000004   Code   RO         3776    i.cancel_connect_master_ucfg  libbluenrg1_stack.a(rom_ll_isr_routines.o)
    0x1005d478   0x000001a8   Code   RO         3676    i.cancel_current_master  libbluenrg1_stack.a(multi_master_time.o)
    0x1005d620   0x0000007c   Code   RO         3777    i.cancel_master     libbluenrg1_stack.a(rom_ll_isr_routines.o)
    0x1005d69c   0x000000c4   Code   RO         3532    i.cancel_slave      libbluenrg1_stack.a(isr_routines.o)
    0x1005d760   0x00000024   Code   RO         3245    i.cb_aci_att_exchange_mtu_resp_event  libbluenrg1_stack.a(aci_events.o)
    0x1005d784   0x00000020   Code   RO         3246    i.cb_aci_att_exec_write_resp_event  libbluenrg1_stack.a(aci_events.o)
    0x1005d7a4   0x00000024   Code   RO         3247    i.cb_aci_att_find_by_type_value_resp_event  libbluenrg1_stack.a(aci_events.o)
    0x1005d7c8   0x00000028   Code   RO         3248    i.cb_aci_att_find_info_resp_event  libbluenrg1_stack.a(aci_events.o)
    0x1005d7f0   0x0000002c   Code   RO         3249    i.cb_aci_att_prepare_write_resp_event  libbluenrg1_stack.a(aci_events.o)
    0x1005d81c   0x00000024   Code   RO         3250    i.cb_aci_att_read_blob_resp_event  libbluenrg1_stack.a(aci_events.o)
    0x1005d840   0x00000028   Code   RO         3251    i.cb_aci_att_read_by_group_type_resp_event  libbluenrg1_stack.a(aci_events.o)
    0x1005d868   0x00000028   Code   RO         3252    i.cb_aci_att_read_by_type_resp_event  libbluenrg1_stack.a(aci_events.o)
    0x1005d890   0x00000024   Code   RO         3253    i.cb_aci_att_read_multiple_resp_event  libbluenrg1_stack.a(aci_events.o)
    0x1005d8b4   0x00000024   Code   RO         3254    i.cb_aci_att_read_resp_event  libbluenrg1_stack.a(aci_events.o)
    0x1005d8d8   0x00000024   Code   RO         3255    i.cb_aci_att_write_resp_event  libbluenrg1_stack.a(aci_events.o)
    0x1005d8fc   0x00000020   Code   RO         3256    i.cb_aci_gap_addr_not_resolved_event  libbluenrg1_stack.a(aci_events.o)
    0x1005d91c   0x00000020   Code   RO         3257    i.cb_aci_gap_authorization_req_event  libbluenrg1_stack.a(aci_events.o)
    0x1005d93c   0x0000001c   Code   RO         3258    i.cb_aci_gap_bond_lost_event  libbluenrg1_stack.a(aci_events.o)
    0x1005d958   0x00000020   Code   RO         3259    i.cb_aci_gap_device_found_event  libbluenrg1_stack.a(aci_events.o)
    0x1005d978   0x00000024   Code   RO         3260    i.cb_aci_gap_keypress_notification_event  libbluenrg1_stack.a(aci_events.o)
    0x1005d99c   0x0000001c   Code   RO         3261    i.cb_aci_gap_limited_discoverable_event  libbluenrg1_stack.a(aci_events.o)
    0x1005d9b8   0x00000024   Code   RO         3262    i.cb_aci_gap_numeric_comparison_value_event  libbluenrg1_stack.a(aci_events.o)
    0x1005d9dc   0x00000024   Code   RO         3263    i.cb_aci_gap_pairing_complete_event  libbluenrg1_stack.a(aci_events.o)
    0x1005da00   0x00000020   Code   RO         3264    i.cb_aci_gap_pass_key_req_event  libbluenrg1_stack.a(aci_events.o)
    0x1005da20   0x00000028   Code   RO         3265    i.cb_aci_gap_proc_complete_event  libbluenrg1_stack.a(aci_events.o)
    0x1005da48   0x0000001c   Code   RO         3266    i.cb_aci_gap_slave_security_initiated_event  libbluenrg1_stack.a(aci_events.o)
    0x1005da64   0x0000002c   Code   RO         3267    i.cb_aci_gatt_attribute_modified_event  libbluenrg1_stack.a(aci_events.o)
    0x1005da90   0x00000028   Code   RO         3268    i.cb_aci_gatt_disc_read_char_by_uuid_resp_event  libbluenrg1_stack.a(aci_events.o)
    0x1005dab8   0x00000028   Code   RO         3269    i.cb_aci_gatt_error_resp_event  libbluenrg1_stack.a(aci_events.o)
    0x1005dae0   0x00000028   Code   RO         3270    i.cb_aci_gatt_indication_event  libbluenrg1_stack.a(aci_events.o)
    0x1005db08   0x00000028   Code   RO         3271    i.cb_aci_gatt_notification_event  libbluenrg1_stack.a(aci_events.o)
    0x1005db30   0x00000016   Code   RO         3272    i.cb_aci_gatt_prepare_write_permit_req_event  libbluenrg1_stack.a(aci_events.o)
    0x1005db46   0x00000002   PAD
    0x1005db48   0x00000024   Code   RO         3273    i.cb_aci_gatt_proc_complete_event  libbluenrg1_stack.a(aci_events.o)
    0x1005db6c   0x00000020   Code   RO         3274    i.cb_aci_gatt_proc_timeout_event  libbluenrg1_stack.a(aci_events.o)
    0x1005db8c   0x00000010   Code   RO         3275    i.cb_aci_gatt_read_multi_permit_req_event  libbluenrg1_stack.a(aci_events.o)
    0x1005db9c   0x00000010   Code   RO         3276    i.cb_aci_gatt_read_permit_req_event  libbluenrg1_stack.a(aci_events.o)
    0x1005dbac   0x0000000a   Code   RO         3277    i.cb_aci_gatt_server_confirmation_event  libbluenrg1_stack.a(aci_events.o)
    0x1005dbb6   0x0000000e   Code   RO         3278    i.cb_aci_gatt_tx_pool_available_event  libbluenrg1_stack.a(aci_events.o)
    0x1005dbc4   0x00000012   Code   RO         3279    i.cb_aci_gatt_write_permit_req_event  libbluenrg1_stack.a(aci_events.o)
    0x1005dbd6   0x00000010   Code   RO         3280    i.cb_aci_hal_fw_error_event  libbluenrg1_stack.a(aci_events.o)
    0x1005dbe6   0x00000002   PAD
    0x1005dbe8   0x00000028   Code   RO         3281    i.cb_aci_hal_scan_req_report_event  libbluenrg1_stack.a(aci_events.o)
    0x1005dc10   0x00000016   Code   RO         3282    i.cb_aci_l2cap_command_reject_event  libbluenrg1_stack.a(aci_events.o)
    0x1005dc26   0x00000002   PAD
    0x1005dc28   0x00000034   Code   RO         3283    i.cb_aci_l2cap_connection_update_req_event  libbluenrg1_stack.a(aci_events.o)
    0x1005dc5c   0x00000024   Code   RO         3284    i.cb_aci_l2cap_connection_update_resp_event  libbluenrg1_stack.a(aci_events.o)
    0x1005dc80   0x00000024   Code   RO         3285    i.cb_aci_l2cap_proc_timeout_event  libbluenrg1_stack.a(aci_events.o)
    0x1005dca4   0x00000002   Code   RO         3286    i.cb_hci_data_buffer_overflow_event  libbluenrg1_stack.a(aci_events.o)
    0x1005dca6   0x00000002   PAD
    0x1005dca8   0x00000024   Code   RO         3287    i.cb_hci_disconnection_complete_event  libbluenrg1_stack.a(aci_events.o)
    0x1005dccc   0x00000024   Code   RO         3288    i.cb_hci_encryption_change_event  libbluenrg1_stack.a(aci_events.o)
    0x1005dcf0   0x00000024   Code   RO         3289    i.cb_hci_encryption_key_refresh_complete_event  libbluenrg1_stack.a(aci_events.o)
    0x1005dd14   0x00000024   Code   RO         3290    i.cb_hci_le_advertising_report_event  libbluenrg1_stack.a(aci_events.o)
    0x1005dd38   0x00000044   Code   RO         3291    i.cb_hci_le_connection_complete_event  libbluenrg1_stack.a(aci_events.o)
    0x1005dd7c   0x00000030   Code   RO         3292    i.cb_hci_le_connection_update_complete_event  libbluenrg1_stack.a(aci_events.o)
    0x1005ddac   0x00000030   Code   RO         3293    i.cb_hci_le_data_length_change_event  libbluenrg1_stack.a(aci_events.o)
    0x1005dddc   0x00000024   Code   RO         3294    i.cb_hci_le_direct_advertising_report_event  libbluenrg1_stack.a(aci_events.o)
    0x1005de00   0x0000004c   Code   RO         3295    i.cb_hci_le_enhanced_connection_complete_event  libbluenrg1_stack.a(aci_events.o)
    0x1005de4c   0x00000028   Code   RO         3296    i.cb_hci_le_generate_dhkey_complete_event  libbluenrg1_stack.a(aci_events.o)
    0x1005de74   0x00000028   Code   RO         3297    i.cb_hci_le_long_term_key_request_event  libbluenrg1_stack.a(aci_events.o)
    0x1005de9c   0x00000028   Code   RO         3298    i.cb_hci_le_read_local_p256_public_key_complete_event  libbluenrg1_stack.a(aci_events.o)
    0x1005dec4   0x0000002c   Code   RO         3299    i.cb_hci_le_read_remote_used_features_complete_event  libbluenrg1_stack.a(aci_events.o)
    0x1005def0   0x0000000a   Code   RO         3300    i.cb_hci_number_of_completed_packets_event  libbluenrg1_stack.a(aci_events.o)
    0x1005defa   0x00000002   PAD
    0x1005defc   0x00000028   Code   RO         3301    i.cb_hci_read_remote_version_information_complete_event  libbluenrg1_stack.a(aci_events.o)
    0x1005df24   0x00000016   Code   RO         3302    i.cb_hci_rx_acl_data_event  libbluenrg1_stack.a(aci_events.o)
    0x1005df3a   0x00000012   Code   RO         3089    i.char_copy         libbluenrg1_stack.a(hal.o)
    0x1005df4c   0x00000024   Code   RO         3839    i.convert_power     libbluenrg1_stack.a(rom_ll_routines_support.o)
    0x1005df70   0x00000012   Code   RO         3183    i.copy_4_u32        libbluenrg1_stack.a(ll_isr.o)
    0x1005df82   0x00000002   PAD
    0x1005df84   0x00000084   Code   RO         3184    i.copy_tx_data_packet  libbluenrg1_stack.a(ll_isr.o)
    0x1005e008   0x00000004   Code   RO         3103    i.data_length_extension_csr_ucfg  libbluenrg1_stack.a(hci.o)
    0x1005e00c   0x00000074   Code   RO         3185    i.encrypt           libbluenrg1_stack.a(ll_isr.o)
    0x1005e080   0x0000006c   Code   RO         3303    i.fifoBuf_getFreeHeader  libbluenrg1_stack.a(aci_events.o)
    0x1005e0ec   0x0000000a   Code   RO         3304    i.fifoCtrl_init     libbluenrg1_stack.a(aci_events.o)
    0x1005e0f6   0x00000002   PAD
    0x1005e0f8   0x0000008c   Code   RO         2491    i.flash_check       ble_beacon_main.o
    0x1005e184   0x00000074   Code   RO         2492    i.flash_data_read   ble_beacon_main.o
    0x1005e1f8   0x0000000c   Code   RO         1951    i.fputc             sdk_eval_com.o
    0x1005e204   0x00000014   Code   RO         3403    i.gapClearAllModeFlags  libbluenrg1_stack.a(gap.o)
    0x1005e218   0x00000014   Code   RO         3778    i.get_adv_addr      libbluenrg1_stack.a(rom_ll_isr_routines.o)
    0x1005e22c   0x00000048   Code   RO         3677    i.get_advertiser    libbluenrg1_stack.a(multi_master_time.o)
    0x1005e274   0x00000088   Code   RO         3678    i.get_connection_no  libbluenrg1_stack.a(multi_master_time.o)
    0x1005e2fc   0x00000034   Code   RO         3679    i.get_next_free_slot  libbluenrg1_stack.a(multi_master_time.o)
    0x1005e330   0x00000014   Code   RO         3779    i.get_scan_addr     libbluenrg1_stack.a(rom_ll_isr_routines.o)
    0x1005e344   0x00000048   Code   RO         3680    i.get_scan_connection  libbluenrg1_stack.a(multi_master_time.o)
    0x1005e38c   0x00000298   Code   RO         3780    i.go_to_connect     libbluenrg1_stack.a(rom_ll_isr_routines.o)
    0x1005e624   0x00000034   Code   RO         3090    i.hal_radio_activity_state_callback_check  libbluenrg1_stack.a(hal.o)
    0x1005e658   0x0000001c   Code   RO         3091    i.hal_radio_activity_state_init  libbluenrg1_stack.a(hal.o)
    0x1005e674   0x00000040   Code   RO         3092    i.hal_read_radio_activity_state  libbluenrg1_stack.a(hal.o)
    0x1005e6b4   0x0000006c   Code   RO         3104    i.hci_acl_Process_Q  libbluenrg1_stack.a(hci.o)
    0x1005e720   0x00000050   Code   RO         2493    i.hci_disconnection_complete_event  ble_beacon_main.o
    0x1005e770   0x00000002   Code   RO         3307    i.hci_encryption_change_event  libbluenrg1_stack.a(aci_events.o)
    0x1005e772   0x00000002   PAD
    0x1005e774   0x0000005c   Code   RO         3627    i.hci_encryption_change_event_push  libbluenrg1_stack.a(ll_routines_master.o)
    0x1005e7d0   0x00000002   Code   RO         3308    i.hci_encryption_key_refresh_complete_event  libbluenrg1_stack.a(aci_events.o)
    0x1005e7d2   0x00000002   PAD
    0x1005e7d4   0x00000058   Code   RO         3628    i.hci_encryption_key_refresh_complete_event_push  libbluenrg1_stack.a(ll_routines_master.o)
    0x1005e82c   0x00000018   Code   RO         2494    i.hci_hardware_error_event  ble_beacon_main.o
    0x1005e844   0x00000002   Code   RO         3310    i.hci_le_advertising_report_event  libbluenrg1_stack.a(aci_events.o)
    0x1005e846   0x00000002   Code   RO         3311    i.hci_le_connection_complete_event  libbluenrg1_stack.a(aci_events.o)
    0x1005e848   0x00000088   Code   RO         3630    i.hci_le_connection_complete_event_push  libbluenrg1_stack.a(ll_routines_master.o)
    0x1005e8d0   0x00000002   Code   RO         3312    i.hci_le_connection_update_complete_event  libbluenrg1_stack.a(aci_events.o)
    0x1005e8d2   0x00000002   PAD
    0x1005e8d4   0x0000006c   Code   RO         3631    i.hci_le_connection_update_complete_event_push  libbluenrg1_stack.a(ll_routines_master.o)
    0x1005e940   0x00000002   Code   RO         3313    i.hci_le_data_length_change_event  libbluenrg1_stack.a(aci_events.o)
    0x1005e942   0x00000002   Code   RO         3314    i.hci_le_direct_advertising_report_event  libbluenrg1_stack.a(aci_events.o)
    0x1005e944   0x0000000a   Code   RO         3112    i.hci_le_encrypt    libbluenrg1_stack.a(hci.o)
    0x1005e94e   0x00000002   Code   RO         3315    i.hci_le_enhanced_connection_complete_event  libbluenrg1_stack.a(aci_events.o)
    0x1005e950   0x00000002   Code   RO         3316    i.hci_le_generate_dhkey_complete_event  libbluenrg1_stack.a(aci_events.o)
    0x1005e952   0x00000002   Code   RO         3317    i.hci_le_long_term_key_request_event  libbluenrg1_stack.a(aci_events.o)
    0x1005e954   0x0000000e   Code   RO         3114    i.hci_le_long_term_key_request_reply  libbluenrg1_stack.a(hci.o)
    0x1005e962   0x0000000e   Code   RO         3115    i.hci_le_long_term_key_requested_negative_reply  libbluenrg1_stack.a(hci.o)
    0x1005e970   0x00000002   Code   RO         3318    i.hci_le_read_local_p256_public_key_complete_event  libbluenrg1_stack.a(aci_events.o)
    0x1005e972   0x00000002   Code   RO         3319    i.hci_le_read_remote_used_features_complete_event  libbluenrg1_stack.a(aci_events.o)
    0x1005e974   0x00000040   Code   RO         3129    i.hci_le_set_advertise_enable  libbluenrg1_stack.a(hci.o)
    0x1005e9b4   0x00000016   Code   RO         3130    i.hci_le_set_advertising_data  libbluenrg1_stack.a(hci.o)
    0x1005e9ca   0x00000016   Code   RO         3138    i.hci_le_set_scan_response_data  libbluenrg1_stack.a(hci.o)
    0x1005e9e0   0x00000002   Code   RO         3320    i.hci_number_of_completed_packets_event  libbluenrg1_stack.a(aci_events.o)
    0x1005e9e2   0x00000002   Code   RO         3321    i.hci_read_remote_version_information_complete_event  libbluenrg1_stack.a(aci_events.o)
    0x1005e9e4   0x0000006c   Code   RO         3152    i.hci_rx_acl_data   libbluenrg1_stack.a(hci.o)
    0x1005ea50   0x00000004   Code   RO         3322    i.hci_rx_acl_data_event  libbluenrg1_stack.a(aci_events.o)
    0x1005ea54   0x00000044   Code   RO         3155    i.hci_tx_acl_data_done  libbluenrg1_stack.a(hci.o)
    0x1005ea98   0x000000c0   Code   RO         2815    i.init_GPIO         gpio_init.o
    0x1005eb58   0x00000010   Code   RO         3812    i.int32ToLe4Byte    libbluenrg1_stack.a(rom_ll_ll_routines.o)
    0x1005eb68   0x00000010   Code   RO         3883    i.int32ToLe4Byte    libbluenrg1_stack.a(sdb.o)
    0x1005eb78   0x00000010   Code   RO         3897    i.int32ToLe4Byte    libbluenrg1_stack.a(securitymgr.o)
    0x1005eb88   0x00000040   Code   RO         3343    i.int_cb_hci_acl_data_ind_event  libbluenrg1_stack.a(acl.o)
    0x1005ebc8   0x00000054   Code   RO         3344    i.int_cb_hci_acl_data_tx_cmpl_event  libbluenrg1_stack.a(acl.o)
    0x1005ec1c   0x00000026   Code   RO         3323    i.int_cb_hci_disconnection_complete_event  libbluenrg1_stack.a(aci_events.o)
    0x1005ec42   0x0000001a   Code   RO         3324    i.int_cb_hci_encryption_change_event  libbluenrg1_stack.a(aci_events.o)
    0x1005ec5c   0x0000001a   Code   RO         3325    i.int_cb_hci_encryption_key_refresh_complete_event  libbluenrg1_stack.a(aci_events.o)
    0x1005ec76   0x0000001e   Code   RO         3326    i.int_cb_hci_le_advertising_report_event  libbluenrg1_stack.a(aci_events.o)
    0x1005ec94   0x00000026   Code   RO         3327    i.int_cb_hci_le_connection_complete_event  libbluenrg1_stack.a(aci_events.o)
    0x1005ecba   0x00000010   Code   RO         3328    i.int_cb_hci_le_data_length_change_event  libbluenrg1_stack.a(aci_events.o)
    0x1005ecca   0x0000001e   Code   RO         3329    i.int_cb_hci_le_direct_advertising_report_event  libbluenrg1_stack.a(aci_events.o)
    0x1005ece8   0x00000026   Code   RO         3330    i.int_cb_hci_le_enhanced_connection_complete_event  libbluenrg1_stack.a(aci_events.o)
    0x1005ed0e   0x0000001a   Code   RO         3331    i.int_cb_hci_le_generate_dhkey_complete_event  libbluenrg1_stack.a(aci_events.o)
    0x1005ed28   0x0000000c   Code   RO         3332    i.int_cb_hci_le_long_term_key_request_event  libbluenrg1_stack.a(aci_events.o)
    0x1005ed34   0x0000001a   Code   RO         3333    i.int_cb_hci_le_read_local_p256_public_key_complete_event  libbluenrg1_stack.a(aci_events.o)
    0x1005ed4e   0x0000001e   Code   RO         4020    i.is_Buffer_All_Set_To  libbluenrg1_stack.a(utils.o)
    0x1005ed6c   0x00000034   Code   RO         3681    i.is_slave          libbluenrg1_stack.a(multi_master_time.o)
    0x1005eda0   0x00000020   Code   RO         3345    i.isr_Acl_Data_Indication_Queue_Full  libbluenrg1_stack.a(acl.o)
    0x1005edc0   0x00000020   Code   RO         3346    i.isr_Acl_Data_TX_Cmpl_Queue_Full  libbluenrg1_stack.a(acl.o)
    0x1005ede0   0x00000398   Code   RO         3187    i.isr_advertise_state  libbluenrg1_stack.a(ll_isr.o)
    0x1005f178   0x000007e4   Code   RO         3189    i.isr_connect_slave_state  libbluenrg1_stack.a(ll_isr.o)
    0x1005f95c   0x000005fc   Code   RO         3634    i.isr_event_handler  libbluenrg1_stack.a(ll_routines_master.o)
    0x1005ff58   0x00000002   Code   RO         3636    i.isr_event_handler_scan_data_ucfg  libbluenrg1_stack.a(ll_routines_master.o)
    0x1005ff5a   0x00000002   PAD
    0x1005ff5c   0x000001f4   Code   RO         3528    i.isr_postproc      libbluenrg1_stack.a(isr_postproc.o)
    0x10060150   0x00000110   Code   RO         3768    i.isr_postproc1     libbluenrg1_stack.a(rom_ll_isr_postproc.o)
    0x10060260   0x00000016   Code   RO         3769    i.isr_postproc_encrypt_data  libbluenrg1_stack.a(rom_ll_isr_postproc.o)
    0x10060276   0x00000002   PAD
    0x10060278   0x00000034   Code   RO         3191    i.isr_test_rx_state  libbluenrg1_stack.a(ll_isr.o)
    0x100602ac   0x00000064   Code   RO         3192    i.isr_test_tx_state  libbluenrg1_stack.a(ll_isr.o)
    0x10060310   0x0000002c   Code   RO         3193    i.isr_unknown_state  libbluenrg1_stack.a(ll_isr.o)
    0x1006033c   0x0000000a   Code   RO         3781    i.le2ByteToInt16    libbluenrg1_stack.a(rom_ll_isr_routines.o)
    0x10060346   0x00000016   Code   RO         3782    i.le4ByteToInt32    libbluenrg1_stack.a(rom_ll_isr_routines.o)
    0x1006035c   0x00000016   Code   RO         3814    i.le4ByteToInt32    libbluenrg1_stack.a(rom_ll_ll_routines.o)
    0x10060372   0x00000002   PAD
    0x10060374   0x00000020   Code   RO         3846    i.machine_time_trans  libbluenrg1_stack.a(rom_ll_timehandling.o)
    0x10060394   0x00000168   Code   RO         2495    i.main              ble_beacon_main.o
    0x100604fc   0x000000a8   Code   RO         3650    i.mem_alloc_ctx_init  libbluenrg1_stack.a(mem_alloc.o)
    0x100605a4   0x00000008   Code   RO         3861    i.microseconds_to_machine_time  libbluenrg1_stack.a(routines_support.o)
    0x100605ac   0x0000001c   Code   RO         3840    i.modulo_37         libbluenrg1_stack.a(rom_ll_routines_support.o)
    0x100605c8   0x000000a8   Code   RO         2671    i.nrf_init          _nrf905_.o
    0x10060670   0x00000018   Code   RO         3682    i.nsar_init         libbluenrg1_stack.a(multi_master_time.o)
    0x10060688   0x0000001c   Code   RO         3683    i.nsar_insertSlotListEntry  libbluenrg1_stack.a(multi_master_time.o)
    0x100606a4   0x000000c0   Code   RO         3684    i.nsar_searchBestFreeSlot  libbluenrg1_stack.a(multi_master_time.o)
    0x10060764   0x00000022   Code   RO         3686    i.nsar_updateBestFreeSlot  libbluenrg1_stack.a(multi_master_time.o)
    0x10060786   0x00000002   PAD
    0x10060788   0x0000006c   Code   RO         3687    i.nsar_updateSlotListEntry  libbluenrg1_stack.a(multi_master_time.o)
    0x100607f4   0x00000040   Code   RO         2672    i.printRegisters    _nrf905_.o
    0x10060834   0x0000007c   Code   RO         3617    i.read_rssi         libbluenrg1_stack.a(ll_routines.o)
    0x100608b0   0x000000b0   Code   RO         3692    i.schedule_advertise_slot  libbluenrg1_stack.a(multi_master_time.o)
    0x10060960   0x00000164   Code   RO         3884    i.sdb_delete        libbluenrg1_stack.a(sdb.o)
    0x10060ac4   0x000000c8   Code   RO         3885    i.sdb_find_client_data  libbluenrg1_stack.a(sdb.o)
    0x10060b8c   0x00000018   Code   RO         3886    i.sdb_get_gatt_db_start_address  libbluenrg1_stack.a(sdb.o)
    0x10060ba4   0x00000020   Code   RO         3887    i.sdb_invalidate_record  libbluenrg1_stack.a(sdb.o)
    0x10060bc4   0x00000024   Code   RO         3888    i.sdb_read_record   libbluenrg1_stack.a(sdb.o)
    0x10060be8   0x00000010   Code   RO         3889    i.sdb_read_record_validity  libbluenrg1_stack.a(sdb.o)
    0x10060bf8   0x0000007c   Code   RO         3890    i.sdb_write_record  libbluenrg1_stack.a(sdb.o)
    0x10060c74   0x00000004   Code   RO         4011    i.secure_connections_csr_ucfg  libbluenrg1_stack.a(smp_scv42_sap.o)
    0x10060c78   0x00000104   Code   RO         3404    i.setGapAdvData     libbluenrg1_stack.a(gap.o)
    0x10060d7c   0x0000001c   Code   RO         2679    i.setModeIDLE       _nrf905_.o
    0x10060d98   0x00000010   Code   RO         2682    i.setPromiscuous    _nrf905_.o
    0x10060da8   0x0000001e   Code   RO         2683    i.setRF             _nrf905_.o
    0x10060dc6   0x00000002   PAD
    0x10060dc8   0x00000088   Code   RO         3847    i.set_freq          libbluenrg1_stack.a(rom_ll_timehandling.o)
    0x10060e50   0x0000001c   Code   RO         3848    i.set_sca           libbluenrg1_stack.a(rom_ll_timehandling.o)
    0x10060e6c   0x00000010   Code   RO         3093    i.set_string        libbluenrg1_stack.a(hal.o)
    0x10060e7c   0x00000200   Code   RO         3862    i.slave_advance     libbluenrg1_stack.a(routines_support.o)
    0x1006107c   0x000000c6   Code   RO         4099    i.sma_CMAC_generate_tag  libbluenrg1_stack.a(smp_algo_sap.o)
    0x10061142   0x00000036   Code   RO         4100    i.sma_Calculate_Hash  libbluenrg1_stack.a(smp_algo_sap.o)
    0x10061178   0x0000007e   Code   RO         4101    i.sma_generate_subkeys  libbluenrg1_stack.a(smp_algo_sap.o)
    0x100611f6   0x0000002c   Code   RO         4102    i.sma_left_shift    libbluenrg1_stack.a(smp_algo_sap.o)
    0x10061222   0x00000018   Code   RO         3899    i.smp_Build_AuthReq_Field  libbluenrg1_stack.a(securitymgr.o)
    0x1006123a   0x00000002   PAD
    0x1006123c   0x00000038   Code   RO         3900    i.smp_Build_Pairing_ReqResp_Packet  libbluenrg1_stack.a(securitymgr.o)
    0x10061274   0x00000034   Code   RO         3901    i.smp_Check_Incoming_Pairing_Parameters  libbluenrg1_stack.a(securitymgr.o)
    0x100612a8   0x0000009c   Code   RO         3902    i.smp_Determine_Key_Association_Method  libbluenrg1_stack.a(securitymgr.o)
    0x10061344   0x0000018c   Code   RO         3903    i.smp_Execute_Actions_wrt_Current_State  libbluenrg1_stack.a(securitymgr.o)
    0x100614d0   0x00000002   Code   RO         3905    i.smp_Execute_Actions_wrt_Current_State_MI_excerpt_ucfg  libbluenrg1_stack.a(securitymgr.o)
    0x100614d2   0x00000002   Code   RO         3909    i.smp_Execute_Actions_wrt_Current_State_sc_excerpt_phase2as2_ucfg  libbluenrg1_stack.a(securitymgr.o)
    0x100614d4   0x00000004   Code   RO         3911    i.smp_Execute_Actions_wrt_Current_State_sc_excerpt_phase_1_to_2_ucfg  libbluenrg1_stack.a(securitymgr.o)
    0x100614d8   0x00000080   Code   RO         3912    i.smp_Get_Long_Term_Key  libbluenrg1_stack.a(securitymgr.o)
    0x10061558   0x00000088   Code   RO         3913    i.smp_Get_Pairing_Parameters_From_Peer_Packet  libbluenrg1_stack.a(securitymgr.o)
    0x100615e0   0x00000032   Code   RO         3984    i.smp_Keys_Distribution_Complete  libbluenrg1_stack.a(smp_common.o)
    0x10061612   0x00000002   PAD
    0x10061614   0x0000011c   Code   RO         3914    i.smp_Keys_Distribution_Send  libbluenrg1_stack.a(securitymgr.o)
    0x10061730   0x00000150   Code   RO         3916    i.smp_LP_SR_Compute_c1_Confirm_Value  libbluenrg1_stack.a(securitymgr.o)
    0x10061880   0x00000004   Code   RO         3918    i.smp_MI_Start_Encryption_ucfg  libbluenrg1_stack.a(securitymgr.o)
    0x10061884   0x00000004   Code   RO         3920    i.smp_Process_Rx_Packet_Exception_Cases_sc_excerpt_ucfg  libbluenrg1_stack.a(securitymgr.o)
    0x10061888   0x00000130   Code   RO         3921    i.smp_Process_Rx_Packet_wrt_Current_State  libbluenrg1_stack.a(securitymgr.o)
    0x100619b8   0x00000004   Code   RO         3923    i.smp_Process_Rx_Packet_wrt_Current_State_MI_excerpt_ucfg  libbluenrg1_stack.a(securitymgr.o)
    0x100619bc   0x00000004   Code   RO         3925    i.smp_Process_Rx_Packet_wrt_Current_State_sc_excerpt_ucfg  libbluenrg1_stack.a(securitymgr.o)
    0x100619c0   0x00000078   Code   RO         3926    i.smp_Set_Key_Association_Method  libbluenrg1_stack.a(securitymgr.o)
    0x10061a38   0x0000007a   Code   RO         3932    i.smp____SR_PairingConfirm_Receive  libbluenrg1_stack.a(securitymgr.o)
    0x10061ab2   0x00000002   PAD
    0x10061ab4   0x00000120   Code   RO         3933    i.smp____SR_PairingRandom_Receive  libbluenrg1_stack.a(securitymgr.o)
    0x10061bd4   0x0000017c   Code   RO         3934    i.smp____SR_PairingRequest_Receive  libbluenrg1_stack.a(securitymgr.o)
    0x10061d50   0x00000148   Code   RO         3985    i.smp_add_pairing_record_to_bonding_database  libbluenrg1_stack.a(smp_common.o)
    0x10061e98   0x00000044   Code   RO         3986    i.smp_find_remote_device_index  libbluenrg1_stack.a(smp_common.o)
    0x10061edc   0x00000038   Code   RO         3987    i.smp_flush_rx_queues  libbluenrg1_stack.a(smp_common.o)
    0x10061f14   0x0000001e   Code   RO         3988    i.smp_get_CSRK      libbluenrg1_stack.a(smp_common.o)
    0x10061f32   0x00000002   PAD
    0x10061f34   0x0000003c   Code   RO         3989    i.smp_get_local_identity_address  libbluenrg1_stack.a(smp_common.o)
    0x10061f70   0x00000038   Code   RO         3991    i.smp_keys_distribution_start  libbluenrg1_stack.a(smp_common.o)
    0x10061fa8   0x000000d6   Code   RO         3992    i.smp_keys_receiving  libbluenrg1_stack.a(smp_common.o)
    0x1006207e   0x00000002   PAD
    0x10062080   0x0000003c   Code   RO         3993    i.smp_oob_check_is_remote_data_present  libbluenrg1_stack.a(smp_common.o)
    0x100620bc   0x00000034   Code   RO         3995    i.smp_pairing_2octets_packet_send  libbluenrg1_stack.a(smp_common.o)
    0x100620f0   0x00000078   Code   RO         3996    i.smp_pairing_completed  libbluenrg1_stack.a(smp_common.o)
    0x10062168   0x00000010   Code   RO         3997    i.smp_pairing_failed_receive  libbluenrg1_stack.a(smp_common.o)
    0x10062178   0x0000002a   Code   RO         3998    i.smp_pairing_failed_send  libbluenrg1_stack.a(smp_common.o)
    0x100621a2   0x00000002   PAD
    0x100621a4   0x00000064   Code   RO         3999    i.smp_pairing_process_abort  libbluenrg1_stack.a(smp_common.o)
    0x10062208   0x000000f0   Code   RO         4000    i.smp_repeated_attacks_protection  libbluenrg1_stack.a(smp_common.o)
    0x100622f8   0x00000002   Code   RO         3946    i.smp_sc_SR_PairingConfirm_Receive_sc_excerpt_ucfg  libbluenrg1_stack.a(securitymgr.o)
    0x100622fa   0x00000002   Code   RO         3948    i.smp_sc_SR_PairingRandom_Receive_sc_excerpt_ucfg  libbluenrg1_stack.a(securitymgr.o)
    0x100622fc   0x00000002   Code   RO         3950    i.smp_sc_SR_Pairing_Phase_2AS1_Start_sc_excerpt_ucfg  libbluenrg1_stack.a(securitymgr.o)
    0x100622fe   0x00000002   Code   RO         4110    i.smp_sc_check_for_ecc_pk_generation_request_ucfg  libbluenrg1_stack.a(smp_scv42_caf.o)
    0x10062300   0x00000004   Code   RO         4112    i.smp_sc_continue_on_exclusive_sc_pairing_ucfg  libbluenrg1_stack.a(smp_scv42_caf.o)
    0x10062304   0x00000002   Code   RO         4013    i.smp_sc_hci_le_generate_dhkey_complete_evt_hndl_ucfg  libbluenrg1_stack.a(smp_scv42_sap.o)
    0x10062306   0x00000002   Code   RO         4015    i.smp_sc_hci_le_read_local_p256_public_key_complete_evt_hndl_ucfg  libbluenrg1_stack.a(smp_scv42_sap.o)
    0x10062308   0x00000002   Code   RO         4117    i.smp_sc_init_ucfg  libbluenrg1_stack.a(smp_scv42_caf.o)
    0x1006230a   0x00000002   Code   RO         4127    i.smp_sc_update_statistics_on_pairing_complete_ucfg  libbluenrg1_stack.a(smp_scv42_caf.o)
    0x1006230c   0x00000038   Code   RO         3951    i.smp_send_packet   libbluenrg1_stack.a(securitymgr.o)
    0x10062344   0x00000038   Code   RO         4002    i.smp_update_statistics_on_pairing_complete  libbluenrg1_stack.a(smp_common.o)
    0x1006237c   0x00000070   Code   RO         2685    i.spiReadRegister   _nrf905_.o
    0x100623ec   0x00000046   Code   RO         2686    i.spiWriteRegister  _nrf905_.o
    0x10062432   0x00000002   PAD
    0x10062434   0x000000d0   Code   RO         3693    i.start_timebase    libbluenrg1_stack.a(multi_master_time.o)
    0x10062504   0x00000002   Code   RO         3194    i.state_func_call_init_csr_ucfg  libbluenrg1_stack.a(ll_isr.o)
    0x10062506   0x0000001e   Code   RO         3525    i.store_data        libbluenrg1_stack.a(gatt_server.o)
    0x10062524   0x0000013c   Code   RO         3863    i.swap_slaves       libbluenrg1_stack.a(routines_support.o)
    0x10062660   0x0000000a   Code   RO         3694    i.swap_u16          libbluenrg1_stack.a(multi_master_time.o)
    0x1006266a   0x0000000a   Code   RO         3864    i.swap_u16          libbluenrg1_stack.a(routines_support.o)
    0x10062674   0x0000000a   Code   RO         3865    i.swap_u32          libbluenrg1_stack.a(routines_support.o)
    0x1006267e   0x0000000a   Code   RO         3866    i.swap_u8           libbluenrg1_stack.a(routines_support.o)
    0x10062688   0x00000010   Code   RO         3849    i.system_time_trans  libbluenrg1_stack.a(rom_ll_timehandling.o)
    0x10062698   0x00000030   Code   RO         3850    i.system_time_trans_ext  libbluenrg1_stack.a(rom_ll_timehandling.o)
    0x100626c8   0x0000000e   Code   RO         3851    i.time_offset1      libbluenrg1_stack.a(rom_ll_timehandling.o)
    0x100626d6   0x00000002   PAD
    0x100626d8   0x00000010   Code   RO         3852    i.time_offset2      libbluenrg1_stack.a(rom_ll_timehandling.o)
    0x100626e8   0x00000038   Code   RO         3695    i.timebase_start_connect  libbluenrg1_stack.a(multi_master_time.o)
    0x10062720   0x00000020   Code   RO         2687    i.tran_int          _nrf905_.o
    0x10062740   0x0000002e   Code   RO         3783    i.unpack_channel_map  libbluenrg1_stack.a(rom_ll_isr_routines.o)
    0x1006276e   0x00000048   Code   RO         3784    i.unpack_update_request  libbluenrg1_stack.a(rom_ll_isr_routines.o)
    0x100627b6   0x00000024   Code   RO         3770    i.wait_for_aes_ready  libbluenrg1_stack.a(rom_ll_isr_postproc.o)
    0x100627da   0x00000002   PAD
    0x100627dc   0x0000007c   Code   RO         3815    i.wait_for_prescheduled_slot_cancellation  libbluenrg1_stack.a(rom_ll_ll_routines.o)
    0x10062858   0x0000009c   Code   RO         2930    i.write_flash       flash_wr.o
    0x100628f4   0x00000008   Data   RO         2051    .constdata          sdk_eval_config.o
    0x100628fc   0x00000004   Data   RO         2052    .constdata          sdk_eval_config.o
    0x10062900   0x00000004   Data   RO         2053    .constdata          sdk_eval_config.o
    0x10062904   0x00000004   Data   RO         2054    .constdata          sdk_eval_config.o
    0x10062908   0x00000004   Data   RO         2055    .constdata          sdk_eval_config.o
    0x1006290c   0x0000000c   Data   RO         2064    .constdata          sdk_eval_config.o
    0x10062918   0x00000004   Data   RO         2065    .constdata          sdk_eval_config.o
    0x1006291c   0x00000004   Data   RO         2069    .constdata          sdk_eval_config.o
    0x10062920   0x00000004   Data   RO         2070    .constdata          sdk_eval_config.o
    0x10062924   0x00000004   Data   RO         2071    .constdata          sdk_eval_config.o
    0x10062928   0x00000004   Data   RO         2072    .constdata          sdk_eval_config.o
    0x1006292c   0x00000004   Data   RO         2073    .constdata          sdk_eval_config.o
    0x10062930   0x00000004   Data   RO         2074    .constdata          sdk_eval_config.o
    0x10062934   0x00000034   Data   RO         2496    .constdata          ble_beacon_main.o
    0x10062968   0x0000001a   Data   RO         3195    .constdata          libbluenrg1_stack.a(ll_isr.o)
    0x10062982   0x00000002   PAD
    0x10062984   0x0000011c   Data   RO         3334    .constdata          libbluenrg1_stack.a(aci_events.o)
    0x10062aa0   0x00000010   Data   RO         3853    .constdata          libbluenrg1_stack.a(rom_ll_timehandling.o)
    0x10062ab0   0x00000019   Data   RO         3952    .constdata          libbluenrg1_stack.a(securitymgr.o)
    0x10062ac9   0x00000010   Data   RO         4048    .constdata          libbluenrg1_stack.a(att.o)
    0x10062ad9   0x00000003   PAD
    0x10062adc   0x000000a0   Data   RO         4537    Region$$Table       anon$$obj.o


    Execution Region BLOCK_STACKLIB_FLASH_DATA (Base: 0x1007f000, Size: 0x00000838, Max: 0x00001000, ABSOLUTE, UNINIT)

    Base Addr    Size         Type   Attr      Idx    E Section Name        Object

    0x1007f000   0x00000800   Zero   RW         2502    .noinit.stacklib_flash_data  ble_beacon_main.o
    0x1007f800   0x00000038   Zero   RW         2503    .noinit.stacklib_stored_device_id_data  ble_beacon_main.o


    Execution Region ota_sw_activation_block (Base: 0x20000004, Size: 0x00000004, Max: 0x00000004, ABSOLUTE, UNINIT)

    Base Addr    Size         Type   Attr      Idx    E Section Name        Object

    0x20000004   0x00000004   Zero   RW         2305    .ota_sw_activation  system_bluenrg1.o


    Execution Region savedMSP_block (Base: 0x20000008, Size: 0x00000004, Max: 0x00000004, ABSOLUTE)

    Base Addr    Size         Type   Attr      Idx    E Section Name        Object

    0x20000008   0x00000004   Data   RW         2307    .savedMSP           system_bluenrg1.o


    Execution Region wakeupFromSleepFlag_block (Base: 0x2000000c, Size: 0x00000004, Max: 0x00000004, ABSOLUTE)

    Base Addr    Size         Type   Attr      Idx    E Section Name        Object

    0x2000000c   0x00000001   Data   RW         2308    .wakeupFromSleepFlag  system_bluenrg1.o


    Execution Region app_base_block (Base: 0x20000010, Size: 0x00000004, Max: 0x00000004, ABSOLUTE)

    Base Addr    Size         Type   Attr      Idx    E Section Name        Object

    0x20000010   0x00000004   Data   RW         2297    .app_base           system_bluenrg1.o


    Execution Region flash_sw_lock_block (Base: 0x20000014, Size: 0x00000004, Max: 0x00000004, ABSOLUTE)

    Base Addr    Size         Type   Attr      Idx    E Section Name        Object

    0x20000014   0x00000004   Data   RW         2303    .flash_sw_lock      system_bluenrg1.o


    Execution Region rfTimeout_block (Base: 0x20000018, Size: 0x00000004, Max: 0x00000004, ABSOLUTE)

    Base Addr    Size         Type   Attr      Idx    E Section Name        Object

    0x20000018   0x00000004   Data   RW         2306    .rfTimeout          system_bluenrg1.o


    Execution Region BOR_config_block (Base: 0x2000001c, Size: 0x00000008, Max: 0x00000008, ABSOLUTE)

    Base Addr    Size         Type   Attr      Idx    E Section Name        Object

    0x2000001c   0x00000007   Data   RW         2295    .BOR_config         system_bluenrg1.o


    Execution Region Blue_Flag_Ram_block (Base: 0x20000030, Size: 0x00000004, Max: 0x00000004, ABSOLUTE)

    Base Addr    Size         Type   Attr      Idx    E Section Name        Object

    0x20000030   0x00000004   Data   RW         2296    .__blueflag_RAM     system_bluenrg1.o


    Execution Region Crash_Info_block (Base: 0x20000034, Size: 0x00000000, Max: 0x00000028, ABSOLUTE, UNINIT)

    **** No section assigned to this execution region ****


    Execution Region BLUE (Base: 0x200000c0, Size: 0x0000020c, Max: 0x0000020c, ABSOLUTE, COMPRESSED[0x00000008])

    Base Addr    Size         Type   Attr      Idx    E Section Name        Object

    0x200000c0   0x0000020c   Data   RW         2299    .bss.__blue_RAM     system_bluenrg1.o


    Execution Region REGION_RAM2 (Base: 0x200002cc, Size: 0x00000198, Max: 0x00005d34, ABSOLUTE)

    Base Addr    Size         Type   Attr      Idx    E Section Name        Object

    0x200002cc   0x00000004   Data   RW           10    .data               clock.o
    0x200002d0   0x00000004   Data   RW          197    .data               sleep.o
    0x200002d4   0x00000004   Data   RW         1954    .data               sdk_eval_com.o
    0x200002d8   0x00000001   Data   RW         2076    .data               sdk_eval_config.o
    0x200002d9   0x00000003   PAD
    0x200002dc   0x00000004   Data   RW         2300    .data               system_bluenrg1.o
    0x200002e0   0x00000004   Data   RW         2301    .data               system_bluenrg1.o
    0x200002e4   0x00000004   Data   RW         2302    .data               system_bluenrg1.o
    0x200002e8   0x0000002c   Data   RW         2497    .data               ble_beacon_main.o
    0x20000314   0x00000004   Data   RW         2607    .data               bluenrg1_it.o
    0x20000318   0x00000014   Data   RW         2690    .data               _nrf905_.o
    0x2000032c   0x00000009   Data   RW         2838    .data               gatt_db.o
    0x20000335   0x00000003   PAD
    0x20000338   0x00000048   Data   RW         3196    .data               libbluenrg1_stack.a(ll_isr.o)
    0x20000380   0x00000004   Data   RW         3652    .data               libbluenrg1_stack.a(mem_alloc.o)
    0x20000384   0x00000004   Data   RW         4003    .data               libbluenrg1_stack.a(smp_common.o)
    0x20000388   0x00000004   Data   RW         4520    .data               mc_p.l(mvars.o)
    0x2000038c   0x00000004   Data   RW         4521    .data               mc_p.l(mvars.o)
    0x20000390   0x00000060   Zero   RW          196    .bss                sleep.o
    0x200003f0   0x00000020   Zero   RW         2298    .bss                system_bluenrg1.o
    0x20000410   0x00000020   Zero   RW         2837    .bss                gatt_db.o
    0x20000430   0x00000034   Zero   RW         3651    .bss                libbluenrg1_stack.a(mem_alloc.o)


    Execution Region REGION_RAM3 (Base: 0x20000464, Size: 0x00002264, Max: 0x00005d34, ABSOLUTE, UNINIT)

    Base Addr    Size         Type   Attr      Idx    E Section Name        Object

    0x20000464   0x00002264   Zero   RW         2501    .noinit.data        ble_beacon_main.o


    Execution Region ARM_LIB_STACKHEAP (Base: 0x20005400, Size: 0x00000c00, Max: 0x00000c00, ABSOLUTE)

    Base Addr    Size         Type   Attr      Idx    E Section Name        Object

    0x20005400   0x00000c00   Zero   RW            2    ARM_LIB_STACKHEAP.bss  anon$$obj.o


==============================================================================

Image component sizes


      Code (inc. data)   RO Data    RW Data    ZI Data      Debug   Object Name

       520         62          0         20          0       8474   _nrf905_.o
      1464        726         52         44      10908      10615   ble_beacon_main.o
       140         38          0          0          0       3645   bluenrg1_flash.o
       398         18          0          0          0       6998   bluenrg1_gpio.o
        38          4          0          4          0       4267   bluenrg1_it.o
        20          0          0          0          0        540   bluenrg1_pka.o
       348         64          0          0          0      11708   bluenrg1_spi.o
       176         20          0          0          0       1596   bluenrg1_sysctrl.o
       408         32          0          0          0       3920   bluenrg1_uart.o
        16          6          0          4          0      43395   clock.o
       160         36          0          0          0        532   context_switch.o
       156         80          0          0          0        754   flash_wr.o
       568        192          0          9         32       3234   gatt_db.o
       192         36          0          0          0        684   gpio_init.o
       160         16          0          0          0       7605   misc.o
       128         20          0          0          0      10450   miscutil.o
        24          0          0          0          0       1958   osal.o
        44         18          0          0          0       7094   ota_btl.o
       100          4          0          0          0       2028   sdk_eval_button.o
       230         16          0          4          0       5979   sdk_eval_com.o
        24         10         64          1          0       3905   sdk_eval_config.o
        68          4          0          0          0        713   sdk_eval_led.o
       272         30          0          0          0        797   sdk_eval_spi.o
      2196        230          0          4         96      14812   sleep.o
      1056        138        192        564         36      26297   system_bluenrg1.o

    ----------------------------------------------------------------------
      8926       1800        468        664      16192     182000   Object Totals
         0          0        160          0       5120          0   (incl. Generated)
        20          0          0         10          0          0   (incl. Padding)

    ----------------------------------------------------------------------

      Code (inc. data)   RO Data    RW Data    ZI Data      Debug   Library Member Name

      3108        268        284          0          0          0   aci_events.o
       472         44          0          0          0          0   acl.o
       268          0          0          0          0          0   acl_list.o
      1676         38          0          0          0          0   advance_wakeup_time.o
      5796         94         16          0          0          0   att.o
       206         10          0          0          0          0   bluenrg_gap_aci.o
       162          0          0          0          0          0   bluenrg_gatt_aci.o
         8          0          0          0          0          0   bluenrg_hal_aci.o
      1012         96          0          0          0          0   bluenrg_main_func.o
       268         24          0          0          0          0   bluenrg_main_func_speed.o
       296         18          0          0          0          0   device_id_data.o
      2020         78          0          0          0          0   gap.o
        60          4          0          0          0          0   gatt_client.o
      8062        310          0          0          0          0   gatt_server.o
       466         36          0          0          0          0   hal.o
       620         38          0          0          0          0   hci.o
       916        106          0          0          0          0   host_timer.o
       500         32          0          0          0          0   isr_postproc.o
       344         14          0          0          0          0   isr_routines.o
      1856         58          0          0          0          0   l2cap.o
      3970        160         26         72          0          0   ll_isr.o
       456         42          0          0          0          0   ll_privacy.o
       370         24          0          0          0          0   ll_routines.o
      1960         38          0          0          0          0   ll_routines_master.o
       312         28          0          0          0          0   ll_routines_support.o
       804         24          0          4         52          0   mem_alloc.o
      1122          0          0          0          0          0   mem_buff.o
      2968        104          0          0          0          0   multi_master_time.o
        76         16          0          0          0          0   nvm.o
       690         42          0          0          0          0   pm.o
       344          0          0          0          0          0   rom_att.o
       708         36          0          0          0          0   rom_gap.o
       148         16          0          0          0          0   rom_gap_rom.o
       146          4          0          0          0          0   rom_gatt_server.o
       114          0          0          0          0          0   rom_list.o
       330         10          0          0          0          0   rom_ll_isr_postproc.o
      1164         46          0          0          0          0   rom_ll_isr_routines.o
      3100        154          0          0          0          0   rom_ll_ll_routines.o
       124         22          0          0          0          0   rom_ll_routines_support.o
       316         44         16          0          0          0   rom_ll_timehandling.o
      1362         40          0          0          0          0   routines_support.o
      2522         66          0          0          0          0   sdb.o
      3296         86         25          0          0          0   securitymgr.o
       808         24          0          0          0          0   smp_algo_sap.o
      3344        146          0          4          0          0   smp_common.o
        10          0          0          0          0          0   smp_scv42_caf.o
         8          0          0          0          0          0   smp_scv42_sap.o
        44          0          0          0          0          0   utils.o
        86          0          0          0          0          0   __dczerorl2.o
         0          0          0          0          0          0   entry.o
         0          0          0          0          0          0   entry10a.o
         0          0          0          0          0          0   entry11a.o
         8          4          0          0          0          0   entry3.o
         4          0          0          0          0          0   entry5.o
         0          0          0          0          0          0   entry7b.o
         0          0          0          0          0          0   entry8b.o
         8          4          0          0          0          0   entry9a.o
        30          0          0          0          0          0   handlers.o
        36          8          0          0          0         68   init.o
        32          0          0          0          0         68   llshl.o
        34          0          0          0          0         68   llushr.o
       192         20          0          0          0        144   malloc1.o
        26          0          0          0          0         72   memcmp.o
        66          0          0          0          0         68   memmove.o
        36          0          0          0          0        100   memseta.o
         0          0          0          8          0          0   mvars.o
      1172         52          0          0          0        324   printf8.o
        28          0          0          0          0         68   strcmp.o
        44          0          0          0          0         72   uidiv.o
        96          0          0          0          0         84   uldiv.o
        20          0          0          0          0         60   uread4.o

    ----------------------------------------------------------------------
     60758       2528        372         88         52       1196   Library Totals
       108          0          5          0          0          0   (incl. Padding)

    ----------------------------------------------------------------------

      Code (inc. data)   RO Data    RW Data    ZI Data      Debug   Library Name

     58732       2440        367         80         52          0   libbluenrg1_stack.a
      1918         88          0          8          0       1196   mc_p.l

    ----------------------------------------------------------------------
     60758       2528        372         88         52       1196   Library Totals

    ----------------------------------------------------------------------

==============================================================================


      Code (inc. data)   RO Data    RW Data    ZI Data      Debug   

     69684       4328        840        752      16244     178184   Grand Totals
     69684       4328        840        236      16244     178184   ELF Image Totals (compressed)
     69684       4328        840        236          0          0   ROM Totals

==============================================================================

    Total RO  Size (Code + RO Data)                70524 (  68.87kB)
    Total RW  Size (RW Data + ZI Data)             16996 (  16.60kB)
    Total ROM Size (Code + RO Data + RW Data)      70760 (  69.10kB)

==============================================================================

