Component: ARM Compiler 5.06 update 4 (build 422) Tool: armlink [4d35d2]

==============================================================================

Section Cross References

    clock.o(i.Clock_Time) refers to clock.o(.data) for .data
    clock.o(i.Clock_Wait) refers to clock.o(.data) for .data
    clock.o(i.SysCount_Handler) refers to clock.o(.data) for .data
    context_switch.o(. text) refers to system_bluenrg1.o(.savedMSP) for savedMSP
    context_switch.o(. text) refers to system_bluenrg1.o(.data) for savedICSR
    context_switch.o(. text) refers to system_bluenrg1.o(.data) for savedSHCSR
    context_switch.o(. text) refers to system_bluenrg1.o(.data) for savedNVIC_ISPR
    miscutil.o(i.BLEPLAT_get_part_info) refers to miscutil.o(i.HAL_GetPartInfo) for HAL_GetPartInfo
    miscutil.o(i.HAL_CrashHandler) refers to uwrite4.o(.text) for __aeabi_uwrite4
    miscutil.o(i.HAL_CrashHandler) refers to miscutil.o(.__crash_RAM) for .__crash_RAM
    miscutil.o(i.HAL_GetCrashInfo) refers to memmove.o(.text) for __aeabi_memcpy
    miscutil.o(i.HAL_GetCrashInfo) refers to uwrite4.o(.text) for __aeabi_uwrite4
    miscutil.o(i.HAL_GetCrashInfo) refers to miscutil.o(.__crash_RAM) for .__crash_RAM
    osal.o(i.Osal_MemCmp) refers to memcmp.o(.text) for memcmp
    osal.o(i.Osal_MemCpy) refers to memmove.o(.text) for memcpy
    osal.o(i.Osal_MemSet) refers to memseta.o(.text) for memset
    sleep.o(i.BlueNRG_InternalSleep) refers to miscutil.o(i.HAL_GetPartInfo) for HAL_GetPartInfo
    sleep.o(i.BlueNRG_InternalSleep) refers to system_bluenrg1.o(i.SET_BORconfigStatus) for SET_BORconfigStatus
    sleep.o(i.BlueNRG_InternalSleep) refers to misc.o(i.SystemSleepCmd) for SystemSleepCmd
    sleep.o(i.BlueNRG_InternalSleep) refers to context_switch.o(. text) for CS_contextSave
    sleep.o(i.BlueNRG_InternalSleep) refers to system_bluenrg1.o(.intvec) for __vector_table
    sleep.o(i.BlueNRG_InternalSleep) refers to sleep.o(.data) for .data
    sleep.o(i.BlueNRG_InternalSleep) refers to sleep.o(.bss) for .bss
    sleep.o(i.BlueNRG_InternalSleep) refers to system_bluenrg1.o(.flash_sw_lock) for flash_sw_lock
    sleep.o(i.BlueNRG_InternalSleep) refers to system_bluenrg1.o(.rfTimeout) for rfTimeout
    sleep.o(i.BlueNRG_InternalSleep) refers to system_bluenrg1.o(.wakeupFromSleepFlag) for wakeupFromSleepFlag
    sleep.o(i.BlueNRG_InternalSleep) refers to system_bluenrg1.o(i.DeviceConfiguration) for DeviceConfiguration
    sleep.o(i.BlueNRG_InternalSleep) refers to bluenrg1_sysctrl.o(i.SysCtrl_GetWakeupResetReason) for SysCtrl_GetWakeupResetReason
    sleep.o(i.BlueNRG_InternalSleep) refers to system_bluenrg1.o(.data) for savedNVIC_ISPR
    sleep.o(i.BlueNRG_InternalSleep) refers to system_bluenrg1.o(.data) for savedSHCSR
    sleep.o(i.BlueNRG_InternalSleep) refers to system_bluenrg1.o(.data) for savedICSR
    sleep.o(i.BlueNRG_InternalSleep) refers to system_bluenrg1.o(.bss.__blue_RAM) for __blue_RAM
    sleep.o(i.BlueNRG_Sleep) refers to bluenrg_main_func_speed.o(i.BlueNRG_Stack_Perform_Deep_Sleep_Check) for BlueNRG_Stack_Perform_Deep_Sleep_Check
    sleep.o(i.BlueNRG_Sleep) refers to sleep.o(i.HAL_VTIMER_TimerSleepCheck) for HAL_VTIMER_TimerSleepCheck
    sleep.o(i.BlueNRG_Sleep) refers to ble_beacon_main.o(i.App_SleepMode_Check) for App_SleepMode_Check
    sleep.o(i.BlueNRG_Sleep) refers to sleep.o(i.BlueNRG_InternalSleep) for BlueNRG_InternalSleep
    sleep.o(i.BlueNRG_Sleep) refers to system_bluenrg1.o(.wakeupFromSleepFlag) for wakeupFromSleepFlag
    sleep.o(i.BlueNRG_Sleep) refers to sleep.o(.bss) for .bss
    bluenrg1_adc.o(i.ADC_CompensateOutputValue) refers to fmul.o(.text) for __aeabi_fmul
    bluenrg1_adc.o(i.ADC_CompensateOutputValue) refers to fadd.o(.text) for __aeabi_fsub
    bluenrg1_adc.o(i.ADC_CompensateOutputValue) refers to bluenrg1_adc.o(.data) for .data
    bluenrg1_adc.o(i.ADC_ConvertBatterySensor) refers to bluenrg1_adc.o(i.ADC_ConvertSingleEndedVoltage) for ADC_ConvertSingleEndedVoltage
    bluenrg1_adc.o(i.ADC_ConvertBatterySensor) refers to fmul.o(.text) for __aeabi_fmul
    bluenrg1_adc.o(i.ADC_ConvertDifferentialVoltage) refers to ffltui.o(.text) for __aeabi_ui2f
    bluenrg1_adc.o(i.ADC_ConvertDifferentialVoltage) refers to fflti.o(.text) for __aeabi_i2f
    bluenrg1_adc.o(i.ADC_ConvertDifferentialVoltage) refers to fdiv.o(.text) for __aeabi_fdiv
    bluenrg1_adc.o(i.ADC_ConvertDifferentialVoltage) refers to fadd.o(.text) for __aeabi_fadd
    bluenrg1_adc.o(i.ADC_ConvertDifferentialVoltage) refers to fmul.o(.text) for __aeabi_fmul
    bluenrg1_adc.o(i.ADC_ConvertSingleEndedVoltage) refers to fflti.o(.text) for __aeabi_i2f
    bluenrg1_adc.o(i.ADC_ConvertSingleEndedVoltage) refers to ffltui.o(.text) for __aeabi_ui2f
    bluenrg1_adc.o(i.ADC_ConvertSingleEndedVoltage) refers to fadd.o(.text) for __aeabi_fadd
    bluenrg1_adc.o(i.ADC_ConvertSingleEndedVoltage) refers to f2d.o(.text) for __aeabi_f2d
    bluenrg1_adc.o(i.ADC_ConvertSingleEndedVoltage) refers to fdiv.o(.text) for __aeabi_fdiv
[...]
    0x100435e0   0x00000070   Code   RO         3609    i.GAP_Notify_Add_Charac  libbluenrg1_stack.a(rom_gap_rom.o)
    0x10043650   0x000001e0   Code   RO         3597    i.GAP_Privacy1v2    libbluenrg1_stack.a(rom_gap.o)
    0x10043830   0x00000048   Code   RO         3598    i.GAP_PrivateAddrTimercb  libbluenrg1_stack.a(rom_gap.o)
    0x10043878   0x00000040   Code   RO         3222    i.GAP_Process_Q     libbluenrg1_stack.a(gap.o)
    0x100438b8   0x00000038   Code   RO         3225    i.GAP_Set_Discoverable_Mode  libbluenrg1_stack.a(gap.o)
    0x100438f0   0x0000001c   Code   RO         3241    i.GAP_check_and_set_role_ucfg  libbluenrg1_stack.a(gap.o)
    0x1004390c   0x00000002   Code   RO         3243    i.GAP_discover_peer_name_ucfg  libbluenrg1_stack.a(gap.o)
    0x1004390e   0x00000004   Code   RO         3245    i.GAP_enable_controller_privacy_ucfg  libbluenrg1_stack.a(gap.o)
    0x10043912   0x00000002   PAD
    0x10043914   0x00000044   Code   RO         3331    i.GATT_Connection_Complete_Handler  libbluenrg1_stack.a(gatt_server.o)
    0x10043958   0x0000003a   Code   RO         3619    i.GATT_Num_Charac_Present  libbluenrg1_stack.a(rom_gatt_server.o)
    0x10043992   0x00000002   PAD
    0x10043994   0x0000002c   Code   RO         3332    i.GATT_Send_Packet  libbluenrg1_stack.a(gatt_server.o)
    0x100439c0   0x00000018   Code   RO         3333    i.GATT_Server_Set_Flag  libbluenrg1_stack.a(gatt_server.o)
    0x100439d8   0x0000001a   Code   RO         3334    i.GATT_TimeOut_Handler  libbluenrg1_stack.a(gatt_server.o)
    0x100439f2   0x00000008   Code   RO          619    i.GPIO_ClearITPendingBit  bluenrg1_gpio.o
    0x100439fa   0x00000014   Code   RO          621    i.GPIO_EXTICmd      bluenrg1_gpio.o
    0x10043a0e   0x00000042   Code   RO          622    i.GPIO_EXTIConfig   bluenrg1_gpio.o
    0x10043a50   0x00000012   Code   RO          624    i.GPIO_GetITPendingBit  bluenrg1_gpio.o
    0x10043a62   0x00000002   PAD
    0x10043a64   0x000000d0   Code   RO         2467    i.GPIO_Handler      bluenrg1_it.o
    0x10043b34   0x000000d4   Code   RO          626    i.GPIO_Init         bluenrg1_gpio.o
    0x10043c08   0x00000012   Code   RO          628    i.GPIO_ReadBit      bluenrg1_gpio.o
    0x10043c1a   0x00000002   PAD
    0x10043c1c   0x0000000c   Code   RO          629    i.GPIO_ResetBits    bluenrg1_gpio.o
    0x10043c28   0x00000008   Code   RO          630    i.GPIO_SetBits      bluenrg1_gpio.o
    0x10043c30   0x0000000c   Code   RO          631    i.GPIO_StructInit   bluenrg1_gpio.o
    0x10043c3c   0x00000018   Code   RO          634    i.GPIO_WriteBit     bluenrg1_gpio.o
    0x10043c54   0x00000014   Code   RO         3601    i.GapIsPrivacySupported  libbluenrg1_stack.a(rom_gap.o)
    0x10043c68   0x00000160   Code   RO         3335    i.Gatt_Add_Charac_Desc  libbluenrg1_stack.a(gatt_server.o)
    0x10043dc8   0x0000033c   Code   RO         3336    i.Gatt_Add_Characteristic  libbluenrg1_stack.a(gatt_server.o)
    0x10044104   0x00000158   Code   RO         3337    i.Gatt_Add_Descriptor  libbluenrg1_stack.a(gatt_server.o)
    0x1004425c   0x00000160   Code   RO         3338    i.Gatt_Add_Service  libbluenrg1_stack.a(gatt_server.o)
    0x100443bc   0x0000002c   Code   RO         3344    i.Gatt_Find_Srv_From_Handle  libbluenrg1_stack.a(gatt_server.o)
    0x100443e8   0x00000048   Code   RO         3345    i.Gatt_Find_Srv_Owner_Of_Handle  libbluenrg1_stack.a(gatt_server.o)
    0x10044430   0x00000038   Code   RO         3346    i.Gatt_Find_Timed_Out_Connection_Index  libbluenrg1_stack.a(gatt_server.o)
    0x10044468   0x00000034   Code   RO         3347    i.Gatt_Flush_Pending_AclPacket_Lists  libbluenrg1_stack.a(gatt_server.o)
    0x1004449c   0x0000019c   Code   RO         3349    i.Gatt_Process_Q    libbluenrg1_stack.a(gatt_server.o)
    0x10044638   0x000000fc   Code   RO         3351    i.Gatt_Reset_To_Closed_State  libbluenrg1_stack.a(gatt_server.o)
    0x10044734   0x00000038   Code   RO         3352    i.Gatt_Server_Db_Check  libbluenrg1_stack.a(gatt_server.o)
    0x1004476c   0x00000194   Code   RO         3353    i.Gatt_Server_Init  libbluenrg1_stack.a(gatt_server.o)
    0x10044900   0x0000021c   Code   RO         3354    i.Gatt_Server_L2C_Handler  libbluenrg1_stack.a(gatt_server.o)
    0x10044b1c   0x0000004c   Code   RO         3355    i.Gatt_Server_L2C_Handler_ISR  libbluenrg1_stack.a(gatt_server.o)
    0x10044b68   0x00000170   Code   RO         3358    i.Gatt_Store_Server_Database_And_Reset_CCCD  libbluenrg1_stack.a(gatt_server.o)
    0x10044cd8   0x00000068   Code   RO         3359    i.Gatt_Update_Charac_Value  libbluenrg1_stack.a(gatt_server.o)
    0x10044d40   0x00000390   Code   RO         3360    i.Gatt_Update_Charac_Value_Ext  libbluenrg1_stack.a(gatt_server.o)
    0x100450d0   0x0000003c   Code   RO         3361    i.Gatt_fetch_handle  libbluenrg1_stack.a(gatt_server.o)
    0x1004510c   0x0000001e   Code   RO         3362    i.Gatt_search_handle  libbluenrg1_stack.a(gatt_server.o)
    0x1004512a   0x00000002   PAD
    0x1004512c   0x00000030   Code   RO         3363    i.Gatt_search_service_handle  libbluenrg1_stack.a(gatt_server.o)
    0x1004515c   0x00000088   Code   RO         3602    i.Generate_Non_Resolvable_Private_Address  libbluenrg1_stack.a(rom_gap.o)
    0x100451e4   0x00000010   Code   RO         3613    i.Get_GAP_Handle    libbluenrg1_stack.a(rom_gap_rom.o)
    0x100451f4   0x00000044   Code   RO         1936    i.Get_LedGpioPin    sdk_eval_led.o
    0x10045238   0x0000001c   Code   RO         2966    i.Get_Random_Addr   libbluenrg1_stack.a(hci.o)
    0x10045254   0x00000014   Code   RO         3614    i.Get_StaticRandAddr  libbluenrg1_stack.a(rom_gap_rom.o)
    0x10045268   0x00000054   Code   RO         2947    i.HAL_Flash_Store_Data  libbluenrg1_stack.a(hal.o)
    0x100452bc   0x00000020   Code   RO         2948    i.HAL_Generate_Random_Bytes_To  libbluenrg1_stack.a(hal.o)
    0x100452dc   0x00000060   Code   RO          113    i.HAL_GetPartInfo   miscutil.o
    0x1004533c   0x00000044   Code   RO         2951    i.HAL_Set_TX_Power_Level  libbluenrg1_stack.a(hal.o)
    0x10045380   0x00000004   Code   RO          195    i.HAL_VTIMER_TimerSleepCheck  sleep.o
    0x10045384   0x00000024   Code   RO         3376    i.HAL_VTimerAcc_sysT32_ms  libbluenrg1_stack.a(host_timer.o)
    0x100453a8   0x00000012   Code   RO         3379    i.HAL_VTimerGetCurrentTime_sysT32  libbluenrg1_stack.a(host_timer.o)
    0x100453ba   0x00000002   Code   RO         3382    i.HAL_VTimerTimeoutCallback  libbluenrg1_stack.a(host_timer.o)
    0x100453bc   0x0000007c   Code   RO         2967    i.HCI_Init          libbluenrg1_stack.a(hci.o)
    0x10045438   0x0000003a   Code   RO         2953    i.Hal_Get_Random_Number  libbluenrg1_stack.a(hal.o)
    0x10045472   0x00000012   Code   RO         2954    i.Hal_Get_Random_Number32  libbluenrg1_stack.a(hal.o)
    0x10045484   0x00000002   Code   RO         2468    i.HardFault_Handler  bluenrg1_it.o
    0x10045486   0x00000002   Code   RO         2109    i.I2C1_Handler      system_bluenrg1.o
    0x10045488   0x00000002   Code   RO         2110    i.I2C2_Handler      system_bluenrg1.o
    0x1004548a   0x00000002   PAD
    0x1004548c   0x00000128   Code   RO         3914    i.IDD_Initialize_Device_IDs  libbluenrg1_stack.a(device_id_data.o)
    0x100455b4   0x00000048   Code   RO         3364    i.Ind_Service_Change_Charac  libbluenrg1_stack.a(gatt_server.o)
    0x100455fc   0x00000018   Code   RO         3646    i.Is_Address_Initialized  libbluenrg1_stack.a(rom_ll_ll_routines.o)
    0x10045614   0x00000010   Code   RO         3567    i.Is_Flash_Write_On_Going  libbluenrg1_stack.a(nvm.o)
    0x10045624   0x0000007c   Code   RO         3404    i.L2C_Build_Command_Reject_Pdu  libbluenrg1_stack.a(l2cap.o)
    0x100456a0   0x0000004a   Code   RO         3407    i.L2C_Connection_Complete_Handler  libbluenrg1_stack.a(l2cap.o)
    0x100456ea   0x0000002a   Code   RO         3408    i.L2C_Connection_Complete_Signal_Handler  libbluenrg1_stack.a(l2cap.o)
    0x10045714   0x00000034   Code   RO         3409    i.L2C_Get_Connection_Info  libbluenrg1_stack.a(l2cap.o)
    0x10045748   0x00000030   Code   RO         3410    i.L2C_Get_Connection_Info_Index  libbluenrg1_stack.a(l2cap.o)
    0x10045778   0x0000000e   Code   RO         3411    i.L2C_Get_PDU_Len   libbluenrg1_stack.a(l2cap.o)
    0x10045786   0x00000002   PAD
    0x10045788   0x00000058   Code   RO         3412    i.L2C_Init          libbluenrg1_stack.a(l2cap.o)
    0x100457e0   0x00000058   Code   RO         3413    i.L2C_Mux_Acl_Packet  libbluenrg1_stack.a(l2cap.o)
    0x10045838   0x000000cc   Code   RO         3414    i.L2C_Rcv_Data      libbluenrg1_stack.a(l2cap.o)
    0x10045904   0x0000001e   Code   RO         3415    i.L2C_Rcv_Event_Handler  libbluenrg1_stack.a(l2cap.o)
    0x10045922   0x00000054   Code   RO         3416    i.L2C_Rcv_Event_Handler_ISR  libbluenrg1_stack.a(l2cap.o)
    0x10045976   0x00000002   PAD
    0x10045978   0x0000007c   Code   RO         3417    i.L2C_Reset_To_Closed_State  libbluenrg1_stack.a(l2cap.o)
    0x100459f4   0x0000004c   Code   RO         3418    i.L2C_Send_Data     libbluenrg1_stack.a(l2cap.o)
    0x10045a40   0x00000060   Code   RO         3419    i.L2C_SigChan_Req_TimeOut_Handler  libbluenrg1_stack.a(l2cap.o)
    0x10045aa0   0x000001b0   Code   RO         3420    i.L2C_Signal_Channel_Handler  libbluenrg1_stack.a(l2cap.o)
    0x10045c50   0x00000024   Code   RO         3421    i.L2C_Signal_Channel_Handler_ISR  libbluenrg1_stack.a(l2cap.o)
    0x10045c74   0x0000005c   Code   RO         3422    i.L2C_discard_accumulated_acl_data  libbluenrg1_stack.a(l2cap.o)
    0x10045cd0   0x00000042   Code   RO         3647    i.LL_Allow_Address_Setting  libbluenrg1_stack.a(rom_ll_ll_routines.o)
    0x10045d12   0x00000002   PAD
    0x10045d14   0x000001fc   Code   RO         3648    i.LL_Check_And_Set_Addresses  libbluenrg1_stack.a(rom_ll_ll_routines.o)
    0x10045f10   0x00000004   Code   RO         3469    i.LL_Data_Length_Change_Event_ucfg  libbluenrg1_stack.a(ll_routines.o)
    0x10045f14   0x0000021c   Code   RO         3649    i.LL_Enable_Disable_Adv  libbluenrg1_stack.a(rom_ll_ll_routines.o)
    0x10046130   0x0000009c   Code   RO         3510    i.LL_Encrypt_Plain_Data_ucfg  libbluenrg1_stack.a(ll_routines_support.o)
    0x100461cc   0x0000002c   Code   RO         3650    i.LL_Get_Address    libbluenrg1_stack.a(rom_ll_ll_routines.o)
    0x100461f8   0x00000040   Code   RO         3651    i.LL_Get_AdvAddress  libbluenrg1_stack.a(rom_ll_ll_routines.o)
    0x10046238   0x00000018   Code   RO         3689    i.LL_Get_Adv_Tx_Power_Level  libbluenrg1_stack.a(rom_ll_routines_support.o)
    0x10046250   0x00000040   Code   RO         3654    i.LL_Get_ScanAddress  libbluenrg1_stack.a(rom_ll_ll_routines.o)
    0x10046290   0x0000018c   Code   RO         3656    i.LL_Init           libbluenrg1_stack.a(rom_ll_ll_routines.o)
    0x1004641c   0x00000028   Code   RO         3429    i.LL_LE_Clear_White_List  libbluenrg1_stack.a(ll_privacy.o)
    0x10046444   0x00000050   Code   RO         3658    i.LL_Send_ACL_Data  libbluenrg1_stack.a(rom_ll_ll_routines.o)
    0x10046494   0x000000a4   Code   RO         3476    i.LL_Send_Disconnection_Req  libbluenrg1_stack.a(ll_routines.o)
    0x10046538   0x00000004   Code   RO         3479    i.LL_Send_Length_Resp_ucfg  libbluenrg1_stack.a(ll_routines.o)
    0x1004653c   0x00000078   Code   RO         3660    i.LL_Set_Adv_Data   libbluenrg1_stack.a(rom_ll_ll_routines.o)
    0x100465b4   0x000000cc   Code   RO         3661    i.LL_Set_Adv_PDU_Format  libbluenrg1_stack.a(rom_ll_ll_routines.o)
    0x10046680   0x0000014c   Code   RO         3662    i.LL_Set_Adv_Params  libbluenrg1_stack.a(rom_ll_ll_routines.o)
    0x100467cc   0x00000088   Code   RO         3663    i.LL_Set_Advertising_Buffers  libbluenrg1_stack.a(rom_ll_ll_routines.o)
    0x10046854   0x00000038   Code   RO         3664    i.LL_Set_DirectAddress  libbluenrg1_stack.a(rom_ll_ll_routines.o)
    0x1004688c   0x0000009c   Code   RO         3511    i.LL_Set_LTK        libbluenrg1_stack.a(ll_routines_support.o)
    0x10046928   0x00000024   Code   RO         3665    i.LL_Set_OwnAddress  libbluenrg1_stack.a(rom_ll_ll_routines.o)
    0x1004694c   0x0000005c   Code   RO         3666    i.LL_Set_Scan_Resp_Data  libbluenrg1_stack.a(rom_ll_ll_routines.o)
    0x100469a8   0x00000058   Code   RO         3911    i.LL_Sleep_Req      libbluenrg1_stack.a(bluenrg_main_func_speed.o)
    0x10046a00   0x00000048   Code   RO         3667    i.LL_Update_Advertising_Buffers  libbluenrg1_stack.a(rom_ll_ll_routines.o)
    0x10046a48   0x00000048   Code   RO         3668    i.LL_Update_Scanning_Initiating_Buffers  libbluenrg1_stack.a(rom_ll_ll_routines.o)
    0x10046a90   0x00000094   Code   RO         3399    i.LL_receive_data   libbluenrg1_stack.a(isr_routines.o)
    0x10046b24   0x00000098   Code   RO         3632    i.LL_update_proc    libbluenrg1_stack.a(rom_ll_isr_routines.o)
    0x10046bbc   0x00000014   Code   RO         3947    i.List_Circular_Get_Size  libbluenrg1_stack.a(rom_list.o)
    0x10046bd0   0x0000000e   Code   RO         3950    i.List_Circular_Insert_Tail  libbluenrg1_stack.a(rom_list.o)
    0x10046bde   0x00000016   Code   RO         3951    i.List_Circular_Node_Present  libbluenrg1_stack.a(rom_list.o)
    0x10046bf4   0x0000001a   Code   RO         3952    i.List_Circular_Remove_Head  libbluenrg1_stack.a(rom_list.o)
    0x10046c0e   0x00000020   Code   RO         3953    i.List_Circular_Remove_Node  libbluenrg1_stack.a(rom_list.o)
    0x10046c2e   0x00000002   Code   RO         2111    i.MFT1A_Handler     system_bluenrg1.o
    0x10046c30   0x00000002   Code   RO         2112    i.MFT1B_Handler     system_bluenrg1.o
    0x10046c32   0x00000002   Code   RO         2113    i.MFT2A_Handler     system_bluenrg1.o
    0x10046c34   0x00000002   Code   RO         2114    i.MFT2B_Handler     system_bluenrg1.o
    0x10046c36   0x00000012   Code   RO         3523    i.Mem_Buff_Append   libbluenrg1_stack.a(mem_buff.o)
    0x10046c48   0x00000048   Code   RO         3524    i.Mem_Buff_Block_Copy  libbluenrg1_stack.a(mem_buff.o)
    0x10046c90   0x00000056   Code   RO         3525    i.Mem_Buff_Block_Write  libbluenrg1_stack.a(mem_buff.o)
    0x10046ce6   0x00000032   Code   RO         3526    i.Mem_Buff_Clone    libbluenrg1_stack.a(mem_buff.o)
    0x10046d18   0x00000078   Code   RO         3527    i.Mem_Buff_Cmp      libbluenrg1_stack.a(mem_buff.o)
    0x10046d90   0x000000ba   Code   RO         3528    i.Mem_Buff_Compact  libbluenrg1_stack.a(mem_buff.o)
    0x10046e4a   0x0000002e   Code   RO         3529    i.Mem_Buff_Get      libbluenrg1_stack.a(mem_buff.o)
    0x10046e78   0x00000014   Code   RO         3530    i.Mem_Buff_Get_Chain_Count  libbluenrg1_stack.a(mem_buff.o)
    0x10046e8c   0x00000014   Code   RO         3531    i.Mem_Buff_Get_Chain_Size  libbluenrg1_stack.a(mem_buff.o)
    0x10046ea0   0x0000006a   Code   RO         3532    i.Mem_Buff_Init     libbluenrg1_stack.a(mem_buff.o)
    0x10046f0a   0x00000062   Code   RO         3533    i.Mem_Buff_Read     libbluenrg1_stack.a(mem_buff.o)
    0x10046f6c   0x00000036   Code   RO         3534    i.Mem_Buff_Release  libbluenrg1_stack.a(mem_buff.o)
    0x10046fa2   0x0000008e   Code   RO         3535    i.Mem_Buff_Resize   libbluenrg1_stack.a(mem_buff.o)
    0x10047030   0x00000068   Code   RO         3536    i.Mem_Buff_Write    libbluenrg1_stack.a(mem_buff.o)
    0x10047098   0x00000016   Code   RO         3517    i.Mem_assign        libbluenrg1_stack.a(mem_alloc.o)
    0x100470ae   0x00000002   Code   RO         2469    i.NMI_Handler       bluenrg1_it.o
    0x100470b0   0x00000088   Code   RO         1707    i.NVIC_Init         misc.o
    0x10047138   0x00000044   Code   RO         2116    i.NVIC_SetPriority  system_bluenrg1.o
    0x1004717c   0x00000002   Code   RO         2117    i.NVM_Handler       system_bluenrg1.o
    0x1004717e   0x00000008   Code   RO          161    i.Osal_MemCmp       osal.o
    0x10047186   0x00000008   Code   RO          162    i.Osal_MemCpy       osal.o
    0x1004718e   0x00000008   Code   RO          163    i.Osal_MemSet       osal.o
    0x10047196   0x00000002   Code   RO         2118    i.PKA_Handler       system_bluenrg1.o
    0x10047198   0x00000002   Code   RO         2969    i.PKA_Offline_Processing_ucfg  libbluenrg1_stack.a(hci.o)
    0x1004719a   0x00000014   Code   RO         1040    i.PKA_Reset         bluenrg1_pka.o
    0x100471ae   0x00000002   PAD
    0x100471b0   0x00000050   Code   RO         3577    i.PM_Check_And_Set  libbluenrg1_stack.a(pm.o)
    0x10047200   0x00000022   Code   RO         3578    i.PM_Clone_Pckt     libbluenrg1_stack.a(pm.o)
    0x10047222   0x00000002   PAD
    0x10047224   0x00000054   Code   RO         3579    i.PM_Compact        libbluenrg1_stack.a(pm.o)
    0x10047278   0x00000012   Code   RO         3580    i.PM_Copy_Pckt_Data  libbluenrg1_stack.a(pm.o)
    0x1004728a   0x00000002   PAD
    0x1004728c   0x00000018   Code   RO         3581    i.PM_Eng_Config     libbluenrg1_stack.a(pm.o)
    0x100472a4   0x0000000c   Code   RO         3582    i.PM_Extract_Pdu_MBuff  libbluenrg1_stack.a(pm.o)
    0x100472b0   0x0000003c   Code   RO         3583    i.PM_Get_Available_Buffer  libbluenrg1_stack.a(pm.o)
    0x100472ec   0x0000000a   Code   RO         3585    i.PM_Get_Mem_Buff_Count  libbluenrg1_stack.a(pm.o)
    0x100472f6   0x00000002   PAD
    0x100472f8   0x00000044   Code   RO         3586    i.PM_Get_Pckt       libbluenrg1_stack.a(pm.o)
    0x1004733c   0x00000068   Code   RO         3587    i.PM_Init           libbluenrg1_stack.a(pm.o)
    0x100473a4   0x0000000a   Code   RO         3588    i.PM_Pckt_Cmp       libbluenrg1_stack.a(pm.o)
    0x100473ae   0x00000002   PAD
    0x100473b0   0x0000003c   Code   RO         3589    i.PM_Release_Acl_Pckt  libbluenrg1_stack.a(pm.o)
    0x100473ec   0x0000006c   Code   RO         3590    i.PM_Resize_Pckt_Pdu_Size  libbluenrg1_stack.a(pm.o)
    0x10047458   0x00000012   Code   RO         3592    i.PM_Write_Pckt_Data  libbluenrg1_stack.a(pm.o)
    0x1004746a   0x00000002   PAD
    0x1004746c   0x00000084   Code   RO         3442    i.PRIVWHIT_u8SearchAddrInList  libbluenrg1_stack.a(ll_privacy.o)
    0x100474f0   0x000000b8   Code   RO         3443    i.PRIVWHIT_vInit_Struct  libbluenrg1_stack.a(ll_privacy.o)
    0x100475a8   0x00000058   Code   RO         3446    i.PRIV_SearchAddrInWhiteList  libbluenrg1_stack.a(ll_privacy.o)
    0x10047600   0x00000004   Code   RO         2970    i.PRIV_controller_privacy_csr_ucfg  libbluenrg1_stack.a(hci.o)
    0x10047604   0x00000004   Code   RO         3448    i.PRIV_u32ProcessAdvPacket_ucfg  libbluenrg1_stack.a(ll_privacy.o)
    0x10047608   0x00000004   Code   RO         3450    i.PRIV_u8OfflineProcessing_ucfg  libbluenrg1_stack.a(ll_privacy.o)
    0x1004760c   0x00000002   Code   RO         3454    i.PRIV_vGeneratePrivateAddress_ucfg  libbluenrg1_stack.a(ll_privacy.o)
    0x1004760e   0x00000002   Code   RO         3458    i.PRIV_vGenerate_hci_le_enhanced_connection_complete_event_ucfg  libbluenrg1_stack.a(ll_privacy.o)
    0x10047610   0x00000002   Code   RO         2119    i.PendSV_Handler    system_bluenrg1.o
    0x10047612   0x0000000e   Code   RO         3365    i.Pm_Resize_Host_Acl_Pckt  libbluenrg1_stack.a(gatt_server.o)
    0x10047620   0x0000000e   Code   RO         3894    i.Pm_Resize_Host_Acl_Pckt  libbluenrg1_stack.a(att.o)
    0x1004762e   0x00000002   PAD
    0x10047630   0x00000178   Code   RO         3895    i.Prepare_Write_Resp  libbluenrg1_stack.a(att.o)
    0x100477a8   0x000001f8   Code   RO         3366    i.Process_Peer_Client_Data  libbluenrg1_stack.a(gatt_server.o)
    0x100479a0   0x0000016c   Code   RO         3367    i.Process_Peer_Server_Data  libbluenrg1_stack.a(gatt_server.o)
    0x10047b0c   0x00000218   Code   RO         3030    i.RAL_Isr           libbluenrg1_stack.a(ll_isr.o)
    0x10047d24   0x00000020   Code   RO         2120    i.RESET_HANDLER     system_bluenrg1.o
    0x10047d44   0x00000002   Code   RO         2121    i.RTC_Handler       system_bluenrg1.o
    0x10047d46   0x00000140   Code   RO         3896    i.Read_Blob_Resp    libbluenrg1_stack.a(att.o)
    0x10047e86   0x00000002   PAD
    0x10047e88   0x000001e4   Code   RO         3897    i.Read_By_Grp_Type_Resp  libbluenrg1_stack.a(att.o)
    0x1004806c   0x000002d4   Code   RO         3898    i.Read_By_Type_Resp  libbluenrg1_stack.a(att.o)
    0x10048340   0x00000194   Code   RO         3899    i.Read_Multi_Resp   libbluenrg1_stack.a(att.o)
    0x100484d4   0x0000012a   Code   RO         3900    i.Read_Resp         libbluenrg1_stack.a(att.o)
    0x100485fe   0x00000002   Code   RO         3493    i.Reclassify_All_Channels_ucfg  libbluenrg1_stack.a(ll_routines_master.o)
    0x10048600   0x00000184   Code   RO         3730    i.SDB_Add_Record    libbluenrg1_stack.a(sdb.o)
    0x10048784   0x000000a0   Code   RO         3732    i.SDB_Find_Matching_LTK  libbluenrg1_stack.a(sdb.o)
    0x10048824   0x000000c4   Code   RO         3733    i.SDB_Find_Record   libbluenrg1_stack.a(sdb.o)
    0x100488e8   0x00000044   Code   RO         3735    i.SDB_Get_Number_Of_Valid_Records  libbluenrg1_stack.a(sdb.o)
    0x1004892c   0x000000b8   Code   RO         3736    i.SDB_flash_write_client_data  libbluenrg1_stack.a(sdb.o)
    0x100489e4   0x000000d8   Code   RO         3737    i.SDB_get_security_data_record  libbluenrg1_stack.a(sdb.o)
    0x10048abc   0x0000003c   Code   RO         3738    i.SDB_read_peer_bonded_data  libbluenrg1_stack.a(sdb.o)
    0x10048af8   0x0000003c   Code   RO         2122    i.SET_BORconfigStatus  system_bluenrg1.o
    0x10048b34   0x00000028   Code   RO         3956    i.SMA_Diversify     libbluenrg1_stack.a(smp_algo_sap.o)
    0x10048b5c   0x00000028   Code   RO         3957    i.SMA_Generate_CSRK  libbluenrg1_stack.a(smp_algo_sap.o)
    0x10048b84   0x00000028   Code   RO         3958    i.SMA_Generate_IRK  libbluenrg1_stack.a(smp_algo_sap.o)
    0x10048bac   0x00000026   Code   RO         3959    i.SMA_LP_s1_Generate_STK  libbluenrg1_stack.a(smp_algo_sap.o)
    0x10048bd2   0x00000002   PAD
    0x10048bd4   0x00000074   Code   RO         3964    i.SMA_generate_EDIV_recovery_DIV  libbluenrg1_stack.a(smp_algo_sap.o)
    0x10048c48   0x0000003c   Code   RO         3814    i.SMP_Init          libbluenrg1_stack.a(smp_common.o)
    0x10048c84   0x0000019c   Code   RO         3753    i.SMP_Process_Q     libbluenrg1_stack.a(securitymgr.o)
    0x10048e20   0x00000044   Code   RO         3815    i.SMP_Protocol_Timer_cb  libbluenrg1_stack.a(smp_common.o)
    0x10048e64   0x000000f8   Code   RO         3819    i.SMP_acl_data_hndl  libbluenrg1_stack.a(smp_common.o)
    0x10048f5c   0x00000020   Code   RO         3822    i.SMP_check_encryption_key_size  libbluenrg1_stack.a(smp_common.o)
    0x10048f7c   0x00000048   Code   RO         3823    i.SMP_check_is_device_bonded  libbluenrg1_stack.a(smp_common.o)
    0x10048fc4   0x00000094   Code   RO         3824    i.SMP_connection_complete_handler  libbluenrg1_stack.a(smp_common.o)
    0x10049058   0x0000001c   Code   RO         3825    i.SMP_forget_device_by_conn_handle  libbluenrg1_stack.a(smp_common.o)
    0x10049074   0x0000002e   Code   RO         3826    i.SMP_get_link_status  libbluenrg1_stack.a(smp_common.o)
    0x100490a2   0x00000002   PAD
    0x100490a4   0x0000004c   Code   RO         3827    i.SMP_get_remote_device_list_item  libbluenrg1_stack.a(smp_common.o)
    0x100490f0   0x00000040   Code   RO         3829    i.SMP_hci_disconnection_complete_evt_hndl  libbluenrg1_stack.a(smp_common.o)
    0x10049130   0x00000120   Code   RO         3830    i.SMP_hci_encryption_change_evt_hndl  libbluenrg1_stack.a(smp_common.o)
    0x10049250   0x0000002e   Code   RO         3831    i.SMP_hci_le_connection_complete_evt_hndl  libbluenrg1_stack.a(smp_common.o)
    0x1004927e   0x00000052   Code   RO         3832    i.SMP_hci_le_enhanced_connection_complete_evt_hndl  libbluenrg1_stack.a(smp_common.o)
    0x100492d0   0x00000038   Code   RO         3833    i.SMP_hci_le_long_term_key_request_evt_hndl  libbluenrg1_stack.a(smp_common.o)
    0x10049308   0x00000078   Code   RO         3834    i.SMP_repeated_attacks_timer_cb  libbluenrg1_stack.a(smp_common.o)
    0x10049380   0x00000040   Code   RO         3835    i.SMP_reset_timer   libbluenrg1_stack.a(smp_common.o)
    0x100493c0   0x0000007a   Code   RO         3840    i.SMP_validate_signed_packet  libbluenrg1_stack.a(smp_common.o)
    0x1004943a   0x0000004e   Code   RO         3965    i.SM_Generate_Resolvable_Private_Address  libbluenrg1_stack.a(smp_algo_sap.o)
    0x10049488   0x00000022   Code   RO         3966    i.SM_Resolve_Private_Address  libbluenrg1_stack.a(smp_algo_sap.o)
    0x100494aa   0x00000002   PAD
    0x100494ac   0x00000018   Code   RO         1221    i.SPI_ClearRXFIFO   bluenrg1_spi.o
    0x100494c4   0x00000028   Code   RO         1222    i.SPI_ClearTXFIFO   bluenrg1_spi.o
    0x100494ec   0x00000018   Code   RO         1223    i.SPI_Cmd           bluenrg1_spi.o
    0x10049504   0x00000014   Code   RO         1234    i.SPI_GetFlagStatus  bluenrg1_spi.o
    0x10049518   0x00000002   Code   RO         2123    i.SPI_Handler       system_bluenrg1.o
    0x1004951a   0x00000002   PAD
    0x1004951c   0x00000054   Code   RO         1237    i.SPI_Init          bluenrg1_spi.o
    0x10049570   0x0000000c   Code   RO         1238    i.SPI_ReceiveData   bluenrg1_spi.o
    0x1004957c   0x0000000c   Code   RO         1240    i.SPI_SendData      bluenrg1_spi.o
    0x10049588   0x00000048   Code   RO         1241    i.SPI_SetBaudrate   bluenrg1_spi.o
    0x100495d0   0x0000000c   Code   RO         1242    i.SPI_SetDummyCharacter  bluenrg1_spi.o
    0x100495dc   0x00000018   Code   RO         1243    i.SPI_SetMasterCommunicationMode  bluenrg1_spi.o
    0x100495f4   0x00000018   Code   RO         1248    i.SPI_StructInit    bluenrg1_spi.o
    0x1004960c   0x00000002   Code   RO         2470    i.SVC_Handler       bluenrg1_it.o
    0x1004960e   0x00000014   Code   RO         1748    i.SdkEvalComIOTxFifoNotEmpty  sdk_eval_com.o
    0x10049622   0x00000010   Code   RO         1750    i.SdkEvalComUARTBusy  sdk_eval_com.o
    0x10049632   0x00000002   PAD
    0x10049634   0x000000a0   Code   RO         1751    i.SdkEvalComUartInit  sdk_eval_com.o
    0x100496d4   0x0000000c   Code   RO         1876    i.SdkEvalGetVersion  sdk_eval_config.o
    0x100496e0   0x0000000c   Code   RO         1877    i.SdkEvalIdentification  sdk_eval_config.o
    0x100496ec   0x00000110   Code   RO         1991    i.SdkEvalSpiInit    sdk_eval_spi.o
    0x100497fc   0x00000016   Code   RO         1753    i.SdkEvalUart_Send_Data  sdk_eval_com.o
    0x10049812   0x00000002   PAD
    0x10049814   0x00000050   Code   RO         3368    i.Select_Next_Notification_Client  libbluenrg1_stack.a(gatt_server.o)
    0x10049864   0x0000004c   Code   RO         3369    i.Send_Notif_Or_Ind  libbluenrg1_stack.a(gatt_server.o)
    0x100498b0   0x00000050   Code   RO         3384    i.Set_Host_Timer_value  libbluenrg1_stack.a(host_timer.o)
    0x10049900   0x00000048   Code   RO         2125    i.Set_RF_FrontEnd   system_bluenrg1.o
    0x10049948   0x000001a0   Code   RO         2325    i.Start_Beaconing   ble_beacon_main.o
    0x10049ae8   0x00000024   Code   RO         3623    i.Start_Gatt_Timer  libbluenrg1_stack.a(rom_gatt_server.o)
    0x10049b0c   0x0000001c   Code   RO         3624    i.Stop_Gatt_Timer   libbluenrg1_stack.a(rom_gatt_server.o)
    0x10049b28   0x00000098   Code   RO         1417    i.SysCtrl_GetWakeupResetReason  bluenrg1_sysctrl.o
    0x10049bc0   0x00000018   Code   RO         1418    i.SysCtrl_PeripheralClockCmd  bluenrg1_sysctrl.o
    0x10049bd8   0x00000002   Code   RO         2471    i.SysTick_Handler   bluenrg1_it.o
    0x10049bda   0x00000002   PAD
    0x10049bdc   0x000000b8   Code   RO         2127    i.SystemInit        system_bluenrg1.o
    0x10049c94   0x00000018   Code   RO         1709    i.SystemSleepCmd    misc.o
    0x10049cac   0x0000007c   Code   RO         3385    i.TimerCallback     libbluenrg1_stack.a(host_timer.o)
    0x10049d28   0x00000014   Code   RO         3386    i.Timer_ExpiryCallback  libbluenrg1_stack.a(host_timer.o)
    0x10049d3c   0x00000034   Code   RO         3387    i.Timer_Init        libbluenrg1_stack.a(host_timer.o)
    0x10049d70   0x0000011c   Code   RO         3388    i.Timer_ProcessQ    libbluenrg1_stack.a(host_timer.o)
    0x10049e8c   0x00000022   Code   RO         3389    i.Timer_StartOneShot  libbluenrg1_stack.a(host_timer.o)
    0x10049eae   0x00000002   PAD
    0x10049eb0   0x00000074   Code   RO         3390    i.Timer_StartOneShot_sysTime32  libbluenrg1_stack.a(host_timer.o)
    0x10049f24   0x00000058   Code   RO         3391    i.Timer_StopOneShot  libbluenrg1_stack.a(host_timer.o)
    0x10049f7c   0x00000024   Code   RO         3393    i.Timer_sysTime32_convMachineTime  libbluenrg1_stack.a(host_timer.o)
    0x10049fa0   0x0000001c   Code   RO         1463    i.UART_Cmd          bluenrg1_uart.o
    0x10049fbc   0x0000001c   Code   RO         1466    i.UART_GetFlagStatus  bluenrg1_uart.o
    0x10049fd8   0x00000002   Code   RO         2472    i.UART_Handler      bluenrg1_it.o
    0x10049fda   0x00000002   PAD
    0x10049fdc   0x00000138   Code   RO         1469    i.UART_Init         bluenrg1_uart.o
    0x1004a114   0x00000018   Code   RO         1474    i.UART_RxFifoIrqLevelConfig  bluenrg1_uart.o
    0x1004a12c   0x00000010   Code   RO         1476    i.UART_SendData     bluenrg1_uart.o
    0x1004a13c   0x00000002   Code   RO         2129    i.WDG_Handler       system_bluenrg1.o
    0x1004a13e   0x0000000a   Code   RO         3703    i.WindowWiden1      libbluenrg1_stack.a(rom_ll_timehandling.o)
    0x1004a148   0x00000010   Code   RO         3704    i.WindowWiden2      libbluenrg1_stack.a(rom_ll_timehandling.o)
    0x1004a158   0x000001b0   Code   RO         3740    i.Write_Client_Data  libbluenrg1_stack.a(sdb.o)
    0x1004a308   0x0000012c   Code   RO         3901    i.Write_Cmd         libbluenrg1_stack.a(att.o)
    0x1004a434   0x0000013c   Code   RO         3902    i.Write_Resp        libbluenrg1_stack.a(att.o)
    0x1004a570   0x000000e8   Code   RO         2944    i._BlueNRG_Stack_Initialization  libbluenrg1_stack.a(bluenrg_main_func.o)
    0x1004a658   0x00000064   Code   RO         3246    i._GAP_Parse_Advertising_Report  libbluenrg1_stack.a(gap.o)
    0x1004a6bc   0x00000020   Code   RO         4270    i.__0printf$8       mc_p.l(printf8.o)
    0x1004a6dc   0x0000002e   Code   RO         4447    i.__ARM_clz         mf_p.l(depilogue.o)
    0x1004a70a   0x0000001a   Code   RO         3045    i.__ARM_common_memcpy1_6  libbluenrg1_stack.a(ll_isr.o)
    0x1004a724   0x0000001a   Code   RO         2730    i.__ARM_common_switch8  gatt_db.o
    0x1004a73e   0x00000002   PAD
    0x1004a740   0x0000002c   Code   RO         4400    i.__ARM_fpclassify  m_ps.l(fpclassify.o)
    0x1004a76c   0x00000054   Code   RO         4324    i.__free$1region    mc_p.l(malloc1.o)
    0x1004a7c0   0x000000ac   Code   RO         4402    i.__kernel_poly     m_ps.l(poly.o)
    0x1004a86c   0x000000c0   Code   RO         2131    i.__low_level_init  system_bluenrg1.o
    0x1004a92c   0x0000006c   Code   RO         4325    i.__malloc$1region  mc_p.l(malloc1.o)
    0x1004a998   0x00000014   Code   RO         4386    i.__mathlib_dbl_divzero  m_ps.l(dunder.o)
    0x1004a9ac   0x00000008   Code   RO         4388    i.__mathlib_dbl_infnan2  m_ps.l(dunder.o)
    0x1004a9b4   0x00000010   Code   RO         4389    i.__mathlib_dbl_invalid  m_ps.l(dunder.o)
    0x1004a9c4   0x00000014   Code   RO         4390    i.__mathlib_dbl_overflow  m_ps.l(dunder.o)
    0x1004a9d8   0x00000014   Code   RO         4392    i.__mathlib_dbl_underflow  m_ps.l(dunder.o)
    0x1004a9ec   0x0000000e   Code   RO         4461    i.__scatterload_copy  mc_p.l(handlers.o)
    0x1004a9fa   0x00000002   Code   RO         4462    i.__scatterload_null  mc_p.l(handlers.o)
    0x1004a9fc   0x0000000e   Code   RO         4463    i.__scatterload_zeroinit  mc_p.l(handlers.o)
    0x1004aa0a   0x00000002   PAD
    0x1004aa0c   0x0000000c   Code   RO         4437    i.__set_errno       mc_p.l(errno.o)
    0x1004aa18   0x0000005c   Code   RO         2832    i._aci_gap_set_discoverable_param_check  libbluenrg1_stack.a(bluenrg_gap_aci.o)
    0x1004aa74   0x00000174   Code   RO         3247    i._gap_set_discoverable_connectable  libbluenrg1_stack.a(gap.o)
    0x1004abe8   0x00000026   Code   RO         2878    i._load_uuid        libbluenrg1_stack.a(bluenrg_gatt_aci.o)
    0x1004ac0e   0x00000002   PAD
    0x1004ac10   0x00000428   Code   RO         4277    i._printf_core      mc_p.l(printf8.o)
    0x1004b038   0x00000020   Code   RO         4278    i._printf_post_padding  mc_p.l(printf8.o)
    0x1004b058   0x0000002c   Code   RO         4279    i._printf_pre_padding  mc_p.l(printf8.o)
    0x1004b084   0x00000002   Code   RO         3050    i.aci_att_exchange_mtu_resp_event  libbluenrg1_stack.a(aci_events.o)
    0x1004b086   0x00000002   Code   RO         3051    i.aci_att_exec_write_resp_event  libbluenrg1_stack.a(aci_events.o)
    0x1004b088   0x00000002   Code   RO         3052    i.aci_att_find_by_type_value_resp_event  libbluenrg1_stack.a(aci_events.o)
    0x1004b08a   0x00000002   Code   RO         3053    i.aci_att_find_info_resp_event  libbluenrg1_stack.a(aci_events.o)
    0x1004b08c   0x00000002   Code   RO         3054    i.aci_att_prepare_write_resp_event  libbluenrg1_stack.a(aci_events.o)
    0x1004b08e   0x00000002   Code   RO         3055    i.aci_att_read_blob_resp_event  libbluenrg1_stack.a(aci_events.o)
    0x1004b090   0x00000002   Code   RO         3056    i.aci_att_read_by_group_type_resp_event  libbluenrg1_stack.a(aci_events.o)
    0x1004b092   0x00000002   Code   RO         3057    i.aci_att_read_by_type_resp_event  libbluenrg1_stack.a(aci_events.o)
    0x1004b094   0x00000002   Code   RO         3058    i.aci_att_read_multiple_resp_event  libbluenrg1_stack.a(aci_events.o)
    0x1004b096   0x00000002   Code   RO         3059    i.aci_att_read_resp_event  libbluenrg1_stack.a(aci_events.o)
    0x1004b098   0x00000002   Code   RO         3060    i.aci_att_write_resp_event  libbluenrg1_stack.a(aci_events.o)
    0x1004b09a   0x00000002   PAD
    0x1004b09c   0x00000028   Code   RO         3061    i.aci_event_fifo_push  libbluenrg1_stack.a(aci_events.o)
    0x1004b0c4   0x000000bc   Code   RO         3062    i.aci_event_fifo_push_header  libbluenrg1_stack.a(aci_events.o)
    0x1004b180   0x00000002   Code   RO         3063    i.aci_gap_addr_not_resolved_event  libbluenrg1_stack.a(aci_events.o)
    0x1004b182   0x00000002   Code   RO         3064    i.aci_gap_authorization_req_event  libbluenrg1_stack.a(aci_events.o)
    0x1004b184   0x00000054   Code   RO         3841    i.aci_gap_authorization_req_event_push  libbluenrg1_stack.a(smp_common.o)
    0x1004b1d8   0x00000002   Code   RO         3065    i.aci_gap_bond_lost_event  libbluenrg1_stack.a(aci_events.o)
    0x1004b1da   0x00000002   Code   RO         3066    i.aci_gap_device_found_event  libbluenrg1_stack.a(aci_events.o)
    0x1004b1dc   0x00000030   Code   RO         2842    i.aci_gap_init      libbluenrg1_stack.a(bluenrg_gap_aci.o)
    0x1004b20c   0x00000002   Code   RO         3067    i.aci_gap_keypress_notification_event  libbluenrg1_stack.a(aci_events.o)
    0x1004b20e   0x00000002   Code   RO         3068    i.aci_gap_limited_discoverable_event  libbluenrg1_stack.a(aci_events.o)
    0x1004b210   0x00000050   Code   RO         3248    i.aci_gap_limited_discoverable_event_push  libbluenrg1_stack.a(gap.o)
    0x1004b260   0x00000002   Code   RO         3069    i.aci_gap_numeric_comparison_value_event  libbluenrg1_stack.a(aci_events.o)
    0x1004b262   0x00000002   Code   RO         3070    i.aci_gap_pairing_complete_event  libbluenrg1_stack.a(aci_events.o)
    0x1004b264   0x0000005c   Code   RO         3842    i.aci_gap_pairing_complete_event_push  libbluenrg1_stack.a(smp_common.o)
    0x1004b2c0   0x00000002   Code   RO         3071    i.aci_gap_pass_key_req_event  libbluenrg1_stack.a(aci_events.o)
    0x1004b2c2   0x00000002   Code   RO         3072    i.aci_gap_proc_complete_event  libbluenrg1_stack.a(aci_events.o)
    0x1004b2c4   0x00000074   Code   RO         3249    i.aci_gap_proc_complete_event_push  libbluenrg1_stack.a(gap.o)
    0x1004b338   0x00000042   Code   RO         2854    i.aci_gap_set_discoverable  libbluenrg1_stack.a(bluenrg_gap_aci.o)
    0x1004b37a   0x00000002   Code   RO         3073    i.aci_gap_slave_security_initiated_event  libbluenrg1_stack.a(aci_events.o)
    0x1004b37c   0x0000003e   Code   RO         2885    i.aci_gatt_add_char  libbluenrg1_stack.a(bluenrg_gatt_aci.o)
    0x1004b3ba   0x00000036   Code   RO         2887    i.aci_gatt_add_service  libbluenrg1_stack.a(bluenrg_gatt_aci.o)
    0x1004b3f0   0x0000000e   Code   RO         2326    i.aci_gatt_attribute_modified_event  ble_beacon_main.o
    0x1004b3fe   0x00000002   PAD
    0x1004b400   0x00000078   Code   RO         3903    i.aci_gatt_attribute_modified_event_push  libbluenrg1_stack.a(att.o)
    0x1004b478   0x00000002   Code   RO         3075    i.aci_gatt_disc_read_char_by_uuid_resp_event  libbluenrg1_stack.a(aci_events.o)
    0x1004b47a   0x00000002   Code   RO         3076    i.aci_gatt_error_resp_event  libbluenrg1_stack.a(aci_events.o)
    0x1004b47c   0x00000002   Code   RO         3077    i.aci_gatt_indication_event  libbluenrg1_stack.a(aci_events.o)
    0x1004b47e   0x00000002   PAD
    0x1004b480   0x00000090   Code   RO         3370    i.aci_gatt_indication_event_push  libbluenrg1_stack.a(gatt_server.o)
    0x1004b510   0x00000008   Code   RO         2902    i.aci_gatt_init     libbluenrg1_stack.a(bluenrg_gatt_aci.o)
    0x1004b518   0x00000002   Code   RO         3078    i.aci_gatt_notification_event  libbluenrg1_stack.a(aci_events.o)
    0x1004b51a   0x00000002   PAD
    0x1004b51c   0x00000090   Code   RO         3371    i.aci_gatt_notification_event_push  libbluenrg1_stack.a(gatt_server.o)
    0x1004b5ac   0x00000002   Code   RO         3079    i.aci_gatt_prepare_write_permit_req_event  libbluenrg1_stack.a(aci_events.o)
    0x1004b5ae   0x00000002   Code   RO         3080    i.aci_gatt_proc_complete_event  libbluenrg1_stack.a(aci_events.o)
    0x1004b5b0   0x00000002   Code   RO         3081    i.aci_gatt_proc_timeout_event  libbluenrg1_stack.a(aci_events.o)
    0x1004b5b2   0x00000002   Code   RO         3082    i.aci_gatt_read_multi_permit_req_event  libbluenrg1_stack.a(aci_events.o)
    0x1004b5b4   0x00000068   Code   RO         3904    i.aci_gatt_read_multi_permit_req_event_push  libbluenrg1_stack.a(att.o)
    0x1004b61c   0x00000002   Code   RO         3083    i.aci_gatt_read_permit_req_event  libbluenrg1_stack.a(aci_events.o)
    0x1004b61e   0x00000002   PAD
    0x1004b620   0x00000050   Code   RO         3905    i.aci_gatt_read_permit_req_event_push  libbluenrg1_stack.a(att.o)
    0x1004b670   0x00000002   Code   RO         3084    i.aci_gatt_server_confirmation_event  libbluenrg1_stack.a(aci_events.o)
    0x1004b672   0x00000002   Code   RO         3085    i.aci_gatt_tx_pool_available_event  libbluenrg1_stack.a(aci_events.o)
    0x1004b674   0x00000002   Code   RO         3086    i.aci_gatt_write_permit_req_event  libbluenrg1_stack.a(aci_events.o)
    0x1004b676   0x00000002   PAD
    0x1004b678   0x0000006c   Code   RO         3906    i.aci_gatt_write_permit_req_event_push  libbluenrg1_stack.a(att.o)
    0x1004b6e4   0x00000010   Code   RO         2327    i.aci_hal_end_of_radio_activity_event  ble_beacon_main.o
    0x1004b6f4   0x00000002   Code   RO         3087    i.aci_hal_fw_error_event  libbluenrg1_stack.a(aci_events.o)
    0x1004b6f6   0x00000002   PAD
    0x1004b6f8   0x0000005c   Code   RO         3372    i.aci_hal_fw_error_event_push  libbluenrg1_stack.a(gatt_server.o)
    0x1004b754   0x00000002   Code   RO         3088    i.aci_hal_scan_req_report_event  libbluenrg1_stack.a(aci_events.o)
    0x1004b756   0x00000002   PAD
    0x1004b758   0x00000010   Code   RO         2956    i.aci_hal_set_radio_activity_mask  libbluenrg1_stack.a(hal.o)
    0x1004b768   0x00000008   Code   RO         2931    i.aci_hal_set_tx_power_level  libbluenrg1_stack.a(bluenrg_hal_aci.o)
    0x1004b770   0x00000002   Code   RO         3089    i.aci_l2cap_command_reject_event  libbluenrg1_stack.a(aci_events.o)
    0x1004b772   0x00000002   Code   RO         3090    i.aci_l2cap_connection_update_req_event  libbluenrg1_stack.a(aci_events.o)
    0x1004b774   0x00000098   Code   RO         3423    i.aci_l2cap_connection_update_req_event_push  libbluenrg1_stack.a(l2cap.o)
    0x1004b80c   0x00000002   Code   RO         3091    i.aci_l2cap_connection_update_resp_event  libbluenrg1_stack.a(aci_events.o)
    0x1004b80e   0x00000002   Code   RO         3092    i.aci_l2cap_proc_timeout_event  libbluenrg1_stack.a(aci_events.o)
    0x1004b810   0x00000004   Code   RO         3197    i.acl_list_first    libbluenrg1_stack.a(acl_list.o)
    0x1004b814   0x00000026   Code   RO         3198    i.acl_list_full_on_packt  libbluenrg1_stack.a(acl_list.o)
    0x1004b83a   0x00000010   Code   RO         3201    i.acl_list_init     libbluenrg1_stack.a(acl_list.o)
    0x1004b84a   0x00000026   Code   RO         3202    i.acl_list_insert_head  libbluenrg1_stack.a(acl_list.o)
    0x1004b870   0x0000002c   Code   RO         3203    i.acl_list_insert_tail  libbluenrg1_stack.a(acl_list.o)
    0x1004b89c   0x0000000e   Code   RO         3204    i.acl_list_is_empty  libbluenrg1_stack.a(acl_list.o)
    0x1004b8aa   0x00000044   Code   RO         3206    i.acl_list_remove   libbluenrg1_stack.a(acl_list.o)
    0x1004b8ee   0x0000002e   Code   RO         3207    i.acl_list_remove_head  libbluenrg1_stack.a(acl_list.o)
    0x1004b91c   0x00000260   Code   RO         3541    i.adapt_slot        libbluenrg1_stack.a(multi_master_time.o)
    0x1004bb7c   0x0000001e   Code   RO         3633    i.addr_u32_from_u8  libbluenrg1_stack.a(rom_ll_isr_routines.o)
    0x1004bb9a   0x00000020   Code   RO         3670    i.addr_u32_from_u8  libbluenrg1_stack.a(rom_ll_ll_routines.o)
    0x1004bbba   0x00000002   PAD
    0x1004bbbc   0x00000088   Code   RO         3250    i.advParamsCheckAndSet  libbluenrg1_stack.a(gap.o)
    0x1004bc44   0x000002cc   Code   RO         3542    i.advance_slave_timing_MultiSlave  libbluenrg1_stack.a(multi_master_time.o)
    0x1004bf10   0x00000158   Code   RO         3719    i.advance_transmit  libbluenrg1_stack.a(routines_support.o)
    0x1004c068   0x0000068c   Code   RO         3210    i.advance_wakeup_timer  libbluenrg1_stack.a(advance_wakeup_time.o)
    0x1004c6f4   0x0000001c   Code   RO         2957    i.ble_HAL_Init      libbluenrg1_stack.a(hal.o)
    0x1004c710   0x00000004   Code   RO         3635    i.cancel_connect_master_ucfg  libbluenrg1_stack.a(rom_ll_isr_routines.o)
    0x1004c714   0x000001a8   Code   RO         3544    i.cancel_current_master  libbluenrg1_stack.a(multi_master_time.o)
    0x1004c8bc   0x0000007c   Code   RO         3636    i.cancel_master     libbluenrg1_stack.a(rom_ll_isr_routines.o)
    0x1004c938   0x000000c4   Code   RO         3400    i.cancel_slave      libbluenrg1_stack.a(isr_routines.o)
    0x1004c9fc   0x00000024   Code   RO         3093    i.cb_aci_att_exchange_mtu_resp_event  libbluenrg1_stack.a(aci_events.o)
    0x1004ca20   0x00000020   Code   RO         3094    i.cb_aci_att_exec_write_resp_event  libbluenrg1_stack.a(aci_events.o)
    0x1004ca40   0x00000024   Code   RO         3095    i.cb_aci_att_find_by_type_value_resp_event  libbluenrg1_stack.a(aci_events.o)
    0x1004ca64   0x00000028   Code   RO         3096    i.cb_aci_att_find_info_resp_event  libbluenrg1_stack.a(aci_events.o)
    0x1004ca8c   0x0000002c   Code   RO         3097    i.cb_aci_att_prepare_write_resp_event  libbluenrg1_stack.a(aci_events.o)
    0x1004cab8   0x00000024   Code   RO         3098    i.cb_aci_att_read_blob_resp_event  libbluenrg1_stack.a(aci_events.o)
    0x1004cadc   0x00000028   Code   RO         3099    i.cb_aci_att_read_by_group_type_resp_event  libbluenrg1_stack.a(aci_events.o)
    0x1004cb04   0x00000028   Code   RO         3100    i.cb_aci_att_read_by_type_resp_event  libbluenrg1_stack.a(aci_events.o)
    0x1004cb2c   0x00000024   Code   RO         3101    i.cb_aci_att_read_multiple_resp_event  libbluenrg1_stack.a(aci_events.o)
    0x1004cb50   0x00000024   Code   RO         3102    i.cb_aci_att_read_resp_event  libbluenrg1_stack.a(aci_events.o)
    0x1004cb74   0x00000024   Code   RO         3103    i.cb_aci_att_write_resp_event  libbluenrg1_stack.a(aci_events.o)
    0x1004cb98   0x00000020   Code   RO         3104    i.cb_aci_gap_addr_not_resolved_event  libbluenrg1_stack.a(aci_events.o)
    0x1004cbb8   0x00000020   Code   RO         3105    i.cb_aci_gap_authorization_req_event  libbluenrg1_stack.a(aci_events.o)
    0x1004cbd8   0x0000001c   Code   RO         3106    i.cb_aci_gap_bond_lost_event  libbluenrg1_stack.a(aci_events.o)
    0x1004cbf4   0x00000020   Code   RO         3107    i.cb_aci_gap_device_found_event  libbluenrg1_stack.a(aci_events.o)
    0x1004cc14   0x00000024   Code   RO         3108    i.cb_aci_gap_keypress_notification_event  libbluenrg1_stack.a(aci_events.o)
    0x1004cc38   0x0000001c   Code   RO         3109    i.cb_aci_gap_limited_discoverable_event  libbluenrg1_stack.a(aci_events.o)
    0x1004cc54   0x00000024   Code   RO         3110    i.cb_aci_gap_numeric_comparison_value_event  libbluenrg1_stack.a(aci_events.o)
    0x1004cc78   0x00000024   Code   RO         3111    i.cb_aci_gap_pairing_complete_event  libbluenrg1_stack.a(aci_events.o)
    0x1004cc9c   0x00000020   Code   RO         3112    i.cb_aci_gap_pass_key_req_event  libbluenrg1_stack.a(aci_events.o)
    0x1004ccbc   0x00000028   Code   RO         3113    i.cb_aci_gap_proc_complete_event  libbluenrg1_stack.a(aci_events.o)
    0x1004cce4   0x0000001c   Code   RO         3114    i.cb_aci_gap_slave_security_initiated_event  libbluenrg1_stack.a(aci_events.o)
    0x1004cd00   0x0000002c   Code   RO         3115    i.cb_aci_gatt_attribute_modified_event  libbluenrg1_stack.a(aci_events.o)
    0x1004cd2c   0x00000028   Code   RO         3116    i.cb_aci_gatt_disc_read_char_by_uuid_resp_event  libbluenrg1_stack.a(aci_events.o)
    0x1004cd54   0x00000028   Code   RO         3117    i.cb_aci_gatt_error_resp_event  libbluenrg1_stack.a(aci_events.o)
    0x1004cd7c   0x00000028   Code   RO         3118    i.cb_aci_gatt_indication_event  libbluenrg1_stack.a(aci_events.o)
    0x1004cda4   0x00000028   Code   RO         3119    i.cb_aci_gatt_notification_event  libbluenrg1_stack.a(aci_events.o)
    0x1004cdcc   0x00000016   Code   RO         3120    i.cb_aci_gatt_prepare_write_permit_req_event  libbluenrg1_stack.a(aci_events.o)
    0x1004cde2   0x00000002   PAD
    0x1004cde4   0x00000024   Code   RO         3121    i.cb_aci_gatt_proc_complete_event  libbluenrg1_stack.a(aci_events.o)
    0x1004ce08   0x00000020   Code   RO         3122    i.cb_aci_gatt_proc_timeout_event  libbluenrg1_stack.a(aci_events.o)
    0x1004ce28   0x00000010   Code   RO         3123    i.cb_aci_gatt_read_multi_permit_req_event  libbluenrg1_stack.a(aci_events.o)
    0x1004ce38   0x00000010   Code   RO         3124    i.cb_aci_gatt_read_permit_req_event  libbluenrg1_stack.a(aci_events.o)
    0x1004ce48   0x0000000a   Code   RO         3125    i.cb_aci_gatt_server_confirmation_event  libbluenrg1_stack.a(aci_events.o)
    0x1004ce52   0x0000000e   Code   RO         3126    i.cb_aci_gatt_tx_pool_available_event  libbluenrg1_stack.a(aci_events.o)
    0x1004ce60   0x00000012   Code   RO         3127    i.cb_aci_gatt_write_permit_req_event  libbluenrg1_stack.a(aci_events.o)
    0x1004ce72   0x00000010   Code   RO         3128    i.cb_aci_hal_fw_error_event  libbluenrg1_stack.a(aci_events.o)
    0x1004ce82   0x00000002   PAD
    0x1004ce84   0x00000028   Code   RO         3129    i.cb_aci_hal_scan_req_report_event  libbluenrg1_stack.a(aci_events.o)
    0x1004ceac   0x00000016   Code   RO         3130    i.cb_aci_l2cap_command_reject_event  libbluenrg1_stack.a(aci_events.o)
    0x1004cec2   0x00000002   PAD
    0x1004cec4   0x00000034   Code   RO         3131    i.cb_aci_l2cap_connection_update_req_event  libbluenrg1_stack.a(aci_events.o)
    0x1004cef8   0x00000024   Code   RO         3132    i.cb_aci_l2cap_connection_update_resp_event  libbluenrg1_stack.a(aci_events.o)
    0x1004cf1c   0x00000024   Code   RO         3133    i.cb_aci_l2cap_proc_timeout_event  libbluenrg1_stack.a(aci_events.o)
    0x1004cf40   0x00000002   Code   RO         3134    i.cb_hci_data_buffer_overflow_event  libbluenrg1_stack.a(aci_events.o)
    0x1004cf42   0x00000002   PAD
    0x1004cf44   0x00000024   Code   RO         3135    i.cb_hci_disconnection_complete_event  libbluenrg1_stack.a(aci_events.o)
    0x1004cf68   0x00000024   Code   RO         3136    i.cb_hci_encryption_change_event  libbluenrg1_stack.a(aci_events.o)
    0x1004cf8c   0x00000024   Code   RO         3137    i.cb_hci_encryption_key_refresh_complete_event  libbluenrg1_stack.a(aci_events.o)
    0x1004cfb0   0x00000024   Code   RO         3138    i.cb_hci_le_advertising_report_event  libbluenrg1_stack.a(aci_events.o)
    0x1004cfd4   0x00000044   Code   RO         3139    i.cb_hci_le_connection_complete_event  libbluenrg1_stack.a(aci_events.o)
    0x1004d018   0x00000030   Code   RO         3140    i.cb_hci_le_connection_update_complete_event  libbluenrg1_stack.a(aci_events.o)
    0x1004d048   0x00000030   Code   RO         3141    i.cb_hci_le_data_length_change_event  libbluenrg1_stack.a(aci_events.o)
    0x1004d078   0x00000024   Code   RO         3142    i.cb_hci_le_direct_advertising_report_event  libbluenrg1_stack.a(aci_events.o)
    0x1004d09c   0x0000004c   Code   RO         3143    i.cb_hci_le_enhanced_connection_complete_event  libbluenrg1_stack.a(aci_events.o)
    0x1004d0e8   0x00000028   Code   RO         3144    i.cb_hci_le_generate_dhkey_complete_event  libbluenrg1_stack.a(aci_events.o)
    0x1004d110   0x00000028   Code   RO         3145    i.cb_hci_le_long_term_key_request_event  libbluenrg1_stack.a(aci_events.o)
    0x1004d138   0x00000028   Code   RO         3146    i.cb_hci_le_read_local_p256_public_key_complete_event  libbluenrg1_stack.a(aci_events.o)
    0x1004d160   0x0000002c   Code   RO         3147    i.cb_hci_le_read_remote_used_features_complete_event  libbluenrg1_stack.a(aci_events.o)
    0x1004d18c   0x0000000a   Code   RO         3148    i.cb_hci_number_of_completed_packets_event  libbluenrg1_stack.a(aci_events.o)
    0x1004d196   0x00000002   PAD
    0x1004d198   0x00000028   Code   RO         3149    i.cb_hci_read_remote_version_information_complete_event  libbluenrg1_stack.a(aci_events.o)
    0x1004d1c0   0x00000016   Code   RO         3150    i.cb_hci_rx_acl_data_event  libbluenrg1_stack.a(aci_events.o)
    0x1004d1d6   0x00000002   PAD
    0x1004d1d8   0x00000020   Code   RO         2527    i.ch_no             _nrf905_.o
    0x1004d1f8   0x00000012   Code   RO         2958    i.char_copy         libbluenrg1_stack.a(hal.o)
    0x1004d20a   0x00000002   PAD
    0x1004d20c   0x00000024   Code   RO         3698    i.convert_power     libbluenrg1_stack.a(rom_ll_routines_support.o)
    0x1004d230   0x00000012   Code   RO         3031    i.copy_4_u32        libbluenrg1_stack.a(ll_isr.o)
    0x1004d242   0x00000002   PAD
    0x1004d244   0x00000084   Code   RO         3032    i.copy_tx_data_packet  libbluenrg1_stack.a(ll_isr.o)
    0x1004d2c8   0x00000004   Code   RO         2972    i.data_length_extension_csr_ucfg  libbluenrg1_stack.a(hci.o)
    0x1004d2cc   0x00000074   Code   RO         3033    i.encrypt           libbluenrg1_stack.a(ll_isr.o)
    0x1004d340   0x0000006c   Code   RO         3151    i.fifoBuf_getFreeHeader  libbluenrg1_stack.a(aci_events.o)
    0x1004d3ac   0x0000000a   Code   RO         3152    i.fifoCtrl_init     libbluenrg1_stack.a(aci_events.o)
    0x1004d3b6   0x00000002   PAD
    0x1004d3b8   0x000000b8   Code   RO         2329    i.flash_check       ble_beacon_main.o
    0x1004d470   0x0000009c   Code   RO         2330    i.flash_data_read   ble_beacon_main.o
    0x1004d50c   0x0000000c   Code   RO         1756    i.fputc             sdk_eval_com.o
    0x1004d518   0x00000014   Code   RO         3251    i.gapClearAllModeFlags  libbluenrg1_stack.a(gap.o)
    0x1004d52c   0x00000014   Code   RO         3637    i.get_adv_addr      libbluenrg1_stack.a(rom_ll_isr_routines.o)
    0x1004d540   0x00000048   Code   RO         3545    i.get_advertiser    libbluenrg1_stack.a(multi_master_time.o)
    0x1004d588   0x00000088   Code   RO         3546    i.get_connection_no  libbluenrg1_stack.a(multi_master_time.o)
    0x1004d610   0x00000034   Code   RO         3547    i.get_next_free_slot  libbluenrg1_stack.a(multi_master_time.o)
    0x1004d644   0x00000014   Code   RO         3638    i.get_scan_addr     libbluenrg1_stack.a(rom_ll_isr_routines.o)
    0x1004d658   0x00000048   Code   RO         3548    i.get_scan_connection  libbluenrg1_stack.a(multi_master_time.o)
    0x1004d6a0   0x00000298   Code   RO         3639    i.go_to_connect     libbluenrg1_stack.a(rom_ll_isr_routines.o)
    0x1004d938   0x00000034   Code   RO         2959    i.hal_radio_activity_state_callback_check  libbluenrg1_stack.a(hal.o)
    0x1004d96c   0x0000001c   Code   RO         2960    i.hal_radio_activity_state_init  libbluenrg1_stack.a(hal.o)
    0x1004d988   0x00000040   Code   RO         2961    i.hal_read_radio_activity_state  libbluenrg1_stack.a(hal.o)
    0x1004d9c8   0x0000006c   Code   RO         2973    i.hci_acl_Process_Q  libbluenrg1_stack.a(hci.o)
    0x1004da34   0x0000006c   Code   RO         2331    i.hci_disconnection_complete_event  ble_beacon_main.o
    0x1004daa0   0x00000002   Code   RO         3155    i.hci_encryption_change_event  libbluenrg1_stack.a(aci_events.o)
    0x1004daa2   0x00000002   PAD
    0x1004daa4   0x0000005c   Code   RO         3495    i.hci_encryption_change_event_push  libbluenrg1_stack.a(ll_routines_master.o)
    0x1004db00   0x00000002   Code   RO         3156    i.hci_encryption_key_refresh_complete_event  libbluenrg1_stack.a(aci_events.o)
    0x1004db02   0x00000002   PAD
    0x1004db04   0x00000058   Code   RO         3496    i.hci_encryption_key_refresh_complete_event_push  libbluenrg1_stack.a(ll_routines_master.o)
    0x1004db5c   0x00000018   Code   RO         2332    i.hci_hardware_error_event  ble_beacon_main.o
    0x1004db74   0x00000002   Code   RO         3158    i.hci_le_advertising_report_event  libbluenrg1_stack.a(aci_events.o)
    0x1004db76   0x00000002   Code   RO         3159    i.hci_le_connection_complete_event  libbluenrg1_stack.a(aci_events.o)
    0x1004db78   0x00000088   Code   RO         3498    i.hci_le_connection_complete_event_push  libbluenrg1_stack.a(ll_routines_master.o)
    0x1004dc00   0x00000002   Code   RO         3160    i.hci_le_connection_update_complete_event  libbluenrg1_stack.a(aci_events.o)
    0x1004dc02   0x00000002   PAD
    0x1004dc04   0x0000006c   Code   RO         3499    i.hci_le_connection_update_complete_event_push  libbluenrg1_stack.a(ll_routines_master.o)
    0x1004dc70   0x00000002   Code   RO         3161    i.hci_le_data_length_change_event  libbluenrg1_stack.a(aci_events.o)
    0x1004dc72   0x00000002   Code   RO         3162    i.hci_le_direct_advertising_report_event  libbluenrg1_stack.a(aci_events.o)
    0x1004dc74   0x0000000a   Code   RO         2981    i.hci_le_encrypt    libbluenrg1_stack.a(hci.o)
    0x1004dc7e   0x00000002   Code   RO         3163    i.hci_le_enhanced_connection_complete_event  libbluenrg1_stack.a(aci_events.o)
    0x1004dc80   0x00000002   Code   RO         3164    i.hci_le_generate_dhkey_complete_event  libbluenrg1_stack.a(aci_events.o)
    0x1004dc82   0x00000002   Code   RO         3165    i.hci_le_long_term_key_request_event  libbluenrg1_stack.a(aci_events.o)
    0x1004dc84   0x0000000e   Code   RO         2983    i.hci_le_long_term_key_request_reply  libbluenrg1_stack.a(hci.o)
    0x1004dc92   0x0000000e   Code   RO         2984    i.hci_le_long_term_key_requested_negative_reply  libbluenrg1_stack.a(hci.o)
    0x1004dca0   0x00000002   Code   RO         3166    i.hci_le_read_local_p256_public_key_complete_event  libbluenrg1_stack.a(aci_events.o)
    0x1004dca2   0x00000002   Code   RO         3167    i.hci_le_read_remote_used_features_complete_event  libbluenrg1_stack.a(aci_events.o)
    0x1004dca4   0x00000040   Code   RO         2998    i.hci_le_set_advertise_enable  libbluenrg1_stack.a(hci.o)
    0x1004dce4   0x00000016   Code   RO         2999    i.hci_le_set_advertising_data  libbluenrg1_stack.a(hci.o)
    0x1004dcfa   0x00000016   Code   RO         3007    i.hci_le_set_scan_response_data  libbluenrg1_stack.a(hci.o)
    0x1004dd10   0x00000002   Code   RO         3168    i.hci_number_of_completed_packets_event  libbluenrg1_stack.a(aci_events.o)
    0x1004dd12   0x00000002   Code   RO         3169    i.hci_read_remote_version_information_complete_event  libbluenrg1_stack.a(aci_events.o)
    0x1004dd14   0x0000006c   Code   RO         3021    i.hci_rx_acl_data   libbluenrg1_stack.a(hci.o)
    0x1004dd80   0x00000004   Code   RO         3170    i.hci_rx_acl_data_event  libbluenrg1_stack.a(aci_events.o)
    0x1004dd84   0x00000044   Code   RO         3024    i.hci_tx_acl_data_done  libbluenrg1_stack.a(hci.o)
    0x1004ddc8   0x000000e0   Code   RO         2679    i.init_GPIO         gpio_init.o
    0x1004dea8   0x00000010   Code   RO         3671    i.int32ToLe4Byte    libbluenrg1_stack.a(rom_ll_ll_routines.o)
    0x1004deb8   0x00000010   Code   RO         3742    i.int32ToLe4Byte    libbluenrg1_stack.a(sdb.o)
    0x1004dec8   0x00000010   Code   RO         3756    i.int32ToLe4Byte    libbluenrg1_stack.a(securitymgr.o)
    0x1004ded8   0x00000040   Code   RO         3191    i.int_cb_hci_acl_data_ind_event  libbluenrg1_stack.a(acl.o)
    0x1004df18   0x00000054   Code   RO         3192    i.int_cb_hci_acl_data_tx_cmpl_event  libbluenrg1_stack.a(acl.o)
    0x1004df6c   0x00000026   Code   RO         3171    i.int_cb_hci_disconnection_complete_event  libbluenrg1_stack.a(aci_events.o)
    0x1004df92   0x0000001a   Code   RO         3172    i.int_cb_hci_encryption_change_event  libbluenrg1_stack.a(aci_events.o)
    0x1004dfac   0x0000001a   Code   RO         3173    i.int_cb_hci_encryption_key_refresh_complete_event  libbluenrg1_stack.a(aci_events.o)
    0x1004dfc6   0x0000001e   Code   RO         3174    i.int_cb_hci_le_advertising_report_event  libbluenrg1_stack.a(aci_events.o)
    0x1004dfe4   0x00000026   Code   RO         3175    i.int_cb_hci_le_connection_complete_event  libbluenrg1_stack.a(aci_events.o)
    0x1004e00a   0x00000010   Code   RO         3176    i.int_cb_hci_le_data_length_change_event  libbluenrg1_stack.a(aci_events.o)
    0x1004e01a   0x0000001e   Code   RO         3177    i.int_cb_hci_le_direct_advertising_report_event  libbluenrg1_stack.a(aci_events.o)
    0x1004e038   0x00000026   Code   RO         3178    i.int_cb_hci_le_enhanced_connection_complete_event  libbluenrg1_stack.a(aci_events.o)
    0x1004e05e   0x0000001a   Code   RO         3179    i.int_cb_hci_le_generate_dhkey_complete_event  libbluenrg1_stack.a(aci_events.o)
    0x1004e078   0x0000000c   Code   RO         3180    i.int_cb_hci_le_long_term_key_request_event  libbluenrg1_stack.a(aci_events.o)
    0x1004e084   0x0000001a   Code   RO         3181    i.int_cb_hci_le_read_local_p256_public_key_complete_event  libbluenrg1_stack.a(aci_events.o)
    0x1004e09e   0x0000001e   Code   RO         3879    i.is_Buffer_All_Set_To  libbluenrg1_stack.a(utils.o)
    0x1004e0bc   0x00000034   Code   RO         3549    i.is_slave          libbluenrg1_stack.a(multi_master_time.o)
    0x1004e0f0   0x00000020   Code   RO         3193    i.isr_Acl_Data_Indication_Queue_Full  libbluenrg1_stack.a(acl.o)
    0x1004e110   0x00000020   Code   RO         3194    i.isr_Acl_Data_TX_Cmpl_Queue_Full  libbluenrg1_stack.a(acl.o)
    0x1004e130   0x00000398   Code   RO         3035    i.isr_advertise_state  libbluenrg1_stack.a(ll_isr.o)
    0x1004e4c8   0x000007e4   Code   RO         3037    i.isr_connect_slave_state  libbluenrg1_stack.a(ll_isr.o)
    0x1004ecac   0x000005fc   Code   RO         3502    i.isr_event_handler  libbluenrg1_stack.a(ll_routines_master.o)
    0x1004f2a8   0x00000002   Code   RO         3504    i.isr_event_handler_scan_data_ucfg  libbluenrg1_stack.a(ll_routines_master.o)
    0x1004f2aa   0x00000002   PAD
    0x1004f2ac   0x000001f4   Code   RO         3396    i.isr_postproc      libbluenrg1_stack.a(isr_postproc.o)
    0x1004f4a0   0x00000110   Code   RO         3627    i.isr_postproc1     libbluenrg1_stack.a(rom_ll_isr_postproc.o)
    0x1004f5b0   0x00000016   Code   RO         3628    i.isr_postproc_encrypt_data  libbluenrg1_stack.a(rom_ll_isr_postproc.o)
    0x1004f5c6   0x00000002   PAD
    0x1004f5c8   0x00000034   Code   RO         3039    i.isr_test_rx_state  libbluenrg1_stack.a(ll_isr.o)
    0x1004f5fc   0x00000064   Code   RO         3040    i.isr_test_tx_state  libbluenrg1_stack.a(ll_isr.o)
    0x1004f660   0x0000002c   Code   RO         3041    i.isr_unknown_state  libbluenrg1_stack.a(ll_isr.o)
    0x1004f68c   0x0000000a   Code   RO         3640    i.le2ByteToInt16    libbluenrg1_stack.a(rom_ll_isr_routines.o)
    0x1004f696   0x00000016   Code   RO         3641    i.le4ByteToInt32    libbluenrg1_stack.a(rom_ll_isr_routines.o)
    0x1004f6ac   0x00000016   Code   RO         3673    i.le4ByteToInt32    libbluenrg1_stack.a(rom_ll_ll_routines.o)
    0x1004f6c2   0x00000002   PAD
    0x1004f6c4   0x00000020   Code   RO         3705    i.machine_time_trans  libbluenrg1_stack.a(rom_ll_timehandling.o)
    0x1004f6e4   0x00000124   Code   RO         2333    i.main              ble_beacon_main.o
    0x1004f808   0x000000a8   Code   RO         3518    i.mem_alloc_ctx_init  libbluenrg1_stack.a(mem_alloc.o)
    0x1004f8b0   0x00000008   Code   RO         3720    i.microseconds_to_machine_time  libbluenrg1_stack.a(routines_support.o)
    0x1004f8b8   0x0000001c   Code   RO         3699    i.modulo_37         libbluenrg1_stack.a(rom_ll_routines_support.o)
    0x1004f8d4   0x000000c8   Code   RO         2530    i.nrf_init          _nrf905_.o
    0x1004f99c   0x00000018   Code   RO         3550    i.nsar_init         libbluenrg1_stack.a(multi_master_time.o)
    0x1004f9b4   0x0000001c   Code   RO         3551    i.nsar_insertSlotListEntry  libbluenrg1_stack.a(multi_master_time.o)
    0x1004f9d0   0x000000c0   Code   RO         3552    i.nsar_searchBestFreeSlot  libbluenrg1_stack.a(multi_master_time.o)
    0x1004fa90   0x00000022   Code   RO         3554    i.nsar_updateBestFreeSlot  libbluenrg1_stack.a(multi_master_time.o)
    0x1004fab2   0x00000002   PAD
    0x1004fab4   0x0000006c   Code   RO         3555    i.nsar_updateSlotListEntry  libbluenrg1_stack.a(multi_master_time.o)
    0x1004fb20   0x000009fc   Code   RO         4023    i.pow               m_ps.l(pow.o)
    0x1005051c   0x00000040   Code   RO         2531    i.printRegisters    _nrf905_.o
    0x1005055c   0x0000007c   Code   RO         3485    i.read_rssi         libbluenrg1_stack.a(ll_routines.o)
    0x100505d8   0x000000b0   Code   RO         3560    i.schedule_advertise_slot  libbluenrg1_stack.a(multi_master_time.o)
    0x10050688   0x00000164   Code   RO         3743    i.sdb_delete        libbluenrg1_stack.a(sdb.o)
    0x100507ec   0x000000c8   Code   RO         3744    i.sdb_find_client_data  libbluenrg1_stack.a(sdb.o)
    0x100508b4   0x00000018   Code   RO         3745    i.sdb_get_gatt_db_start_address  libbluenrg1_stack.a(sdb.o)
    0x100508cc   0x00000020   Code   RO         3746    i.sdb_invalidate_record  libbluenrg1_stack.a(sdb.o)
    0x100508ec   0x00000024   Code   RO         3747    i.sdb_read_record   libbluenrg1_stack.a(sdb.o)
    0x10050910   0x00000010   Code   RO         3748    i.sdb_read_record_validity  libbluenrg1_stack.a(sdb.o)
    0x10050920   0x0000007c   Code   RO         3749    i.sdb_write_record  libbluenrg1_stack.a(sdb.o)
    0x1005099c   0x00000004   Code   RO         3870    i.secure_connections_csr_ucfg  libbluenrg1_stack.a(smp_scv42_sap.o)
    0x100509a0   0x00000078   Code   RO         2532    i.send_data         _nrf905_.o
    0x10050a18   0x0000004c   Code   RO         2533    i.setChannel        _nrf905_.o
    0x10050a64   0x00000104   Code   RO         3252    i.setGapAdvData     libbluenrg1_stack.a(gap.o)
    0x10050b68   0x00000024   Code   RO         2538    i.setModeIDLE       _nrf905_.o
    0x10050b8c   0x00000010   Code   RO         2541    i.setPromiscuous    _nrf905_.o
    0x10050b9c   0x0000001e   Code   RO         2542    i.setRF             _nrf905_.o
    0x10050bba   0x00000002   PAD
    0x10050bbc   0x00000088   Code   RO         3706    i.set_freq          libbluenrg1_stack.a(rom_ll_timehandling.o)
    0x10050c44   0x0000001c   Code   RO         3707    i.set_sca           libbluenrg1_stack.a(rom_ll_timehandling.o)
    0x10050c60   0x00000010   Code   RO         2962    i.set_string        libbluenrg1_stack.a(hal.o)
    0x10050c70   0x00000200   Code   RO         3721    i.slave_advance     libbluenrg1_stack.a(routines_support.o)
    0x10050e70   0x000000c6   Code   RO         3967    i.sma_CMAC_generate_tag  libbluenrg1_stack.a(smp_algo_sap.o)
    0x10050f36   0x00000036   Code   RO         3968    i.sma_Calculate_Hash  libbluenrg1_stack.a(smp_algo_sap.o)
    0x10050f6c   0x0000007e   Code   RO         3969    i.sma_generate_subkeys  libbluenrg1_stack.a(smp_algo_sap.o)
    0x10050fea   0x0000002c   Code   RO         3970    i.sma_left_shift    libbluenrg1_stack.a(smp_algo_sap.o)
    0x10051016   0x00000018   Code   RO         3758    i.smp_Build_AuthReq_Field  libbluenrg1_stack.a(securitymgr.o)
    0x1005102e   0x00000002   PAD
    0x10051030   0x00000038   Code   RO         3759    i.smp_Build_Pairing_ReqResp_Packet  libbluenrg1_stack.a(securitymgr.o)
    0x10051068   0x00000034   Code   RO         3760    i.smp_Check_Incoming_Pairing_Parameters  libbluenrg1_stack.a(securitymgr.o)
    0x1005109c   0x0000009c   Code   RO         3761    i.smp_Determine_Key_Association_Method  libbluenrg1_stack.a(securitymgr.o)
    0x10051138   0x0000018c   Code   RO         3762    i.smp_Execute_Actions_wrt_Current_State  libbluenrg1_stack.a(securitymgr.o)
    0x100512c4   0x00000002   Code   RO         3764    i.smp_Execute_Actions_wrt_Current_State_MI_excerpt_ucfg  libbluenrg1_stack.a(securitymgr.o)
    0x100512c6   0x00000002   Code   RO         3768    i.smp_Execute_Actions_wrt_Current_State_sc_excerpt_phase2as2_ucfg  libbluenrg1_stack.a(securitymgr.o)
    0x100512c8   0x00000004   Code   RO         3770    i.smp_Execute_Actions_wrt_Current_State_sc_excerpt_phase_1_to_2_ucfg  libbluenrg1_stack.a(securitymgr.o)
    0x100512cc   0x00000080   Code   RO         3771    i.smp_Get_Long_Term_Key  libbluenrg1_stack.a(securitymgr.o)
    0x1005134c   0x00000088   Code   RO         3772    i.smp_Get_Pairing_Parameters_From_Peer_Packet  libbluenrg1_stack.a(securitymgr.o)
    0x100513d4   0x00000032   Code   RO         3843    i.smp_Keys_Distribution_Complete  libbluenrg1_stack.a(smp_common.o)
    0x10051406   0x00000002   PAD
    0x10051408   0x0000011c   Code   RO         3773    i.smp_Keys_Distribution_Send  libbluenrg1_stack.a(securitymgr.o)
    0x10051524   0x00000150   Code   RO         3775    i.smp_LP_SR_Compute_c1_Confirm_Value  libbluenrg1_stack.a(securitymgr.o)
    0x10051674   0x00000004   Code   RO         3777    i.smp_MI_Start_Encryption_ucfg  libbluenrg1_stack.a(securitymgr.o)
    0x10051678   0x00000004   Code   RO         3779    i.smp_Process_Rx_Packet_Exception_Cases_sc_excerpt_ucfg  libbluenrg1_stack.a(securitymgr.o)
    0x1005167c   0x00000130   Code   RO         3780    i.smp_Process_Rx_Packet_wrt_Current_State  libbluenrg1_stack.a(securitymgr.o)
    0x100517ac   0x00000004   Code   RO         3782    i.smp_Process_Rx_Packet_wrt_Current_State_MI_excerpt_ucfg  libbluenrg1_stack.a(securitymgr.o)
    0x100517b0   0x00000004   Code   RO         3784    i.smp_Process_Rx_Packet_wrt_Current_State_sc_excerpt_ucfg  libbluenrg1_stack.a(securitymgr.o)
    0x100517b4   0x00000078   Code   RO         3785    i.smp_Set_Key_Association_Method  libbluenrg1_stack.a(securitymgr.o)
    0x1005182c   0x0000007a   Code   RO         3791    i.smp____SR_PairingConfirm_Receive  libbluenrg1_stack.a(securitymgr.o)
    0x100518a6   0x00000002   PAD
    0x100518a8   0x00000120   Code   RO         3792    i.smp____SR_PairingRandom_Receive  libbluenrg1_stack.a(securitymgr.o)
    0x100519c8   0x0000017c   Code   RO         3793    i.smp____SR_PairingRequest_Receive  libbluenrg1_stack.a(securitymgr.o)
    0x10051b44   0x00000148   Code   RO         3844    i.smp_add_pairing_record_to_bonding_database  libbluenrg1_stack.a(smp_common.o)
    0x10051c8c   0x00000044   Code   RO         3845    i.smp_find_remote_device_index  libbluenrg1_stack.a(smp_common.o)
    0x10051cd0   0x00000038   Code   RO         3846    i.smp_flush_rx_queues  libbluenrg1_stack.a(smp_common.o)
    0x10051d08   0x0000001e   Code   RO         3847    i.smp_get_CSRK      libbluenrg1_stack.a(smp_common.o)
    0x10051d26   0x00000002   PAD
    0x10051d28   0x0000003c   Code   RO         3848    i.smp_get_local_identity_address  libbluenrg1_stack.a(smp_common.o)
    0x10051d64   0x00000038   Code   RO         3850    i.smp_keys_distribution_start  libbluenrg1_stack.a(smp_common.o)
    0x10051d9c   0x000000d6   Code   RO         3851    i.smp_keys_receiving  libbluenrg1_stack.a(smp_common.o)
    0x10051e72   0x00000002   PAD
    0x10051e74   0x0000003c   Code   RO         3852    i.smp_oob_check_is_remote_data_present  libbluenrg1_stack.a(smp_common.o)
    0x10051eb0   0x00000034   Code   RO         3854    i.smp_pairing_2octets_packet_send  libbluenrg1_stack.a(smp_common.o)
    0x10051ee4   0x00000078   Code   RO         3855    i.smp_pairing_completed  libbluenrg1_stack.a(smp_common.o)
    0x10051f5c   0x00000010   Code   RO         3856    i.smp_pairing_failed_receive  libbluenrg1_stack.a(smp_common.o)
    0x10051f6c   0x0000002a   Code   RO         3857    i.smp_pairing_failed_send  libbluenrg1_stack.a(smp_common.o)
    0x10051f96   0x00000002   PAD
    0x10051f98   0x00000064   Code   RO         3858    i.smp_pairing_process_abort  libbluenrg1_stack.a(smp_common.o)
    0x10051ffc   0x000000f0   Code   RO         3859    i.smp_repeated_attacks_protection  libbluenrg1_stack.a(smp_common.o)
    0x100520ec   0x00000002   Code   RO         3805    i.smp_sc_SR_PairingConfirm_Receive_sc_excerpt_ucfg  libbluenrg1_stack.a(securitymgr.o)
    0x100520ee   0x00000002   Code   RO         3807    i.smp_sc_SR_PairingRandom_Receive_sc_excerpt_ucfg  libbluenrg1_stack.a(securitymgr.o)
    0x100520f0   0x00000002   Code   RO         3809    i.smp_sc_SR_Pairing_Phase_2AS1_Start_sc_excerpt_ucfg  libbluenrg1_stack.a(securitymgr.o)
    0x100520f2   0x00000002   Code   RO         3978    i.smp_sc_check_for_ecc_pk_generation_request_ucfg  libbluenrg1_stack.a(smp_scv42_caf.o)
    0x100520f4   0x00000004   Code   RO         3980    i.smp_sc_continue_on_exclusive_sc_pairing_ucfg  libbluenrg1_stack.a(smp_scv42_caf.o)
    0x100520f8   0x00000002   Code   RO         3872    i.smp_sc_hci_le_generate_dhkey_complete_evt_hndl_ucfg  libbluenrg1_stack.a(smp_scv42_sap.o)
    0x100520fa   0x00000002   Code   RO         3874    i.smp_sc_hci_le_read_local_p256_public_key_complete_evt_hndl_ucfg  libbluenrg1_stack.a(smp_scv42_sap.o)
    0x100520fc   0x00000002   Code   RO         3985    i.smp_sc_init_ucfg  libbluenrg1_stack.a(smp_scv42_caf.o)
    0x100520fe   0x00000002   Code   RO         3995    i.smp_sc_update_statistics_on_pairing_complete_ucfg  libbluenrg1_stack.a(smp_scv42_caf.o)
    0x10052100   0x00000038   Code   RO         3810    i.smp_send_packet   libbluenrg1_stack.a(securitymgr.o)
    0x10052138   0x00000038   Code   RO         3861    i.smp_update_statistics_on_pairing_complete  libbluenrg1_stack.a(smp_common.o)
    0x10052170   0x0000004c   Code   RO         2743    i.spiBurstWrite     spi_init.o
    0x100521bc   0x00000070   Code   RO         2544    i.spiReadRegister   _nrf905_.o
    0x1005222c   0x00000046   Code   RO         2545    i.spiWriteRegister  _nrf905_.o
    0x10052272   0x00000002   PAD
    0x10052274   0x00000048   Code   RO         4406    i.sqrt              m_ps.l(sqrt.o)
    0x100522bc   0x000000d0   Code   RO         3561    i.start_timebase    libbluenrg1_stack.a(multi_master_time.o)
    0x1005238c   0x00000002   Code   RO         3042    i.state_func_call_init_csr_ucfg  libbluenrg1_stack.a(ll_isr.o)
    0x1005238e   0x0000001e   Code   RO         3373    i.store_data        libbluenrg1_stack.a(gatt_server.o)
    0x100523ac   0x0000013c   Code   RO         3722    i.swap_slaves       libbluenrg1_stack.a(routines_support.o)
    0x100524e8   0x0000000a   Code   RO         3562    i.swap_u16          libbluenrg1_stack.a(multi_master_time.o)
    0x100524f2   0x0000000a   Code   RO         3723    i.swap_u16          libbluenrg1_stack.a(routines_support.o)
    0x100524fc   0x0000000a   Code   RO         3724    i.swap_u32          libbluenrg1_stack.a(routines_support.o)
    0x10052506   0x0000000a   Code   RO         3725    i.swap_u8           libbluenrg1_stack.a(routines_support.o)
    0x10052510   0x00000010   Code   RO         3708    i.system_time_trans  libbluenrg1_stack.a(rom_ll_timehandling.o)
    0x10052520   0x00000030   Code   RO         3709    i.system_time_trans_ext  libbluenrg1_stack.a(rom_ll_timehandling.o)
    0x10052550   0x0000000e   Code   RO         3710    i.time_offset1      libbluenrg1_stack.a(rom_ll_timehandling.o)
    0x1005255e   0x00000002   PAD
    0x10052560   0x00000010   Code   RO         3711    i.time_offset2      libbluenrg1_stack.a(rom_ll_timehandling.o)
    0x10052570   0x00000038   Code   RO         3563    i.timebase_start_connect  libbluenrg1_stack.a(multi_master_time.o)
    0x100525a8   0x00000020   Code   RO         2546    i.tran_int          _nrf905_.o
    0x100525c8   0x0000002e   Code   RO         3642    i.unpack_channel_map  libbluenrg1_stack.a(rom_ll_isr_routines.o)
    0x100525f6   0x00000048   Code   RO         3643    i.unpack_update_request  libbluenrg1_stack.a(rom_ll_isr_routines.o)
    0x1005263e   0x00000024   Code   RO         3629    i.wait_for_aes_ready  libbluenrg1_stack.a(rom_ll_isr_postproc.o)
    0x10052662   0x00000002   PAD
    0x10052664   0x0000007c   Code   RO         3674    i.wait_for_prescheduled_slot_cancellation  libbluenrg1_stack.a(rom_ll_ll_routines.o)
    0x100526e0   0x0000009c   Code   RO         2799    i.write_flash       flash_wr.o
    0x1005277c   0x00000004   Data   RO         1879    .constdata          sdk_eval_config.o
    0x10052780   0x00000004   Data   RO         1880    .constdata          sdk_eval_config.o
    0x10052784   0x00000004   Data   RO         1881    .constdata          sdk_eval_config.o
    0x10052788   0x00000004   Data   RO         1882    .constdata          sdk_eval_config.o
    0x1005278c   0x0000000c   Data   RO         1891    .constdata          sdk_eval_config.o
    0x10052798   0x00000004   Data   RO         1892    .constdata          sdk_eval_config.o
    0x1005279c   0x00000004   Data   RO         1896    .constdata          sdk_eval_config.o
    0x100527a0   0x00000004   Data   RO         1897    .constdata          sdk_eval_config.o
    0x100527a4   0x00000004   Data   RO         1898    .constdata          sdk_eval_config.o
    0x100527a8   0x00000004   Data   RO         1899    .constdata          sdk_eval_config.o
    0x100527ac   0x00000004   Data   RO         1900    .constdata          sdk_eval_config.o
    0x100527b0   0x00000004   Data   RO         1901    .constdata          sdk_eval_config.o
    0x100527b4   0x00000034   Data   RO         2334    .constdata          ble_beacon_main.o
    0x100527e8   0x0000001a   Data   RO         3043    .constdata          libbluenrg1_stack.a(ll_isr.o)
    0x10052802   0x00000002   PAD
    0x10052804   0x0000011c   Data   RO         3182    .constdata          libbluenrg1_stack.a(aci_events.o)
    0x10052920   0x00000010   Data   RO         3712    .constdata          libbluenrg1_stack.a(rom_ll_timehandling.o)
    0x10052930   0x00000019   Data   RO         3811    .constdata          libbluenrg1_stack.a(securitymgr.o)
    0x10052949   0x00000010   Data   RO         3907    .constdata          libbluenrg1_stack.a(att.o)
    0x10052959   0x00000007   PAD
    0x10052960   0x00000088   Data   RO         4024    .constdata          m_ps.l(pow.o)
    0x100529e8   0x00000008   Data   RO         4404    .constdata          m_ps.l(qnan.o)
    0x100529f0   0x000000a0   Data   RO         4459    Region$$Table       anon$$obj.o


    Execution Region BLOCK_STACKLIB_FLASH_DATA (Base: 0x1007f000, Size: 0x00000838, Max: 0x00001000, ABSOLUTE, UNINIT)

    Base Addr    Size         Type   Attr      Idx    E Section Name        Object

    0x1007f000   0x00000800   Zero   RW         2337    .noinit.stacklib_flash_data  ble_beacon_main.o
    0x1007f800   0x00000038   Zero   RW         2338    .noinit.stacklib_stored_device_id_data  ble_beacon_main.o


    Execution Region ota_sw_activation_block (Base: 0x20000004, Size: 0x00000000, Max: 0x00000004, ABSOLUTE, UNINIT)

    **** No section assigned to this execution region ****


    Execution Region savedMSP_block (Base: 0x20000008, Size: 0x00000004, Max: 0x00000004, ABSOLUTE)

    Base Addr    Size         Type   Attr      Idx    E Section Name        Object

    0x20000008   0x00000004   Data   RW         2144    .savedMSP           system_bluenrg1.o


    Execution Region wakeupFromSleepFlag_block (Base: 0x2000000c, Size: 0x00000004, Max: 0x00000004, ABSOLUTE)

    Base Addr    Size         Type   Attr      Idx    E Section Name        Object

    0x2000000c   0x00000001   Data   RW         2145    .wakeupFromSleepFlag  system_bluenrg1.o


    Execution Region app_base_block (Base: 0x20000010, Size: 0x00000004, Max: 0x00000004, ABSOLUTE)

    Base Addr    Size         Type   Attr      Idx    E Section Name        Object

    0x20000010   0x00000004   Data   RW         2134    .app_base           system_bluenrg1.o


    Execution Region flash_sw_lock_block (Base: 0x20000014, Size: 0x00000004, Max: 0x00000004, ABSOLUTE)

    Base Addr    Size         Type   Attr      Idx    E Section Name        Object

    0x20000014   0x00000004   Data   RW         2140    .flash_sw_lock      system_bluenrg1.o


    Execution Region rfTimeout_block (Base: 0x20000018, Size: 0x00000004, Max: 0x00000004, ABSOLUTE)

    Base Addr    Size         Type   Attr      Idx    E Section Name        Object

    0x20000018   0x00000004   Data   RW         2143    .rfTimeout          system_bluenrg1.o


    Execution Region BOR_config_block (Base: 0x2000001c, Size: 0x00000008, Max: 0x00000008, ABSOLUTE)

    Base Addr    Size         Type   Attr      Idx    E Section Name        Object

    0x2000001c   0x00000007   Data   RW         2132    .BOR_config         system_bluenrg1.o


    Execution Region Blue_Flag_Ram_block (Base: 0x20000030, Size: 0x00000004, Max: 0x00000004, ABSOLUTE)

    Base Addr    Size         Type   Attr      Idx    E Section Name        Object

    0x20000030   0x00000004   Data   RW         2133    .__blueflag_RAM     system_bluenrg1.o


    Execution Region Crash_Info_block (Base: 0x20000034, Size: 0x00000000, Max: 0x00000028, ABSOLUTE, UNINIT)

    **** No section assigned to this execution region ****


    Execution Region BLUE (Base: 0x200000c0, Size: 0x0000020c, Max: 0x0000020c, ABSOLUTE, COMPRESSED[0x00000008])

    Base Addr    Size         Type   Attr      Idx    E Section Name        Object

    0x200000c0   0x0000020c   Data   RW         2136    .bss.__blue_RAM     system_bluenrg1.o


    Execution Region REGION_RAM2 (Base: 0x200002cc, Size: 0x000001c0, Max: 0x00005d34, ABSOLUTE)

    Base Addr    Size         Type   Attr      Idx    E Section Name        Object

    0x200002cc   0x00000004   Data   RW          197    .data               sleep.o
    0x200002d0   0x00000004   Data   RW         1759    .data               sdk_eval_com.o
    0x200002d4   0x00000001   Data   RW         1903    .data               sdk_eval_config.o
    0x200002d5   0x00000003   PAD
    0x200002d8   0x00000004   Data   RW         2137    .data               system_bluenrg1.o
    0x200002dc   0x00000004   Data   RW         2138    .data               system_bluenrg1.o
    0x200002e0   0x00000004   Data   RW         2139    .data               system_bluenrg1.o
    0x200002e4   0x0000003a   Data   RW         2335    .data               ble_beacon_main.o
    0x2000031e   0x00000014   Data   RW         2549    .data               _nrf905_.o
    0x20000332   0x00000009   Data   RW         2703    .data               gatt_db.o
    0x2000033b   0x00000001   PAD
    0x2000033c   0x00000048   Data   RW         3044    .data               libbluenrg1_stack.a(ll_isr.o)
    0x20000384   0x00000004   Data   RW         3520    .data               libbluenrg1_stack.a(mem_alloc.o)
    0x20000388   0x00000004   Data   RW         3862    .data               libbluenrg1_stack.a(smp_common.o)
    0x2000038c   0x00000004   Data   RW         4433    .data               mc_p.l(mvars.o)
    0x20000390   0x00000004   Data   RW         4434    .data               mc_p.l(mvars.o)
    0x20000394   0x00000004   Data   RW         4438    .data               mc_p.l(errno.o)
    0x20000398   0x00000060   Zero   RW          196    .bss                sleep.o
    0x200003f8   0x00000020   Zero   RW         2135    .bss                system_bluenrg1.o
    0x20000418   0x00000020   Zero   RW         2548    .bss                _nrf905_.o
    0x20000438   0x00000020   Zero   RW         2702    .bss                gatt_db.o
    0x20000458   0x00000034   Zero   RW         3519    .bss                libbluenrg1_stack.a(mem_alloc.o)


    Execution Region REGION_RAM3 (Base: 0x2000048c, Size: 0x000022dc, Max: 0x00005d34, ABSOLUTE, UNINIT)

    Base Addr    Size         Type   Attr      Idx    E Section Name        Object

    0x2000048c   0x000022dc   Zero   RW         2336    .noinit.data        ble_beacon_main.o


    Execution Region ARM_LIB_STACKHEAP (Base: 0x20005400, Size: 0x00000c00, Max: 0x00000c00, ABSOLUTE)

    Base Addr    Size         Type   Attr      Idx    E Section Name        Object

    0x20005400   0x00000c00   Zero   RW            2    ARM_LIB_STACKHEAP.bss  anon$$obj.o


==============================================================================

Image component sizes


      Code (inc. data)   RO Data    RW Data    ZI Data      Debug   Object Name

       788        108          0         20         32      10403   _nrf905_.o
      1508        668         52         58      11028      13585   ble_beacon_main.o
       144         38          0          0          0       4250   bluenrg1_flash.o
       398         18          0          0          0       6998   bluenrg1_gpio.o
       226         54          0          0          0       3303   bluenrg1_it.o
        20          0          0          0          0        540   bluenrg1_pka.o
       348         64          0          0          0      11708   bluenrg1_spi.o
       176         20          0          0          0       1596   bluenrg1_sysctrl.o
       408         32          0          0          0       3920   bluenrg1_uart.o
        44         12          0          0          0      47953   clock.o
       160         36          0          0          0        532   context_switch.o
       156         80          0          0          0        754   flash_wr.o
      1148        232          0          9         32       5160   gatt_db.o
       224         36          0          0          0        688   gpio_init.o
       160         16          0          0          0       7605   misc.o
       128         20          0          0          0      10450   miscutil.o
        24          0          0          0          0       1958   osal.o
       230         16          0          4          0       7219   sdk_eval_com.o
        24         10         56          1          0       3905   sdk_eval_config.o
        68          4          0          0          0        713   sdk_eval_led.o
       272         30          0          0          0        797   sdk_eval_spi.o
      1988        216          0          4         96      14033   sleep.o
        76          0          0          0          0       1349   spi_init.o
         0          0          0          0          0       1304   stack_user_cfg.o
      1056        138        192        564         32      26297   system_bluenrg1.o

    ----------------------------------------------------------------------
      9802       1848        460        668      16340     187020   Object Totals
         0          0        160          0       5120          0   (incl. Generated)
        28          0          0          8          0          0   (incl. Padding)

    ----------------------------------------------------------------------

      Code (inc. data)   RO Data    RW Data    ZI Data      Debug   Library Member Name

      3108        268        284          0          0          0   aci_events.o
       472         44          0          0          0          0   acl.o
       268          0          0          0          0          0   acl_list.o
      1676         38          0          0          0          0   advance_wakeup_time.o
      5796         94         16          0          0          0   att.o
       206         10          0          0          0          0   bluenrg_gap_aci.o
       162          0          0          0          0          0   bluenrg_gatt_aci.o
         8          0          0          0          0          0   bluenrg_hal_aci.o
      1012         96          0          0          0          0   bluenrg_main_func.o
       268         24          0          0          0          0   bluenrg_main_func_speed.o
       296         18          0          0          0          0   device_id_data.o
      2020         78          0          0          0          0   gap.o
        60          4          0          0          0          0   gatt_client.o
      8062        310          0          0          0          0   gatt_server.o
       482         40          0          0          0          0   hal.o
       620         38          0          0          0          0   hci.o
       890        106          0          0          0          0   host_timer.o
       500         32          0          0          0          0   isr_postproc.o
       344         14          0          0          0          0   isr_routines.o
      1856         58          0          0          0          0   l2cap.o
      3970        160         26         72          0          0   ll_isr.o
       456         42          0          0          0          0   ll_privacy.o
       370         24          0          0          0          0   ll_routines.o
      1960         38          0          0          0          0   ll_routines_master.o
       312         28          0          0          0          0   ll_routines_support.o
       804         24          0          4         52          0   mem_alloc.o
      1122          0          0          0          0          0   mem_buff.o
      2968        104          0          0          0          0   multi_master_time.o
        76         16          0          0          0          0   nvm.o
       690         42          0          0          0          0   pm.o
       344          0          0          0          0          0   rom_att.o
       708         36          0          0          0          0   rom_gap.o
       148         16          0          0          0          0   rom_gap_rom.o
       146          4          0          0          0          0   rom_gatt_server.o
       114          0          0          0          0          0   rom_list.o
       330         10          0          0          0          0   rom_ll_isr_postproc.o
      1164         46          0          0          0          0   rom_ll_isr_routines.o
      3100        154          0          0          0          0   rom_ll_ll_routines.o
       124         22          0          0          0          0   rom_ll_routines_support.o
       316         44         16          0          0          0   rom_ll_timehandling.o
      1362         40          0          0          0          0   routines_support.o
      2522         66          0          0          0          0   sdb.o
      3296         86         25          0          0          0   securitymgr.o
       808         24          0          0          0          0   smp_algo_sap.o
      3344        146          0          4          0          0   smp_common.o
        10          0          0          0          0          0   smp_scv42_caf.o
         8          0          0          0          0          0   smp_scv42_sap.o
        44          0          0          0          0          0   utils.o
        84         14          0          0          0        340   dunder.o
        44          4          0          0          0         60   fpclassify.o
       172          0          0          0          0         76   poly.o
      2556        196        136          0          0        240   pow.o
         0          0          8          0          0          0   qnan.o
        72          6          0          0          0         76   sqrt.o
        86          0          0          0          0          0   __dczerorl2.o
         0          0          0          0          0          0   entry.o
         0          0          0          0          0          0   entry10a.o
         0          0          0          0          0          0   entry11a.o
         8          4          0          0          0          0   entry3.o
         4          0          0          0          0          0   entry5.o
         0          0          0          0          0          0   entry7b.o
         0          0          0          0          0          0   entry8b.o
         8          4          0          0          0          0   entry9a.o
        12          6          0          4          0         60   errno.o
        30          0          0          0          0          0   handlers.o
        36          8          0          0          0         68   init.o
         0          0          0          0          0          0   iusefp.o
        32          0          0          0          0         68   llshl.o
        38          0          0          0          0         68   llsshr.o
        34          0          0          0          0         68   llushr.o
       192         20          0          0          0        144   malloc1.o
        26          0          0          0          0         72   memcmp.o
        66          0          0          0          0         68   memmove.o
        36          0          0          0          0        100   memseta.o
         0          0          0          8          0          0   mvars.o
      1172         52          0          0          0        324   printf8.o
        28          0          0          0          0         68   strcmp.o
        44          0          0          0          0         72   uidiv.o
        96          0          0          0          0         84   uldiv.o
        20          0          0          0          0         60   uread4.o
        40          2          0          0          0         68   cdrcmple.o
        56          0          0          0          0         68   d2f.o
       356          4          0          0          0        140   dadd.o
       240          6          0          0          0         84   ddiv.o
       236          0          0          0          0        216   depilogue.o
        40          6          0          0          0         68   dflti.o
        28          4          0          0          0         68   dfltui.o
       208          6          0          0          0         88   dmul.o
        44          0          0          0          0         72   dscalb.o
       162          0          0          0          0         80   dsqrt.o
        40          0          0          0          0         60   f2d.o
       178          0          0          0          0        108   fadd.o
       130          0          0          0          0        144   fepilogue.o
        40          0          0          0          0         60   ffixui.o
       122          0          0          0          0         72   fmul.o

    ----------------------------------------------------------------------
     65650       2786        520         92         52       3512   Library Totals
       112          0          9          0          0          0   (incl. Padding)

    ----------------------------------------------------------------------

      Code (inc. data)   RO Data    RW Data    ZI Data      Debug   Library Name

     58722       2444        367         80         52          0   libbluenrg1_stack.a
      2928        220        144          0          0        792   m_ps.l
      1968         94          0         12          0       1324   mc_p.l
      1920         28          0          0          0       1396   mf_p.l

    ----------------------------------------------------------------------
     65650       2786        520         92         52       3512   Library Totals

    ----------------------------------------------------------------------

==============================================================================


      Code (inc. data)   RO Data    RW Data    ZI Data      Debug   

     75452       4634        980        760      16392     184236   Grand Totals
     75452       4634        980        244      16392     184236   ELF Image Totals (compressed)
     75452       4634        980        244          0          0   ROM Totals

==============================================================================

    Total RO  Size (Code + RO Data)                76432 (  74.64kB)
    Total RW  Size (RW Data + ZI Data)             17152 (  16.75kB)
    Total ROM Size (Code + RO Data + RW Data)      76676 (  74.88kB)

==============================================================================

