Component: ARM Compiler 5.06 update 4 (build 422) Tool: armlink [4d35d2]

==============================================================================

Section Cross References

    clock.o(i.Clock_Time) refers to clock.o(.data) for .data
    clock.o(i.Clock_Wait) refers to clock.o(.data) for .data
    clock.o(i.SysCount_Handler) refers to clock.o(.data) for .data
    context_switch.o(. text) refers to system_bluenrg1.o(.savedMSP) for savedMSP
    context_switch.o(. text) refers to system_bluenrg1.o(.data) for savedICSR
    context_switch.o(. text) refers to system_bluenrg1.o(.data) for savedSHCSR
    context_switch.o(. text) refers to system_bluenrg1.o(.data) for savedNVIC_ISPR
    miscutil.o(i.BLEPLAT_get_part_info) refers to miscutil.o(i.HAL_GetPartInfo) for HAL_GetPartInfo
    miscutil.o(i.HAL_CrashHandler) refers to uwrite4.o(.text) for __aeabi_uwrite4
    miscutil.o(i.HAL_CrashHandler) refers to miscutil.o(.__crash_RAM) for .__crash_RAM
    miscutil.o(i.HAL_GetCrashInfo) refers to memmove.o(.text) for __aeabi_memcpy
    miscutil.o(i.HAL_GetCrashInfo) refers to uwrite4.o(.text) for __aeabi_uwrite4
    miscutil.o(i.HAL_GetCrashInfo) refers to miscutil.o(.__crash_RAM) for .__crash_RAM
    osal.o(i.Osal_MemCmp) refers to memcmp.o(.text) for memcmp
    osal.o(i.Osal_MemCpy) refers to memmove.o(.text) for memcpy
    osal.o(i.Osal_MemSet) refers to memseta.o(.text) for memset
    sleep.o(i.BlueNRG_InternalSleep) refers to miscutil.o(i.HAL_GetPartInfo) for HAL_GetPartInfo
    sleep.o(i.BlueNRG_InternalSleep) refers to system_bluenrg1.o(i.SET_BORconfigStatus) for SET_BORconfigStatus
    sleep.o(i.BlueNRG_InternalSleep) refers to misc.o(i.SystemSleepCmd) for SystemSleepCmd
    sleep.o(i.BlueNRG_InternalSleep) refers to context_switch.o(. text) for CS_contextSave
    sleep.o(i.BlueNRG_InternalSleep) refers to system_bluenrg1.o(.intvec) for __vector_table
    sleep.o(i.BlueNRG_InternalSleep) refers to sleep.o(.data) for .data
    sleep.o(i.BlueNRG_InternalSleep) refers to sleep.o(.bss) for .bss
    sleep.o(i.BlueNRG_InternalSleep) refers to system_bluenrg1.o(.flash_sw_lock) for flash_sw_lock
    sleep.o(i.BlueNRG_InternalSleep) refers to system_bluenrg1.o(.rfTimeout) for rfTimeout
    sleep.o(i.BlueNRG_InternalSleep) refers to system_bluenrg1.o(.wakeupFromSleepFlag) for wakeupFromSleepFlag
    sleep.o(i.BlueNRG_InternalSleep) refers to system_bluenrg1.o(i.DeviceConfiguration) for DeviceConfiguration
    sleep.o(i.BlueNRG_InternalSleep) refers to bluenrg1_sysctrl.o(i.SysCtrl_GetWakeupResetReason) for SysCtrl_GetWakeupResetReason
    sleep.o(i.BlueNRG_InternalSleep) refers to system_bluenrg1.o(.data) for savedNVIC_ISPR
    sleep.o(i.BlueNRG_InternalSleep) refers to system_bluenrg1.o(.data) for savedSHCSR
    sleep.o(i.BlueNRG_InternalSleep) refers to system_bluenrg1.o(.data) for savedICSR
    sleep.o(i.BlueNRG_InternalSleep) refers to system_bluenrg1.o(.bss.__blue_RAM) for __blue_RAM
    sleep.o(i.BlueNRG_Sleep) refers to bluenrg_main_func_speed.o(i.BlueNRG_Stack_Perform_Deep_Sleep_Check) for BlueNRG_Stack_Perform_Deep_Sleep_Check
    sleep.o(i.BlueNRG_Sleep) refers to sleep.o(i.HAL_VTIMER_TimerSleepCheck) for HAL_VTIMER_TimerSleepCheck
    sleep.o(i.BlueNRG_Sleep) refers to ble_beacon_main.o(i.App_SleepMode_Check) for App_SleepMode_Check
    sleep.o(i.BlueNRG_Sleep) refers to sleep.o(i.BlueNRG_InternalSleep) for BlueNRG_InternalSleep
    sleep.o(i.BlueNRG_Sleep) refers to system_bluenrg1.o(.wakeupFromSleepFlag) for wakeupFromSleepFlag
    sleep.o(i.BlueNRG_Sleep) refers to sleep.o(.bss) for .bss
    bluenrg1_adc.o(i.ADC_CompensateOutputValue) refers to fmul.o(.text) for __aeabi_fmul
    bluenrg1_adc.o(i.ADC_CompensateOutputValue) refers to fadd.o(.text) for __aeabi_fsub
    bluenrg1_adc.o(i.ADC_CompensateOutputValue) refers to bluenrg1_adc.o(.data) for .data
    bluenrg1_adc.o(i.ADC_ConvertBatterySensor) refers to bluenrg1_adc.o(i.ADC_ConvertSingleEndedVoltage) for ADC_ConvertSingleEndedVoltage
    bluenrg1_adc.o(i.ADC_ConvertBatterySensor) refers to fmul.o(.text) for __aeabi_fmul
    bluenrg1_adc.o(i.ADC_ConvertDifferentialVoltage) refers to ffltui.o(.text) for __aeabi_ui2f
    bluenrg1_adc.o(i.ADC_ConvertDifferentialVoltage) refers to fflti.o(.text) for __aeabi_i2f
    bluenrg1_adc.o(i.ADC_ConvertDifferentialVoltage) refers to fdiv.o(.text) for __aeabi_fdiv
    bluenrg1_adc.o(i.ADC_ConvertDifferentialVoltage) refers to fadd.o(.text) for __aeabi_fadd
    bluenrg1_adc.o(i.ADC_ConvertDifferentialVoltage) refers to fmul.o(.text) for __aeabi_fmul
    bluenrg1_adc.o(i.ADC_ConvertSingleEndedVoltage) refers to fflti.o(.text) for __aeabi_i2f
    bluenrg1_adc.o(i.ADC_ConvertSingleEndedVoltage) refers to ffltui.o(.text) for __aeabi_ui2f
    bluenrg1_adc.o(i.ADC_ConvertSingleEndedVoltage) refers to fadd.o(.text) for __aeabi_fadd
    bluenrg1_adc.o(i.ADC_ConvertSingleEndedVoltage) refers to f2d.o(.text) for __aeabi_f2d
    bluenrg1_adc.o(i.ADC_ConvertSingleEndedVoltage) refers to fdiv.o(.text) for __aeabi_fdiv
[...]
    unpack_channel_map                       0x1004c63d   Thumb Code    46  rom_ll_isr_routines.o(i.unpack_channel_map)
    unpack_update_request                    0x1004c66b   Thumb Code    72  rom_ll_isr_routines.o(i.unpack_update_request)
    validateRxBuf                            0x1004c6b5   Thumb Code    66  _nrf905_.o(i.validateRxBuf)
    write_flash                              0x1004c7a1   Thumb Code    76  flash_wr.o(i.write_flash)
    s_UartTxPinVersion                       0x1004c83c   Data           4  sdk_eval_config.o(.constdata)
    s_UartTxModeVersion                      0x1004c840   Data           4  sdk_eval_config.o(.constdata)
    s_UartRxPinVersion                       0x1004c844   Data           4  sdk_eval_config.o(.constdata)
    s_UartRxModeVersion                      0x1004c848   Data           4  sdk_eval_config.o(.constdata)
    s_vectnGpioPinVersion                    0x1004c84c   Data          12  sdk_eval_config.o(.constdata)
    s_SpiCs1PinVersion                       0x1004c858   Data           4  sdk_eval_config.o(.constdata)
    s_SpiOutPinVersion                       0x1004c85c   Data           4  sdk_eval_config.o(.constdata)
    s_SpiOutModeVersion                      0x1004c860   Data           4  sdk_eval_config.o(.constdata)
    s_SpiInPinVersion                        0x1004c864   Data           4  sdk_eval_config.o(.constdata)
    s_SpiInModeVersion                       0x1004c868   Data           4  sdk_eval_config.o(.constdata)
    s_SpiSclkPinVersion                      0x1004c86c   Data           4  sdk_eval_config.o(.constdata)
    s_SpiSclkModeVersion                     0x1004c870   Data           4  sdk_eval_config.o(.constdata)
    BlueNRG_Stack_Init_params                0x1004c874   Data          52  ble_beacon_main.o(.constdata)
    evnt_callback_pfunc                      0x1004c8c4   Data         232  aci_events.o(.constdata)
    int_evnt_callback_pfunc                  0x1004c9ac   Data          52  aci_events.o(.constdata)
    __mathlib_zero                           0x1004ca78   Data           8  qnan.o(.constdata)
    Region$$Table$$Base                      0x1004ca80   Number         0  anon$$obj.o(Region$$Table)
    Region$$Table$$Limit                     0x1004cb20   Number         0  anon$$obj.o(Region$$Table)
    stacklib_flash_data                      0x1007f000   Data        2048  ble_beacon_main.o(.noinit.stacklib_flash_data)
    stacklib_stored_device_id_data           0x1007f800   Data          56  ble_beacon_main.o(.noinit.stacklib_stored_device_id_data)
    savedMSP                                 0x20000008   Data           4  system_bluenrg1.o(.savedMSP)
    wakeupFromSleepFlag                      0x2000000c   Data           1  system_bluenrg1.o(.wakeupFromSleepFlag)
    app_base                                 0x20000010   Data           4  system_bluenrg1.o(.app_base)
    flash_sw_lock                            0x20000014   Data           4  system_bluenrg1.o(.flash_sw_lock)
    rfTimeout                                0x20000018   Data           4  system_bluenrg1.o(.rfTimeout)
    BOR_config                               0x2000001c   Data           7  system_bluenrg1.o(.BOR_config)
    __blueflag_RAM                           0x20000030   Data           4  system_bluenrg1.o(.__blueflag_RAM)
    __blue_RAM                               0x200000c0   Data         524  system_bluenrg1.o(.bss.__blue_RAM)
    __stdout                                 0x200002cc   Data           4  sdk_eval_com.o(.data)
    savedICSR                                0x200002d4   Data           4  system_bluenrg1.o(.data)
    savedSHCSR                               0x200002d8   Data           4  system_bluenrg1.o(.data)
    savedNVIC_ISPR                           0x200002dc   Data           4  system_bluenrg1.o(.data)
    ch                                       0x200002e0   Data           1  ble_beacon_main.o(.data)
    check                                    0x200002e1   Data           1  ble_beacon_main.o(.data)
    addr                                     0x200002e8   Data           4  ble_beacon_main.o(.data)
    query_B1                                 0x200002ec   Data           9  ble_beacon_main.o(.data)
    query_B2                                 0x200002f5   Data           9  ble_beacon_main.o(.data)
    query_B3                                 0x200002fe   Data           9  ble_beacon_main.o(.data)
    query_B4                                 0x20000307   Data           9  ble_beacon_main.o(.data)
    greatings                                0x20000310   Data          10  ble_beacon_main.o(.data)
    _rxHeaderTo                              0x2000031a   Data           1  _nrf905_.o(.data)
    _rxHeaderFrom                            0x2000031b   Data           1  _nrf905_.o(.data)
    _rxHeaderId                              0x2000031c   Data           1  _nrf905_.o(.data)
    _rxHeaderFlags                           0x2000031d   Data           1  _nrf905_.o(.data)
    _txHeaderTo                              0x2000031e   Data           1  _nrf905_.o(.data)
    _txHeaderFrom                            0x2000031f   Data           1  _nrf905_.o(.data)
    _txHeaderId                              0x20000320   Data           1  _nrf905_.o(.data)
    _txHeaderFlags                           0x20000321   Data           1  _nrf905_.o(.data)
    _rxBufValid                              0x20000322   Data           1  _nrf905_.o(.data)
    _thisAddress                             0x20000323   Data           1  _nrf905_.o(.data)
    _promiscuous                             0x20000324   Data           1  _nrf905_.o(.data)
    _bufLen                                  0x20000325   Data           1  _nrf905_.o(.data)
    _mode                                    0x20000326   Data           1  _nrf905_.o(.data)
    _rxBad                                   0x20000328   Data           2  _nrf905_.o(.data)
    _rxGood                                  0x2000032a   Data           2  _nrf905_.o(.data)
    _txGood                                  0x2000032c   Data           2  _nrf905_.o(.data)
    chatServHandle                           0x2000032e   Data           2  gatt_db.o(.data)
    TXCharHandle                             0x20000330   Data           2  gatt_db.o(.data)
    RXCharHandle                             0x20000332   Data           2  gatt_db.o(.data)
    get_mod                                  0x20000334   Data           3  gatt_db.o(.data)
    g_var_close_connect_event_now            0x20000338   Data           1  ll_isr.o(.data)
    g_var_close_connect_now                  0x20000339   Data           1  ll_isr.o(.data)
    g_var_linkslaveno                        0x2000033a   Data           1  ll_isr.o(.data)
    g_var_state2                             0x2000033b   Data           1  ll_isr.o(.data)
    g_var_index                              0x2000033c   Data           1  ll_isr.o(.data)
    g_var_sending_scan_response              0x2000033d   Data           1  ll_isr.o(.data)
    g_var_scan_response_sent                 0x2000033e   Data           1  ll_isr.o(.data)
    g_var_int_value                          0x20000340   Data           4  ll_isr.o(.data)
    g_var_LinkPerp                           0x20000344   Data           4  ll_isr.o(.data)
    g_var_bluedata1                          0x20000348   Data           4  ll_isr.o(.data)
    g_var_txdata                             0x2000034c   Data           4  ll_isr.o(.data)
    g_var_sent_event                         0x20000350   Data           4  ll_isr.o(.data)
    g_var_RcvData                            0x20000354   Data           4  ll_isr.o(.data)
    mem_alloc_ctx_p                          0x20000380   Data           4  mem_alloc.o(.data)
    csmem_sm_ctx_p                           0x20000384   Data           4  smp_common.o(.data)
    __microlib_freelist                      0x20000388   Data           4  mvars.o(.data)
    __microlib_freelist_initialised          0x2000038c   Data           4  mvars.o(.data)
    hot_table_radio_config                   0x20000394   Data          32  system_bluenrg1.o(.bss)
    _buf                                     0x200003b4   Data          32  _nrf905_.o(.bss)
    service_uuid                             0x200003d4   Data          16  gatt_db.o(.bss)
    char_uuid                                0x200003e4   Data          16  gatt_db.o(.bss)
    _BlueNRG_Stack_Init_params               0x200003f4   Data          52  mem_alloc.o(.bss)
    dyn_alloc_a                              0x20000428   Data        8924  ble_beacon_main.o(.noinit.data)
    Image$$ARM_LIB_STACKHEAP$$ZI$$Base       0x20005400   Number         0  anon$$obj.o ABSOLUTE
    Image$$ARM_LIB_STACKHEAP$$ZI$$Limit      0x20006000   Number         0  anon$$obj.o ABSOLUTE



==============================================================================

Memory Map of the image

  Image Entry point : 0x10040161

  Load Region LR_IROM2 (Base: 0x10040000, Size: 0x00000000, Max: 0x00000000, ABSOLUTE)

    Execution Region REGION_FLASH_BOOTLOADER (Base: 0x10040000, Size: 0x00000000, Max: 0x00000000, ABSOLUTE)

    **** No section assigned to this execution region ****



  Load Region LR_IROM1 (Base: 0x10040000, Size: 0x0000ce14, Max: 0x0003f000, ABSOLUTE, COMPRESSED[0x0000cc10])

    Execution Region REGION_ROM (Base: 0x10000000, Size: 0x00000800, Max: 0x00000800, ABSOLUTE)

    Base Addr    Size         Type   Attr      Idx    E Section Name        Object

    0x10000000   0x00000800   Zero   RW            1    REGION_ROM.bss      anon$$obj.o


    Execution Region REGION_FLASH (Base: 0x10040000, Size: 0x0000cb20, Max: 0xffffffff, ABSOLUTE)

    Base Addr    Size         Type   Attr      Idx    E Section Name        Object

    0x10040000   0x000000c0   Data   RO         2144    .intvec             system_bluenrg1.o
    0x100400c0   0x000000a0   Code   RO          104    . text              context_switch.o
    0x10040160   0x00000000   Code   RO         4055  * .ARM.Collect$$$$00000000  mc_p.l(entry.o)
    0x10040160   0x00000004   Code   RO         4432    .ARM.Collect$$$$00000002  mc_p.l(entry3.o)
    0x10040164   0x00000004   Code   RO         4435    .ARM.Collect$$$$00000004  mc_p.l(entry5.o)
    0x10040168   0x00000000   Code   RO         4437    .ARM.Collect$$$$00000008  mc_p.l(entry7b.o)
    0x10040168   0x00000000   Code   RO         4439    .ARM.Collect$$$$0000000A  mc_p.l(entry8b.o)
    0x10040168   0x00000008   Code   RO         4440    .ARM.Collect$$$$0000000B  mc_p.l(entry9a.o)
    0x10040170   0x00000000   Code   RO         4442    .ARM.Collect$$$$0000000D  mc_p.l(entry10a.o)
    0x10040170   0x00000000   Code   RO         4444    .ARM.Collect$$$$0000000F  mc_p.l(entry11a.o)
    0x10040170   0x00000004   Code   RO         4433    .ARM.Collect$$$$00002713  mc_p.l(entry3.o)
    0x10040174   0x0000002c   Code   RO         4058    .text               mc_p.l(uidiv.o)
    0x100401a0   0x00000042   Code   RO         4064    .text               mc_p.l(memmove.o)
    0x100401e2   0x00000024   Code   RO         4070    .text               mc_p.l(memseta.o)
    0x10040206   0x0000001c   Code   RO         4072    .text               mc_p.l(strcmp.o)
    0x10040222   0x0000001a   Code   RO         4074    .text               mc_p.l(memcmp.o)
    0x1004023c   0x00000014   Code   RO         4373    .text               mc_p.l(uread4.o)
    0x10040250   0x000000b2   Code   RO         4377    .text               mf_p.l(fadd.o)
    0x10040302   0x0000007a   Code   RO         4379    .text               mf_p.l(fmul.o)
    0x1004037c   0x00000164   Code   RO         4383    .text               mf_p.l(dadd.o)
    0x100404e0   0x000000d0   Code   RO         4385    .text               mf_p.l(dmul.o)
    0x100405b0   0x000000f0   Code   RO         4387    .text               mf_p.l(ddiv.o)
    0x100406a0   0x0000002c   Code   RO         4389    .text               mf_p.l(dscalb.o)
    0x100406cc   0x00000028   Code   RO         4395    .text               mf_p.l(dflti.o)
    0x100406f4   0x0000001c   Code   RO         4397    .text               mf_p.l(dfltui.o)
    0x10040710   0x00000028   Code   RO         4399    .text               mf_p.l(ffixui.o)
    0x10040738   0x00000028   Code   RO         4401    .text               mf_p.l(f2d.o)
    0x10040760   0x00000038   Code   RO         4403    .text               mf_p.l(d2f.o)
    0x10040798   0x00000060   Code   RO         4446    .text               mc_p.l(uldiv.o)
    0x100407f8   0x00000020   Code   RO         4448    .text               mc_p.l(llshl.o)
    0x10040818   0x00000026   Code   RO         4450    .text               mc_p.l(llsshr.o)
    0x1004083e   0x00000000   Code   RO         4461    .text               mc_p.l(iusefp.o)
    0x1004083e   0x00000082   Code   RO         4462    .text               mf_p.l(fepilogue.o)
    0x100408c0   0x000000be   Code   RO         4464    .text               mf_p.l(depilogue.o)
    0x1004097e   0x00000002   PAD
    0x10040980   0x00000028   Code   RO         4470    .text               mf_p.l(cdrcmple.o)
    0x100409a8   0x00000024   Code   RO         4472    .text               mc_p.l(init.o)
    0x100409cc   0x00000022   Code   RO         4474    .text               mc_p.l(llushr.o)
    0x100409ee   0x000000a2   Code   RO         4476    .text               mf_p.l(dsqrt.o)
    0x10040a90   0x00000056   Code   RO         4488    .text               mc_p.l(__dczerorl2.o)
    0x10040ae6   0x00000002   Code   RO         2105    i.ADC_Handler       system_bluenrg1.o
    0x10040ae8   0x00000026   Code   RO         3907    i.ATT_fill_error_resp  libbluenrg1_stack.a(att.o)
    0x10040b0e   0x00000002   PAD
    0x10040b10   0x00000020   Code   RO         3209    i.Acl_Init          libbluenrg1_stack.a(acl.o)
    0x10040b30   0x0000003c   Code   RO         3210    i.Acl_Rcv_Pkt_Handler  libbluenrg1_stack.a(acl.o)
    0x10040b6c   0x00000064   Code   RO         3212    i.Acl_Transmit_Data  libbluenrg1_stack.a(acl.o)
    0x10040bd0   0x00000044   Code   RO         3213    i.Acl_Tx_Cmpl_Pkt_Handler  libbluenrg1_stack.a(acl.o)
    0x10040c14   0x0000014c   Code   RO         2722    i.Add_Service       gatt_db.o
    0x10040d60   0x00000050   Code   RO         3910    i.Att_Check_Perms   libbluenrg1_stack.a(att.o)
    0x10040db0   0x00000284   Code   RO         2723    i.Attribute_Modified_CB  gatt_db.o
    0x10041034   0x00000020   Code   RO          110    i.BLEPLAT_get_part_info  miscutil.o
    0x10041054   0x00000040   Code   RO         2106    i.BOR_ConfigSave    system_bluenrg1.o
    0x10041094   0x00000044   Code   RO         2961    i.BlueNRG_Stack_Initialization  libbluenrg1_stack.a(bluenrg_main_func.o)
    0x100410d8   0x00000064   Code   RO         2962    i.BlueNRG_Stack_Initialize_ConfigData  libbluenrg1_stack.a(bluenrg_main_func.o)
    0x1004113c   0x00000084   Code   RO         2963    i.BlueNRG_Stack_Initialize_Layers  libbluenrg1_stack.a(bluenrg_main_func.o)
    0x100411c0   0x0000007c   Code   RO         2964    i.BlueNRG_Stack_Initialize_RAM_check  libbluenrg1_stack.a(bluenrg_main_func.o)
    0x1004123c   0x000000c4   Code   RO         2965    i.BlueNRG_Stack_Perform_Crystal_Check  libbluenrg1_stack.a(bluenrg_main_func.o)
    0x10041300   0x0000001c   Code   RO         2966    i.BlueNRG_Start_Crystal_Measurement  libbluenrg1_stack.a(bluenrg_main_func.o)
    0x1004131c   0x00000008   Code   RO         2468    i.Blue_Handler      bluenrg1_it.o
    0x10041324   0x00000098   Code   RO         3738    i.Blue_Init_Global  libbluenrg1_stack.a(routines_support.o)
    0x100413bc   0x00000024   Code   RO         3711    i.Blue_Set_Radio_Config_Data  libbluenrg1_stack.a(rom_ll_routines_support.o)
    0x100413e0   0x0000003e   Code   RO         3350    i.Build_Notif_Or_Ind  libbluenrg1_stack.a(gatt_server.o)
    0x1004141e   0x00000018   Code   RO         3640    i.Check_Encry_Key_Size  libbluenrg1_stack.a(rom_gatt_server.o)
    0x10041436   0x000000a0   Code   RO         3912    i.Check_Permission  libbluenrg1_stack.a(att.o)
    0x100414d6   0x00000002   Code   RO         2108    i.DMA_Handler       system_bluenrg1.o
    0x100414d8   0x00000004   Code   RO         3052    i.Data_Length_Update_Control_ISR_ucfg  libbluenrg1_stack.a(ll_isr.o)
    0x100414dc   0x0000000e   Code   RO         3900    i.Delay_With_NOP_Cycles  libbluenrg1_stack.a(utils.o)
    0x100414ea   0x00000002   PAD
    0x100414ec   0x00000164   Code   RO         2109    i.DeviceConfiguration  system_bluenrg1.o
    0x10041650   0x00000110   Code   RO         2327    i.Device_Init       ble_beacon_main.o
    0x10041760   0x00000264   Code   RO         3538    i.Dynamic_allocator  libbluenrg1_stack.a(mem_alloc.o)
    0x100419c4   0x00000002   Code   RO         3539    i.Dynamic_allocator_noRet  libbluenrg1_stack.a(mem_alloc.o)
    0x100419c6   0x0000000e   Code   RO         3751    i.Erase_Sector      libbluenrg1_stack.a(sdb.o)
    0x100419d4   0x0000004c   Code   RO         3072    i.Events_Process_init  libbluenrg1_stack.a(aci_events.o)
    0x10041a20   0x00000030   Code   RO          525    i.FLASH_ErasePage   bluenrg1_flash.o
    0x10041a50   0x00000014   Code   RO          526    i.FLASH_GetFlagStatus  bluenrg1_flash.o
    0x10041a64   0x00000034   Code   RO          529    i.FLASH_ProgramWord  bluenrg1_flash.o
    0x10041a98   0x00000004   Code   RO          531    i.FLASH_ReadByte    bluenrg1_flash.o
    0x10041a9c   0x00000004   Code   RO          532    i.FLASH_ReadWord    bluenrg1_flash.o
    0x10041aa0   0x00000010   Code   RO          534    i.FLASH_WaitCmdDone  bluenrg1_flash.o
    0x10041ab0   0x0000003c   Code   RO         3279    i.Find_Gatt_Client  libbluenrg1_stack.a(gatt_client.o)
    0x10041aec   0x0000003c   Code   RO         3589    i.Flash_Write_Flagged  libbluenrg1_stack.a(nvm.o)
    0x10041b28   0x00000092   Code   RO         2724    i.FromHex           gatt_db.o
    0x10041bba   0x00000002   PAD
    0x10041bbc   0x00000068   Code   RO         3236    i.GAP_Connection_Complete_Handler  libbluenrg1_stack.a(gap.o)
    0x10041c24   0x000001fc   Code   RO         3240    i.GAP_Init          libbluenrg1_stack.a(gap.o)
    0x10041e20   0x00000014   Code   RO         3241    i.GAP_Init_Context  libbluenrg1_stack.a(gap.o)
    0x10041e34   0x00000068   Code   RO         3243    i.GAP_LL_Event_Handler_ISR  libbluenrg1_stack.a(gap.o)
    0x10041e9c   0x00000070   Code   RO         3632    i.GAP_Notify_Add_Charac  libbluenrg1_stack.a(rom_gap_rom.o)
    0x10041f0c   0x0000001c   Code   RO         3264    i.GAP_check_and_set_role_ucfg  libbluenrg1_stack.a(gap.o)
    0x10041f28   0x00000004   Code   RO         3268    i.GAP_enable_controller_privacy_ucfg  libbluenrg1_stack.a(gap.o)
    0x10041f2c   0x00000044   Code   RO         3354    i.GATT_Connection_Complete_Handler  libbluenrg1_stack.a(gatt_server.o)
    0x10041f70   0x0000003a   Code   RO         3642    i.GATT_Num_Charac_Present  libbluenrg1_stack.a(rom_gatt_server.o)
    0x10041faa   0x00000002   PAD
    0x10041fac   0x0000002c   Code   RO         3355    i.GATT_Send_Packet  libbluenrg1_stack.a(gatt_server.o)
    0x10041fd8   0x00000018   Code   RO         3356    i.GATT_Server_Set_Flag  libbluenrg1_stack.a(gatt_server.o)
    0x10041ff0   0x00000002   Code   RO         2469    i.GPIO_Handler      bluenrg1_it.o
    0x10041ff2   0x00000002   PAD
    0x10041ff4   0x000000d4   Code   RO          626    i.GPIO_Init         bluenrg1_gpio.o
    0x100420c8   0x00000060   Code   RO          627    i.GPIO_InitLowPowerModes  bluenrg1_gpio.o
    0x10042128   0x00000012   Code   RO          628    i.GPIO_ReadBit      bluenrg1_gpio.o
    0x1004213a   0x00000002   PAD
    0x1004213c   0x0000000c   Code   RO          629    i.GPIO_ResetBits    bluenrg1_gpio.o
    0x10042148   0x00000008   Code   RO          630    i.GPIO_SetBits      bluenrg1_gpio.o
    0x10042150   0x0000000c   Code   RO          631    i.GPIO_StructInit   bluenrg1_gpio.o
    0x1004215c   0x00000018   Code   RO          634    i.GPIO_WriteBit     bluenrg1_gpio.o
    0x10042174   0x00000024   Code   RO          635    i.GPIO_WriteBitsLowPowerModes  bluenrg1_gpio.o
    0x10042198   0x00000160   Code   RO         3358    i.Gatt_Add_Charac_Desc  libbluenrg1_stack.a(gatt_server.o)
    0x100422f8   0x0000033c   Code   RO         3359    i.Gatt_Add_Characteristic  libbluenrg1_stack.a(gatt_server.o)
    0x10042634   0x00000158   Code   RO         3360    i.Gatt_Add_Descriptor  libbluenrg1_stack.a(gatt_server.o)
    0x1004278c   0x00000160   Code   RO         3361    i.Gatt_Add_Service  libbluenrg1_stack.a(gatt_server.o)
    0x100428ec   0x00000038   Code   RO         3369    i.Gatt_Find_Timed_Out_Connection_Index  libbluenrg1_stack.a(gatt_server.o)
    0x10042924   0x00000038   Code   RO         3375    i.Gatt_Server_Db_Check  libbluenrg1_stack.a(gatt_server.o)
    0x1004295c   0x00000194   Code   RO         3376    i.Gatt_Server_Init  libbluenrg1_stack.a(gatt_server.o)
    0x10042af0   0x0000021c   Code   RO         3377    i.Gatt_Server_L2C_Handler  libbluenrg1_stack.a(gatt_server.o)
    0x10042d0c   0x0000004c   Code   RO         3378    i.Gatt_Server_L2C_Handler_ISR  libbluenrg1_stack.a(gatt_server.o)
    0x10042d58   0x00000068   Code   RO         3382    i.Gatt_Update_Charac_Value  libbluenrg1_stack.a(gatt_server.o)
    0x10042dc0   0x00000390   Code   RO         3383    i.Gatt_Update_Charac_Value_Ext  libbluenrg1_stack.a(gatt_server.o)
    0x10043150   0x0000001e   Code   RO         3385    i.Gatt_search_handle  libbluenrg1_stack.a(gatt_server.o)
    0x1004316e   0x00000002   PAD
    0x10043170   0x00000030   Code   RO         3386    i.Gatt_search_service_handle  libbluenrg1_stack.a(gatt_server.o)
    0x100431a0   0x00000010   Code   RO         3636    i.Get_GAP_Handle    libbluenrg1_stack.a(rom_gap_rom.o)
    0x100431b0   0x00000044   Code   RO         1936    i.Get_LedGpioPin    sdk_eval_led.o
    0x100431f4   0x0000001c   Code   RO         2989    i.Get_Random_Addr   libbluenrg1_stack.a(hci.o)
    0x10043210   0x00000014   Code   RO         3637    i.Get_StaticRandAddr  libbluenrg1_stack.a(rom_gap_rom.o)
    0x10043224   0x00000054   Code   RO         2970    i.HAL_Flash_Store_Data  libbluenrg1_stack.a(hal.o)
    0x10043278   0x00000020   Code   RO         2971    i.HAL_Generate_Random_Bytes_To  libbluenrg1_stack.a(hal.o)
    0x10043298   0x00000060   Code   RO          113    i.HAL_GetPartInfo   miscutil.o
    0x100432f8   0x00000044   Code   RO         2974    i.HAL_Set_TX_Power_Level  libbluenrg1_stack.a(hal.o)
    0x1004333c   0x00000024   Code   RO         3399    i.HAL_VTimerAcc_sysT32_ms  libbluenrg1_stack.a(host_timer.o)
    0x10043360   0x00000012   Code   RO         3402    i.HAL_VTimerGetCurrentTime_sysT32  libbluenrg1_stack.a(host_timer.o)
    0x10043372   0x00000002   PAD
    0x10043374   0x0000007c   Code   RO         2990    i.HCI_Init          libbluenrg1_stack.a(hci.o)
    0x100433f0   0x0000003a   Code   RO         2976    i.Hal_Get_Random_Number  libbluenrg1_stack.a(hal.o)
    0x1004342a   0x00000012   Code   RO         2977    i.Hal_Get_Random_Number32  libbluenrg1_stack.a(hal.o)
    0x1004343c   0x00000002   Code   RO         2470    i.HardFault_Handler  bluenrg1_it.o
    0x1004343e   0x00000002   Code   RO         2112    i.I2C1_Handler      system_bluenrg1.o
    0x10043440   0x00000002   Code   RO         2113    i.I2C2_Handler      system_bluenrg1.o
    0x10043442   0x00000002   PAD
    0x10043444   0x00000128   Code   RO         3937    i.IDD_Initialize_Device_IDs  libbluenrg1_stack.a(device_id_data.o)
    0x1004356c   0x00000048   Code   RO         3387    i.Ind_Service_Change_Charac  libbluenrg1_stack.a(gatt_server.o)
    0x100435b4   0x00000018   Code   RO         3669    i.Is_Address_Initialized  libbluenrg1_stack.a(rom_ll_ll_routines.o)
    0x100435cc   0x00000010   Code   RO         3590    i.Is_Flash_Write_On_Going  libbluenrg1_stack.a(nvm.o)
    0x100435dc   0x0000007c   Code   RO         3427    i.L2C_Build_Command_Reject_Pdu  libbluenrg1_stack.a(l2cap.o)
    0x10043658   0x0000004a   Code   RO         3430    i.L2C_Connection_Complete_Handler  libbluenrg1_stack.a(l2cap.o)
    0x100436a2   0x0000002a   Code   RO         3431    i.L2C_Connection_Complete_Signal_Handler  libbluenrg1_stack.a(l2cap.o)
    0x100436cc   0x00000034   Code   RO         3432    i.L2C_Get_Connection_Info  libbluenrg1_stack.a(l2cap.o)
    0x10043700   0x00000030   Code   RO         3433    i.L2C_Get_Connection_Info_Index  libbluenrg1_stack.a(l2cap.o)
    0x10043730   0x0000000e   Code   RO         3434    i.L2C_Get_PDU_Len   libbluenrg1_stack.a(l2cap.o)
    0x1004373e   0x00000002   PAD
    0x10043740   0x00000058   Code   RO         3435    i.L2C_Init          libbluenrg1_stack.a(l2cap.o)
    0x10043798   0x00000058   Code   RO         3436    i.L2C_Mux_Acl_Packet  libbluenrg1_stack.a(l2cap.o)
    0x100437f0   0x000000cc   Code   RO         3437    i.L2C_Rcv_Data      libbluenrg1_stack.a(l2cap.o)
    0x100438bc   0x0000001e   Code   RO         3438    i.L2C_Rcv_Event_Handler  libbluenrg1_stack.a(l2cap.o)
    0x100438da   0x00000054   Code   RO         3439    i.L2C_Rcv_Event_Handler_ISR  libbluenrg1_stack.a(l2cap.o)
    0x1004392e   0x00000002   PAD
    0x10043930   0x0000007c   Code   RO         3440    i.L2C_Reset_To_Closed_State  libbluenrg1_stack.a(l2cap.o)
    0x100439ac   0x0000004c   Code   RO         3441    i.L2C_Send_Data     libbluenrg1_stack.a(l2cap.o)
    0x100439f8   0x000001b0   Code   RO         3443    i.L2C_Signal_Channel_Handler  libbluenrg1_stack.a(l2cap.o)
    0x10043ba8   0x00000024   Code   RO         3444    i.L2C_Signal_Channel_Handler_ISR  libbluenrg1_stack.a(l2cap.o)
    0x10043bcc   0x0000005c   Code   RO         3445    i.L2C_discard_accumulated_acl_data  libbluenrg1_stack.a(l2cap.o)
    0x10043c28   0x00000004   Code   RO         3492    i.LL_Data_Length_Change_Event_ucfg  libbluenrg1_stack.a(ll_routines.o)
    0x10043c2c   0x0000021c   Code   RO         3672    i.LL_Enable_Disable_Adv  libbluenrg1_stack.a(rom_ll_ll_routines.o)
    0x10043e48   0x0000002c   Code   RO         3673    i.LL_Get_Address    libbluenrg1_stack.a(rom_ll_ll_routines.o)
    0x10043e74   0x0000018c   Code   RO         3679    i.LL_Init           libbluenrg1_stack.a(rom_ll_ll_routines.o)
    0x10044000   0x00000028   Code   RO         3452    i.LL_LE_Clear_White_List  libbluenrg1_stack.a(ll_privacy.o)
    0x10044028   0x00000050   Code   RO         3681    i.LL_Send_ACL_Data  libbluenrg1_stack.a(rom_ll_ll_routines.o)
    0x10044078   0x00000004   Code   RO         3502    i.LL_Send_Length_Resp_ucfg  libbluenrg1_stack.a(ll_routines.o)
    0x1004407c   0x000000cc   Code   RO         3684    i.LL_Set_Adv_PDU_Format  libbluenrg1_stack.a(rom_ll_ll_routines.o)
    0x10044148   0x00000088   Code   RO         3686    i.LL_Set_Advertising_Buffers  libbluenrg1_stack.a(rom_ll_ll_routines.o)
    0x100441d0   0x00000058   Code   RO         3934    i.LL_Sleep_Req      libbluenrg1_stack.a(bluenrg_main_func_speed.o)
    0x10044228   0x00000048   Code   RO         3690    i.LL_Update_Advertising_Buffers  libbluenrg1_stack.a(rom_ll_ll_routines.o)
    0x10044270   0x00000048   Code   RO         3691    i.LL_Update_Scanning_Initiating_Buffers  libbluenrg1_stack.a(rom_ll_ll_routines.o)
    0x100442b8   0x00000094   Code   RO         3422    i.LL_receive_data   libbluenrg1_stack.a(isr_routines.o)
    0x1004434c   0x00000098   Code   RO         3655    i.LL_update_proc    libbluenrg1_stack.a(rom_ll_isr_routines.o)
    0x100443e4   0x00000014   Code   RO         3970    i.List_Circular_Get_Size  libbluenrg1_stack.a(rom_list.o)
    0x100443f8   0x0000000e   Code   RO         3973    i.List_Circular_Insert_Tail  libbluenrg1_stack.a(rom_list.o)
    0x10044406   0x00000016   Code   RO         3974    i.List_Circular_Node_Present  libbluenrg1_stack.a(rom_list.o)
    0x1004441c   0x0000001a   Code   RO         3975    i.List_Circular_Remove_Head  libbluenrg1_stack.a(rom_list.o)
    0x10044436   0x00000020   Code   RO         3976    i.List_Circular_Remove_Node  libbluenrg1_stack.a(rom_list.o)
    0x10044456   0x00000002   Code   RO         2114    i.MFT1A_Handler     system_bluenrg1.o
    0x10044458   0x00000002   Code   RO         2115    i.MFT1B_Handler     system_bluenrg1.o
    0x1004445a   0x00000002   Code   RO         2116    i.MFT2A_Handler     system_bluenrg1.o
    0x1004445c   0x00000002   Code   RO         2117    i.MFT2B_Handler     system_bluenrg1.o
    0x1004445e   0x00000012   Code   RO         3546    i.Mem_Buff_Append   libbluenrg1_stack.a(mem_buff.o)
    0x10044470   0x00000048   Code   RO         3547    i.Mem_Buff_Block_Copy  libbluenrg1_stack.a(mem_buff.o)
    0x100444b8   0x00000056   Code   RO         3548    i.Mem_Buff_Block_Write  libbluenrg1_stack.a(mem_buff.o)
    0x1004450e   0x000000ba   Code   RO         3551    i.Mem_Buff_Compact  libbluenrg1_stack.a(mem_buff.o)
    0x100445c8   0x0000002e   Code   RO         3552    i.Mem_Buff_Get      libbluenrg1_stack.a(mem_buff.o)
    0x100445f6   0x00000014   Code   RO         3553    i.Mem_Buff_Get_Chain_Count  libbluenrg1_stack.a(mem_buff.o)
    0x1004460a   0x00000014   Code   RO         3554    i.Mem_Buff_Get_Chain_Size  libbluenrg1_stack.a(mem_buff.o)
    0x1004461e   0x0000006a   Code   RO         3555    i.Mem_Buff_Init     libbluenrg1_stack.a(mem_buff.o)
    0x10044688   0x00000062   Code   RO         3556    i.Mem_Buff_Read     libbluenrg1_stack.a(mem_buff.o)
    0x100446ea   0x00000036   Code   RO         3557    i.Mem_Buff_Release  libbluenrg1_stack.a(mem_buff.o)
    0x10044720   0x0000008e   Code   RO         3558    i.Mem_Buff_Resize   libbluenrg1_stack.a(mem_buff.o)
    0x100447ae   0x00000068   Code   RO         3559    i.Mem_Buff_Write    libbluenrg1_stack.a(mem_buff.o)
    0x10044816   0x00000016   Code   RO         3540    i.Mem_assign        libbluenrg1_stack.a(mem_alloc.o)
    0x1004482c   0x00000002   Code   RO         2471    i.NMI_Handler       bluenrg1_it.o
    0x1004482e   0x00000002   PAD
    0x10044830   0x00000058   Code   RO         2528    i.NRF_data_available  _nrf905_.o
    0x10044888   0x00000044   Code   RO         2119    i.NVIC_SetPriority  system_bluenrg1.o
    0x100448cc   0x00000002   Code   RO         2120    i.NVM_Handler       system_bluenrg1.o
    0x100448ce   0x00000008   Code   RO          161    i.Osal_MemCmp       osal.o
    0x100448d6   0x00000008   Code   RO          162    i.Osal_MemCpy       osal.o
    0x100448de   0x00000008   Code   RO          163    i.Osal_MemSet       osal.o
    0x100448e6   0x00000002   Code   RO         2121    i.PKA_Handler       system_bluenrg1.o
    0x100448e8   0x00000014   Code   RO         1040    i.PKA_Reset         bluenrg1_pka.o
    0x100448fc   0x00000050   Code   RO         3600    i.PM_Check_And_Set  libbluenrg1_stack.a(pm.o)
    0x1004494c   0x00000054   Code   RO         3602    i.PM_Compact        libbluenrg1_stack.a(pm.o)
    0x100449a0   0x00000012   Code   RO         3603    i.PM_Copy_Pckt_Data  libbluenrg1_stack.a(pm.o)
    0x100449b2   0x00000002   PAD
    0x100449b4   0x00000018   Code   RO         3604    i.PM_Eng_Config     libbluenrg1_stack.a(pm.o)
    0x100449cc   0x0000000c   Code   RO         3605    i.PM_Extract_Pdu_MBuff  libbluenrg1_stack.a(pm.o)
    0x100449d8   0x0000003c   Code   RO         3606    i.PM_Get_Available_Buffer  libbluenrg1_stack.a(pm.o)
    0x10044a14   0x0000000a   Code   RO         3608    i.PM_Get_Mem_Buff_Count  libbluenrg1_stack.a(pm.o)
    0x10044a1e   0x00000002   PAD
    0x10044a20   0x00000044   Code   RO         3609    i.PM_Get_Pckt       libbluenrg1_stack.a(pm.o)
    0x10044a64   0x00000068   Code   RO         3610    i.PM_Init           libbluenrg1_stack.a(pm.o)
    0x10044acc   0x0000003c   Code   RO         3612    i.PM_Release_Acl_Pckt  libbluenrg1_stack.a(pm.o)
    0x10044b08   0x0000006c   Code   RO         3613    i.PM_Resize_Pckt_Pdu_Size  libbluenrg1_stack.a(pm.o)
    0x10044b74   0x00000012   Code   RO         3615    i.PM_Write_Pckt_Data  libbluenrg1_stack.a(pm.o)
    0x10044b86   0x00000002   PAD
    0x10044b88   0x000000b8   Code   RO         3466    i.PRIVWHIT_vInit_Struct  libbluenrg1_stack.a(ll_privacy.o)
    0x10044c40   0x00000058   Code   RO         3469    i.PRIV_SearchAddrInWhiteList  libbluenrg1_stack.a(ll_privacy.o)
    0x10044c98   0x00000004   Code   RO         2993    i.PRIV_controller_privacy_csr_ucfg  libbluenrg1_stack.a(hci.o)
    0x10044c9c   0x00000004   Code   RO         3471    i.PRIV_u32ProcessAdvPacket_ucfg  libbluenrg1_stack.a(ll_privacy.o)
    0x10044ca0   0x00000002   Code   RO         3481    i.PRIV_vGenerate_hci_le_enhanced_connection_complete_event_ucfg  libbluenrg1_stack.a(ll_privacy.o)
    0x10044ca2   0x00000002   Code   RO         2122    i.PendSV_Handler    system_bluenrg1.o
    0x10044ca4   0x0000000e   Code   RO         3388    i.Pm_Resize_Host_Acl_Pckt  libbluenrg1_stack.a(gatt_server.o)
    0x10044cb2   0x00000002   PAD
    0x10044cb4   0x00000218   Code   RO         3053    i.RAL_Isr           libbluenrg1_stack.a(ll_isr.o)
    0x10044ecc   0x00000020   Code   RO         2123    i.RESET_HANDLER     system_bluenrg1.o
    0x10044eec   0x00000002   Code   RO         2124    i.RTC_Handler       system_bluenrg1.o
    0x10044eee   0x00000002   Code   RO         3516    i.Reclassify_All_Channels_ucfg  libbluenrg1_stack.a(ll_routines_master.o)
    0x10044ef0   0x00000184   Code   RO         3753    i.SDB_Add_Record    libbluenrg1_stack.a(sdb.o)
    0x10045074   0x00000044   Code   RO         3758    i.SDB_Get_Number_Of_Valid_Records  libbluenrg1_stack.a(sdb.o)
    0x100450b8   0x0000003c   Code   RO         2125    i.SET_BORconfigStatus  system_bluenrg1.o
    0x100450f4   0x0000003c   Code   RO         3837    i.SMP_Init          libbluenrg1_stack.a(smp_common.o)
    0x10045130   0x000000f8   Code   RO         3842    i.SMP_acl_data_hndl  libbluenrg1_stack.a(smp_common.o)
    0x10045228   0x00000020   Code   RO         3845    i.SMP_check_encryption_key_size  libbluenrg1_stack.a(smp_common.o)
    0x10045248   0x00000094   Code   RO         3847    i.SMP_connection_complete_handler  libbluenrg1_stack.a(smp_common.o)
    0x100452dc   0x0000002e   Code   RO         3849    i.SMP_get_link_status  libbluenrg1_stack.a(smp_common.o)
    0x1004530a   0x00000002   PAD
    0x1004530c   0x0000004c   Code   RO         3850    i.SMP_get_remote_device_list_item  libbluenrg1_stack.a(smp_common.o)
    0x10045358   0x00000040   Code   RO         3852    i.SMP_hci_disconnection_complete_evt_hndl  libbluenrg1_stack.a(smp_common.o)
    0x10045398   0x00000120   Code   RO         3853    i.SMP_hci_encryption_change_evt_hndl  libbluenrg1_stack.a(smp_common.o)
    0x100454b8   0x0000002e   Code   RO         3854    i.SMP_hci_le_connection_complete_evt_hndl  libbluenrg1_stack.a(smp_common.o)
    0x100454e6   0x00000052   Code   RO         3855    i.SMP_hci_le_enhanced_connection_complete_evt_hndl  libbluenrg1_stack.a(smp_common.o)
    0x10045538   0x00000038   Code   RO         3856    i.SMP_hci_le_long_term_key_request_evt_hndl  libbluenrg1_stack.a(smp_common.o)
    0x10045570   0x00000040   Code   RO         3858    i.SMP_reset_timer   libbluenrg1_stack.a(smp_common.o)
    0x100455b0   0x00000018   Code   RO         1221    i.SPI_ClearRXFIFO   bluenrg1_spi.o
    0x100455c8   0x00000028   Code   RO         1222    i.SPI_ClearTXFIFO   bluenrg1_spi.o
    0x100455f0   0x00000018   Code   RO         1223    i.SPI_Cmd           bluenrg1_spi.o
    0x10045608   0x00000014   Code   RO         1234    i.SPI_GetFlagStatus  bluenrg1_spi.o
    0x1004561c   0x00000002   Code   RO         2126    i.SPI_Handler       system_bluenrg1.o
    0x1004561e   0x00000002   PAD
    0x10045620   0x00000054   Code   RO         1237    i.SPI_Init          bluenrg1_spi.o
    0x10045674   0x0000000c   Code   RO         1238    i.SPI_ReceiveData   bluenrg1_spi.o
    0x10045680   0x0000000c   Code   RO         1240    i.SPI_SendData      bluenrg1_spi.o
    0x1004568c   0x00000048   Code   RO         1241    i.SPI_SetBaudrate   bluenrg1_spi.o
    0x100456d4   0x0000000c   Code   RO         1242    i.SPI_SetDummyCharacter  bluenrg1_spi.o
    0x100456e0   0x00000018   Code   RO         1243    i.SPI_SetMasterCommunicationMode  bluenrg1_spi.o
    0x100456f8   0x00000018   Code   RO         1248    i.SPI_StructInit    bluenrg1_spi.o
    0x10045710   0x00000002   Code   RO         2472    i.SVC_Handler       bluenrg1_it.o
    0x10045712   0x00000002   PAD
    0x10045714   0x000000a0   Code   RO         1751    i.SdkEvalComUartInit  sdk_eval_com.o
    0x100457b4   0x0000000c   Code   RO         1876    i.SdkEvalGetVersion  sdk_eval_config.o
    0x100457c0   0x0000000c   Code   RO         1877    i.SdkEvalIdentification  sdk_eval_config.o
    0x100457cc   0x00000110   Code   RO         1991    i.SdkEvalSpiInit    sdk_eval_spi.o
    0x100458dc   0x00000016   Code   RO         1753    i.SdkEvalUart_Send_Data  sdk_eval_com.o
    0x100458f2   0x00000002   PAD
    0x100458f4   0x00000050   Code   RO         3391    i.Select_Next_Notification_Client  libbluenrg1_stack.a(gatt_server.o)
    0x10045944   0x0000004c   Code   RO         3392    i.Send_Notif_Or_Ind  libbluenrg1_stack.a(gatt_server.o)
    0x10045990   0x00000048   Code   RO         2128    i.Set_RF_FrontEnd   system_bluenrg1.o
    0x100459d8   0x00000024   Code   RO         3646    i.Start_Gatt_Timer  libbluenrg1_stack.a(rom_gatt_server.o)
    0x100459fc   0x0000001c   Code   RO         3647    i.Stop_Gatt_Timer   libbluenrg1_stack.a(rom_gatt_server.o)
    0x10045a18   0x00000098   Code   RO         1417    i.SysCtrl_GetWakeupResetReason  bluenrg1_sysctrl.o
    0x10045ab0   0x00000018   Code   RO         1418    i.SysCtrl_PeripheralClockCmd  bluenrg1_sysctrl.o
    0x10045ac8   0x00000002   Code   RO         2473    i.SysTick_Handler   bluenrg1_it.o
    0x10045aca   0x00000002   PAD
    0x10045acc   0x000000b8   Code   RO         2130    i.SystemInit        system_bluenrg1.o
    0x10045b84   0x00000014   Code   RO         3409    i.Timer_ExpiryCallback  libbluenrg1_stack.a(host_timer.o)
    0x10045b98   0x00000034   Code   RO         3410    i.Timer_Init        libbluenrg1_stack.a(host_timer.o)
    0x10045bcc   0x00000022   Code   RO         3412    i.Timer_StartOneShot  libbluenrg1_stack.a(host_timer.o)
    0x10045bee   0x00000002   PAD
    0x10045bf0   0x00000074   Code   RO         3413    i.Timer_StartOneShot_sysTime32  libbluenrg1_stack.a(host_timer.o)
    0x10045c64   0x00000058   Code   RO         3414    i.Timer_StopOneShot  libbluenrg1_stack.a(host_timer.o)
    0x10045cbc   0x00000024   Code   RO         3416    i.Timer_sysTime32_convMachineTime  libbluenrg1_stack.a(host_timer.o)
    0x10045ce0   0x0000001c   Code   RO         1463    i.UART_Cmd          bluenrg1_uart.o
    0x10045cfc   0x0000001c   Code   RO         1466    i.UART_GetFlagStatus  bluenrg1_uart.o
    0x10045d18   0x00000002   Code   RO         2474    i.UART_Handler      bluenrg1_it.o
    0x10045d1a   0x00000002   PAD
    0x10045d1c   0x00000138   Code   RO         1469    i.UART_Init         bluenrg1_uart.o
    0x10045e54   0x00000018   Code   RO         1474    i.UART_RxFifoIrqLevelConfig  bluenrg1_uart.o
    0x10045e6c   0x00000010   Code   RO         1476    i.UART_SendData     bluenrg1_uart.o
    0x10045e7c   0x00000002   Code   RO         2132    i.WDG_Handler       system_bluenrg1.o
    0x10045e7e   0x0000000a   Code   RO         3726    i.WindowWiden1      libbluenrg1_stack.a(rom_ll_timehandling.o)
    0x10045e88   0x00000010   Code   RO         3727    i.WindowWiden2      libbluenrg1_stack.a(rom_ll_timehandling.o)
    0x10045e98   0x000001b0   Code   RO         3763    i.Write_Client_Data  libbluenrg1_stack.a(sdb.o)
    0x10046048   0x000000e8   Code   RO         2967    i._BlueNRG_Stack_Initialization  libbluenrg1_stack.a(bluenrg_main_func.o)
    0x10046130   0x00000064   Code   RO         3269    i._GAP_Parse_Advertising_Report  libbluenrg1_stack.a(gap.o)
    0x10046194   0x00000020   Code   RO         4291    i.__0printf$8       mc_p.l(printf8.o)
    0x100461b4   0x0000002e   Code   RO         4466    i.__ARM_clz         mf_p.l(depilogue.o)
    0x100461e2   0x0000001a   Code   RO         3068    i.__ARM_common_memcpy1_6  libbluenrg1_stack.a(ll_isr.o)
    0x100461fc   0x0000001a   Code   RO         2753    i.__ARM_common_switch8  gatt_db.o
    0x10046216   0x00000002   PAD
    0x10046218   0x0000002c   Code   RO         4419    i.__ARM_fpclassify  m_ps.l(fpclassify.o)
    0x10046244   0x00000054   Code   RO         4345    i.__free$1region    mc_p.l(malloc1.o)
    0x10046298   0x000000ac   Code   RO         4421    i.__kernel_poly     m_ps.l(poly.o)
    0x10046344   0x000000c0   Code   RO         2134    i.__low_level_init  system_bluenrg1.o
    0x10046404   0x0000006c   Code   RO         4346    i.__malloc$1region  mc_p.l(malloc1.o)
    0x10046470   0x00000014   Code   RO         4405    i.__mathlib_dbl_divzero  m_ps.l(dunder.o)
    0x10046484   0x00000008   Code   RO         4407    i.__mathlib_dbl_infnan2  m_ps.l(dunder.o)
    0x1004648c   0x00000010   Code   RO         4408    i.__mathlib_dbl_invalid  m_ps.l(dunder.o)
    0x1004649c   0x00000014   Code   RO         4409    i.__mathlib_dbl_overflow  m_ps.l(dunder.o)
    0x100464b0   0x00000014   Code   RO         4411    i.__mathlib_dbl_underflow  m_ps.l(dunder.o)
    0x100464c4   0x0000000e   Code   RO         4482    i.__scatterload_copy  mc_p.l(handlers.o)
    0x100464d2   0x00000002   Code   RO         4483    i.__scatterload_null  mc_p.l(handlers.o)
    0x100464d4   0x0000000e   Code   RO         4484    i.__scatterload_zeroinit  mc_p.l(handlers.o)
    0x100464e2   0x00000002   PAD
    0x100464e4   0x0000000c   Code   RO         4456    i.__set_errno       mc_p.l(errno.o)
    0x100464f0   0x00000026   Code   RO         2901    i._load_uuid        libbluenrg1_stack.a(bluenrg_gatt_aci.o)
    0x10046516   0x00000002   PAD
    0x10046518   0x00000428   Code   RO         4298    i._printf_core      mc_p.l(printf8.o)
    0x10046940   0x00000020   Code   RO         4299    i._printf_post_padding  mc_p.l(printf8.o)
    0x10046960   0x0000002c   Code   RO         4300    i._printf_pre_padding  mc_p.l(printf8.o)
    0x1004698c   0x00000002   Code   RO         3073    i.aci_att_exchange_mtu_resp_event  libbluenrg1_stack.a(aci_events.o)
    0x1004698e   0x00000002   Code   RO         3074    i.aci_att_exec_write_resp_event  libbluenrg1_stack.a(aci_events.o)
    0x10046990   0x00000002   Code   RO         3075    i.aci_att_find_by_type_value_resp_event  libbluenrg1_stack.a(aci_events.o)
    0x10046992   0x00000002   Code   RO         3076    i.aci_att_find_info_resp_event  libbluenrg1_stack.a(aci_events.o)
    0x10046994   0x00000002   Code   RO         3077    i.aci_att_prepare_write_resp_event  libbluenrg1_stack.a(aci_events.o)
    0x10046996   0x00000002   Code   RO         3078    i.aci_att_read_blob_resp_event  libbluenrg1_stack.a(aci_events.o)
    0x10046998   0x00000002   Code   RO         3079    i.aci_att_read_by_group_type_resp_event  libbluenrg1_stack.a(aci_events.o)
    0x1004699a   0x00000002   Code   RO         3080    i.aci_att_read_by_type_resp_event  libbluenrg1_stack.a(aci_events.o)
    0x1004699c   0x00000002   Code   RO         3081    i.aci_att_read_multiple_resp_event  libbluenrg1_stack.a(aci_events.o)
    0x1004699e   0x00000002   Code   RO         3082    i.aci_att_read_resp_event  libbluenrg1_stack.a(aci_events.o)
    0x100469a0   0x00000002   Code   RO         3083    i.aci_att_write_resp_event  libbluenrg1_stack.a(aci_events.o)
    0x100469a2   0x00000002   PAD
    0x100469a4   0x00000028   Code   RO         3084    i.aci_event_fifo_push  libbluenrg1_stack.a(aci_events.o)
    0x100469cc   0x000000bc   Code   RO         3085    i.aci_event_fifo_push_header  libbluenrg1_stack.a(aci_events.o)
    0x10046a88   0x00000002   Code   RO         3086    i.aci_gap_addr_not_resolved_event  libbluenrg1_stack.a(aci_events.o)
    0x10046a8a   0x00000002   Code   RO         3087    i.aci_gap_authorization_req_event  libbluenrg1_stack.a(aci_events.o)
    0x10046a8c   0x00000054   Code   RO         3864    i.aci_gap_authorization_req_event_push  libbluenrg1_stack.a(smp_common.o)
    0x10046ae0   0x00000002   Code   RO         3088    i.aci_gap_bond_lost_event  libbluenrg1_stack.a(aci_events.o)
    0x10046ae2   0x00000002   Code   RO         3089    i.aci_gap_device_found_event  libbluenrg1_stack.a(aci_events.o)
    0x10046ae4   0x00000030   Code   RO         2865    i.aci_gap_init      libbluenrg1_stack.a(bluenrg_gap_aci.o)
    0x10046b14   0x00000002   Code   RO         3090    i.aci_gap_keypress_notification_event  libbluenrg1_stack.a(aci_events.o)
    0x10046b16   0x00000002   Code   RO         3091    i.aci_gap_limited_discoverable_event  libbluenrg1_stack.a(aci_events.o)
    0x10046b18   0x00000002   Code   RO         3092    i.aci_gap_numeric_comparison_value_event  libbluenrg1_stack.a(aci_events.o)
    0x10046b1a   0x00000002   Code   RO         3093    i.aci_gap_pairing_complete_event  libbluenrg1_stack.a(aci_events.o)
    0x10046b1c   0x0000005c   Code   RO         3865    i.aci_gap_pairing_complete_event_push  libbluenrg1_stack.a(smp_common.o)
    0x10046b78   0x00000002   Code   RO         3094    i.aci_gap_pass_key_req_event  libbluenrg1_stack.a(aci_events.o)
    0x10046b7a   0x00000002   Code   RO         3095    i.aci_gap_proc_complete_event  libbluenrg1_stack.a(aci_events.o)
    0x10046b7c   0x00000074   Code   RO         3272    i.aci_gap_proc_complete_event_push  libbluenrg1_stack.a(gap.o)
    0x10046bf0   0x00000002   Code   RO         3096    i.aci_gap_slave_security_initiated_event  libbluenrg1_stack.a(aci_events.o)
    0x10046bf2   0x0000003e   Code   RO         2908    i.aci_gatt_add_char  libbluenrg1_stack.a(bluenrg_gatt_aci.o)
    0x10046c30   0x00000036   Code   RO         2910    i.aci_gatt_add_service  libbluenrg1_stack.a(bluenrg_gatt_aci.o)
    0x10046c66   0x0000000e   Code   RO         2329    i.aci_gatt_attribute_modified_event  ble_beacon_main.o
    0x10046c74   0x00000002   Code   RO         3098    i.aci_gatt_disc_read_char_by_uuid_resp_event  libbluenrg1_stack.a(aci_events.o)
    0x10046c76   0x00000002   Code   RO         3099    i.aci_gatt_error_resp_event  libbluenrg1_stack.a(aci_events.o)
    0x10046c78   0x00000002   Code   RO         3100    i.aci_gatt_indication_event  libbluenrg1_stack.a(aci_events.o)
    0x10046c7a   0x00000008   Code   RO         2925    i.aci_gatt_init     libbluenrg1_stack.a(bluenrg_gatt_aci.o)
    0x10046c82   0x00000002   Code   RO         3101    i.aci_gatt_notification_event  libbluenrg1_stack.a(aci_events.o)
    0x10046c84   0x00000002   Code   RO         3102    i.aci_gatt_prepare_write_permit_req_event  libbluenrg1_stack.a(aci_events.o)
    0x10046c86   0x00000002   Code   RO         3103    i.aci_gatt_proc_complete_event  libbluenrg1_stack.a(aci_events.o)
    0x10046c88   0x00000002   Code   RO         3104    i.aci_gatt_proc_timeout_event  libbluenrg1_stack.a(aci_events.o)
    0x10046c8a   0x00000002   Code   RO         3105    i.aci_gatt_read_multi_permit_req_event  libbluenrg1_stack.a(aci_events.o)
    0x10046c8c   0x00000002   Code   RO         3106    i.aci_gatt_read_permit_req_event  libbluenrg1_stack.a(aci_events.o)
    0x10046c8e   0x00000002   Code   RO         3107    i.aci_gatt_server_confirmation_event  libbluenrg1_stack.a(aci_events.o)
    0x10046c90   0x00000002   Code   RO         3108    i.aci_gatt_tx_pool_available_event  libbluenrg1_stack.a(aci_events.o)
    0x10046c92   0x00000002   Code   RO         3109    i.aci_gatt_write_permit_req_event  libbluenrg1_stack.a(aci_events.o)
    0x10046c94   0x00000010   Code   RO         2330    i.aci_hal_end_of_radio_activity_event  ble_beacon_main.o
    0x10046ca4   0x00000002   Code   RO         3110    i.aci_hal_fw_error_event  libbluenrg1_stack.a(aci_events.o)
    0x10046ca6   0x00000002   PAD
    0x10046ca8   0x0000005c   Code   RO         3395    i.aci_hal_fw_error_event_push  libbluenrg1_stack.a(gatt_server.o)
    0x10046d04   0x00000002   Code   RO         3111    i.aci_hal_scan_req_report_event  libbluenrg1_stack.a(aci_events.o)
    0x10046d06   0x00000002   PAD
    0x10046d08   0x00000010   Code   RO         2979    i.aci_hal_set_radio_activity_mask  libbluenrg1_stack.a(hal.o)
    0x10046d18   0x00000008   Code   RO         2954    i.aci_hal_set_tx_power_level  libbluenrg1_stack.a(bluenrg_hal_aci.o)
    0x10046d20   0x00000002   Code   RO         3112    i.aci_l2cap_command_reject_event  libbluenrg1_stack.a(aci_events.o)
    0x10046d22   0x00000002   Code   RO         3113    i.aci_l2cap_connection_update_req_event  libbluenrg1_stack.a(aci_events.o)
    0x10046d24   0x00000098   Code   RO         3446    i.aci_l2cap_connection_update_req_event_push  libbluenrg1_stack.a(l2cap.o)
    0x10046dbc   0x00000002   Code   RO         3114    i.aci_l2cap_connection_update_resp_event  libbluenrg1_stack.a(aci_events.o)
    0x10046dbe   0x00000002   Code   RO         3115    i.aci_l2cap_proc_timeout_event  libbluenrg1_stack.a(aci_events.o)
    0x10046dc0   0x00000004   Code   RO         3220    i.acl_list_first    libbluenrg1_stack.a(acl_list.o)
    0x10046dc4   0x00000010   Code   RO         3224    i.acl_list_init     libbluenrg1_stack.a(acl_list.o)
    0x10046dd4   0x0000002c   Code   RO         3226    i.acl_list_insert_tail  libbluenrg1_stack.a(acl_list.o)
    0x10046e00   0x00000044   Code   RO         3229    i.acl_list_remove   libbluenrg1_stack.a(acl_list.o)
    0x10046e44   0x00000260   Code   RO         3564    i.adapt_slot        libbluenrg1_stack.a(multi_master_time.o)
    0x100470a4   0x0000001e   Code   RO         3656    i.addr_u32_from_u8  libbluenrg1_stack.a(rom_ll_isr_routines.o)
    0x100470c2   0x00000002   PAD
    0x100470c4   0x000002cc   Code   RO         3565    i.advance_slave_timing_MultiSlave  libbluenrg1_stack.a(multi_master_time.o)
    0x10047390   0x0000068c   Code   RO         3233    i.advance_wakeup_timer  libbluenrg1_stack.a(advance_wakeup_time.o)
    0x10047a1c   0x0000001c   Code   RO         2980    i.ble_HAL_Init      libbluenrg1_stack.a(hal.o)
    0x10047a38   0x00000004   Code   RO         3658    i.cancel_connect_master_ucfg  libbluenrg1_stack.a(rom_ll_isr_routines.o)
    0x10047a3c   0x000001a8   Code   RO         3567    i.cancel_current_master  libbluenrg1_stack.a(multi_master_time.o)
    0x10047be4   0x0000007c   Code   RO         3659    i.cancel_master     libbluenrg1_stack.a(rom_ll_isr_routines.o)
    0x10047c60   0x000000c4   Code   RO         3423    i.cancel_slave      libbluenrg1_stack.a(isr_routines.o)
    0x10047d24   0x00000024   Code   RO         3116    i.cb_aci_att_exchange_mtu_resp_event  libbluenrg1_stack.a(aci_events.o)
    0x10047d48   0x00000020   Code   RO         3117    i.cb_aci_att_exec_write_resp_event  libbluenrg1_stack.a(aci_events.o)
    0x10047d68   0x00000024   Code   RO         3118    i.cb_aci_att_find_by_type_value_resp_event  libbluenrg1_stack.a(aci_events.o)
    0x10047d8c   0x00000028   Code   RO         3119    i.cb_aci_att_find_info_resp_event  libbluenrg1_stack.a(aci_events.o)
    0x10047db4   0x0000002c   Code   RO         3120    i.cb_aci_att_prepare_write_resp_event  libbluenrg1_stack.a(aci_events.o)
    0x10047de0   0x00000024   Code   RO         3121    i.cb_aci_att_read_blob_resp_event  libbluenrg1_stack.a(aci_events.o)
    0x10047e04   0x00000028   Code   RO         3122    i.cb_aci_att_read_by_group_type_resp_event  libbluenrg1_stack.a(aci_events.o)
    0x10047e2c   0x00000028   Code   RO         3123    i.cb_aci_att_read_by_type_resp_event  libbluenrg1_stack.a(aci_events.o)
    0x10047e54   0x00000024   Code   RO         3124    i.cb_aci_att_read_multiple_resp_event  libbluenrg1_stack.a(aci_events.o)
    0x10047e78   0x00000024   Code   RO         3125    i.cb_aci_att_read_resp_event  libbluenrg1_stack.a(aci_events.o)
    0x10047e9c   0x00000024   Code   RO         3126    i.cb_aci_att_write_resp_event  libbluenrg1_stack.a(aci_events.o)
    0x10047ec0   0x00000020   Code   RO         3127    i.cb_aci_gap_addr_not_resolved_event  libbluenrg1_stack.a(aci_events.o)
    0x10047ee0   0x00000020   Code   RO         3128    i.cb_aci_gap_authorization_req_event  libbluenrg1_stack.a(aci_events.o)
    0x10047f00   0x0000001c   Code   RO         3129    i.cb_aci_gap_bond_lost_event  libbluenrg1_stack.a(aci_events.o)
    0x10047f1c   0x00000020   Code   RO         3130    i.cb_aci_gap_device_found_event  libbluenrg1_stack.a(aci_events.o)
    0x10047f3c   0x00000024   Code   RO         3131    i.cb_aci_gap_keypress_notification_event  libbluenrg1_stack.a(aci_events.o)
    0x10047f60   0x0000001c   Code   RO         3132    i.cb_aci_gap_limited_discoverable_event  libbluenrg1_stack.a(aci_events.o)
    0x10047f7c   0x00000024   Code   RO         3133    i.cb_aci_gap_numeric_comparison_value_event  libbluenrg1_stack.a(aci_events.o)
    0x10047fa0   0x00000024   Code   RO         3134    i.cb_aci_gap_pairing_complete_event  libbluenrg1_stack.a(aci_events.o)
    0x10047fc4   0x00000020   Code   RO         3135    i.cb_aci_gap_pass_key_req_event  libbluenrg1_stack.a(aci_events.o)
    0x10047fe4   0x00000028   Code   RO         3136    i.cb_aci_gap_proc_complete_event  libbluenrg1_stack.a(aci_events.o)
    0x1004800c   0x0000001c   Code   RO         3137    i.cb_aci_gap_slave_security_initiated_event  libbluenrg1_stack.a(aci_events.o)
    0x10048028   0x0000002c   Code   RO         3138    i.cb_aci_gatt_attribute_modified_event  libbluenrg1_stack.a(aci_events.o)
    0x10048054   0x00000028   Code   RO         3139    i.cb_aci_gatt_disc_read_char_by_uuid_resp_event  libbluenrg1_stack.a(aci_events.o)
    0x1004807c   0x00000028   Code   RO         3140    i.cb_aci_gatt_error_resp_event  libbluenrg1_stack.a(aci_events.o)
    0x100480a4   0x00000028   Code   RO         3141    i.cb_aci_gatt_indication_event  libbluenrg1_stack.a(aci_events.o)
    0x100480cc   0x00000028   Code   RO         3142    i.cb_aci_gatt_notification_event  libbluenrg1_stack.a(aci_events.o)
    0x100480f4   0x00000016   Code   RO         3143    i.cb_aci_gatt_prepare_write_permit_req_event  libbluenrg1_stack.a(aci_events.o)
    0x1004810a   0x00000002   PAD
    0x1004810c   0x00000024   Code   RO         3144    i.cb_aci_gatt_proc_complete_event  libbluenrg1_stack.a(aci_events.o)
    0x10048130   0x00000020   Code   RO         3145    i.cb_aci_gatt_proc_timeout_event  libbluenrg1_stack.a(aci_events.o)
    0x10048150   0x00000010   Code   RO         3146    i.cb_aci_gatt_read_multi_permit_req_event  libbluenrg1_stack.a(aci_events.o)
    0x10048160   0x00000010   Code   RO         3147    i.cb_aci_gatt_read_permit_req_event  libbluenrg1_stack.a(aci_events.o)
    0x10048170   0x0000000a   Code   RO         3148    i.cb_aci_gatt_server_confirmation_event  libbluenrg1_stack.a(aci_events.o)
    0x1004817a   0x0000000e   Code   RO         3149    i.cb_aci_gatt_tx_pool_available_event  libbluenrg1_stack.a(aci_events.o)
    0x10048188   0x00000012   Code   RO         3150    i.cb_aci_gatt_write_permit_req_event  libbluenrg1_stack.a(aci_events.o)
    0x1004819a   0x00000010   Code   RO         3151    i.cb_aci_hal_fw_error_event  libbluenrg1_stack.a(aci_events.o)
    0x100481aa   0x00000002   PAD
    0x100481ac   0x00000028   Code   RO         3152    i.cb_aci_hal_scan_req_report_event  libbluenrg1_stack.a(aci_events.o)
    0x100481d4   0x00000016   Code   RO         3153    i.cb_aci_l2cap_command_reject_event  libbluenrg1_stack.a(aci_events.o)
    0x100481ea   0x00000002   PAD
    0x100481ec   0x00000034   Code   RO         3154    i.cb_aci_l2cap_connection_update_req_event  libbluenrg1_stack.a(aci_events.o)
    0x10048220   0x00000024   Code   RO         3155    i.cb_aci_l2cap_connection_update_resp_event  libbluenrg1_stack.a(aci_events.o)
    0x10048244   0x00000024   Code   RO         3156    i.cb_aci_l2cap_proc_timeout_event  libbluenrg1_stack.a(aci_events.o)
    0x10048268   0x00000002   Code   RO         3157    i.cb_hci_data_buffer_overflow_event  libbluenrg1_stack.a(aci_events.o)
    0x1004826a   0x00000002   PAD
    0x1004826c   0x00000024   Code   RO         3158    i.cb_hci_disconnection_complete_event  libbluenrg1_stack.a(aci_events.o)
    0x10048290   0x00000024   Code   RO         3159    i.cb_hci_encryption_change_event  libbluenrg1_stack.a(aci_events.o)
    0x100482b4   0x00000024   Code   RO         3160    i.cb_hci_encryption_key_refresh_complete_event  libbluenrg1_stack.a(aci_events.o)
    0x100482d8   0x00000024   Code   RO         3161    i.cb_hci_le_advertising_report_event  libbluenrg1_stack.a(aci_events.o)
    0x100482fc   0x00000044   Code   RO         3162    i.cb_hci_le_connection_complete_event  libbluenrg1_stack.a(aci_events.o)
    0x10048340   0x00000030   Code   RO         3163    i.cb_hci_le_connection_update_complete_event  libbluenrg1_stack.a(aci_events.o)
    0x10048370   0x00000030   Code   RO         3164    i.cb_hci_le_data_length_change_event  libbluenrg1_stack.a(aci_events.o)
    0x100483a0   0x00000024   Code   RO         3165    i.cb_hci_le_direct_advertising_report_event  libbluenrg1_stack.a(aci_events.o)
    0x100483c4   0x0000004c   Code   RO         3166    i.cb_hci_le_enhanced_connection_complete_event  libbluenrg1_stack.a(aci_events.o)
    0x10048410   0x00000028   Code   RO         3167    i.cb_hci_le_generate_dhkey_complete_event  libbluenrg1_stack.a(aci_events.o)
    0x10048438   0x00000028   Code   RO         3168    i.cb_hci_le_long_term_key_request_event  libbluenrg1_stack.a(aci_events.o)
    0x10048460   0x00000028   Code   RO         3169    i.cb_hci_le_read_local_p256_public_key_complete_event  libbluenrg1_stack.a(aci_events.o)
    0x10048488   0x0000002c   Code   RO         3170    i.cb_hci_le_read_remote_used_features_complete_event  libbluenrg1_stack.a(aci_events.o)
    0x100484b4   0x0000000a   Code   RO         3171    i.cb_hci_number_of_completed_packets_event  libbluenrg1_stack.a(aci_events.o)
    0x100484be   0x00000002   PAD
    0x100484c0   0x00000028   Code   RO         3172    i.cb_hci_read_remote_version_information_complete_event  libbluenrg1_stack.a(aci_events.o)
    0x100484e8   0x00000016   Code   RO         3173    i.cb_hci_rx_acl_data_event  libbluenrg1_stack.a(aci_events.o)
    0x100484fe   0x00000002   PAD
    0x10048500   0x00000020   Code   RO         2530    i.ch_no             _nrf905_.o
    0x10048520   0x00000012   Code   RO         2981    i.char_copy         libbluenrg1_stack.a(hal.o)
    0x10048532   0x00000002   PAD
    0x10048534   0x00000010   Code   RO         2532    i.clearRxBuf        _nrf905_.o
    0x10048544   0x00000012   Code   RO         3054    i.copy_4_u32        libbluenrg1_stack.a(ll_isr.o)
    0x10048556   0x00000002   PAD
    0x10048558   0x00000084   Code   RO         3055    i.copy_tx_data_packet  libbluenrg1_stack.a(ll_isr.o)
    0x100485dc   0x00000004   Code   RO         2995    i.data_length_extension_csr_ucfg  libbluenrg1_stack.a(hci.o)
    0x100485e0   0x00000040   Code   RO         2533    i.data_recv         _nrf905_.o
    0x10048620   0x00000074   Code   RO         3056    i.encrypt           libbluenrg1_stack.a(ll_isr.o)
    0x10048694   0x0000006c   Code   RO         3174    i.fifoBuf_getFreeHeader  libbluenrg1_stack.a(aci_events.o)
    0x10048700   0x0000000a   Code   RO         3175    i.fifoCtrl_init     libbluenrg1_stack.a(aci_events.o)
    0x1004870a   0x00000002   PAD
    0x1004870c   0x000000b8   Code   RO         2331    i.flash_check       ble_beacon_main.o
    0x100487c4   0x0000009c   Code   RO         2332    i.flash_data_read   ble_beacon_main.o
    0x10048860   0x0000000c   Code   RO         1756    i.fputc             sdk_eval_com.o
    0x1004886c   0x00000014   Code   RO         3660    i.get_adv_addr      libbluenrg1_stack.a(rom_ll_isr_routines.o)
    0x10048880   0x00000048   Code   RO         3568    i.get_advertiser    libbluenrg1_stack.a(multi_master_time.o)
    0x100488c8   0x00000088   Code   RO         3569    i.get_connection_no  libbluenrg1_stack.a(multi_master_time.o)
    0x10048950   0x00000034   Code   RO         3570    i.get_next_free_slot  libbluenrg1_stack.a(multi_master_time.o)
    0x10048984   0x00000014   Code   RO         3661    i.get_scan_addr     libbluenrg1_stack.a(rom_ll_isr_routines.o)
    0x10048998   0x00000298   Code   RO         3662    i.go_to_connect     libbluenrg1_stack.a(rom_ll_isr_routines.o)
    0x10048c30   0x00000034   Code   RO         2982    i.hal_radio_activity_state_callback_check  libbluenrg1_stack.a(hal.o)
    0x10048c64   0x0000001c   Code   RO         2983    i.hal_radio_activity_state_init  libbluenrg1_stack.a(hal.o)
    0x10048c80   0x00000040   Code   RO         2984    i.hal_read_radio_activity_state  libbluenrg1_stack.a(hal.o)
    0x10048cc0   0x0000006c   Code   RO         2333    i.hci_disconnection_complete_event  ble_beacon_main.o
    0x10048d2c   0x00000002   Code   RO         3178    i.hci_encryption_change_event  libbluenrg1_stack.a(aci_events.o)
    0x10048d2e   0x00000002   PAD
    0x10048d30   0x0000005c   Code   RO         3518    i.hci_encryption_change_event_push  libbluenrg1_stack.a(ll_routines_master.o)
    0x10048d8c   0x00000002   Code   RO         3179    i.hci_encryption_key_refresh_complete_event  libbluenrg1_stack.a(aci_events.o)
    0x10048d8e   0x00000002   PAD
    0x10048d90   0x00000058   Code   RO         3519    i.hci_encryption_key_refresh_complete_event_push  libbluenrg1_stack.a(ll_routines_master.o)
    0x10048de8   0x00000002   Code   RO         3181    i.hci_le_advertising_report_event  libbluenrg1_stack.a(aci_events.o)
    0x10048dea   0x00000002   Code   RO         3182    i.hci_le_connection_complete_event  libbluenrg1_stack.a(aci_events.o)
    0x10048dec   0x00000088   Code   RO         3521    i.hci_le_connection_complete_event_push  libbluenrg1_stack.a(ll_routines_master.o)
    0x10048e74   0x00000002   Code   RO         3183    i.hci_le_connection_update_complete_event  libbluenrg1_stack.a(aci_events.o)
    0x10048e76   0x00000002   PAD
    0x10048e78   0x0000006c   Code   RO         3522    i.hci_le_connection_update_complete_event_push  libbluenrg1_stack.a(ll_routines_master.o)
    0x10048ee4   0x00000002   Code   RO         3184    i.hci_le_data_length_change_event  libbluenrg1_stack.a(aci_events.o)
    0x10048ee6   0x00000002   Code   RO         3185    i.hci_le_direct_advertising_report_event  libbluenrg1_stack.a(aci_events.o)
    0x10048ee8   0x00000002   Code   RO         3186    i.hci_le_enhanced_connection_complete_event  libbluenrg1_stack.a(aci_events.o)
    0x10048eea   0x00000002   Code   RO         3187    i.hci_le_generate_dhkey_complete_event  libbluenrg1_stack.a(aci_events.o)
    0x10048eec   0x00000002   Code   RO         3188    i.hci_le_long_term_key_request_event  libbluenrg1_stack.a(aci_events.o)
    0x10048eee   0x00000002   Code   RO         3189    i.hci_le_read_local_p256_public_key_complete_event  libbluenrg1_stack.a(aci_events.o)
    0x10048ef0   0x00000002   Code   RO         3190    i.hci_le_read_remote_used_features_complete_event  libbluenrg1_stack.a(aci_events.o)
    0x10048ef2   0x00000002   PAD
    0x10048ef4   0x00000040   Code   RO         3021    i.hci_le_set_advertise_enable  libbluenrg1_stack.a(hci.o)
    0x10048f34   0x00000002   Code   RO         3191    i.hci_number_of_completed_packets_event  libbluenrg1_stack.a(aci_events.o)
    0x10048f36   0x00000002   Code   RO         3192    i.hci_read_remote_version_information_complete_event  libbluenrg1_stack.a(aci_events.o)
    0x10048f38   0x0000006c   Code   RO         3044    i.hci_rx_acl_data   libbluenrg1_stack.a(hci.o)
    0x10048fa4   0x00000004   Code   RO         3193    i.hci_rx_acl_data_event  libbluenrg1_stack.a(aci_events.o)
    0x10048fa8   0x00000044   Code   RO         3047    i.hci_tx_acl_data_done  libbluenrg1_stack.a(hci.o)
    0x10048fec   0x00000084   Code   RO         2702    i.init_GPIO         gpio_init.o
    0x10049070   0x00000010   Code   RO         3694    i.int32ToLe4Byte    libbluenrg1_stack.a(rom_ll_ll_routines.o)
    0x10049080   0x00000010   Code   RO         3765    i.int32ToLe4Byte    libbluenrg1_stack.a(sdb.o)
    0x10049090   0x00000040   Code   RO         3214    i.int_cb_hci_acl_data_ind_event  libbluenrg1_stack.a(acl.o)
    0x100490d0   0x00000054   Code   RO         3215    i.int_cb_hci_acl_data_tx_cmpl_event  libbluenrg1_stack.a(acl.o)
    0x10049124   0x00000026   Code   RO         3194    i.int_cb_hci_disconnection_complete_event  libbluenrg1_stack.a(aci_events.o)
    0x1004914a   0x0000001a   Code   RO         3195    i.int_cb_hci_encryption_change_event  libbluenrg1_stack.a(aci_events.o)
    0x10049164   0x0000001a   Code   RO         3196    i.int_cb_hci_encryption_key_refresh_complete_event  libbluenrg1_stack.a(aci_events.o)
    0x1004917e   0x0000001e   Code   RO         3197    i.int_cb_hci_le_advertising_report_event  libbluenrg1_stack.a(aci_events.o)
    0x1004919c   0x00000026   Code   RO         3198    i.int_cb_hci_le_connection_complete_event  libbluenrg1_stack.a(aci_events.o)
    0x100491c2   0x00000010   Code   RO         3199    i.int_cb_hci_le_data_length_change_event  libbluenrg1_stack.a(aci_events.o)
    0x100491d2   0x0000001e   Code   RO         3200    i.int_cb_hci_le_direct_advertising_report_event  libbluenrg1_stack.a(aci_events.o)
    0x100491f0   0x00000026   Code   RO         3201    i.int_cb_hci_le_enhanced_connection_complete_event  libbluenrg1_stack.a(aci_events.o)
    0x10049216   0x0000001a   Code   RO         3202    i.int_cb_hci_le_generate_dhkey_complete_event  libbluenrg1_stack.a(aci_events.o)
    0x10049230   0x0000000c   Code   RO         3203    i.int_cb_hci_le_long_term_key_request_event  libbluenrg1_stack.a(aci_events.o)
    0x1004923c   0x0000001a   Code   RO         3204    i.int_cb_hci_le_read_local_p256_public_key_complete_event  libbluenrg1_stack.a(aci_events.o)
    0x10049256   0x0000001e   Code   RO         3902    i.is_Buffer_All_Set_To  libbluenrg1_stack.a(utils.o)
    0x10049274   0x00000034   Code   RO         3572    i.is_slave          libbluenrg1_stack.a(multi_master_time.o)
    0x100492a8   0x00000020   Code   RO         3216    i.isr_Acl_Data_Indication_Queue_Full  libbluenrg1_stack.a(acl.o)
    0x100492c8   0x00000020   Code   RO         3217    i.isr_Acl_Data_TX_Cmpl_Queue_Full  libbluenrg1_stack.a(acl.o)
    0x100492e8   0x00000398   Code   RO         3058    i.isr_advertise_state  libbluenrg1_stack.a(ll_isr.o)
    0x10049680   0x000007e4   Code   RO         3060    i.isr_connect_slave_state  libbluenrg1_stack.a(ll_isr.o)
    0x10049e64   0x000005fc   Code   RO         3525    i.isr_event_handler  libbluenrg1_stack.a(ll_routines_master.o)
    0x1004a460   0x00000002   Code   RO         3527    i.isr_event_handler_scan_data_ucfg  libbluenrg1_stack.a(ll_routines_master.o)
    0x1004a462   0x00000002   PAD
    0x1004a464   0x000001f4   Code   RO         3419    i.isr_postproc      libbluenrg1_stack.a(isr_postproc.o)
    0x1004a658   0x00000110   Code   RO         3650    i.isr_postproc1     libbluenrg1_stack.a(rom_ll_isr_postproc.o)
    0x1004a768   0x00000016   Code   RO         3651    i.isr_postproc_encrypt_data  libbluenrg1_stack.a(rom_ll_isr_postproc.o)
    0x1004a77e   0x00000002   PAD
    0x1004a780   0x00000034   Code   RO         3062    i.isr_test_rx_state  libbluenrg1_stack.a(ll_isr.o)
    0x1004a7b4   0x00000064   Code   RO         3063    i.isr_test_tx_state  libbluenrg1_stack.a(ll_isr.o)
    0x1004a818   0x0000002c   Code   RO         3064    i.isr_unknown_state  libbluenrg1_stack.a(ll_isr.o)
    0x1004a844   0x0000000a   Code   RO         3663    i.le2ByteToInt16    libbluenrg1_stack.a(rom_ll_isr_routines.o)
    0x1004a84e   0x00000016   Code   RO         3664    i.le4ByteToInt32    libbluenrg1_stack.a(rom_ll_isr_routines.o)
    0x1004a864   0x00000020   Code   RO         3728    i.machine_time_trans  libbluenrg1_stack.a(rom_ll_timehandling.o)
    0x1004a884   0x000000b8   Code   RO         2335    i.main              ble_beacon_main.o
    0x1004a93c   0x000000a8   Code   RO         3541    i.mem_alloc_ctx_init  libbluenrg1_stack.a(mem_alloc.o)
    0x1004a9e4   0x00000008   Code   RO         3743    i.microseconds_to_machine_time  libbluenrg1_stack.a(routines_support.o)
    0x1004a9ec   0x0000001c   Code   RO         3722    i.modulo_37         libbluenrg1_stack.a(rom_ll_routines_support.o)
    0x1004aa08   0x000000c8   Code   RO         2534    i.nrf_init          _nrf905_.o
    0x1004aad0   0x00000018   Code   RO         3573    i.nsar_init         libbluenrg1_stack.a(multi_master_time.o)
    0x1004aae8   0x0000001c   Code   RO         3574    i.nsar_insertSlotListEntry  libbluenrg1_stack.a(multi_master_time.o)
    0x1004ab04   0x000000c0   Code   RO         3575    i.nsar_searchBestFreeSlot  libbluenrg1_stack.a(multi_master_time.o)
    0x1004abc4   0x00000022   Code   RO         3577    i.nsar_updateBestFreeSlot  libbluenrg1_stack.a(multi_master_time.o)
    0x1004abe6   0x00000002   PAD
    0x1004abe8   0x0000006c   Code   RO         3578    i.nsar_updateSlotListEntry  libbluenrg1_stack.a(multi_master_time.o)
    0x1004ac54   0x000009fc   Code   RO         4046    i.pow               m_ps.l(pow.o)
    0x1004b650   0x00000040   Code   RO         2535    i.printRegisters    _nrf905_.o
    0x1004b690   0x0000007c   Code   RO         3508    i.read_rssi         libbluenrg1_stack.a(ll_routines.o)
    0x1004b70c   0x000000b0   Code   RO         3583    i.schedule_advertise_slot  libbluenrg1_stack.a(multi_master_time.o)
    0x1004b7bc   0x00000164   Code   RO         3766    i.sdb_delete        libbluenrg1_stack.a(sdb.o)
    0x1004b920   0x000000c8   Code   RO         3767    i.sdb_find_client_data  libbluenrg1_stack.a(sdb.o)
    0x1004b9e8   0x00000018   Code   RO         3768    i.sdb_get_gatt_db_start_address  libbluenrg1_stack.a(sdb.o)
    0x1004ba00   0x00000020   Code   RO         3769    i.sdb_invalidate_record  libbluenrg1_stack.a(sdb.o)
    0x1004ba20   0x00000024   Code   RO         3770    i.sdb_read_record   libbluenrg1_stack.a(sdb.o)
    0x1004ba44   0x00000010   Code   RO         3771    i.sdb_read_record_validity  libbluenrg1_stack.a(sdb.o)
    0x1004ba54   0x0000007c   Code   RO         3772    i.sdb_write_record  libbluenrg1_stack.a(sdb.o)
    0x1004bad0   0x00000004   Code   RO         3893    i.secure_connections_csr_ucfg  libbluenrg1_stack.a(smp_scv42_sap.o)
    0x1004bad4   0x00000080   Code   RO         2536    i.send_data         _nrf905_.o
    0x1004bb54   0x0000004c   Code   RO         2537    i.setChannel        _nrf905_.o
    0x1004bba0   0x00000028   Code   RO         2542    i.setModeIDLE       _nrf905_.o
    0x1004bbc8   0x00000010   Code   RO         2545    i.setPromiscuous    _nrf905_.o
    0x1004bbd8   0x0000001e   Code   RO         2546    i.setRF             _nrf905_.o
    0x1004bbf6   0x00000002   PAD
    0x1004bbf8   0x00000088   Code   RO         3729    i.set_freq          libbluenrg1_stack.a(rom_ll_timehandling.o)
    0x1004bc80   0x0000001c   Code   RO         3730    i.set_sca           libbluenrg1_stack.a(rom_ll_timehandling.o)
    0x1004bc9c   0x00000010   Code   RO         2985    i.set_string        libbluenrg1_stack.a(hal.o)
    0x1004bcac   0x00000200   Code   RO         3744    i.slave_advance     libbluenrg1_stack.a(routines_support.o)
    0x1004beac   0x00000032   Code   RO         3866    i.smp_Keys_Distribution_Complete  libbluenrg1_stack.a(smp_common.o)
    0x1004bede   0x00000004   Code   RO         3800    i.smp_MI_Start_Encryption_ucfg  libbluenrg1_stack.a(securitymgr.o)
    0x1004bee2   0x00000002   PAD
    0x1004bee4   0x00000148   Code   RO         3867    i.smp_add_pairing_record_to_bonding_database  libbluenrg1_stack.a(smp_common.o)
    0x1004c02c   0x00000044   Code   RO         3868    i.smp_find_remote_device_index  libbluenrg1_stack.a(smp_common.o)
    0x1004c070   0x00000038   Code   RO         3869    i.smp_flush_rx_queues  libbluenrg1_stack.a(smp_common.o)
    0x1004c0a8   0x00000078   Code   RO         3878    i.smp_pairing_completed  libbluenrg1_stack.a(smp_common.o)
    0x1004c120   0x00000002   Code   RO         3895    i.smp_sc_hci_le_generate_dhkey_complete_evt_hndl_ucfg  libbluenrg1_stack.a(smp_scv42_sap.o)
    0x1004c122   0x00000002   Code   RO         3897    i.smp_sc_hci_le_read_local_p256_public_key_complete_evt_hndl_ucfg  libbluenrg1_stack.a(smp_scv42_sap.o)
    0x1004c124   0x00000002   Code   RO         4008    i.smp_sc_init_ucfg  libbluenrg1_stack.a(smp_scv42_caf.o)
    0x1004c126   0x00000002   Code   RO         4018    i.smp_sc_update_statistics_on_pairing_complete_ucfg  libbluenrg1_stack.a(smp_scv42_caf.o)
    0x1004c128   0x00000038   Code   RO         3884    i.smp_update_statistics_on_pairing_complete  libbluenrg1_stack.a(smp_common.o)
    0x1004c160   0x00000074   Code   RO         2765    i.spiBurstRead      spi_init.o
    0x1004c1d4   0x0000004c   Code   RO         2766    i.spiBurstWrite     spi_init.o
    0x1004c220   0x00000024   Code   RO         2767    i.spiCommand        spi_init.o
    0x1004c244   0x00000070   Code   RO         2548    i.spiReadRegister   _nrf905_.o
    0x1004c2b4   0x00000046   Code   RO         2549    i.spiWriteRegister  _nrf905_.o
    0x1004c2fa   0x00000002   PAD
    0x1004c2fc   0x00000048   Code   RO         4425    i.sqrt              m_ps.l(sqrt.o)
    0x1004c344   0x000000d0   Code   RO         3584    i.start_timebase    libbluenrg1_stack.a(multi_master_time.o)
    0x1004c414   0x00000002   Code   RO         3065    i.state_func_call_init_csr_ucfg  libbluenrg1_stack.a(ll_isr.o)
    0x1004c416   0x0000000a   Code   RO         2770    i.statusRead        spi_init.o
    0x1004c420   0x0000013c   Code   RO         3745    i.swap_slaves       libbluenrg1_stack.a(routines_support.o)
    0x1004c55c   0x0000000a   Code   RO         3585    i.swap_u16          libbluenrg1_stack.a(multi_master_time.o)
    0x1004c566   0x0000000a   Code   RO         3746    i.swap_u16          libbluenrg1_stack.a(routines_support.o)
    0x1004c570   0x0000000a   Code   RO         3747    i.swap_u32          libbluenrg1_stack.a(routines_support.o)
    0x1004c57a   0x0000000a   Code   RO         3748    i.swap_u8           libbluenrg1_stack.a(routines_support.o)
    0x1004c584   0x00000010   Code   RO         3731    i.system_time_trans  libbluenrg1_stack.a(rom_ll_timehandling.o)
    0x1004c594   0x00000030   Code   RO         3732    i.system_time_trans_ext  libbluenrg1_stack.a(rom_ll_timehandling.o)
    0x1004c5c4   0x0000000e   Code   RO         3733    i.time_offset1      libbluenrg1_stack.a(rom_ll_timehandling.o)
    0x1004c5d2   0x00000002   PAD
    0x1004c5d4   0x00000010   Code   RO         3734    i.time_offset2      libbluenrg1_stack.a(rom_ll_timehandling.o)
    0x1004c5e4   0x00000038   Code   RO         3586    i.timebase_start_connect  libbluenrg1_stack.a(multi_master_time.o)
    0x1004c61c   0x00000020   Code   RO         2551    i.tran_int          _nrf905_.o
    0x1004c63c   0x0000002e   Code   RO         3665    i.unpack_channel_map  libbluenrg1_stack.a(rom_ll_isr_routines.o)
    0x1004c66a   0x00000048   Code   RO         3666    i.unpack_update_request  libbluenrg1_stack.a(rom_ll_isr_routines.o)
    0x1004c6b2   0x00000002   PAD
    0x1004c6b4   0x0000004c   Code   RO         2552    i.validateRxBuf     _nrf905_.o
    0x1004c700   0x00000024   Code   RO         3652    i.wait_for_aes_ready  libbluenrg1_stack.a(rom_ll_isr_postproc.o)
    0x1004c724   0x0000007c   Code   RO         3697    i.wait_for_prescheduled_slot_cancellation  libbluenrg1_stack.a(rom_ll_ll_routines.o)
    0x1004c7a0   0x0000009c   Code   RO         2822    i.write_flash       flash_wr.o
    0x1004c83c   0x00000004   Data   RO         1879    .constdata          sdk_eval_config.o
    0x1004c840   0x00000004   Data   RO         1880    .constdata          sdk_eval_config.o
    0x1004c844   0x00000004   Data   RO         1881    .constdata          sdk_eval_config.o
    0x1004c848   0x00000004   Data   RO         1882    .constdata          sdk_eval_config.o
    0x1004c84c   0x0000000c   Data   RO         1891    .constdata          sdk_eval_config.o
    0x1004c858   0x00000004   Data   RO         1892    .constdata          sdk_eval_config.o
    0x1004c85c   0x00000004   Data   RO         1896    .constdata          sdk_eval_config.o
    0x1004c860   0x00000004   Data   RO         1897    .constdata          sdk_eval_config.o
    0x1004c864   0x00000004   Data   RO         1898    .constdata          sdk_eval_config.o
    0x1004c868   0x00000004   Data   RO         1899    .constdata          sdk_eval_config.o
    0x1004c86c   0x00000004   Data   RO         1900    .constdata          sdk_eval_config.o
    0x1004c870   0x00000004   Data   RO         1901    .constdata          sdk_eval_config.o
    0x1004c874   0x00000034   Data   RO         2337    .constdata          ble_beacon_main.o
    0x1004c8a8   0x0000001a   Data   RO         3066    .constdata          libbluenrg1_stack.a(ll_isr.o)
    0x1004c8c2   0x00000002   PAD
    0x1004c8c4   0x0000011c   Data   RO         3205    .constdata          libbluenrg1_stack.a(aci_events.o)
    0x1004c9e0   0x00000010   Data   RO         3735    .constdata          libbluenrg1_stack.a(rom_ll_timehandling.o)
    0x1004c9f0   0x00000088   Data   RO         4047    .constdata          m_ps.l(pow.o)
    0x1004ca78   0x00000008   Data   RO         4423    .constdata          m_ps.l(qnan.o)
    0x1004ca80   0x000000a0   Data   RO         4480    Region$$Table       anon$$obj.o


    Execution Region BLOCK_STACKLIB_FLASH_DATA (Base: 0x1007f000, Size: 0x00000838, Max: 0x00001000, ABSOLUTE, UNINIT)

    Base Addr    Size         Type   Attr      Idx    E Section Name        Object

    0x1007f000   0x00000800   Zero   RW         2342    .noinit.stacklib_flash_data  ble_beacon_main.o
    0x1007f800   0x00000038   Zero   RW         2343    .noinit.stacklib_stored_device_id_data  ble_beacon_main.o


    Execution Region ota_sw_activation_block (Base: 0x20000004, Size: 0x00000000, Max: 0x00000004, ABSOLUTE, UNINIT)

    **** No section assigned to this execution region ****


    Execution Region savedMSP_block (Base: 0x20000008, Size: 0x00000004, Max: 0x00000004, ABSOLUTE)

    Base Addr    Size         Type   Attr      Idx    E Section Name        Object

    0x20000008   0x00000004   Data   RW         2147    .savedMSP           system_bluenrg1.o


    Execution Region wakeupFromSleepFlag_block (Base: 0x2000000c, Size: 0x00000004, Max: 0x00000004, ABSOLUTE)

    Base Addr    Size         Type   Attr      Idx    E Section Name        Object

    0x2000000c   0x00000001   Data   RW         2148    .wakeupFromSleepFlag  system_bluenrg1.o


    Execution Region app_base_block (Base: 0x20000010, Size: 0x00000004, Max: 0x00000004, ABSOLUTE)

    Base Addr    Size         Type   Attr      Idx    E Section Name        Object

    0x20000010   0x00000004   Data   RW         2137    .app_base           system_bluenrg1.o


    Execution Region flash_sw_lock_block (Base: 0x20000014, Size: 0x00000004, Max: 0x00000004, ABSOLUTE)

    Base Addr    Size         Type   Attr      Idx    E Section Name        Object

    0x20000014   0x00000004   Data   RW         2143    .flash_sw_lock      system_bluenrg1.o


    Execution Region rfTimeout_block (Base: 0x20000018, Size: 0x00000004, Max: 0x00000004, ABSOLUTE)

    Base Addr    Size         Type   Attr      Idx    E Section Name        Object

    0x20000018   0x00000004   Data   RW         2146    .rfTimeout          system_bluenrg1.o


    Execution Region BOR_config_block (Base: 0x2000001c, Size: 0x00000008, Max: 0x00000008, ABSOLUTE)

    Base Addr    Size         Type   Attr      Idx    E Section Name        Object

    0x2000001c   0x00000007   Data   RW         2135    .BOR_config         system_bluenrg1.o


    Execution Region Blue_Flag_Ram_block (Base: 0x20000030, Size: 0x00000004, Max: 0x00000004, ABSOLUTE)

    Base Addr    Size         Type   Attr      Idx    E Section Name        Object

    0x20000030   0x00000004   Data   RW         2136    .__blueflag_RAM     system_bluenrg1.o


    Execution Region Crash_Info_block (Base: 0x20000034, Size: 0x00000000, Max: 0x00000028, ABSOLUTE, UNINIT)

    **** No section assigned to this execution region ****


    Execution Region BLUE (Base: 0x200000c0, Size: 0x0000020c, Max: 0x0000020c, ABSOLUTE, COMPRESSED[0x00000008])

    Base Addr    Size         Type   Attr      Idx    E Section Name        Object

    0x200000c0   0x0000020c   Data   RW         2139    .bss.__blue_RAM     system_bluenrg1.o


    Execution Region REGION_RAM2 (Base: 0x200002cc, Size: 0x0000015c, Max: 0x00005d34, ABSOLUTE)

    Base Addr    Size         Type   Attr      Idx    E Section Name        Object

    0x200002cc   0x00000004   Data   RW         1759    .data               sdk_eval_com.o
    0x200002d0   0x00000001   Data   RW         1903    .data               sdk_eval_config.o
    0x200002d1   0x00000003   PAD
    0x200002d4   0x00000004   Data   RW         2140    .data               system_bluenrg1.o
    0x200002d8   0x00000004   Data   RW         2141    .data               system_bluenrg1.o
    0x200002dc   0x00000004   Data   RW         2142    .data               system_bluenrg1.o
    0x200002e0   0x0000003a   Data   RW         2338    .data               ble_beacon_main.o
    0x2000031a   0x00000014   Data   RW         2554    .data               _nrf905_.o
    0x2000032e   0x00000009   Data   RW         2726    .data               gatt_db.o
    0x20000337   0x00000001   PAD
    0x20000338   0x00000048   Data   RW         3067    .data               libbluenrg1_stack.a(ll_isr.o)
    0x20000380   0x00000004   Data   RW         3543    .data               libbluenrg1_stack.a(mem_alloc.o)
    0x20000384   0x00000004   Data   RW         3885    .data               libbluenrg1_stack.a(smp_common.o)
    0x20000388   0x00000004   Data   RW         4452    .data               mc_p.l(mvars.o)
    0x2000038c   0x00000004   Data   RW         4453    .data               mc_p.l(mvars.o)
    0x20000390   0x00000004   Data   RW         4457    .data               mc_p.l(errno.o)
    0x20000394   0x00000020   Zero   RW         2138    .bss                system_bluenrg1.o
    0x200003b4   0x00000020   Zero   RW         2553    .bss                _nrf905_.o
    0x200003d4   0x00000020   Zero   RW         2725    .bss                gatt_db.o
    0x200003f4   0x00000034   Zero   RW         3542    .bss                libbluenrg1_stack.a(mem_alloc.o)


    Execution Region REGION_RAM3 (Base: 0x20000428, Size: 0x000022dc, Max: 0x00005d34, ABSOLUTE, UNINIT)

    Base Addr    Size         Type   Attr      Idx    E Section Name        Object

    0x20000428   0x000022dc   Zero   RW         2341    .noinit.data        ble_beacon_main.o


    Execution Region ARM_LIB_STACKHEAP (Base: 0x20005400, Size: 0x00000c00, Max: 0x00000c00, ABSOLUTE)

    Base Addr    Size         Type   Attr      Idx    E Section Name        Object

    0x20005400   0x00000c00   Zero   RW            2    ARM_LIB_STACKHEAP.bss  anon$$obj.o


==============================================================================

Image component sizes


      Code (inc. data)   RO Data    RW Data    ZI Data      Debug   Object Name

      1044        140          0         20         32      12628   _nrf905_.o
       934        292         52         58      11028      11754   ble_beacon_main.o
       144         38          0          0          0       4250   bluenrg1_flash.o
       418         28          0          0          0       5816   bluenrg1_gpio.o
        20          0          0          0          0       3171   bluenrg1_it.o
        20          0          0          0          0        540   bluenrg1_pka.o
       348         64          0          0          0      11708   bluenrg1_spi.o
       176         20          0          0          0       1596   bluenrg1_sysctrl.o
       408         32          0          0          0       3920   bluenrg1_uart.o
         0          0          0          0          0      41564   clock.o
       160         36          0          0          0        532   context_switch.o
       156         80          0          0          0        754   flash_wr.o
      1148        232          0          9         32       5160   gatt_db.o
       132         36          0          0          0        540   gpio_init.o
       128         20          0          0          0       4706   miscutil.o
        24          0          0          0          0       1958   osal.o
       194         16          0          4          0       5985   sdk_eval_com.o
        24         10         56          1          0       3905   sdk_eval_config.o
        68          4          0          0          0        713   sdk_eval_led.o
       272         30          0          0          0        797   sdk_eval_spi.o
       238          0          0          0          0       3001   spi_init.o
         0          0          0          0          0       1304   stack_user_cfg.o
      1056        138        192        564         32      26297   system_bluenrg1.o

    ----------------------------------------------------------------------
      7138       1216        460        664      16244     152599   Object Totals
         0          0        160          0       5120          0   (incl. Generated)
        26          0          0          8          0          0   (incl. Padding)

    ----------------------------------------------------------------------

      Code (inc. data)   RO Data    RW Data    ZI Data      Debug   Library Member Name

      2840        258        284          0          0          0   aci_events.o
       472         44          0          0          0          0   acl.o
       132          0          0          0          0          0   acl_list.o
      1676         38          0          0          0          0   advance_wakeup_time.o
       278          0          0          0          0          0   att.o
        48          0          0          0          0          0   bluenrg_gap_aci.o
       162          0          0          0          0          0   bluenrg_gatt_aci.o
         8          0          0          0          0          0   bluenrg_hal_aci.o
       880         88          0          0          0          0   bluenrg_main_func.o
        88         10          0          0          0          0   bluenrg_main_func_speed.o
       296         18          0          0          0          0   device_id_data.o
       984         44          0          0          0          0   gap.o
        60          4          0          0          0          0   gatt_client.o
      4634        184          0          0          0          0   gatt_server.o
       482         40          0          0          0          0   hal.o
       400         34          0          0          0          0   hci.o
       400         28          0          0          0          0   host_timer.o
       500         32          0          0          0          0   isr_postproc.o
       344         14          0          0          0          0   isr_routines.o
      1760         54          0          0          0          0   l2cap.o
      3970        160         26         72          0          0   ll_isr.o
       318         28          0          0          0          0   ll_privacy.o
       132         10          0          0          0          0   ll_routines.o
      1960         38          0          0          0          0   ll_routines_master.o
       804         24          0          4         52          0   mem_alloc.o
       952          0          0          0          0          0   mem_buff.o
      2896         98          0          0          0          0   multi_master_time.o
        76         16          0          0          0          0   nvm.o
       646         42          0          0          0          0   pm.o
       148         16          0          0          0          0   rom_gap_rom.o
       146          4          0          0          0          0   rom_gatt_server.o
       114          0          0          0          0          0   rom_list.o
       330         10          0          0          0          0   rom_ll_isr_postproc.o
      1164         46          0          0          0          0   rom_ll_isr_routines.o
      1708         96          0          0          0          0   rom_ll_ll_routines.o
        64         12          0          0          0          0   rom_ll_routines_support.o
       316         44         16          0          0          0   rom_ll_timehandling.o
      1018         26          0          0          0          0   routines_support.o
      1706         48          0          0          0          0   sdb.o
         4          0          0          0          0          0   securitymgr.o
      2064         92          0          4          0          0   smp_common.o
         4          0          0          0          0          0   smp_scv42_caf.o
         8          0          0          0          0          0   smp_scv42_sap.o
        44          0          0          0          0          0   utils.o
        84         14          0          0          0        340   dunder.o
        44          4          0          0          0         60   fpclassify.o
       172          0          0          0          0         76   poly.o
      2556        196        136          0          0        240   pow.o
         0          0          8          0          0          0   qnan.o
        72          6          0          0          0         76   sqrt.o
        86          0          0          0          0          0   __dczerorl2.o
         0          0          0          0          0          0   entry.o
         0          0          0          0          0          0   entry10a.o
         0          0          0          0          0          0   entry11a.o
         8          4          0          0          0          0   entry3.o
         4          0          0          0          0          0   entry5.o
         0          0          0          0          0          0   entry7b.o
         0          0          0          0          0          0   entry8b.o
         8          4          0          0          0          0   entry9a.o
        12          6          0          4          0         60   errno.o
        30          0          0          0          0          0   handlers.o
        36          8          0          0          0         68   init.o
         0          0          0          0          0          0   iusefp.o
        32          0          0          0          0         68   llshl.o
        38          0          0          0          0         68   llsshr.o
        34          0          0          0          0         68   llushr.o
       192         20          0          0          0        144   malloc1.o
        26          0          0          0          0         72   memcmp.o
        66          0          0          0          0         68   memmove.o
        36          0          0          0          0        100   memseta.o
         0          0          0          8          0          0   mvars.o
      1172         52          0          0          0        324   printf8.o
        28          0          0          0          0         68   strcmp.o
        44          0          0          0          0         72   uidiv.o
        96          0          0          0          0         84   uldiv.o
        20          0          0          0          0         60   uread4.o
        40          2          0          0          0         68   cdrcmple.o
        56          0          0          0          0         68   d2f.o
       356          4          0          0          0        140   dadd.o
       240          6          0          0          0         84   ddiv.o
       236          0          0          0          0        216   depilogue.o
        40          6          0          0          0         68   dflti.o
        28          4          0          0          0         68   dfltui.o
       208          6          0          0          0         88   dmul.o
        44          0          0          0          0         72   dscalb.o
       162          0          0          0          0         80   dsqrt.o
        40          0          0          0          0         60   f2d.o
       178          0          0          0          0        108   fadd.o
       130          0          0          0          0        144   fepilogue.o
        40          0          0          0          0         60   ffixui.o
       122          0          0          0          0         72   fmul.o

    ----------------------------------------------------------------------
     43930       2042        472         92         52       3512   Library Totals
        78          0          2          0          0          0   (incl. Padding)

    ----------------------------------------------------------------------

      Code (inc. data)   RO Data    RW Data    ZI Data      Debug   Library Name

     37036       1700        326         80         52          0   libbluenrg1_stack.a
      2928        220        144          0          0        792   m_ps.l
      1968         94          0         12          0       1324   mc_p.l
      1920         28          0          0          0       1396   mf_p.l

    ----------------------------------------------------------------------
     43930       2042        472         92         52       3512   Library Totals

    ----------------------------------------------------------------------

==============================================================================


      Code (inc. data)   RO Data    RW Data    ZI Data      Debug   

     51068       3258        932        756      16296     150079   Grand Totals
     51068       3258        932        240      16296     150079   ELF Image Totals (compressed)
     51068       3258        932        240          0          0   ROM Totals

==============================================================================

    Total RO  Size (Code + RO Data)                52000 (  50.78kB)
    Total RW  Size (RW Data + ZI Data)             17052 (  16.65kB)
    Total ROM Size (Code + RO Data + RW Data)      52240 (  51.02kB)

==============================================================================

